+M PCollection:pubinclude:PCollection_PrivCompareOfInteger.hxx /misc/dn61/LocalWOK/wok_entities/LOC/dev/CR671-FINAL1-CR671-FINAL1-occt/inc/PCollection_PrivCompareOfInteger.hxx
+M PCollection:derivated:PCollection_PrivCompareOfInteger_0.cxx /misc/dn61/LocalWOK/wok_entities/LOC/dev/CR671-FINAL1-CR671-FINAL1-occt/drv/PCollection/PCollection_PrivCompareOfInteger_0.cxx
+M PCollection:pubinclude:PCollection_PrivCompareOfReal.hxx /misc/dn61/LocalWOK/wok_entities/LOC/dev/CR671-FINAL1-CR671-FINAL1-occt/inc/PCollection_PrivCompareOfReal.hxx
+M PCollection:derivated:PCollection_PrivCompareOfReal_0.cxx /misc/dn61/LocalWOK/wok_entities/LOC/dev/CR671-FINAL1-CR671-FINAL1-occt/drv/PCollection/PCollection_PrivCompareOfReal_0.cxx
+M PCollection:pubinclude:PCollection_CompareOfInteger.hxx /misc/dn61/LocalWOK/wok_entities/LOC/dev/CR671-FINAL1-CR671-FINAL1-occt/inc/PCollection_CompareOfInteger.hxx
+M PCollection:privinclude:PCollection_CompareOfInteger.jxx /misc/dn61/LocalWOK/wok_entities/LOC/dev/CR671-FINAL1-CR671-FINAL1-occt/drv/PCollection/PCollection_CompareOfInteger.jxx
+M PCollection:privinclude:PCollection_CompareOfInteger.ixx /misc/dn61/LocalWOK/wok_entities/LOC/dev/CR671-FINAL1-CR671-FINAL1-occt/drv/PCollection/PCollection_CompareOfInteger.ixx
+M PCollection:pubinclude:PCollection_CompareOfReal.hxx /misc/dn61/LocalWOK/wok_entities/LOC/dev/CR671-FINAL1-CR671-FINAL1-occt/inc/PCollection_CompareOfReal.hxx
+M PCollection:privinclude:PCollection_CompareOfReal.jxx /misc/dn61/LocalWOK/wok_entities/LOC/dev/CR671-FINAL1-CR671-FINAL1-occt/drv/PCollection/PCollection_CompareOfReal.jxx
+M PCollection:privinclude:PCollection_CompareOfReal.ixx /misc/dn61/LocalWOK/wok_entities/LOC/dev/CR671-FINAL1-CR671-FINAL1-occt/drv/PCollection/PCollection_CompareOfReal.ixx
+M PCollection:pubinclude:Handle_PCollection_HAsciiString.hxx /misc/dn61/LocalWOK/wok_entities/LOC/dev/CR671-FINAL1-CR671-FINAL1-occt/inc/Handle_PCollection_HAsciiString.hxx
+M PCollection:pubinclude:PCollection_HAsciiString.hxx /misc/dn61/LocalWOK/wok_entities/LOC/dev/CR671-FINAL1-CR671-FINAL1-occt/inc/PCollection_HAsciiString.hxx
+M PCollection:privinclude:PCollection_HAsciiString.jxx /misc/dn61/LocalWOK/wok_entities/LOC/dev/CR671-FINAL1-CR671-FINAL1-occt/drv/PCollection/PCollection_HAsciiString.jxx
+M PCollection:privinclude:PCollection_HAsciiString.ixx /misc/dn61/LocalWOK/wok_entities/LOC/dev/CR671-FINAL1-CR671-FINAL1-occt/drv/PCollection/PCollection_HAsciiString.ixx
+M PCollection:pubinclude:Handle_PCollection_HExtendedString.hxx /misc/dn61/LocalWOK/wok_entities/LOC/dev/CR671-FINAL1-CR671-FINAL1-occt/inc/Handle_PCollection_HExtendedString.hxx
+M PCollection:pubinclude:PCollection_HExtendedString.hxx /misc/dn61/LocalWOK/wok_entities/LOC/dev/CR671-FINAL1-CR671-FINAL1-occt/inc/PCollection_HExtendedString.hxx
+M PCollection:privinclude:PCollection_HExtendedString.jxx /misc/dn61/LocalWOK/wok_entities/LOC/dev/CR671-FINAL1-CR671-FINAL1-occt/drv/PCollection/PCollection_HExtendedString.jxx
+M PCollection:privinclude:PCollection_HExtendedString.ixx /misc/dn61/LocalWOK/wok_entities/LOC/dev/CR671-FINAL1-CR671-FINAL1-occt/drv/PCollection/PCollection_HExtendedString.ixx
+M PCollection:pubinclude:Handle_PCollection_IsNotRoot.hxx /misc/dn61/LocalWOK/wok_entities/LOC/dev/CR671-FINAL1-CR671-FINAL1-occt/inc/Handle_PCollection_IsNotRoot.hxx
+M PCollection:pubinclude:PCollection_IsNotRoot.hxx /misc/dn61/LocalWOK/wok_entities/LOC/dev/CR671-FINAL1-CR671-FINAL1-occt/inc/PCollection_IsNotRoot.hxx
+M PCollection:derivated:PCollection_IsNotRoot_0.cxx /misc/dn61/LocalWOK/wok_entities/LOC/dev/CR671-FINAL1-CR671-FINAL1-occt/drv/PCollection/PCollection_IsNotRoot_0.cxx
+M PCollection:pubinclude:Handle_PCollection_IsNullTree.hxx /misc/dn61/LocalWOK/wok_entities/LOC/dev/CR671-FINAL1-CR671-FINAL1-occt/inc/Handle_PCollection_IsNullTree.hxx
+M PCollection:pubinclude:PCollection_IsNullTree.hxx /misc/dn61/LocalWOK/wok_entities/LOC/dev/CR671-FINAL1-CR671-FINAL1-occt/inc/PCollection_IsNullTree.hxx
+M PCollection:derivated:PCollection_IsNullTree_0.cxx /misc/dn61/LocalWOK/wok_entities/LOC/dev/CR671-FINAL1-CR671-FINAL1-occt/drv/PCollection/PCollection_IsNullTree_0.cxx
+M PCollection:pubinclude:Handle_PCollection_IsContained.hxx /misc/dn61/LocalWOK/wok_entities/LOC/dev/CR671-FINAL1-CR671-FINAL1-occt/inc/Handle_PCollection_IsContained.hxx
+M PCollection:pubinclude:PCollection_IsContained.hxx /misc/dn61/LocalWOK/wok_entities/LOC/dev/CR671-FINAL1-CR671-FINAL1-occt/inc/PCollection_IsContained.hxx
+M PCollection:derivated:PCollection_IsContained_0.cxx /misc/dn61/LocalWOK/wok_entities/LOC/dev/CR671-FINAL1-CR671-FINAL1-occt/drv/PCollection/PCollection_IsContained_0.cxx
+M PCollection:pubinclude:PCollection_AccessMode.hxx /misc/dn61/LocalWOK/wok_entities/LOC/dev/CR671-FINAL1-CR671-FINAL1-occt/inc/PCollection_AccessMode.hxx
+M PCollection:pubinclude:PCollection_Side.hxx /misc/dn61/LocalWOK/wok_entities/LOC/dev/CR671-FINAL1-CR671-FINAL1-occt/inc/PCollection_Side.hxx
+M PCollection:dbadmfile:PCollection_xcpp_header.In /misc/dn61/LocalWOK/wok_entities/LOC/dev/CR671-FINAL1-CR671-FINAL1-occt/drv/PCollection/.adm/PCollection_xcpp_header.In
+M PCollection:dbadmfile:PCollection_xcpp_header.Out /misc/dn61/LocalWOK/wok_entities/LOC/dev/CR671-FINAL1-CR671-FINAL1-occt/drv/PCollection/.adm/PCollection_xcpp_header.Out
+M PCollection:dbadmfile:PCollection_xcpp_header.Dep /misc/dn61/LocalWOK/wok_entities/LOC/dev/CR671-FINAL1-CR671-FINAL1-occt/drv/PCollection/.adm/PCollection_xcpp_header.Dep
