+M PCollection:pubinclude:PCollection_Compare.gxx /misc/dn61/LocalWOK/wok_entities/LOC/dev/CR671-FINAL1-CR671-FINAL1-occt/inc/PCollection_Compare.gxx
+M PCollection:pubinclude:PCollection_HArray1.gxx /misc/dn61/LocalWOK/wok_entities/LOC/dev/CR671-FINAL1-CR671-FINAL1-occt/inc/PCollection_HArray1.gxx
+M PCollection:pubinclude:PCollection_HArray1.lxx /misc/dn61/LocalWOK/wok_entities/LOC/dev/CR671-FINAL1-CR671-FINAL1-occt/inc/PCollection_HArray1.lxx
+M PCollection:pubinclude:PCollection_HArray2.gxx /misc/dn61/LocalWOK/wok_entities/LOC/dev/CR671-FINAL1-CR671-FINAL1-occt/inc/PCollection_HArray2.gxx
+M PCollection:pubinclude:PCollection_HArray2.lxx /misc/dn61/LocalWOK/wok_entities/LOC/dev/CR671-FINAL1-CR671-FINAL1-occt/inc/PCollection_HArray2.lxx
+M PCollection:pubinclude:PCollection_HSingleList.gxx /misc/dn61/LocalWOK/wok_entities/LOC/dev/CR671-FINAL1-CR671-FINAL1-occt/inc/PCollection_HSingleList.gxx
+M PCollection:pubinclude:PCollection_HDoubleList.gxx /misc/dn61/LocalWOK/wok_entities/LOC/dev/CR671-FINAL1-CR671-FINAL1-occt/inc/PCollection_HDoubleList.gxx
+M PCollection:pubinclude:PCollection_HSequence.gxx /misc/dn61/LocalWOK/wok_entities/LOC/dev/CR671-FINAL1-CR671-FINAL1-occt/inc/PCollection_HSequence.gxx
+M PCollection:pubinclude:PCollection_SeqNode.gxx /misc/dn61/LocalWOK/wok_entities/LOC/dev/CR671-FINAL1-CR671-FINAL1-occt/inc/PCollection_SeqNode.gxx
+M PCollection:pubinclude:PCollection_SeqExplorer.gxx /misc/dn61/LocalWOK/wok_entities/LOC/dev/CR671-FINAL1-CR671-FINAL1-occt/inc/PCollection_SeqExplorer.gxx
+M PCollection:pubinclude:PCollection_HQueue.gxx /misc/dn61/LocalWOK/wok_entities/LOC/dev/CR671-FINAL1-CR671-FINAL1-occt/inc/PCollection_HQueue.gxx
+M PCollection:pubinclude:PCollection_QueueIterator.gxx /misc/dn61/LocalWOK/wok_entities/LOC/dev/CR671-FINAL1-CR671-FINAL1-occt/inc/PCollection_QueueIterator.gxx
+M PCollection:pubinclude:PCollection_HSet.gxx /misc/dn61/LocalWOK/wok_entities/LOC/dev/CR671-FINAL1-CR671-FINAL1-occt/inc/PCollection_HSet.gxx
+M PCollection:pubinclude:PCollection_SetIterator.gxx /misc/dn61/LocalWOK/wok_entities/LOC/dev/CR671-FINAL1-CR671-FINAL1-occt/inc/PCollection_SetIterator.gxx
+M PCollection:pubinclude:PCollection_HStack.gxx /misc/dn61/LocalWOK/wok_entities/LOC/dev/CR671-FINAL1-CR671-FINAL1-occt/inc/PCollection_HStack.gxx
+M PCollection:pubinclude:PCollection_StackIterator.gxx /misc/dn61/LocalWOK/wok_entities/LOC/dev/CR671-FINAL1-CR671-FINAL1-occt/inc/PCollection_StackIterator.gxx
+M PCollection:pubinclude:PCollection_Hash.gxx /misc/dn61/LocalWOK/wok_entities/LOC/dev/CR671-FINAL1-CR671-FINAL1-occt/inc/PCollection_Hash.gxx
+M PCollection:pubinclude:PCollection_HDataMap.gxx /misc/dn61/LocalWOK/wok_entities/LOC/dev/CR671-FINAL1-CR671-FINAL1-occt/inc/PCollection_HDataMap.gxx
+M PCollection:pubinclude:PCollection_HDataMap.lxx /misc/dn61/LocalWOK/wok_entities/LOC/dev/CR671-FINAL1-CR671-FINAL1-occt/inc/PCollection_HDataMap.lxx
+M PCollection:pubinclude:PCollection_MapNode.gxx /misc/dn61/LocalWOK/wok_entities/LOC/dev/CR671-FINAL1-CR671-FINAL1-occt/inc/PCollection_MapNode.gxx
+M PCollection:pubinclude:PCollection_MapIterator.gxx /misc/dn61/LocalWOK/wok_entities/LOC/dev/CR671-FINAL1-CR671-FINAL1-occt/inc/PCollection_MapIterator.gxx
+M PCollection:pubinclude:PCollection_HDoubleMap.gxx /misc/dn61/LocalWOK/wok_entities/LOC/dev/CR671-FINAL1-CR671-FINAL1-occt/inc/PCollection_HDoubleMap.gxx
+M PCollection:pubinclude:PCollection_DoubleMapNode.gxx /misc/dn61/LocalWOK/wok_entities/LOC/dev/CR671-FINAL1-CR671-FINAL1-occt/inc/PCollection_DoubleMapNode.gxx
+M PCollection:pubinclude:PCollection_DoubleMapIterator.gxx /misc/dn61/LocalWOK/wok_entities/LOC/dev/CR671-FINAL1-CR671-FINAL1-occt/inc/PCollection_DoubleMapIterator.gxx
+M PCollection:pubinclude:PCollection_HIndexedDataMap.gxx /misc/dn61/LocalWOK/wok_entities/LOC/dev/CR671-FINAL1-CR671-FINAL1-occt/inc/PCollection_HIndexedDataMap.gxx
+M PCollection:pubinclude:PCollection_IndexedDataMapNode.gxx /misc/dn61/LocalWOK/wok_entities/LOC/dev/CR671-FINAL1-CR671-FINAL1-occt/inc/PCollection_IndexedDataMapNode.gxx
+M PCollection:pubinclude:PCollection_HAVLSearchTree.gxx /misc/dn61/LocalWOK/wok_entities/LOC/dev/CR671-FINAL1-CR671-FINAL1-occt/inc/PCollection_HAVLSearchTree.gxx
+M PCollection:pubinclude:PCollection_AVLNode.gxx /misc/dn61/LocalWOK/wok_entities/LOC/dev/CR671-FINAL1-CR671-FINAL1-occt/inc/PCollection_AVLNode.gxx
+M PCollection:pubinclude:PCollection_AVLIterator.gxx /misc/dn61/LocalWOK/wok_entities/LOC/dev/CR671-FINAL1-CR671-FINAL1-occt/inc/PCollection_AVLIterator.gxx
+M PCollection:pubinclude:PCollection_HArbitraryTree.gxx /misc/dn61/LocalWOK/wok_entities/LOC/dev/CR671-FINAL1-CR671-FINAL1-occt/inc/PCollection_HArbitraryTree.gxx
+M PCollection:pubinclude:PCollection_ATPreOrderIterator.gxx /misc/dn61/LocalWOK/wok_entities/LOC/dev/CR671-FINAL1-CR671-FINAL1-occt/inc/PCollection_ATPreOrderIterator.gxx
+M PCollection:pubinclude:PCollection_ATPostOrderIterator.gxx /misc/dn61/LocalWOK/wok_entities/LOC/dev/CR671-FINAL1-CR671-FINAL1-occt/inc/PCollection_ATPostOrderIterator.gxx
+M PCollection:pubinclude:PCollection_ATInOrderIterator.gxx /misc/dn61/LocalWOK/wok_entities/LOC/dev/CR671-FINAL1-CR671-FINAL1-occt/inc/PCollection_ATInOrderIterator.gxx
+M PCollection:pubinclude:PCollection_HDirectedGraph.gxx /misc/dn61/LocalWOK/wok_entities/LOC/dev/CR671-FINAL1-CR671-FINAL1-occt/inc/PCollection_HDirectedGraph.gxx
+M PCollection:pubinclude:PCollection_Vertex.gxx /misc/dn61/LocalWOK/wok_entities/LOC/dev/CR671-FINAL1-CR671-FINAL1-occt/inc/PCollection_Vertex.gxx
+M PCollection:pubinclude:PCollection_Edge.gxx /misc/dn61/LocalWOK/wok_entities/LOC/dev/CR671-FINAL1-CR671-FINAL1-occt/inc/PCollection_Edge.gxx
+M PCollection:pubinclude:PCollection_FrontEdgesIterator.gxx /misc/dn61/LocalWOK/wok_entities/LOC/dev/CR671-FINAL1-CR671-FINAL1-occt/inc/PCollection_FrontEdgesIterator.gxx
+M PCollection:pubinclude:PCollection_BackEdgesIterator.gxx /misc/dn61/LocalWOK/wok_entities/LOC/dev/CR671-FINAL1-CR671-FINAL1-occt/inc/PCollection_BackEdgesIterator.gxx
+M PCollection:pubinclude:PCollection_DepthFirstIterator.gxx /misc/dn61/LocalWOK/wok_entities/LOC/dev/CR671-FINAL1-CR671-FINAL1-occt/inc/PCollection_DepthFirstIterator.gxx
+M PCollection:pubinclude:PCollection_BreadthFirstIterator.gxx /misc/dn61/LocalWOK/wok_entities/LOC/dev/CR671-FINAL1-CR671-FINAL1-occt/inc/PCollection_BreadthFirstIterator.gxx
+M PCollection:pubinclude:PCollection_AdjacentVerticesIterator.gxx /misc/dn61/LocalWOK/wok_entities/LOC/dev/CR671-FINAL1-CR671-FINAL1-occt/inc/PCollection_AdjacentVerticesIterator.gxx
+M PCollection:pubinclude:PCollection_VerticesIterator.gxx /misc/dn61/LocalWOK/wok_entities/LOC/dev/CR671-FINAL1-CR671-FINAL1-occt/inc/PCollection_VerticesIterator.gxx
+M PCollection:pubinclude:PCollection_RootsIterator.gxx /misc/dn61/LocalWOK/wok_entities/LOC/dev/CR671-FINAL1-CR671-FINAL1-occt/inc/PCollection_RootsIterator.gxx
+M PCollection:pubinclude:PCollection_LeavesIterator.gxx /misc/dn61/LocalWOK/wok_entities/LOC/dev/CR671-FINAL1-CR671-FINAL1-occt/inc/PCollection_LeavesIterator.gxx
+M PCollection:pubinclude:PCollection_EdgesIterator.gxx /misc/dn61/LocalWOK/wok_entities/LOC/dev/CR671-FINAL1-CR671-FINAL1-occt/inc/PCollection_EdgesIterator.gxx
+M PCollection:dbadmfile:PCollection_obj_inc.In /misc/dn61/LocalWOK/wok_entities/LOC/dev/CR671-FINAL1-CR671-FINAL1-occt/drv/PCollection/.adm/PCollection_obj_inc.In
+M PCollection:dbadmfile:PCollection_obj_inc.Out /misc/dn61/LocalWOK/wok_entities/LOC/dev/CR671-FINAL1-CR671-FINAL1-occt/drv/PCollection/.adm/PCollection_obj_inc.Out
+M PCollection:dbadmfile:PCollection_obj_inc.Dep /misc/dn61/LocalWOK/wok_entities/LOC/dev/CR671-FINAL1-CR671-FINAL1-occt/drv/PCollection/.adm/PCollection_obj_inc.Dep
