+M PColPGeom2d:pubinclude:Handle_PColPGeom2d_HArray1OfCurve.hxx /misc/dn61/LocalWOK/wok_entities/LOC/dev/CR671-FINAL1-CR671-FINAL1-occt/inc/Handle_PColPGeom2d_HArray1OfCurve.hxx
+M PColPGeom2d:pubinclude:PColPGeom2d_HArray1OfCurve.hxx /misc/dn61/LocalWOK/wok_entities/LOC/dev/CR671-FINAL1-CR671-FINAL1-occt/inc/PColPGeom2d_HArray1OfCurve.hxx
+M PColPGeom2d:derivated:PColPGeom2d_HArray1OfCurve_0.cxx /misc/dn61/LocalWOK/wok_entities/LOC/dev/CR671-FINAL1-CR671-FINAL1-occt/drv/PColPGeom2d/PColPGeom2d_HArray1OfCurve_0.cxx
+M PColPGeom2d:pubinclude:Handle_PColPGeom2d_HArray1OfBoundedCurve.hxx /misc/dn61/LocalWOK/wok_entities/LOC/dev/CR671-FINAL1-CR671-FINAL1-occt/inc/Handle_PColPGeom2d_HArray1OfBoundedCurve.hxx
+M PColPGeom2d:pubinclude:PColPGeom2d_HArray1OfBoundedCurve.hxx /misc/dn61/LocalWOK/wok_entities/LOC/dev/CR671-FINAL1-CR671-FINAL1-occt/inc/PColPGeom2d_HArray1OfBoundedCurve.hxx
+M PColPGeom2d:derivated:PColPGeom2d_HArray1OfBoundedCurve_0.cxx /misc/dn61/LocalWOK/wok_entities/LOC/dev/CR671-FINAL1-CR671-FINAL1-occt/drv/PColPGeom2d/PColPGeom2d_HArray1OfBoundedCurve_0.cxx
+M PColPGeom2d:pubinclude:Handle_PColPGeom2d_HArray1OfBezierCurve.hxx /misc/dn61/LocalWOK/wok_entities/LOC/dev/CR671-FINAL1-CR671-FINAL1-occt/inc/Handle_PColPGeom2d_HArray1OfBezierCurve.hxx
+M PColPGeom2d:pubinclude:PColPGeom2d_HArray1OfBezierCurve.hxx /misc/dn61/LocalWOK/wok_entities/LOC/dev/CR671-FINAL1-CR671-FINAL1-occt/inc/PColPGeom2d_HArray1OfBezierCurve.hxx
+M PColPGeom2d:derivated:PColPGeom2d_HArray1OfBezierCurve_0.cxx /misc/dn61/LocalWOK/wok_entities/LOC/dev/CR671-FINAL1-CR671-FINAL1-occt/drv/PColPGeom2d/PColPGeom2d_HArray1OfBezierCurve_0.cxx
+M PColPGeom2d:pubinclude:Handle_PColPGeom2d_HArray1OfBSplineCurve.hxx /misc/dn61/LocalWOK/wok_entities/LOC/dev/CR671-FINAL1-CR671-FINAL1-occt/inc/Handle_PColPGeom2d_HArray1OfBSplineCurve.hxx
+M PColPGeom2d:pubinclude:PColPGeom2d_HArray1OfBSplineCurve.hxx /misc/dn61/LocalWOK/wok_entities/LOC/dev/CR671-FINAL1-CR671-FINAL1-occt/inc/PColPGeom2d_HArray1OfBSplineCurve.hxx
+M PColPGeom2d:derivated:PColPGeom2d_HArray1OfBSplineCurve_0.cxx /misc/dn61/LocalWOK/wok_entities/LOC/dev/CR671-FINAL1-CR671-FINAL1-occt/drv/PColPGeom2d/PColPGeom2d_HArray1OfBSplineCurve_0.cxx
+M PColPGeom2d:pubinclude:Handle_PColPGeom2d_VArrayNodeOfFieldOfHArray1OfCurve.hxx /misc/dn61/LocalWOK/wok_entities/LOC/dev/CR671-FINAL1-CR671-FINAL1-occt/inc/Handle_PColPGeom2d_VArrayNodeOfFieldOfHArray1OfCurve.hxx
+M PColPGeom2d:pubinclude:PColPGeom2d_VArrayNodeOfFieldOfHArray1OfCurve.hxx /misc/dn61/LocalWOK/wok_entities/LOC/dev/CR671-FINAL1-CR671-FINAL1-occt/inc/PColPGeom2d_VArrayNodeOfFieldOfHArray1OfCurve.hxx
+M PColPGeom2d:derivated:PColPGeom2d_VArrayNodeOfFieldOfHArray1OfCurve_0.cxx /misc/dn61/LocalWOK/wok_entities/LOC/dev/CR671-FINAL1-CR671-FINAL1-occt/drv/PColPGeom2d/PColPGeom2d_VArrayNodeOfFieldOfHArray1OfCurve_0.cxx
+M PColPGeom2d:pubinclude:PColPGeom2d_VArrayTNodeOfFieldOfHArray1OfCurve.hxx /misc/dn61/LocalWOK/wok_entities/LOC/dev/CR671-FINAL1-CR671-FINAL1-occt/inc/PColPGeom2d_VArrayTNodeOfFieldOfHArray1OfCurve.hxx
+M PColPGeom2d:derivated:PColPGeom2d_VArrayTNodeOfFieldOfHArray1OfCurve_0.cxx /misc/dn61/LocalWOK/wok_entities/LOC/dev/CR671-FINAL1-CR671-FINAL1-occt/drv/PColPGeom2d/PColPGeom2d_VArrayTNodeOfFieldOfHArray1OfCurve_0.cxx
+M PColPGeom2d:pubinclude:PColPGeom2d_FieldOfHArray1OfCurve.hxx /misc/dn61/LocalWOK/wok_entities/LOC/dev/CR671-FINAL1-CR671-FINAL1-occt/inc/PColPGeom2d_FieldOfHArray1OfCurve.hxx
+M PColPGeom2d:derivated:PColPGeom2d_FieldOfHArray1OfCurve_0.cxx /misc/dn61/LocalWOK/wok_entities/LOC/dev/CR671-FINAL1-CR671-FINAL1-occt/drv/PColPGeom2d/PColPGeom2d_FieldOfHArray1OfCurve_0.cxx
+M PColPGeom2d:pubinclude:Handle_PColPGeom2d_VArrayNodeOfFieldOfHArray1OfBoundedCurve.hxx /misc/dn61/LocalWOK/wok_entities/LOC/dev/CR671-FINAL1-CR671-FINAL1-occt/inc/Handle_PColPGeom2d_VArrayNodeOfFieldOfHArray1OfBoundedCurve.hxx
+M PColPGeom2d:pubinclude:PColPGeom2d_VArrayNodeOfFieldOfHArray1OfBoundedCurve.hxx /misc/dn61/LocalWOK/wok_entities/LOC/dev/CR671-FINAL1-CR671-FINAL1-occt/inc/PColPGeom2d_VArrayNodeOfFieldOfHArray1OfBoundedCurve.hxx
+M PColPGeom2d:derivated:PColPGeom2d_VArrayNodeOfFieldOfHArray1OfBoundedCurve_0.cxx /misc/dn61/LocalWOK/wok_entities/LOC/dev/CR671-FINAL1-CR671-FINAL1-occt/drv/PColPGeom2d/PColPGeom2d_VArrayNodeOfFieldOfHArray1OfBoundedCurve_0.cxx
+M PColPGeom2d:pubinclude:PColPGeom2d_VArrayTNodeOfFieldOfHArray1OfBoundedCurve.hxx /misc/dn61/LocalWOK/wok_entities/LOC/dev/CR671-FINAL1-CR671-FINAL1-occt/inc/PColPGeom2d_VArrayTNodeOfFieldOfHArray1OfBoundedCurve.hxx
+M PColPGeom2d:derivated:PColPGeom2d_VArrayTNodeOfFieldOfHArray1OfBoundedCurve_0.cxx /misc/dn61/LocalWOK/wok_entities/LOC/dev/CR671-FINAL1-CR671-FINAL1-occt/drv/PColPGeom2d/PColPGeom2d_VArrayTNodeOfFieldOfHArray1OfBoundedCurve_0.cxx
+M PColPGeom2d:pubinclude:PColPGeom2d_FieldOfHArray1OfBoundedCurve.hxx /misc/dn61/LocalWOK/wok_entities/LOC/dev/CR671-FINAL1-CR671-FINAL1-occt/inc/PColPGeom2d_FieldOfHArray1OfBoundedCurve.hxx
+M PColPGeom2d:derivated:PColPGeom2d_FieldOfHArray1OfBoundedCurve_0.cxx /misc/dn61/LocalWOK/wok_entities/LOC/dev/CR671-FINAL1-CR671-FINAL1-occt/drv/PColPGeom2d/PColPGeom2d_FieldOfHArray1OfBoundedCurve_0.cxx
+M PColPGeom2d:pubinclude:Handle_PColPGeom2d_VArrayNodeOfFieldOfHArray1OfBezierCurve.hxx /misc/dn61/LocalWOK/wok_entities/LOC/dev/CR671-FINAL1-CR671-FINAL1-occt/inc/Handle_PColPGeom2d_VArrayNodeOfFieldOfHArray1OfBezierCurve.hxx
+M PColPGeom2d:pubinclude:PColPGeom2d_VArrayNodeOfFieldOfHArray1OfBezierCurve.hxx /misc/dn61/LocalWOK/wok_entities/LOC/dev/CR671-FINAL1-CR671-FINAL1-occt/inc/PColPGeom2d_VArrayNodeOfFieldOfHArray1OfBezierCurve.hxx
+M PColPGeom2d:derivated:PColPGeom2d_VArrayNodeOfFieldOfHArray1OfBezierCurve_0.cxx /misc/dn61/LocalWOK/wok_entities/LOC/dev/CR671-FINAL1-CR671-FINAL1-occt/drv/PColPGeom2d/PColPGeom2d_VArrayNodeOfFieldOfHArray1OfBezierCurve_0.cxx
+M PColPGeom2d:pubinclude:PColPGeom2d_VArrayTNodeOfFieldOfHArray1OfBezierCurve.hxx /misc/dn61/LocalWOK/wok_entities/LOC/dev/CR671-FINAL1-CR671-FINAL1-occt/inc/PColPGeom2d_VArrayTNodeOfFieldOfHArray1OfBezierCurve.hxx
+M PColPGeom2d:derivated:PColPGeom2d_VArrayTNodeOfFieldOfHArray1OfBezierCurve_0.cxx /misc/dn61/LocalWOK/wok_entities/LOC/dev/CR671-FINAL1-CR671-FINAL1-occt/drv/PColPGeom2d/PColPGeom2d_VArrayTNodeOfFieldOfHArray1OfBezierCurve_0.cxx
+M PColPGeom2d:pubinclude:PColPGeom2d_FieldOfHArray1OfBezierCurve.hxx /misc/dn61/LocalWOK/wok_entities/LOC/dev/CR671-FINAL1-CR671-FINAL1-occt/inc/PColPGeom2d_FieldOfHArray1OfBezierCurve.hxx
+M PColPGeom2d:derivated:PColPGeom2d_FieldOfHArray1OfBezierCurve_0.cxx /misc/dn61/LocalWOK/wok_entities/LOC/dev/CR671-FINAL1-CR671-FINAL1-occt/drv/PColPGeom2d/PColPGeom2d_FieldOfHArray1OfBezierCurve_0.cxx
+M PColPGeom2d:pubinclude:Handle_PColPGeom2d_VArrayNodeOfFieldOfHArray1OfBSplineCurve.hxx /misc/dn61/LocalWOK/wok_entities/LOC/dev/CR671-FINAL1-CR671-FINAL1-occt/inc/Handle_PColPGeom2d_VArrayNodeOfFieldOfHArray1OfBSplineCurve.hxx
+M PColPGeom2d:pubinclude:PColPGeom2d_VArrayNodeOfFieldOfHArray1OfBSplineCurve.hxx /misc/dn61/LocalWOK/wok_entities/LOC/dev/CR671-FINAL1-CR671-FINAL1-occt/inc/PColPGeom2d_VArrayNodeOfFieldOfHArray1OfBSplineCurve.hxx
+M PColPGeom2d:derivated:PColPGeom2d_VArrayNodeOfFieldOfHArray1OfBSplineCurve_0.cxx /misc/dn61/LocalWOK/wok_entities/LOC/dev/CR671-FINAL1-CR671-FINAL1-occt/drv/PColPGeom2d/PColPGeom2d_VArrayNodeOfFieldOfHArray1OfBSplineCurve_0.cxx
+M PColPGeom2d:pubinclude:PColPGeom2d_VArrayTNodeOfFieldOfHArray1OfBSplineCurve.hxx /misc/dn61/LocalWOK/wok_entities/LOC/dev/CR671-FINAL1-CR671-FINAL1-occt/inc/PColPGeom2d_VArrayTNodeOfFieldOfHArray1OfBSplineCurve.hxx
+M PColPGeom2d:derivated:PColPGeom2d_VArrayTNodeOfFieldOfHArray1OfBSplineCurve_0.cxx /misc/dn61/LocalWOK/wok_entities/LOC/dev/CR671-FINAL1-CR671-FINAL1-occt/drv/PColPGeom2d/PColPGeom2d_VArrayTNodeOfFieldOfHArray1OfBSplineCurve_0.cxx
+M PColPGeom2d:pubinclude:PColPGeom2d_FieldOfHArray1OfBSplineCurve.hxx /misc/dn61/LocalWOK/wok_entities/LOC/dev/CR671-FINAL1-CR671-FINAL1-occt/inc/PColPGeom2d_FieldOfHArray1OfBSplineCurve.hxx
+M PColPGeom2d:derivated:PColPGeom2d_FieldOfHArray1OfBSplineCurve_0.cxx /misc/dn61/LocalWOK/wok_entities/LOC/dev/CR671-FINAL1-CR671-FINAL1-occt/drv/PColPGeom2d/PColPGeom2d_FieldOfHArray1OfBSplineCurve_0.cxx
+M PColPGeom2d:dbadmfile:PColPGeom2d_xcpp_header.In /misc/dn61/LocalWOK/wok_entities/LOC/dev/CR671-FINAL1-CR671-FINAL1-occt/drv/PColPGeom2d/.adm/PColPGeom2d_xcpp_header.In
+M PColPGeom2d:dbadmfile:PColPGeom2d_xcpp_header.Out /misc/dn61/LocalWOK/wok_entities/LOC/dev/CR671-FINAL1-CR671-FINAL1-occt/drv/PColPGeom2d/.adm/PColPGeom2d_xcpp_header.Out
+M PColPGeom2d:dbadmfile:PColPGeom2d_xcpp_header.Dep /misc/dn61/LocalWOK/wok_entities/LOC/dev/CR671-FINAL1-CR671-FINAL1-occt/drv/PColPGeom2d/.adm/PColPGeom2d_xcpp_header.Dep
