+M Graphic3d:pubinclude:Graphic3d_CGroup.hxx /misc/dn61/LocalWOK/wok_entities/LOC/dev/CR671-FINAL1-CR671-FINAL1-occt/inc/Graphic3d_CGroup.hxx
+M Graphic3d:pubinclude:Graphic3d_CStructure.hxx /misc/dn61/LocalWOK/wok_entities/LOC/dev/CR671-FINAL1-CR671-FINAL1-occt/inc/Graphic3d_CStructure.hxx
+M Graphic3d:pubinclude:Graphic3d_CBitFields16.hxx /misc/dn61/LocalWOK/wok_entities/LOC/dev/CR671-FINAL1-CR671-FINAL1-occt/inc/Graphic3d_CBitFields16.hxx
+M Graphic3d:pubinclude:Graphic3d_CBitFields20.hxx /misc/dn61/LocalWOK/wok_entities/LOC/dev/CR671-FINAL1-CR671-FINAL1-occt/inc/Graphic3d_CBitFields20.hxx
+M Graphic3d:pubinclude:Graphic3d_CBitFields8.hxx /misc/dn61/LocalWOK/wok_entities/LOC/dev/CR671-FINAL1-CR671-FINAL1-occt/inc/Graphic3d_CBitFields8.hxx
+M Graphic3d:pubinclude:Graphic3d_CBitFields4.hxx /misc/dn61/LocalWOK/wok_entities/LOC/dev/CR671-FINAL1-CR671-FINAL1-occt/inc/Graphic3d_CBitFields4.hxx
+M Graphic3d:pubinclude:Graphic3d_CTexture.hxx /misc/dn61/LocalWOK/wok_entities/LOC/dev/CR671-FINAL1-CR671-FINAL1-occt/inc/Graphic3d_CTexture.hxx
+M Graphic3d:pubinclude:Graphic3d_CLight.hxx /misc/dn61/LocalWOK/wok_entities/LOC/dev/CR671-FINAL1-CR671-FINAL1-occt/inc/Graphic3d_CLight.hxx
+M Graphic3d:pubinclude:Graphic3d_CPick.hxx /misc/dn61/LocalWOK/wok_entities/LOC/dev/CR671-FINAL1-CR671-FINAL1-occt/inc/Graphic3d_CPick.hxx
+M Graphic3d:pubinclude:Graphic3d_CBounds.hxx /misc/dn61/LocalWOK/wok_entities/LOC/dev/CR671-FINAL1-CR671-FINAL1-occt/inc/Graphic3d_CBounds.hxx
+M Graphic3d:pubinclude:Graphic3d_CUserDraw.hxx /misc/dn61/LocalWOK/wok_entities/LOC/dev/CR671-FINAL1-CR671-FINAL1-occt/inc/Graphic3d_CUserDraw.hxx
+M Graphic3d:pubinclude:Graphic3d_CView.hxx /misc/dn61/LocalWOK/wok_entities/LOC/dev/CR671-FINAL1-CR671-FINAL1-occt/inc/Graphic3d_CView.hxx
+M Graphic3d:pubinclude:Graphic3d_CGraduatedTrihedron.hxx /misc/dn61/LocalWOK/wok_entities/LOC/dev/CR671-FINAL1-CR671-FINAL1-occt/inc/Graphic3d_CGraduatedTrihedron.hxx
+M Graphic3d:pubinclude:Graphic3d_ShaderObject.hxx /misc/dn61/LocalWOK/wok_entities/LOC/dev/CR671-FINAL1-CR671-FINAL1-occt/inc/Graphic3d_ShaderObject.hxx
+M Graphic3d:pubinclude:Graphic3d_ShaderProgram.hxx /misc/dn61/LocalWOK/wok_entities/LOC/dev/CR671-FINAL1-CR671-FINAL1-occt/inc/Graphic3d_ShaderProgram.hxx
+M Graphic3d:pubinclude:Graphic3d_ShaderVariable.hxx /misc/dn61/LocalWOK/wok_entities/LOC/dev/CR671-FINAL1-CR671-FINAL1-occt/inc/Graphic3d_ShaderVariable.hxx
+M Graphic3d:pubinclude:Graphic3d_ShaderVariable.lxx /misc/dn61/LocalWOK/wok_entities/LOC/dev/CR671-FINAL1-CR671-FINAL1-occt/inc/Graphic3d_ShaderVariable.lxx
+M Graphic3d:pubinclude:Graphic3d_ShaderObject_Handle.hxx /misc/dn61/LocalWOK/wok_entities/LOC/dev/CR671-FINAL1-CR671-FINAL1-occt/inc/Graphic3d_ShaderObject_Handle.hxx
+M Graphic3d:pubinclude:Graphic3d_ShaderProgram_Handle.hxx /misc/dn61/LocalWOK/wok_entities/LOC/dev/CR671-FINAL1-CR671-FINAL1-occt/inc/Graphic3d_ShaderProgram_Handle.hxx
+M Graphic3d:pubinclude:Graphic3d_ShaderVariable_Handle.hxx /misc/dn61/LocalWOK/wok_entities/LOC/dev/CR671-FINAL1-CR671-FINAL1-occt/inc/Graphic3d_ShaderVariable_Handle.hxx
+M Graphic3d:pubinclude:Graphic3d_TypeOfShaderObject.hxx /misc/dn61/LocalWOK/wok_entities/LOC/dev/CR671-FINAL1-CR671-FINAL1-occt/inc/Graphic3d_TypeOfShaderObject.hxx
+M Graphic3d:pubinclude:Graphic3d_PrimitiveArray.hxx /misc/dn61/LocalWOK/wok_entities/LOC/dev/CR671-FINAL1-CR671-FINAL1-occt/inc/Graphic3d_PrimitiveArray.hxx
+M Graphic3d:pubinclude:Graphic3d_TransModeFlags.hxx /misc/dn61/LocalWOK/wok_entities/LOC/dev/CR671-FINAL1-CR671-FINAL1-occt/inc/Graphic3d_TransModeFlags.hxx
+M Graphic3d:pubinclude:Graphic3d_CTransPersStruct.hxx /misc/dn61/LocalWOK/wok_entities/LOC/dev/CR671-FINAL1-CR671-FINAL1-occt/inc/Graphic3d_CTransPersStruct.hxx
+M Graphic3d:pubinclude:Graphic3d_NListOfHAsciiString.hxx /misc/dn61/LocalWOK/wok_entities/LOC/dev/CR671-FINAL1-CR671-FINAL1-occt/inc/Graphic3d_NListOfHAsciiString.hxx
+M Graphic3d:pubinclude:Graphic3d_PtrFrameBuffer.hxx /misc/dn61/LocalWOK/wok_entities/LOC/dev/CR671-FINAL1-CR671-FINAL1-occt/inc/Graphic3d_PtrFrameBuffer.hxx
+M Graphic3d:pubinclude:Graphic3d_BufferType.hxx /misc/dn61/LocalWOK/wok_entities/LOC/dev/CR671-FINAL1-CR671-FINAL1-occt/inc/Graphic3d_BufferType.hxx
+M Graphic3d:pubinclude:Graphic3d_Vec.hxx /misc/dn61/LocalWOK/wok_entities/LOC/dev/CR671-FINAL1-CR671-FINAL1-occt/inc/Graphic3d_Vec.hxx
+M Graphic3d:pubinclude:Graphic3d_Vec2.hxx /misc/dn61/LocalWOK/wok_entities/LOC/dev/CR671-FINAL1-CR671-FINAL1-occt/inc/Graphic3d_Vec2.hxx
+M Graphic3d:pubinclude:Graphic3d_Vec3.hxx /misc/dn61/LocalWOK/wok_entities/LOC/dev/CR671-FINAL1-CR671-FINAL1-occt/inc/Graphic3d_Vec3.hxx
+M Graphic3d:pubinclude:Graphic3d_Vec4.hxx /misc/dn61/LocalWOK/wok_entities/LOC/dev/CR671-FINAL1-CR671-FINAL1-occt/inc/Graphic3d_Vec4.hxx
+M Graphic3d:pubinclude:Graphic3d_Mat4.hxx /misc/dn61/LocalWOK/wok_entities/LOC/dev/CR671-FINAL1-CR671-FINAL1-occt/inc/Graphic3d_Mat4.hxx
+M Graphic3d:pubinclude:Graphic3d_ZLayerSettings.hxx /misc/dn61/LocalWOK/wok_entities/LOC/dev/CR671-FINAL1-CR671-FINAL1-occt/inc/Graphic3d_ZLayerSettings.hxx
+M Graphic3d:pubinclude:Graphic3d_Vertex.hxx /misc/dn61/LocalWOK/wok_entities/LOC/dev/CR671-FINAL1-CR671-FINAL1-occt/inc/Graphic3d_Vertex.hxx
+M Graphic3d:pubinclude:Graphic3d_MarkerImage.hxx /misc/dn61/LocalWOK/wok_entities/LOC/dev/CR671-FINAL1-CR671-FINAL1-occt/inc/Graphic3d_MarkerImage.hxx
+M Graphic3d:pubinclude:Graphic3d_MarkerImage_Handle.hxx /misc/dn61/LocalWOK/wok_entities/LOC/dev/CR671-FINAL1-CR671-FINAL1-occt/inc/Graphic3d_MarkerImage_Handle.hxx
+M Graphic3d:pubinclude:Graphic3d_ClipPlane.hxx /misc/dn61/LocalWOK/wok_entities/LOC/dev/CR671-FINAL1-CR671-FINAL1-occt/inc/Graphic3d_ClipPlane.hxx
+M Graphic3d:pubinclude:Graphic3d_ClipPlane_Handle.hxx /misc/dn61/LocalWOK/wok_entities/LOC/dev/CR671-FINAL1-CR671-FINAL1-occt/inc/Graphic3d_ClipPlane_Handle.hxx
+M Graphic3d:pubinclude:Graphic3d_SequenceOfHClipPlane.hxx /misc/dn61/LocalWOK/wok_entities/LOC/dev/CR671-FINAL1-CR671-FINAL1-occt/inc/Graphic3d_SequenceOfHClipPlane.hxx
+M Graphic3d:pubinclude:Graphic3d_SequenceOfHClipPlane_Handle.hxx /misc/dn61/LocalWOK/wok_entities/LOC/dev/CR671-FINAL1-CR671-FINAL1-occt/inc/Graphic3d_SequenceOfHClipPlane_Handle.hxx
+M Graphic3d:pubinclude:Graphic3d_ArrayOfPrimitives.lxx /misc/dn61/LocalWOK/wok_entities/LOC/dev/CR671-FINAL1-CR671-FINAL1-occt/inc/Graphic3d_ArrayOfPrimitives.lxx
+M Graphic3d:dbadmfile:Graphic3d_obj_inc.In /misc/dn61/LocalWOK/wok_entities/LOC/dev/CR671-FINAL1-CR671-FINAL1-occt/drv/Graphic3d/.adm/Graphic3d_obj_inc.In
+M Graphic3d:dbadmfile:Graphic3d_obj_inc.Out /misc/dn61/LocalWOK/wok_entities/LOC/dev/CR671-FINAL1-CR671-FINAL1-occt/drv/Graphic3d/.adm/Graphic3d_obj_inc.Out
+M Graphic3d:dbadmfile:Graphic3d_obj_inc.Dep /misc/dn61/LocalWOK/wok_entities/LOC/dev/CR671-FINAL1-CR671-FINAL1-occt/drv/Graphic3d/.adm/Graphic3d_obj_inc.Dep
