+M Geom2dHatch:pubinclude:Geom2dHatch_Intersector.hxx /misc/dn61/LocalWOK/wok_entities/LOC/dev/CR671-FINAL1-CR671-FINAL1-occt/inc/Geom2dHatch_Intersector.hxx
+M Geom2dHatch:privinclude:Geom2dHatch_Intersector.jxx /misc/dn61/LocalWOK/wok_entities/LOC/dev/CR671-FINAL1-CR671-FINAL1-occt/drv/Geom2dHatch/Geom2dHatch_Intersector.jxx
+M Geom2dHatch:privinclude:Geom2dHatch_Intersector.ixx /misc/dn61/LocalWOK/wok_entities/LOC/dev/CR671-FINAL1-CR671-FINAL1-occt/drv/Geom2dHatch/Geom2dHatch_Intersector.ixx
+M Geom2dHatch:pubinclude:Geom2dHatch_Hatcher.hxx /misc/dn61/LocalWOK/wok_entities/LOC/dev/CR671-FINAL1-CR671-FINAL1-occt/inc/Geom2dHatch_Hatcher.hxx
+M Geom2dHatch:derivated:Geom2dHatch_Hatcher_0.cxx /misc/dn61/LocalWOK/wok_entities/LOC/dev/CR671-FINAL1-CR671-FINAL1-occt/drv/Geom2dHatch/Geom2dHatch_Hatcher_0.cxx
+M Geom2dHatch:pubinclude:Geom2dHatch_HatchingOfHatcher.hxx /misc/dn61/LocalWOK/wok_entities/LOC/dev/CR671-FINAL1-CR671-FINAL1-occt/inc/Geom2dHatch_HatchingOfHatcher.hxx
+M Geom2dHatch:derivated:Geom2dHatch_HatchingOfHatcher_0.cxx /misc/dn61/LocalWOK/wok_entities/LOC/dev/CR671-FINAL1-CR671-FINAL1-occt/drv/Geom2dHatch/Geom2dHatch_HatchingOfHatcher_0.cxx
+M Geom2dHatch:pubinclude:Handle_Geom2dHatch_DataMapNodeOfHatchingsOfHatcher.hxx /misc/dn61/LocalWOK/wok_entities/LOC/dev/CR671-FINAL1-CR671-FINAL1-occt/inc/Handle_Geom2dHatch_DataMapNodeOfHatchingsOfHatcher.hxx
+M Geom2dHatch:pubinclude:Geom2dHatch_DataMapNodeOfHatchingsOfHatcher.hxx /misc/dn61/LocalWOK/wok_entities/LOC/dev/CR671-FINAL1-CR671-FINAL1-occt/inc/Geom2dHatch_DataMapNodeOfHatchingsOfHatcher.hxx
+M Geom2dHatch:derivated:Geom2dHatch_DataMapNodeOfHatchingsOfHatcher_0.cxx /misc/dn61/LocalWOK/wok_entities/LOC/dev/CR671-FINAL1-CR671-FINAL1-occt/drv/Geom2dHatch/Geom2dHatch_DataMapNodeOfHatchingsOfHatcher_0.cxx
+M Geom2dHatch:pubinclude:Geom2dHatch_DataMapIteratorOfHatchingsOfHatcher.hxx /misc/dn61/LocalWOK/wok_entities/LOC/dev/CR671-FINAL1-CR671-FINAL1-occt/inc/Geom2dHatch_DataMapIteratorOfHatchingsOfHatcher.hxx
+M Geom2dHatch:derivated:Geom2dHatch_DataMapIteratorOfHatchingsOfHatcher_0.cxx /misc/dn61/LocalWOK/wok_entities/LOC/dev/CR671-FINAL1-CR671-FINAL1-occt/drv/Geom2dHatch/Geom2dHatch_DataMapIteratorOfHatchingsOfHatcher_0.cxx
+M Geom2dHatch:pubinclude:Geom2dHatch_HatchingsOfHatcher.hxx /misc/dn61/LocalWOK/wok_entities/LOC/dev/CR671-FINAL1-CR671-FINAL1-occt/inc/Geom2dHatch_HatchingsOfHatcher.hxx
+M Geom2dHatch:derivated:Geom2dHatch_HatchingsOfHatcher_0.cxx /misc/dn61/LocalWOK/wok_entities/LOC/dev/CR671-FINAL1-CR671-FINAL1-occt/drv/Geom2dHatch/Geom2dHatch_HatchingsOfHatcher_0.cxx
+M Geom2dHatch:pubinclude:Geom2dHatch_ElementOfHatcher.hxx /misc/dn61/LocalWOK/wok_entities/LOC/dev/CR671-FINAL1-CR671-FINAL1-occt/inc/Geom2dHatch_ElementOfHatcher.hxx
+M Geom2dHatch:derivated:Geom2dHatch_ElementOfHatcher_0.cxx /misc/dn61/LocalWOK/wok_entities/LOC/dev/CR671-FINAL1-CR671-FINAL1-occt/drv/Geom2dHatch/Geom2dHatch_ElementOfHatcher_0.cxx
+M Geom2dHatch:pubinclude:Handle_Geom2dHatch_DataMapNodeOfMapOfElementsOfElementsOfHatcher.hxx /misc/dn61/LocalWOK/wok_entities/LOC/dev/CR671-FINAL1-CR671-FINAL1-occt/inc/Handle_Geom2dHatch_DataMapNodeOfMapOfElementsOfElementsOfHatcher.hxx
+M Geom2dHatch:pubinclude:Geom2dHatch_DataMapNodeOfMapOfElementsOfElementsOfHatcher.hxx /misc/dn61/LocalWOK/wok_entities/LOC/dev/CR671-FINAL1-CR671-FINAL1-occt/inc/Geom2dHatch_DataMapNodeOfMapOfElementsOfElementsOfHatcher.hxx
+M Geom2dHatch:derivated:Geom2dHatch_DataMapNodeOfMapOfElementsOfElementsOfHatcher_0.cxx /misc/dn61/LocalWOK/wok_entities/LOC/dev/CR671-FINAL1-CR671-FINAL1-occt/drv/Geom2dHatch/Geom2dHatch_DataMapNodeOfMapOfElementsOfElementsOfHatcher_0.cxx
+M Geom2dHatch:pubinclude:Geom2dHatch_DataMapIteratorOfMapOfElementsOfElementsOfHatcher.hxx /misc/dn61/LocalWOK/wok_entities/LOC/dev/CR671-FINAL1-CR671-FINAL1-occt/inc/Geom2dHatch_DataMapIteratorOfMapOfElementsOfElementsOfHatcher.hxx
+M Geom2dHatch:derivated:Geom2dHatch_DataMapIteratorOfMapOfElementsOfElementsOfHatcher_0.cxx /misc/dn61/LocalWOK/wok_entities/LOC/dev/CR671-FINAL1-CR671-FINAL1-occt/drv/Geom2dHatch/Geom2dHatch_DataMapIteratorOfMapOfElementsOfElementsOfHatcher_0.cxx
+M Geom2dHatch:pubinclude:Geom2dHatch_MapOfElementsOfElementsOfHatcher.hxx /misc/dn61/LocalWOK/wok_entities/LOC/dev/CR671-FINAL1-CR671-FINAL1-occt/inc/Geom2dHatch_MapOfElementsOfElementsOfHatcher.hxx
+M Geom2dHatch:derivated:Geom2dHatch_MapOfElementsOfElementsOfHatcher_0.cxx /misc/dn61/LocalWOK/wok_entities/LOC/dev/CR671-FINAL1-CR671-FINAL1-occt/drv/Geom2dHatch/Geom2dHatch_MapOfElementsOfElementsOfHatcher_0.cxx
+M Geom2dHatch:pubinclude:Geom2dHatch_ElementsOfHatcher.hxx /misc/dn61/LocalWOK/wok_entities/LOC/dev/CR671-FINAL1-CR671-FINAL1-occt/inc/Geom2dHatch_ElementsOfHatcher.hxx
+M Geom2dHatch:derivated:Geom2dHatch_ElementsOfHatcher_0.cxx /misc/dn61/LocalWOK/wok_entities/LOC/dev/CR671-FINAL1-CR671-FINAL1-occt/drv/Geom2dHatch/Geom2dHatch_ElementsOfHatcher_0.cxx
+M Geom2dHatch:pubinclude:Geom2dHatch_FClass2dOfClassifierOfHatcher.hxx /misc/dn61/LocalWOK/wok_entities/LOC/dev/CR671-FINAL1-CR671-FINAL1-occt/inc/Geom2dHatch_FClass2dOfClassifierOfHatcher.hxx
+M Geom2dHatch:derivated:Geom2dHatch_FClass2dOfClassifierOfHatcher_0.cxx /misc/dn61/LocalWOK/wok_entities/LOC/dev/CR671-FINAL1-CR671-FINAL1-occt/drv/Geom2dHatch/Geom2dHatch_FClass2dOfClassifierOfHatcher_0.cxx
+M Geom2dHatch:pubinclude:Geom2dHatch_ClassifierOfHatcher.hxx /misc/dn61/LocalWOK/wok_entities/LOC/dev/CR671-FINAL1-CR671-FINAL1-occt/inc/Geom2dHatch_ClassifierOfHatcher.hxx
+M Geom2dHatch:derivated:Geom2dHatch_ClassifierOfHatcher_0.cxx /misc/dn61/LocalWOK/wok_entities/LOC/dev/CR671-FINAL1-CR671-FINAL1-occt/drv/Geom2dHatch/Geom2dHatch_ClassifierOfHatcher_0.cxx
+M Geom2dHatch:dbadmfile:Geom2dHatch_xcpp_header.In /misc/dn61/LocalWOK/wok_entities/LOC/dev/CR671-FINAL1-CR671-FINAL1-occt/drv/Geom2dHatch/.adm/Geom2dHatch_xcpp_header.In
+M Geom2dHatch:dbadmfile:Geom2dHatch_xcpp_header.Out /misc/dn61/LocalWOK/wok_entities/LOC/dev/CR671-FINAL1-CR671-FINAL1-occt/drv/Geom2dHatch/.adm/Geom2dHatch_xcpp_header.Out
+M Geom2dHatch:dbadmfile:Geom2dHatch_xcpp_header.Dep /misc/dn61/LocalWOK/wok_entities/LOC/dev/CR671-FINAL1-CR671-FINAL1-occt/drv/Geom2dHatch/.adm/Geom2dHatch_xcpp_header.Dep
