+M PDF:pubinclude:Handle_PDF_Data.hxx /misc/dn61/LocalWOK/wok_entities/LOC/dev/CR671-FINAL1-CR671-FINAL1-occt/inc/Handle_PDF_Data.hxx
+M PDF:pubinclude:PDF_Data.hxx /misc/dn61/LocalWOK/wok_entities/LOC/dev/CR671-FINAL1-CR671-FINAL1-occt/inc/PDF_Data.hxx
+M PDF:privinclude:PDF_Data.jxx /misc/dn61/LocalWOK/wok_entities/LOC/dev/CR671-FINAL1-CR671-FINAL1-occt/drv/PDF/PDF_Data.jxx
+M PDF:privinclude:PDF_Data.ixx /misc/dn61/LocalWOK/wok_entities/LOC/dev/CR671-FINAL1-CR671-FINAL1-occt/drv/PDF/PDF_Data.ixx
+M PDF:pubinclude:Handle_PDF_Attribute.hxx /misc/dn61/LocalWOK/wok_entities/LOC/dev/CR671-FINAL1-CR671-FINAL1-occt/inc/Handle_PDF_Attribute.hxx
+M PDF:pubinclude:PDF_Attribute.hxx /misc/dn61/LocalWOK/wok_entities/LOC/dev/CR671-FINAL1-CR671-FINAL1-occt/inc/PDF_Attribute.hxx
+M PDF:privinclude:PDF_Attribute.jxx /misc/dn61/LocalWOK/wok_entities/LOC/dev/CR671-FINAL1-CR671-FINAL1-occt/drv/PDF/PDF_Attribute.jxx
+M PDF:privinclude:PDF_Attribute.ixx /misc/dn61/LocalWOK/wok_entities/LOC/dev/CR671-FINAL1-CR671-FINAL1-occt/drv/PDF/PDF_Attribute.ixx
+M PDF:pubinclude:Handle_PDF_TagSource.hxx /misc/dn61/LocalWOK/wok_entities/LOC/dev/CR671-FINAL1-CR671-FINAL1-occt/inc/Handle_PDF_TagSource.hxx
+M PDF:pubinclude:PDF_TagSource.hxx /misc/dn61/LocalWOK/wok_entities/LOC/dev/CR671-FINAL1-CR671-FINAL1-occt/inc/PDF_TagSource.hxx
+M PDF:privinclude:PDF_TagSource.jxx /misc/dn61/LocalWOK/wok_entities/LOC/dev/CR671-FINAL1-CR671-FINAL1-occt/drv/PDF/PDF_TagSource.jxx
+M PDF:privinclude:PDF_TagSource.ixx /misc/dn61/LocalWOK/wok_entities/LOC/dev/CR671-FINAL1-CR671-FINAL1-occt/drv/PDF/PDF_TagSource.ixx
+M PDF:pubinclude:Handle_PDF_Reference.hxx /misc/dn61/LocalWOK/wok_entities/LOC/dev/CR671-FINAL1-CR671-FINAL1-occt/inc/Handle_PDF_Reference.hxx
+M PDF:pubinclude:PDF_Reference.hxx /misc/dn61/LocalWOK/wok_entities/LOC/dev/CR671-FINAL1-CR671-FINAL1-occt/inc/PDF_Reference.hxx
+M PDF:privinclude:PDF_Reference.jxx /misc/dn61/LocalWOK/wok_entities/LOC/dev/CR671-FINAL1-CR671-FINAL1-occt/drv/PDF/PDF_Reference.jxx
+M PDF:privinclude:PDF_Reference.ixx /misc/dn61/LocalWOK/wok_entities/LOC/dev/CR671-FINAL1-CR671-FINAL1-occt/drv/PDF/PDF_Reference.ixx
+M PDF:pubinclude:Handle_PDF_HAttributeArray1.hxx /misc/dn61/LocalWOK/wok_entities/LOC/dev/CR671-FINAL1-CR671-FINAL1-occt/inc/Handle_PDF_HAttributeArray1.hxx
+M PDF:pubinclude:PDF_HAttributeArray1.hxx /misc/dn61/LocalWOK/wok_entities/LOC/dev/CR671-FINAL1-CR671-FINAL1-occt/inc/PDF_HAttributeArray1.hxx
+M PDF:derivated:PDF_HAttributeArray1_0.cxx /misc/dn61/LocalWOK/wok_entities/LOC/dev/CR671-FINAL1-CR671-FINAL1-occt/drv/PDF/PDF_HAttributeArray1_0.cxx
+M PDF:pubinclude:Handle_PDF_VArrayNodeOfFieldOfHAttributeArray1.hxx /misc/dn61/LocalWOK/wok_entities/LOC/dev/CR671-FINAL1-CR671-FINAL1-occt/inc/Handle_PDF_VArrayNodeOfFieldOfHAttributeArray1.hxx
+M PDF:pubinclude:PDF_VArrayNodeOfFieldOfHAttributeArray1.hxx /misc/dn61/LocalWOK/wok_entities/LOC/dev/CR671-FINAL1-CR671-FINAL1-occt/inc/PDF_VArrayNodeOfFieldOfHAttributeArray1.hxx
+M PDF:derivated:PDF_VArrayNodeOfFieldOfHAttributeArray1_0.cxx /misc/dn61/LocalWOK/wok_entities/LOC/dev/CR671-FINAL1-CR671-FINAL1-occt/drv/PDF/PDF_VArrayNodeOfFieldOfHAttributeArray1_0.cxx
+M PDF:pubinclude:PDF_VArrayTNodeOfFieldOfHAttributeArray1.hxx /misc/dn61/LocalWOK/wok_entities/LOC/dev/CR671-FINAL1-CR671-FINAL1-occt/inc/PDF_VArrayTNodeOfFieldOfHAttributeArray1.hxx
+M PDF:derivated:PDF_VArrayTNodeOfFieldOfHAttributeArray1_0.cxx /misc/dn61/LocalWOK/wok_entities/LOC/dev/CR671-FINAL1-CR671-FINAL1-occt/drv/PDF/PDF_VArrayTNodeOfFieldOfHAttributeArray1_0.cxx
+M PDF:pubinclude:PDF_FieldOfHAttributeArray1.hxx /misc/dn61/LocalWOK/wok_entities/LOC/dev/CR671-FINAL1-CR671-FINAL1-occt/inc/PDF_FieldOfHAttributeArray1.hxx
+M PDF:derivated:PDF_FieldOfHAttributeArray1_0.cxx /misc/dn61/LocalWOK/wok_entities/LOC/dev/CR671-FINAL1-CR671-FINAL1-occt/drv/PDF/PDF_FieldOfHAttributeArray1_0.cxx
+M PDF:dbadmfile:PDF_xcpp_header.In /misc/dn61/LocalWOK/wok_entities/LOC/dev/CR671-FINAL1-CR671-FINAL1-occt/drv/PDF/.adm/PDF_xcpp_header.In
+M PDF:dbadmfile:PDF_xcpp_header.Out /misc/dn61/LocalWOK/wok_entities/LOC/dev/CR671-FINAL1-CR671-FINAL1-occt/drv/PDF/.adm/PDF_xcpp_header.Out
+M PDF:dbadmfile:PDF_xcpp_header.Dep /misc/dn61/LocalWOK/wok_entities/LOC/dev/CR671-FINAL1-CR671-FINAL1-occt/drv/PDF/.adm/PDF_xcpp_header.Dep
