+M XSDRAWSTLVRML:pubinclude:XSDRAWSTLVRML.hxx /misc/dn61/LocalWOK/wok_entities/LOC/dev/CR671-FINAL1-CR671-FINAL1-occt/inc/XSDRAWSTLVRML.hxx
+M XSDRAWSTLVRML:privinclude:XSDRAWSTLVRML.jxx /misc/dn61/LocalWOK/wok_entities/LOC/dev/CR671-FINAL1-CR671-FINAL1-occt/drv/XSDRAWSTLVRML/XSDRAWSTLVRML.jxx
+M XSDRAWSTLVRML:privinclude:XSDRAWSTLVRML.ixx /misc/dn61/LocalWOK/wok_entities/LOC/dev/CR671-FINAL1-CR671-FINAL1-occt/drv/XSDRAWSTLVRML/XSDRAWSTLVRML.ixx
+M XSDRAWSTLVRML:pubinclude:Handle_XSDRAWSTLVRML_DataSource.hxx /misc/dn61/LocalWOK/wok_entities/LOC/dev/CR671-FINAL1-CR671-FINAL1-occt/inc/Handle_XSDRAWSTLVRML_DataSource.hxx
+M XSDRAWSTLVRML:pubinclude:XSDRAWSTLVRML_DataSource.hxx /misc/dn61/LocalWOK/wok_entities/LOC/dev/CR671-FINAL1-CR671-FINAL1-occt/inc/XSDRAWSTLVRML_DataSource.hxx
+M XSDRAWSTLVRML:privinclude:XSDRAWSTLVRML_DataSource.jxx /misc/dn61/LocalWOK/wok_entities/LOC/dev/CR671-FINAL1-CR671-FINAL1-occt/drv/XSDRAWSTLVRML/XSDRAWSTLVRML_DataSource.jxx
+M XSDRAWSTLVRML:privinclude:XSDRAWSTLVRML_DataSource.ixx /misc/dn61/LocalWOK/wok_entities/LOC/dev/CR671-FINAL1-CR671-FINAL1-occt/drv/XSDRAWSTLVRML/XSDRAWSTLVRML_DataSource.ixx
+M XSDRAWSTLVRML:pubinclude:Handle_XSDRAWSTLVRML_DrawableMesh.hxx /misc/dn61/LocalWOK/wok_entities/LOC/dev/CR671-FINAL1-CR671-FINAL1-occt/inc/Handle_XSDRAWSTLVRML_DrawableMesh.hxx
+M XSDRAWSTLVRML:pubinclude:XSDRAWSTLVRML_DrawableMesh.hxx /misc/dn61/LocalWOK/wok_entities/LOC/dev/CR671-FINAL1-CR671-FINAL1-occt/inc/XSDRAWSTLVRML_DrawableMesh.hxx
+M XSDRAWSTLVRML:privinclude:XSDRAWSTLVRML_DrawableMesh.jxx /misc/dn61/LocalWOK/wok_entities/LOC/dev/CR671-FINAL1-CR671-FINAL1-occt/drv/XSDRAWSTLVRML/XSDRAWSTLVRML_DrawableMesh.jxx
+M XSDRAWSTLVRML:privinclude:XSDRAWSTLVRML_DrawableMesh.ixx /misc/dn61/LocalWOK/wok_entities/LOC/dev/CR671-FINAL1-CR671-FINAL1-occt/drv/XSDRAWSTLVRML/XSDRAWSTLVRML_DrawableMesh.ixx
+M XSDRAWSTLVRML:pubinclude:XSDRAWSTLVRML_ElemNodesMap.hxx /misc/dn61/LocalWOK/wok_entities/LOC/dev/CR671-FINAL1-CR671-FINAL1-occt/inc/XSDRAWSTLVRML_ElemNodesMap.hxx
+M XSDRAWSTLVRML:derivated:XSDRAWSTLVRML_ElemNodesMap_0.cxx /misc/dn61/LocalWOK/wok_entities/LOC/dev/CR671-FINAL1-CR671-FINAL1-occt/drv/XSDRAWSTLVRML/XSDRAWSTLVRML_ElemNodesMap_0.cxx
+M XSDRAWSTLVRML:pubinclude:XSDRAWSTLVRML_CoordsMap.hxx /misc/dn61/LocalWOK/wok_entities/LOC/dev/CR671-FINAL1-CR671-FINAL1-occt/inc/XSDRAWSTLVRML_CoordsMap.hxx
+M XSDRAWSTLVRML:derivated:XSDRAWSTLVRML_CoordsMap_0.cxx /misc/dn61/LocalWOK/wok_entities/LOC/dev/CR671-FINAL1-CR671-FINAL1-occt/drv/XSDRAWSTLVRML/XSDRAWSTLVRML_CoordsMap_0.cxx
+M XSDRAWSTLVRML:pubinclude:Handle_XSDRAWSTLVRML_DataMapNodeOfElemNodesMap.hxx /misc/dn61/LocalWOK/wok_entities/LOC/dev/CR671-FINAL1-CR671-FINAL1-occt/inc/Handle_XSDRAWSTLVRML_DataMapNodeOfElemNodesMap.hxx
+M XSDRAWSTLVRML:pubinclude:XSDRAWSTLVRML_DataMapNodeOfElemNodesMap.hxx /misc/dn61/LocalWOK/wok_entities/LOC/dev/CR671-FINAL1-CR671-FINAL1-occt/inc/XSDRAWSTLVRML_DataMapNodeOfElemNodesMap.hxx
+M XSDRAWSTLVRML:derivated:XSDRAWSTLVRML_DataMapNodeOfElemNodesMap_0.cxx /misc/dn61/LocalWOK/wok_entities/LOC/dev/CR671-FINAL1-CR671-FINAL1-occt/drv/XSDRAWSTLVRML/XSDRAWSTLVRML_DataMapNodeOfElemNodesMap_0.cxx
+M XSDRAWSTLVRML:pubinclude:XSDRAWSTLVRML_DataMapIteratorOfElemNodesMap.hxx /misc/dn61/LocalWOK/wok_entities/LOC/dev/CR671-FINAL1-CR671-FINAL1-occt/inc/XSDRAWSTLVRML_DataMapIteratorOfElemNodesMap.hxx
+M XSDRAWSTLVRML:derivated:XSDRAWSTLVRML_DataMapIteratorOfElemNodesMap_0.cxx /misc/dn61/LocalWOK/wok_entities/LOC/dev/CR671-FINAL1-CR671-FINAL1-occt/drv/XSDRAWSTLVRML/XSDRAWSTLVRML_DataMapIteratorOfElemNodesMap_0.cxx
+M XSDRAWSTLVRML:pubinclude:Handle_XSDRAWSTLVRML_DataMapNodeOfCoordsMap.hxx /misc/dn61/LocalWOK/wok_entities/LOC/dev/CR671-FINAL1-CR671-FINAL1-occt/inc/Handle_XSDRAWSTLVRML_DataMapNodeOfCoordsMap.hxx
+M XSDRAWSTLVRML:pubinclude:XSDRAWSTLVRML_DataMapNodeOfCoordsMap.hxx /misc/dn61/LocalWOK/wok_entities/LOC/dev/CR671-FINAL1-CR671-FINAL1-occt/inc/XSDRAWSTLVRML_DataMapNodeOfCoordsMap.hxx
+M XSDRAWSTLVRML:derivated:XSDRAWSTLVRML_DataMapNodeOfCoordsMap_0.cxx /misc/dn61/LocalWOK/wok_entities/LOC/dev/CR671-FINAL1-CR671-FINAL1-occt/drv/XSDRAWSTLVRML/XSDRAWSTLVRML_DataMapNodeOfCoordsMap_0.cxx
+M XSDRAWSTLVRML:pubinclude:XSDRAWSTLVRML_DataMapIteratorOfCoordsMap.hxx /misc/dn61/LocalWOK/wok_entities/LOC/dev/CR671-FINAL1-CR671-FINAL1-occt/inc/XSDRAWSTLVRML_DataMapIteratorOfCoordsMap.hxx
+M XSDRAWSTLVRML:derivated:XSDRAWSTLVRML_DataMapIteratorOfCoordsMap_0.cxx /misc/dn61/LocalWOK/wok_entities/LOC/dev/CR671-FINAL1-CR671-FINAL1-occt/drv/XSDRAWSTLVRML/XSDRAWSTLVRML_DataMapIteratorOfCoordsMap_0.cxx
+M XSDRAWSTLVRML:dbadmfile:XSDRAWSTLVRML_xcpp_header.In /misc/dn61/LocalWOK/wok_entities/LOC/dev/CR671-FINAL1-CR671-FINAL1-occt/drv/XSDRAWSTLVRML/.adm/XSDRAWSTLVRML_xcpp_header.In
+M XSDRAWSTLVRML:dbadmfile:XSDRAWSTLVRML_xcpp_header.Out /misc/dn61/LocalWOK/wok_entities/LOC/dev/CR671-FINAL1-CR671-FINAL1-occt/drv/XSDRAWSTLVRML/.adm/XSDRAWSTLVRML_xcpp_header.Out
+M XSDRAWSTLVRML:dbadmfile:XSDRAWSTLVRML_xcpp_header.Dep /misc/dn61/LocalWOK/wok_entities/LOC/dev/CR671-FINAL1-CR671-FINAL1-occt/drv/XSDRAWSTLVRML/.adm/XSDRAWSTLVRML_xcpp_header.Dep
