+M AppParCurves:pubinclude:AppParCurves_Variational_1.gxx /misc/dn61/LocalWOK/wok_entities/LOC/dev/CR671-FINAL1-CR671-FINAL1-occt/inc/AppParCurves_Variational_1.gxx
+M AppParCurves:pubinclude:AppParCurves_Variational_2.gxx /misc/dn61/LocalWOK/wok_entities/LOC/dev/CR671-FINAL1-CR671-FINAL1-occt/inc/AppParCurves_Variational_2.gxx
+M AppParCurves:pubinclude:AppParCurves_Variational_3.gxx /misc/dn61/LocalWOK/wok_entities/LOC/dev/CR671-FINAL1-CR671-FINAL1-occt/inc/AppParCurves_Variational_3.gxx
+M AppParCurves:pubinclude:AppParCurves_Variational_4.gxx /misc/dn61/LocalWOK/wok_entities/LOC/dev/CR671-FINAL1-CR671-FINAL1-occt/inc/AppParCurves_Variational_4.gxx
+M AppParCurves:pubinclude:AppParCurves_Variational_5.gxx /misc/dn61/LocalWOK/wok_entities/LOC/dev/CR671-FINAL1-CR671-FINAL1-occt/inc/AppParCurves_Variational_5.gxx
+M AppParCurves:pubinclude:AppParCurves_Variational_6.gxx /misc/dn61/LocalWOK/wok_entities/LOC/dev/CR671-FINAL1-CR671-FINAL1-occt/inc/AppParCurves_Variational_6.gxx
+M AppParCurves:pubinclude:AppParCurves_Variational_7.gxx /misc/dn61/LocalWOK/wok_entities/LOC/dev/CR671-FINAL1-CR671-FINAL1-occt/inc/AppParCurves_Variational_7.gxx
+M AppParCurves:pubinclude:AppParCurves_Variational_8.gxx /misc/dn61/LocalWOK/wok_entities/LOC/dev/CR671-FINAL1-CR671-FINAL1-occt/inc/AppParCurves_Variational_8.gxx
+M AppParCurves:pubinclude:AppParCurves_Variational_9.gxx /misc/dn61/LocalWOK/wok_entities/LOC/dev/CR671-FINAL1-CR671-FINAL1-occt/inc/AppParCurves_Variational_9.gxx
+M AppParCurves:pubinclude:AppParCurves_MLineTool.gxx /misc/dn61/LocalWOK/wok_entities/LOC/dev/CR671-FINAL1-CR671-FINAL1-occt/inc/AppParCurves_MLineTool.gxx
+M AppParCurves:pubinclude:AppParCurves_MultiPoint.lxx /misc/dn61/LocalWOK/wok_entities/LOC/dev/CR671-FINAL1-CR671-FINAL1-occt/inc/AppParCurves_MultiPoint.lxx
+M AppParCurves:pubinclude:AppParCurves_LeastSquare.gxx /misc/dn61/LocalWOK/wok_entities/LOC/dev/CR671-FINAL1-CR671-FINAL1-occt/inc/AppParCurves_LeastSquare.gxx
+M AppParCurves:pubinclude:AppParCurves_ResolConstraint.gxx /misc/dn61/LocalWOK/wok_entities/LOC/dev/CR671-FINAL1-CR671-FINAL1-occt/inc/AppParCurves_ResolConstraint.gxx
+M AppParCurves:pubinclude:AppParCurves_Function.gxx /misc/dn61/LocalWOK/wok_entities/LOC/dev/CR671-FINAL1-CR671-FINAL1-occt/inc/AppParCurves_Function.gxx
+M AppParCurves:pubinclude:AppParCurves_BSpFunction.gxx /misc/dn61/LocalWOK/wok_entities/LOC/dev/CR671-FINAL1-CR671-FINAL1-occt/inc/AppParCurves_BSpFunction.gxx
+M AppParCurves:pubinclude:AppParCurves_Gradient.gxx /misc/dn61/LocalWOK/wok_entities/LOC/dev/CR671-FINAL1-CR671-FINAL1-occt/inc/AppParCurves_Gradient.gxx
+M AppParCurves:pubinclude:AppParCurves_Gradient_BFGS.gxx /misc/dn61/LocalWOK/wok_entities/LOC/dev/CR671-FINAL1-CR671-FINAL1-occt/inc/AppParCurves_Gradient_BFGS.gxx
+M AppParCurves:pubinclude:AppParCurves_BSpGradient.gxx /misc/dn61/LocalWOK/wok_entities/LOC/dev/CR671-FINAL1-CR671-FINAL1-occt/inc/AppParCurves_BSpGradient.gxx
+M AppParCurves:pubinclude:AppParCurves_BSpGradient_BFGS.gxx /misc/dn61/LocalWOK/wok_entities/LOC/dev/CR671-FINAL1-CR671-FINAL1-occt/inc/AppParCurves_BSpGradient_BFGS.gxx
+M AppParCurves:pubinclude:AppParCurves_Projection.gxx /misc/dn61/LocalWOK/wok_entities/LOC/dev/CR671-FINAL1-CR671-FINAL1-occt/inc/AppParCurves_Projection.gxx
+M AppParCurves:pubinclude:AppParCurves_LinearCriteria.gxx /misc/dn61/LocalWOK/wok_entities/LOC/dev/CR671-FINAL1-CR671-FINAL1-occt/inc/AppParCurves_LinearCriteria.gxx
+M AppParCurves:pubinclude:AppParCurves_Variational.gxx /misc/dn61/LocalWOK/wok_entities/LOC/dev/CR671-FINAL1-CR671-FINAL1-occt/inc/AppParCurves_Variational.gxx
+M AppParCurves:dbadmfile:AppParCurves_obj_inc.In /misc/dn61/LocalWOK/wok_entities/LOC/dev/CR671-FINAL1-CR671-FINAL1-occt/drv/AppParCurves/.adm/AppParCurves_obj_inc.In
+M AppParCurves:dbadmfile:AppParCurves_obj_inc.Out /misc/dn61/LocalWOK/wok_entities/LOC/dev/CR671-FINAL1-CR671-FINAL1-occt/drv/AppParCurves/.adm/AppParCurves_obj_inc.Out
+M AppParCurves:dbadmfile:AppParCurves_obj_inc.Dep /misc/dn61/LocalWOK/wok_entities/LOC/dev/CR671-FINAL1-CR671-FINAL1-occt/drv/AppParCurves/.adm/AppParCurves_obj_inc.Dep
