+M Blend:pubinclude:Blend_Walking_1.gxx /misc/dn61/LocalWOK/wok_entities/LOC/dev/CR671-FINAL1-CR671-FINAL1-occt/inc/Blend_Walking_1.gxx
+M Blend:pubinclude:Blend_Walking_2.gxx /misc/dn61/LocalWOK/wok_entities/LOC/dev/CR671-FINAL1-CR671-FINAL1-occt/inc/Blend_Walking_2.gxx
+M Blend:pubinclude:Blend_Walking_3.gxx /misc/dn61/LocalWOK/wok_entities/LOC/dev/CR671-FINAL1-CR671-FINAL1-occt/inc/Blend_Walking_3.gxx
+M Blend:pubinclude:Blend_Walking_4.gxx /misc/dn61/LocalWOK/wok_entities/LOC/dev/CR671-FINAL1-CR671-FINAL1-occt/inc/Blend_Walking_4.gxx
+M Blend:pubinclude:Blend_CSWalking_1.gxx /misc/dn61/LocalWOK/wok_entities/LOC/dev/CR671-FINAL1-CR671-FINAL1-occt/inc/Blend_CSWalking_1.gxx
+M Blend:pubinclude:Blend_CSWalking_2.gxx /misc/dn61/LocalWOK/wok_entities/LOC/dev/CR671-FINAL1-CR671-FINAL1-occt/inc/Blend_CSWalking_2.gxx
+M Blend:pubinclude:Blend_CSWalking_3.gxx /misc/dn61/LocalWOK/wok_entities/LOC/dev/CR671-FINAL1-CR671-FINAL1-occt/inc/Blend_CSWalking_3.gxx
+M Blend:pubinclude:Blend_CSWalking_4.gxx /misc/dn61/LocalWOK/wok_entities/LOC/dev/CR671-FINAL1-CR671-FINAL1-occt/inc/Blend_CSWalking_4.gxx
+M Blend:pubinclude:Blend_Iterator.gxx /misc/dn61/LocalWOK/wok_entities/LOC/dev/CR671-FINAL1-CR671-FINAL1-occt/inc/Blend_Iterator.gxx
+M Blend:pubinclude:Blend_Point.lxx /misc/dn61/LocalWOK/wok_entities/LOC/dev/CR671-FINAL1-CR671-FINAL1-occt/inc/Blend_Point.lxx
+M Blend:pubinclude:Blend_Extremity.gxx /misc/dn61/LocalWOK/wok_entities/LOC/dev/CR671-FINAL1-CR671-FINAL1-occt/inc/Blend_Extremity.gxx
+M Blend:pubinclude:Blend_Extremity.lxx /misc/dn61/LocalWOK/wok_entities/LOC/dev/CR671-FINAL1-CR671-FINAL1-occt/inc/Blend_Extremity.lxx
+M Blend:pubinclude:Blend_PointOnRst.gxx /misc/dn61/LocalWOK/wok_entities/LOC/dev/CR671-FINAL1-CR671-FINAL1-occt/inc/Blend_PointOnRst.gxx
+M Blend:pubinclude:Blend_PointOnRst.lxx /misc/dn61/LocalWOK/wok_entities/LOC/dev/CR671-FINAL1-CR671-FINAL1-occt/inc/Blend_PointOnRst.lxx
+M Blend:pubinclude:Blend_Line.gxx /misc/dn61/LocalWOK/wok_entities/LOC/dev/CR671-FINAL1-CR671-FINAL1-occt/inc/Blend_Line.gxx
+M Blend:pubinclude:Blend_Line.lxx /misc/dn61/LocalWOK/wok_entities/LOC/dev/CR671-FINAL1-CR671-FINAL1-occt/inc/Blend_Line.lxx
+M Blend:pubinclude:Blend_Walking.gxx /misc/dn61/LocalWOK/wok_entities/LOC/dev/CR671-FINAL1-CR671-FINAL1-occt/inc/Blend_Walking.gxx
+M Blend:pubinclude:Blend_Walking.lxx /misc/dn61/LocalWOK/wok_entities/LOC/dev/CR671-FINAL1-CR671-FINAL1-occt/inc/Blend_Walking.lxx
+M Blend:pubinclude:Blend_CSWalking.gxx /misc/dn61/LocalWOK/wok_entities/LOC/dev/CR671-FINAL1-CR671-FINAL1-occt/inc/Blend_CSWalking.gxx
+M Blend:pubinclude:Blend_CSWalking.lxx /misc/dn61/LocalWOK/wok_entities/LOC/dev/CR671-FINAL1-CR671-FINAL1-occt/inc/Blend_CSWalking.lxx
+M Blend:dbadmfile:Blend_obj_inc.In /misc/dn61/LocalWOK/wok_entities/LOC/dev/CR671-FINAL1-CR671-FINAL1-occt/drv/Blend/.adm/Blend_obj_inc.In
+M Blend:dbadmfile:Blend_obj_inc.Out /misc/dn61/LocalWOK/wok_entities/LOC/dev/CR671-FINAL1-CR671-FINAL1-occt/drv/Blend/.adm/Blend_obj_inc.Out
+M Blend:dbadmfile:Blend_obj_inc.Dep /misc/dn61/LocalWOK/wok_entities/LOC/dev/CR671-FINAL1-CR671-FINAL1-occt/drv/Blend/.adm/Blend_obj_inc.Dep
