+M GraphTools:pubinclude:GraphTools_ListOfSequenceOfInteger.hxx /misc/dn61/LocalWOK/wok_entities/LOC/dev/CR671-FINAL1-CR671-FINAL1-occt/inc/GraphTools_ListOfSequenceOfInteger.hxx
+M GraphTools:derivated:GraphTools_ListOfSequenceOfInteger_0.cxx /misc/dn61/LocalWOK/wok_entities/LOC/dev/CR671-FINAL1-CR671-FINAL1-occt/drv/GraphTools/GraphTools_ListOfSequenceOfInteger_0.cxx
+M GraphTools:pubinclude:GraphTools_TSNode.hxx /misc/dn61/LocalWOK/wok_entities/LOC/dev/CR671-FINAL1-CR671-FINAL1-occt/inc/GraphTools_TSNode.hxx
+M GraphTools:privinclude:GraphTools_TSNode.jxx /misc/dn61/LocalWOK/wok_entities/LOC/dev/CR671-FINAL1-CR671-FINAL1-occt/drv/GraphTools/GraphTools_TSNode.jxx
+M GraphTools:privinclude:GraphTools_TSNode.ixx /misc/dn61/LocalWOK/wok_entities/LOC/dev/CR671-FINAL1-CR671-FINAL1-occt/drv/GraphTools/GraphTools_TSNode.ixx
+M GraphTools:pubinclude:GraphTools_RGNode.hxx /misc/dn61/LocalWOK/wok_entities/LOC/dev/CR671-FINAL1-CR671-FINAL1-occt/inc/GraphTools_RGNode.hxx
+M GraphTools:privinclude:GraphTools_RGNode.jxx /misc/dn61/LocalWOK/wok_entities/LOC/dev/CR671-FINAL1-CR671-FINAL1-occt/drv/GraphTools/GraphTools_RGNode.jxx
+M GraphTools:privinclude:GraphTools_RGNode.ixx /misc/dn61/LocalWOK/wok_entities/LOC/dev/CR671-FINAL1-CR671-FINAL1-occt/drv/GraphTools/GraphTools_RGNode.ixx
+M GraphTools:pubinclude:Handle_GraphTools_SC.hxx /misc/dn61/LocalWOK/wok_entities/LOC/dev/CR671-FINAL1-CR671-FINAL1-occt/inc/Handle_GraphTools_SC.hxx
+M GraphTools:pubinclude:GraphTools_SC.hxx /misc/dn61/LocalWOK/wok_entities/LOC/dev/CR671-FINAL1-CR671-FINAL1-occt/inc/GraphTools_SC.hxx
+M GraphTools:privinclude:GraphTools_SC.jxx /misc/dn61/LocalWOK/wok_entities/LOC/dev/CR671-FINAL1-CR671-FINAL1-occt/drv/GraphTools/GraphTools_SC.jxx
+M GraphTools:privinclude:GraphTools_SC.ixx /misc/dn61/LocalWOK/wok_entities/LOC/dev/CR671-FINAL1-CR671-FINAL1-occt/drv/GraphTools/GraphTools_SC.ixx
+M GraphTools:pubinclude:GraphTools_SCList.hxx /misc/dn61/LocalWOK/wok_entities/LOC/dev/CR671-FINAL1-CR671-FINAL1-occt/inc/GraphTools_SCList.hxx
+M GraphTools:derivated:GraphTools_SCList_0.cxx /misc/dn61/LocalWOK/wok_entities/LOC/dev/CR671-FINAL1-CR671-FINAL1-occt/drv/GraphTools/GraphTools_SCList_0.cxx
+M GraphTools:pubinclude:Handle_GraphTools_ListNodeOfListOfSequenceOfInteger.hxx /misc/dn61/LocalWOK/wok_entities/LOC/dev/CR671-FINAL1-CR671-FINAL1-occt/inc/Handle_GraphTools_ListNodeOfListOfSequenceOfInteger.hxx
+M GraphTools:pubinclude:GraphTools_ListNodeOfListOfSequenceOfInteger.hxx /misc/dn61/LocalWOK/wok_entities/LOC/dev/CR671-FINAL1-CR671-FINAL1-occt/inc/GraphTools_ListNodeOfListOfSequenceOfInteger.hxx
+M GraphTools:derivated:GraphTools_ListNodeOfListOfSequenceOfInteger_0.cxx /misc/dn61/LocalWOK/wok_entities/LOC/dev/CR671-FINAL1-CR671-FINAL1-occt/drv/GraphTools/GraphTools_ListNodeOfListOfSequenceOfInteger_0.cxx
+M GraphTools:pubinclude:GraphTools_ListIteratorOfListOfSequenceOfInteger.hxx /misc/dn61/LocalWOK/wok_entities/LOC/dev/CR671-FINAL1-CR671-FINAL1-occt/inc/GraphTools_ListIteratorOfListOfSequenceOfInteger.hxx
+M GraphTools:derivated:GraphTools_ListIteratorOfListOfSequenceOfInteger_0.cxx /misc/dn61/LocalWOK/wok_entities/LOC/dev/CR671-FINAL1-CR671-FINAL1-occt/drv/GraphTools/GraphTools_ListIteratorOfListOfSequenceOfInteger_0.cxx
+M GraphTools:pubinclude:Handle_GraphTools_ListNodeOfSCList.hxx /misc/dn61/LocalWOK/wok_entities/LOC/dev/CR671-FINAL1-CR671-FINAL1-occt/inc/Handle_GraphTools_ListNodeOfSCList.hxx
+M GraphTools:pubinclude:GraphTools_ListNodeOfSCList.hxx /misc/dn61/LocalWOK/wok_entities/LOC/dev/CR671-FINAL1-CR671-FINAL1-occt/inc/GraphTools_ListNodeOfSCList.hxx
+M GraphTools:derivated:GraphTools_ListNodeOfSCList_0.cxx /misc/dn61/LocalWOK/wok_entities/LOC/dev/CR671-FINAL1-CR671-FINAL1-occt/drv/GraphTools/GraphTools_ListNodeOfSCList_0.cxx
+M GraphTools:pubinclude:GraphTools_ListIteratorOfSCList.hxx /misc/dn61/LocalWOK/wok_entities/LOC/dev/CR671-FINAL1-CR671-FINAL1-occt/inc/GraphTools_ListIteratorOfSCList.hxx
+M GraphTools:derivated:GraphTools_ListIteratorOfSCList_0.cxx /misc/dn61/LocalWOK/wok_entities/LOC/dev/CR671-FINAL1-CR671-FINAL1-occt/drv/GraphTools/GraphTools_ListIteratorOfSCList_0.cxx
+M GraphTools:dbadmfile:GraphTools_xcpp_header.In /misc/dn61/LocalWOK/wok_entities/LOC/dev/CR671-FINAL1-CR671-FINAL1-occt/drv/GraphTools/.adm/GraphTools_xcpp_header.In
+M GraphTools:dbadmfile:GraphTools_xcpp_header.Out /misc/dn61/LocalWOK/wok_entities/LOC/dev/CR671-FINAL1-CR671-FINAL1-occt/drv/GraphTools/.adm/GraphTools_xcpp_header.Out
+M GraphTools:dbadmfile:GraphTools_xcpp_header.Dep /misc/dn61/LocalWOK/wok_entities/LOC/dev/CR671-FINAL1-CR671-FINAL1-occt/drv/GraphTools/.adm/GraphTools_xcpp_header.Dep
