+M SelectMgr:pubinclude:Handle_SelectMgr_SelectableObject.hxx /misc/dn61/LocalWOK/wok_entities/LOC/dev/CR671-FINAL1-CR671-FINAL1-occt/inc/Handle_SelectMgr_SelectableObject.hxx
+M SelectMgr:pubinclude:SelectMgr_SelectableObject.hxx /misc/dn61/LocalWOK/wok_entities/LOC/dev/CR671-FINAL1-CR671-FINAL1-occt/inc/SelectMgr_SelectableObject.hxx
+M SelectMgr:privinclude:SelectMgr_SelectableObject.jxx /misc/dn61/LocalWOK/wok_entities/LOC/dev/CR671-FINAL1-CR671-FINAL1-occt/drv/SelectMgr/SelectMgr_SelectableObject.jxx
+M SelectMgr:privinclude:SelectMgr_SelectableObject.ixx /misc/dn61/LocalWOK/wok_entities/LOC/dev/CR671-FINAL1-CR671-FINAL1-occt/drv/SelectMgr/SelectMgr_SelectableObject.ixx
+M SelectMgr:pubinclude:Handle_SelectMgr_ViewerSelector.hxx /misc/dn61/LocalWOK/wok_entities/LOC/dev/CR671-FINAL1-CR671-FINAL1-occt/inc/Handle_SelectMgr_ViewerSelector.hxx
+M SelectMgr:pubinclude:SelectMgr_ViewerSelector.hxx /misc/dn61/LocalWOK/wok_entities/LOC/dev/CR671-FINAL1-CR671-FINAL1-occt/inc/SelectMgr_ViewerSelector.hxx
+M SelectMgr:privinclude:SelectMgr_ViewerSelector.jxx /misc/dn61/LocalWOK/wok_entities/LOC/dev/CR671-FINAL1-CR671-FINAL1-occt/drv/SelectMgr/SelectMgr_ViewerSelector.jxx
+M SelectMgr:privinclude:SelectMgr_ViewerSelector.ixx /misc/dn61/LocalWOK/wok_entities/LOC/dev/CR671-FINAL1-CR671-FINAL1-occt/drv/SelectMgr/SelectMgr_ViewerSelector.ixx
+M SelectMgr:pubinclude:Handle_SelectMgr_Filter.hxx /misc/dn61/LocalWOK/wok_entities/LOC/dev/CR671-FINAL1-CR671-FINAL1-occt/inc/Handle_SelectMgr_Filter.hxx
+M SelectMgr:pubinclude:SelectMgr_Filter.hxx /misc/dn61/LocalWOK/wok_entities/LOC/dev/CR671-FINAL1-CR671-FINAL1-occt/inc/SelectMgr_Filter.hxx
+M SelectMgr:privinclude:SelectMgr_Filter.jxx /misc/dn61/LocalWOK/wok_entities/LOC/dev/CR671-FINAL1-CR671-FINAL1-occt/drv/SelectMgr/SelectMgr_Filter.jxx
+M SelectMgr:privinclude:SelectMgr_Filter.ixx /misc/dn61/LocalWOK/wok_entities/LOC/dev/CR671-FINAL1-CR671-FINAL1-occt/drv/SelectMgr/SelectMgr_Filter.ixx
+M SelectMgr:pubinclude:Handle_SelectMgr_CompositionFilter.hxx /misc/dn61/LocalWOK/wok_entities/LOC/dev/CR671-FINAL1-CR671-FINAL1-occt/inc/Handle_SelectMgr_CompositionFilter.hxx
+M SelectMgr:pubinclude:SelectMgr_CompositionFilter.hxx /misc/dn61/LocalWOK/wok_entities/LOC/dev/CR671-FINAL1-CR671-FINAL1-occt/inc/SelectMgr_CompositionFilter.hxx
+M SelectMgr:privinclude:SelectMgr_CompositionFilter.jxx /misc/dn61/LocalWOK/wok_entities/LOC/dev/CR671-FINAL1-CR671-FINAL1-occt/drv/SelectMgr/SelectMgr_CompositionFilter.jxx
+M SelectMgr:privinclude:SelectMgr_CompositionFilter.ixx /misc/dn61/LocalWOK/wok_entities/LOC/dev/CR671-FINAL1-CR671-FINAL1-occt/drv/SelectMgr/SelectMgr_CompositionFilter.ixx
+M SelectMgr:pubinclude:Handle_SelectMgr_AndFilter.hxx /misc/dn61/LocalWOK/wok_entities/LOC/dev/CR671-FINAL1-CR671-FINAL1-occt/inc/Handle_SelectMgr_AndFilter.hxx
+M SelectMgr:pubinclude:SelectMgr_AndFilter.hxx /misc/dn61/LocalWOK/wok_entities/LOC/dev/CR671-FINAL1-CR671-FINAL1-occt/inc/SelectMgr_AndFilter.hxx
+M SelectMgr:privinclude:SelectMgr_AndFilter.jxx /misc/dn61/LocalWOK/wok_entities/LOC/dev/CR671-FINAL1-CR671-FINAL1-occt/drv/SelectMgr/SelectMgr_AndFilter.jxx
+M SelectMgr:privinclude:SelectMgr_AndFilter.ixx /misc/dn61/LocalWOK/wok_entities/LOC/dev/CR671-FINAL1-CR671-FINAL1-occt/drv/SelectMgr/SelectMgr_AndFilter.ixx
+M SelectMgr:pubinclude:Handle_SelectMgr_OrFilter.hxx /misc/dn61/LocalWOK/wok_entities/LOC/dev/CR671-FINAL1-CR671-FINAL1-occt/inc/Handle_SelectMgr_OrFilter.hxx
+M SelectMgr:pubinclude:SelectMgr_OrFilter.hxx /misc/dn61/LocalWOK/wok_entities/LOC/dev/CR671-FINAL1-CR671-FINAL1-occt/inc/SelectMgr_OrFilter.hxx
+M SelectMgr:privinclude:SelectMgr_OrFilter.jxx /misc/dn61/LocalWOK/wok_entities/LOC/dev/CR671-FINAL1-CR671-FINAL1-occt/drv/SelectMgr/SelectMgr_OrFilter.jxx
+M SelectMgr:privinclude:SelectMgr_OrFilter.ixx /misc/dn61/LocalWOK/wok_entities/LOC/dev/CR671-FINAL1-CR671-FINAL1-occt/drv/SelectMgr/SelectMgr_OrFilter.ixx
+M SelectMgr:pubinclude:Handle_SelectMgr_EntityOwner.hxx /misc/dn61/LocalWOK/wok_entities/LOC/dev/CR671-FINAL1-CR671-FINAL1-occt/inc/Handle_SelectMgr_EntityOwner.hxx
+M SelectMgr:pubinclude:SelectMgr_EntityOwner.hxx /misc/dn61/LocalWOK/wok_entities/LOC/dev/CR671-FINAL1-CR671-FINAL1-occt/inc/SelectMgr_EntityOwner.hxx
+M SelectMgr:privinclude:SelectMgr_EntityOwner.jxx /misc/dn61/LocalWOK/wok_entities/LOC/dev/CR671-FINAL1-CR671-FINAL1-occt/drv/SelectMgr/SelectMgr_EntityOwner.jxx
+M SelectMgr:privinclude:SelectMgr_EntityOwner.ixx /misc/dn61/LocalWOK/wok_entities/LOC/dev/CR671-FINAL1-CR671-FINAL1-occt/drv/SelectMgr/SelectMgr_EntityOwner.ixx
+M SelectMgr:pubinclude:Handle_SelectMgr_Selection.hxx /misc/dn61/LocalWOK/wok_entities/LOC/dev/CR671-FINAL1-CR671-FINAL1-occt/inc/Handle_SelectMgr_Selection.hxx
+M SelectMgr:pubinclude:SelectMgr_Selection.hxx /misc/dn61/LocalWOK/wok_entities/LOC/dev/CR671-FINAL1-CR671-FINAL1-occt/inc/SelectMgr_Selection.hxx
+M SelectMgr:privinclude:SelectMgr_Selection.jxx /misc/dn61/LocalWOK/wok_entities/LOC/dev/CR671-FINAL1-CR671-FINAL1-occt/drv/SelectMgr/SelectMgr_Selection.jxx
+M SelectMgr:privinclude:SelectMgr_Selection.ixx /misc/dn61/LocalWOK/wok_entities/LOC/dev/CR671-FINAL1-CR671-FINAL1-occt/drv/SelectMgr/SelectMgr_Selection.ixx
+M SelectMgr:pubinclude:Handle_SelectMgr_SelectionManager.hxx /misc/dn61/LocalWOK/wok_entities/LOC/dev/CR671-FINAL1-CR671-FINAL1-occt/inc/Handle_SelectMgr_SelectionManager.hxx
+M SelectMgr:pubinclude:SelectMgr_SelectionManager.hxx /misc/dn61/LocalWOK/wok_entities/LOC/dev/CR671-FINAL1-CR671-FINAL1-occt/inc/SelectMgr_SelectionManager.hxx
+M SelectMgr:privinclude:SelectMgr_SelectionManager.jxx /misc/dn61/LocalWOK/wok_entities/LOC/dev/CR671-FINAL1-CR671-FINAL1-occt/drv/SelectMgr/SelectMgr_SelectionManager.jxx
+M SelectMgr:privinclude:SelectMgr_SelectionManager.ixx /misc/dn61/LocalWOK/wok_entities/LOC/dev/CR671-FINAL1-CR671-FINAL1-occt/drv/SelectMgr/SelectMgr_SelectionManager.ixx
+M SelectMgr:pubinclude:SelectMgr_SequenceOfFilter.hxx /misc/dn61/LocalWOK/wok_entities/LOC/dev/CR671-FINAL1-CR671-FINAL1-occt/inc/SelectMgr_SequenceOfFilter.hxx
+M SelectMgr:derivated:SelectMgr_SequenceOfFilter_0.cxx /misc/dn61/LocalWOK/wok_entities/LOC/dev/CR671-FINAL1-CR671-FINAL1-occt/drv/SelectMgr/SelectMgr_SequenceOfFilter_0.cxx
+M SelectMgr:pubinclude:SelectMgr_ListOfFilter.hxx /misc/dn61/LocalWOK/wok_entities/LOC/dev/CR671-FINAL1-CR671-FINAL1-occt/inc/SelectMgr_ListOfFilter.hxx
+M SelectMgr:derivated:SelectMgr_ListOfFilter_0.cxx /misc/dn61/LocalWOK/wok_entities/LOC/dev/CR671-FINAL1-CR671-FINAL1-occt/drv/SelectMgr/SelectMgr_ListOfFilter_0.cxx
+M SelectMgr:pubinclude:SelectMgr_SequenceOfOwner.hxx /misc/dn61/LocalWOK/wok_entities/LOC/dev/CR671-FINAL1-CR671-FINAL1-occt/inc/SelectMgr_SequenceOfOwner.hxx
+M SelectMgr:derivated:SelectMgr_SequenceOfOwner_0.cxx /misc/dn61/LocalWOK/wok_entities/LOC/dev/CR671-FINAL1-CR671-FINAL1-occt/drv/SelectMgr/SelectMgr_SequenceOfOwner_0.cxx
+M SelectMgr:pubinclude:SelectMgr_IndexedMapOfOwner.hxx /misc/dn61/LocalWOK/wok_entities/LOC/dev/CR671-FINAL1-CR671-FINAL1-occt/inc/SelectMgr_IndexedMapOfOwner.hxx
+M SelectMgr:derivated:SelectMgr_IndexedMapOfOwner_0.cxx /misc/dn61/LocalWOK/wok_entities/LOC/dev/CR671-FINAL1-CR671-FINAL1-occt/drv/SelectMgr/SelectMgr_IndexedMapOfOwner_0.cxx
+M SelectMgr:pubinclude:SelectMgr_DataMapOfIntegerSensitive.hxx /misc/dn61/LocalWOK/wok_entities/LOC/dev/CR671-FINAL1-CR671-FINAL1-occt/inc/SelectMgr_DataMapOfIntegerSensitive.hxx
+M SelectMgr:derivated:SelectMgr_DataMapOfIntegerSensitive_0.cxx /misc/dn61/LocalWOK/wok_entities/LOC/dev/CR671-FINAL1-CR671-FINAL1-occt/drv/SelectMgr/SelectMgr_DataMapOfIntegerSensitive_0.cxx
+M SelectMgr:pubinclude:SelectMgr_SequenceOfSelector.hxx /misc/dn61/LocalWOK/wok_entities/LOC/dev/CR671-FINAL1-CR671-FINAL1-occt/inc/SelectMgr_SequenceOfSelector.hxx
+M SelectMgr:derivated:SelectMgr_SequenceOfSelector_0.cxx /misc/dn61/LocalWOK/wok_entities/LOC/dev/CR671-FINAL1-CR671-FINAL1-occt/drv/SelectMgr/SelectMgr_SequenceOfSelector_0.cxx
+M SelectMgr:pubinclude:SelectMgr_SequenceOfSelection.hxx /misc/dn61/LocalWOK/wok_entities/LOC/dev/CR671-FINAL1-CR671-FINAL1-occt/inc/SelectMgr_SequenceOfSelection.hxx
+M SelectMgr:derivated:SelectMgr_SequenceOfSelection_0.cxx /misc/dn61/LocalWOK/wok_entities/LOC/dev/CR671-FINAL1-CR671-FINAL1-occt/drv/SelectMgr/SelectMgr_SequenceOfSelection_0.cxx
+M SelectMgr:pubinclude:SelectMgr_DataMapOfSelectionActivation.hxx /misc/dn61/LocalWOK/wok_entities/LOC/dev/CR671-FINAL1-CR671-FINAL1-occt/inc/SelectMgr_DataMapOfSelectionActivation.hxx
+M SelectMgr:derivated:SelectMgr_DataMapOfSelectionActivation_0.cxx /misc/dn61/LocalWOK/wok_entities/LOC/dev/CR671-FINAL1-CR671-FINAL1-occt/drv/SelectMgr/SelectMgr_DataMapOfSelectionActivation_0.cxx
+M SelectMgr:pubinclude:SelectMgr_DataMapOfObjectSelectors.hxx /misc/dn61/LocalWOK/wok_entities/LOC/dev/CR671-FINAL1-CR671-FINAL1-occt/inc/SelectMgr_DataMapOfObjectSelectors.hxx
+M SelectMgr:derivated:SelectMgr_DataMapOfObjectSelectors_0.cxx /misc/dn61/LocalWOK/wok_entities/LOC/dev/CR671-FINAL1-CR671-FINAL1-occt/drv/SelectMgr/SelectMgr_DataMapOfObjectSelectors_0.cxx
+M SelectMgr:pubinclude:SelectMgr_IndexedDataMapOfOwnerCriterion.hxx /misc/dn61/LocalWOK/wok_entities/LOC/dev/CR671-FINAL1-CR671-FINAL1-occt/inc/SelectMgr_IndexedDataMapOfOwnerCriterion.hxx
+M SelectMgr:derivated:SelectMgr_IndexedDataMapOfOwnerCriterion_0.cxx /misc/dn61/LocalWOK/wok_entities/LOC/dev/CR671-FINAL1-CR671-FINAL1-occt/drv/SelectMgr/SelectMgr_IndexedDataMapOfOwnerCriterion_0.cxx
+M SelectMgr:pubinclude:SelectMgr_SortCriterion.hxx /misc/dn61/LocalWOK/wok_entities/LOC/dev/CR671-FINAL1-CR671-FINAL1-occt/inc/SelectMgr_SortCriterion.hxx
+M SelectMgr:privinclude:SelectMgr_SortCriterion.jxx /misc/dn61/LocalWOK/wok_entities/LOC/dev/CR671-FINAL1-CR671-FINAL1-occt/drv/SelectMgr/SelectMgr_SortCriterion.jxx
+M SelectMgr:privinclude:SelectMgr_SortCriterion.ixx /misc/dn61/LocalWOK/wok_entities/LOC/dev/CR671-FINAL1-CR671-FINAL1-occt/drv/SelectMgr/SelectMgr_SortCriterion.ixx
+M SelectMgr:pubinclude:Handle_SelectMgr_SequenceNodeOfSequenceOfFilter.hxx /misc/dn61/LocalWOK/wok_entities/LOC/dev/CR671-FINAL1-CR671-FINAL1-occt/inc/Handle_SelectMgr_SequenceNodeOfSequenceOfFilter.hxx
+M SelectMgr:pubinclude:SelectMgr_SequenceNodeOfSequenceOfFilter.hxx /misc/dn61/LocalWOK/wok_entities/LOC/dev/CR671-FINAL1-CR671-FINAL1-occt/inc/SelectMgr_SequenceNodeOfSequenceOfFilter.hxx
+M SelectMgr:derivated:SelectMgr_SequenceNodeOfSequenceOfFilter_0.cxx /misc/dn61/LocalWOK/wok_entities/LOC/dev/CR671-FINAL1-CR671-FINAL1-occt/drv/SelectMgr/SelectMgr_SequenceNodeOfSequenceOfFilter_0.cxx
+M SelectMgr:pubinclude:Handle_SelectMgr_ListNodeOfListOfFilter.hxx /misc/dn61/LocalWOK/wok_entities/LOC/dev/CR671-FINAL1-CR671-FINAL1-occt/inc/Handle_SelectMgr_ListNodeOfListOfFilter.hxx
+M SelectMgr:pubinclude:SelectMgr_ListNodeOfListOfFilter.hxx /misc/dn61/LocalWOK/wok_entities/LOC/dev/CR671-FINAL1-CR671-FINAL1-occt/inc/SelectMgr_ListNodeOfListOfFilter.hxx
+M SelectMgr:derivated:SelectMgr_ListNodeOfListOfFilter_0.cxx /misc/dn61/LocalWOK/wok_entities/LOC/dev/CR671-FINAL1-CR671-FINAL1-occt/drv/SelectMgr/SelectMgr_ListNodeOfListOfFilter_0.cxx
+M SelectMgr:pubinclude:SelectMgr_ListIteratorOfListOfFilter.hxx /misc/dn61/LocalWOK/wok_entities/LOC/dev/CR671-FINAL1-CR671-FINAL1-occt/inc/SelectMgr_ListIteratorOfListOfFilter.hxx
+M SelectMgr:derivated:SelectMgr_ListIteratorOfListOfFilter_0.cxx /misc/dn61/LocalWOK/wok_entities/LOC/dev/CR671-FINAL1-CR671-FINAL1-occt/drv/SelectMgr/SelectMgr_ListIteratorOfListOfFilter_0.cxx
+M SelectMgr:pubinclude:Handle_SelectMgr_SequenceNodeOfSequenceOfOwner.hxx /misc/dn61/LocalWOK/wok_entities/LOC/dev/CR671-FINAL1-CR671-FINAL1-occt/inc/Handle_SelectMgr_SequenceNodeOfSequenceOfOwner.hxx
+M SelectMgr:pubinclude:SelectMgr_SequenceNodeOfSequenceOfOwner.hxx /misc/dn61/LocalWOK/wok_entities/LOC/dev/CR671-FINAL1-CR671-FINAL1-occt/inc/SelectMgr_SequenceNodeOfSequenceOfOwner.hxx
+M SelectMgr:derivated:SelectMgr_SequenceNodeOfSequenceOfOwner_0.cxx /misc/dn61/LocalWOK/wok_entities/LOC/dev/CR671-FINAL1-CR671-FINAL1-occt/drv/SelectMgr/SelectMgr_SequenceNodeOfSequenceOfOwner_0.cxx
+M SelectMgr:pubinclude:Handle_SelectMgr_IndexedMapNodeOfIndexedMapOfOwner.hxx /misc/dn61/LocalWOK/wok_entities/LOC/dev/CR671-FINAL1-CR671-FINAL1-occt/inc/Handle_SelectMgr_IndexedMapNodeOfIndexedMapOfOwner.hxx
+M SelectMgr:pubinclude:SelectMgr_IndexedMapNodeOfIndexedMapOfOwner.hxx /misc/dn61/LocalWOK/wok_entities/LOC/dev/CR671-FINAL1-CR671-FINAL1-occt/inc/SelectMgr_IndexedMapNodeOfIndexedMapOfOwner.hxx
+M SelectMgr:derivated:SelectMgr_IndexedMapNodeOfIndexedMapOfOwner_0.cxx /misc/dn61/LocalWOK/wok_entities/LOC/dev/CR671-FINAL1-CR671-FINAL1-occt/drv/SelectMgr/SelectMgr_IndexedMapNodeOfIndexedMapOfOwner_0.cxx
+M SelectMgr:pubinclude:Handle_SelectMgr_DataMapNodeOfDataMapOfIntegerSensitive.hxx /misc/dn61/LocalWOK/wok_entities/LOC/dev/CR671-FINAL1-CR671-FINAL1-occt/inc/Handle_SelectMgr_DataMapNodeOfDataMapOfIntegerSensitive.hxx
+M SelectMgr:pubinclude:SelectMgr_DataMapNodeOfDataMapOfIntegerSensitive.hxx /misc/dn61/LocalWOK/wok_entities/LOC/dev/CR671-FINAL1-CR671-FINAL1-occt/inc/SelectMgr_DataMapNodeOfDataMapOfIntegerSensitive.hxx
+M SelectMgr:derivated:SelectMgr_DataMapNodeOfDataMapOfIntegerSensitive_0.cxx /misc/dn61/LocalWOK/wok_entities/LOC/dev/CR671-FINAL1-CR671-FINAL1-occt/drv/SelectMgr/SelectMgr_DataMapNodeOfDataMapOfIntegerSensitive_0.cxx
+M SelectMgr:pubinclude:SelectMgr_DataMapIteratorOfDataMapOfIntegerSensitive.hxx /misc/dn61/LocalWOK/wok_entities/LOC/dev/CR671-FINAL1-CR671-FINAL1-occt/inc/SelectMgr_DataMapIteratorOfDataMapOfIntegerSensitive.hxx
+M SelectMgr:derivated:SelectMgr_DataMapIteratorOfDataMapOfIntegerSensitive_0.cxx /misc/dn61/LocalWOK/wok_entities/LOC/dev/CR671-FINAL1-CR671-FINAL1-occt/drv/SelectMgr/SelectMgr_DataMapIteratorOfDataMapOfIntegerSensitive_0.cxx
+M SelectMgr:pubinclude:Handle_SelectMgr_SequenceNodeOfSequenceOfSelector.hxx /misc/dn61/LocalWOK/wok_entities/LOC/dev/CR671-FINAL1-CR671-FINAL1-occt/inc/Handle_SelectMgr_SequenceNodeOfSequenceOfSelector.hxx
+M SelectMgr:pubinclude:SelectMgr_SequenceNodeOfSequenceOfSelector.hxx /misc/dn61/LocalWOK/wok_entities/LOC/dev/CR671-FINAL1-CR671-FINAL1-occt/inc/SelectMgr_SequenceNodeOfSequenceOfSelector.hxx
+M SelectMgr:derivated:SelectMgr_SequenceNodeOfSequenceOfSelector_0.cxx /misc/dn61/LocalWOK/wok_entities/LOC/dev/CR671-FINAL1-CR671-FINAL1-occt/drv/SelectMgr/SelectMgr_SequenceNodeOfSequenceOfSelector_0.cxx
+M SelectMgr:pubinclude:Handle_SelectMgr_SequenceNodeOfSequenceOfSelection.hxx /misc/dn61/LocalWOK/wok_entities/LOC/dev/CR671-FINAL1-CR671-FINAL1-occt/inc/Handle_SelectMgr_SequenceNodeOfSequenceOfSelection.hxx
+M SelectMgr:pubinclude:SelectMgr_SequenceNodeOfSequenceOfSelection.hxx /misc/dn61/LocalWOK/wok_entities/LOC/dev/CR671-FINAL1-CR671-FINAL1-occt/inc/SelectMgr_SequenceNodeOfSequenceOfSelection.hxx
+M SelectMgr:derivated:SelectMgr_SequenceNodeOfSequenceOfSelection_0.cxx /misc/dn61/LocalWOK/wok_entities/LOC/dev/CR671-FINAL1-CR671-FINAL1-occt/drv/SelectMgr/SelectMgr_SequenceNodeOfSequenceOfSelection_0.cxx
+M SelectMgr:pubinclude:Handle_SelectMgr_DataMapNodeOfDataMapOfSelectionActivation.hxx /misc/dn61/LocalWOK/wok_entities/LOC/dev/CR671-FINAL1-CR671-FINAL1-occt/inc/Handle_SelectMgr_DataMapNodeOfDataMapOfSelectionActivation.hxx
+M SelectMgr:pubinclude:SelectMgr_DataMapNodeOfDataMapOfSelectionActivation.hxx /misc/dn61/LocalWOK/wok_entities/LOC/dev/CR671-FINAL1-CR671-FINAL1-occt/inc/SelectMgr_DataMapNodeOfDataMapOfSelectionActivation.hxx
+M SelectMgr:derivated:SelectMgr_DataMapNodeOfDataMapOfSelectionActivation_0.cxx /misc/dn61/LocalWOK/wok_entities/LOC/dev/CR671-FINAL1-CR671-FINAL1-occt/drv/SelectMgr/SelectMgr_DataMapNodeOfDataMapOfSelectionActivation_0.cxx
+M SelectMgr:pubinclude:SelectMgr_DataMapIteratorOfDataMapOfSelectionActivation.hxx /misc/dn61/LocalWOK/wok_entities/LOC/dev/CR671-FINAL1-CR671-FINAL1-occt/inc/SelectMgr_DataMapIteratorOfDataMapOfSelectionActivation.hxx
+M SelectMgr:derivated:SelectMgr_DataMapIteratorOfDataMapOfSelectionActivation_0.cxx /misc/dn61/LocalWOK/wok_entities/LOC/dev/CR671-FINAL1-CR671-FINAL1-occt/drv/SelectMgr/SelectMgr_DataMapIteratorOfDataMapOfSelectionActivation_0.cxx
+M SelectMgr:pubinclude:Handle_SelectMgr_DataMapNodeOfDataMapOfObjectSelectors.hxx /misc/dn61/LocalWOK/wok_entities/LOC/dev/CR671-FINAL1-CR671-FINAL1-occt/inc/Handle_SelectMgr_DataMapNodeOfDataMapOfObjectSelectors.hxx
+M SelectMgr:pubinclude:SelectMgr_DataMapNodeOfDataMapOfObjectSelectors.hxx /misc/dn61/LocalWOK/wok_entities/LOC/dev/CR671-FINAL1-CR671-FINAL1-occt/inc/SelectMgr_DataMapNodeOfDataMapOfObjectSelectors.hxx
+M SelectMgr:derivated:SelectMgr_DataMapNodeOfDataMapOfObjectSelectors_0.cxx /misc/dn61/LocalWOK/wok_entities/LOC/dev/CR671-FINAL1-CR671-FINAL1-occt/drv/SelectMgr/SelectMgr_DataMapNodeOfDataMapOfObjectSelectors_0.cxx
+M SelectMgr:pubinclude:SelectMgr_DataMapIteratorOfDataMapOfObjectSelectors.hxx /misc/dn61/LocalWOK/wok_entities/LOC/dev/CR671-FINAL1-CR671-FINAL1-occt/inc/SelectMgr_DataMapIteratorOfDataMapOfObjectSelectors.hxx
+M SelectMgr:derivated:SelectMgr_DataMapIteratorOfDataMapOfObjectSelectors_0.cxx /misc/dn61/LocalWOK/wok_entities/LOC/dev/CR671-FINAL1-CR671-FINAL1-occt/drv/SelectMgr/SelectMgr_DataMapIteratorOfDataMapOfObjectSelectors_0.cxx
+M SelectMgr:pubinclude:Handle_SelectMgr_IndexedDataMapNodeOfIndexedDataMapOfOwnerCriterion.hxx /misc/dn61/LocalWOK/wok_entities/LOC/dev/CR671-FINAL1-CR671-FINAL1-occt/inc/Handle_SelectMgr_IndexedDataMapNodeOfIndexedDataMapOfOwnerCriterion.hxx
+M SelectMgr:pubinclude:SelectMgr_IndexedDataMapNodeOfIndexedDataMapOfOwnerCriterion.hxx /misc/dn61/LocalWOK/wok_entities/LOC/dev/CR671-FINAL1-CR671-FINAL1-occt/inc/SelectMgr_IndexedDataMapNodeOfIndexedDataMapOfOwnerCriterion.hxx
+M SelectMgr:derivated:SelectMgr_IndexedDataMapNodeOfIndexedDataMapOfOwnerCriterion_0.cxx /misc/dn61/LocalWOK/wok_entities/LOC/dev/CR671-FINAL1-CR671-FINAL1-occt/drv/SelectMgr/SelectMgr_IndexedDataMapNodeOfIndexedDataMapOfOwnerCriterion_0.cxx
+M SelectMgr:pubinclude:SelectMgr_StateOfSelection.hxx /misc/dn61/LocalWOK/wok_entities/LOC/dev/CR671-FINAL1-CR671-FINAL1-occt/inc/SelectMgr_StateOfSelection.hxx
+M SelectMgr:pubinclude:SelectMgr_TypeOfUpdate.hxx /misc/dn61/LocalWOK/wok_entities/LOC/dev/CR671-FINAL1-CR671-FINAL1-occt/inc/SelectMgr_TypeOfUpdate.hxx
+M SelectMgr:pubinclude:SelectMgr_SOPtr.hxx /misc/dn61/LocalWOK/wok_entities/LOC/dev/CR671-FINAL1-CR671-FINAL1-occt/inc/SelectMgr_SOPtr.hxx
+M SelectMgr:dbadmfile:SelectMgr_xcpp_header.In /misc/dn61/LocalWOK/wok_entities/LOC/dev/CR671-FINAL1-CR671-FINAL1-occt/drv/SelectMgr/.adm/SelectMgr_xcpp_header.In
+M SelectMgr:dbadmfile:SelectMgr_xcpp_header.Out /misc/dn61/LocalWOK/wok_entities/LOC/dev/CR671-FINAL1-CR671-FINAL1-occt/drv/SelectMgr/.adm/SelectMgr_xcpp_header.Out
+M SelectMgr:dbadmfile:SelectMgr_xcpp_header.Dep /misc/dn61/LocalWOK/wok_entities/LOC/dev/CR671-FINAL1-CR671-FINAL1-occt/drv/SelectMgr/.adm/SelectMgr_xcpp_header.Dep
