+M PColStd:pubinclude:Handle_PColStd_HSequenceOfInteger.hxx /misc/dn61/LocalWOK/wok_entities/LOC/dev/CR671-FINAL1-CR671-FINAL1-occt/inc/Handle_PColStd_HSequenceOfInteger.hxx
+M PColStd:pubinclude:PColStd_HSequenceOfInteger.hxx /misc/dn61/LocalWOK/wok_entities/LOC/dev/CR671-FINAL1-CR671-FINAL1-occt/inc/PColStd_HSequenceOfInteger.hxx
+M PColStd:derivated:PColStd_HSequenceOfInteger_0.cxx /misc/dn61/LocalWOK/wok_entities/LOC/dev/CR671-FINAL1-CR671-FINAL1-occt/drv/PColStd/PColStd_HSequenceOfInteger_0.cxx
+M PColStd:pubinclude:Handle_PColStd_HSequenceOfReal.hxx /misc/dn61/LocalWOK/wok_entities/LOC/dev/CR671-FINAL1-CR671-FINAL1-occt/inc/Handle_PColStd_HSequenceOfReal.hxx
+M PColStd:pubinclude:PColStd_HSequenceOfReal.hxx /misc/dn61/LocalWOK/wok_entities/LOC/dev/CR671-FINAL1-CR671-FINAL1-occt/inc/PColStd_HSequenceOfReal.hxx
+M PColStd:derivated:PColStd_HSequenceOfReal_0.cxx /misc/dn61/LocalWOK/wok_entities/LOC/dev/CR671-FINAL1-CR671-FINAL1-occt/drv/PColStd/PColStd_HSequenceOfReal_0.cxx
+M PColStd:pubinclude:Handle_PColStd_HSequenceOfPersistent.hxx /misc/dn61/LocalWOK/wok_entities/LOC/dev/CR671-FINAL1-CR671-FINAL1-occt/inc/Handle_PColStd_HSequenceOfPersistent.hxx
+M PColStd:pubinclude:PColStd_HSequenceOfPersistent.hxx /misc/dn61/LocalWOK/wok_entities/LOC/dev/CR671-FINAL1-CR671-FINAL1-occt/inc/PColStd_HSequenceOfPersistent.hxx
+M PColStd:derivated:PColStd_HSequenceOfPersistent_0.cxx /misc/dn61/LocalWOK/wok_entities/LOC/dev/CR671-FINAL1-CR671-FINAL1-occt/drv/PColStd/PColStd_HSequenceOfPersistent_0.cxx
+M PColStd:pubinclude:Handle_PColStd_HSequenceOfHAsciiString.hxx /misc/dn61/LocalWOK/wok_entities/LOC/dev/CR671-FINAL1-CR671-FINAL1-occt/inc/Handle_PColStd_HSequenceOfHAsciiString.hxx
+M PColStd:pubinclude:PColStd_HSequenceOfHAsciiString.hxx /misc/dn61/LocalWOK/wok_entities/LOC/dev/CR671-FINAL1-CR671-FINAL1-occt/inc/PColStd_HSequenceOfHAsciiString.hxx
+M PColStd:derivated:PColStd_HSequenceOfHAsciiString_0.cxx /misc/dn61/LocalWOK/wok_entities/LOC/dev/CR671-FINAL1-CR671-FINAL1-occt/drv/PColStd/PColStd_HSequenceOfHAsciiString_0.cxx
+M PColStd:pubinclude:Handle_PColStd_HSequenceOfHExtendedString.hxx /misc/dn61/LocalWOK/wok_entities/LOC/dev/CR671-FINAL1-CR671-FINAL1-occt/inc/Handle_PColStd_HSequenceOfHExtendedString.hxx
+M PColStd:pubinclude:PColStd_HSequenceOfHExtendedString.hxx /misc/dn61/LocalWOK/wok_entities/LOC/dev/CR671-FINAL1-CR671-FINAL1-occt/inc/PColStd_HSequenceOfHExtendedString.hxx
+M PColStd:derivated:PColStd_HSequenceOfHExtendedString_0.cxx /misc/dn61/LocalWOK/wok_entities/LOC/dev/CR671-FINAL1-CR671-FINAL1-occt/drv/PColStd/PColStd_HSequenceOfHExtendedString_0.cxx
+M PColStd:pubinclude:Handle_PColStd_HSingleListOfInteger.hxx /misc/dn61/LocalWOK/wok_entities/LOC/dev/CR671-FINAL1-CR671-FINAL1-occt/inc/Handle_PColStd_HSingleListOfInteger.hxx
+M PColStd:pubinclude:PColStd_HSingleListOfInteger.hxx /misc/dn61/LocalWOK/wok_entities/LOC/dev/CR671-FINAL1-CR671-FINAL1-occt/inc/PColStd_HSingleListOfInteger.hxx
+M PColStd:derivated:PColStd_HSingleListOfInteger_0.cxx /misc/dn61/LocalWOK/wok_entities/LOC/dev/CR671-FINAL1-CR671-FINAL1-occt/drv/PColStd/PColStd_HSingleListOfInteger_0.cxx
+M PColStd:pubinclude:Handle_PColStd_HSingleListOfReal.hxx /misc/dn61/LocalWOK/wok_entities/LOC/dev/CR671-FINAL1-CR671-FINAL1-occt/inc/Handle_PColStd_HSingleListOfReal.hxx
+M PColStd:pubinclude:PColStd_HSingleListOfReal.hxx /misc/dn61/LocalWOK/wok_entities/LOC/dev/CR671-FINAL1-CR671-FINAL1-occt/inc/PColStd_HSingleListOfReal.hxx
+M PColStd:derivated:PColStd_HSingleListOfReal_0.cxx /misc/dn61/LocalWOK/wok_entities/LOC/dev/CR671-FINAL1-CR671-FINAL1-occt/drv/PColStd/PColStd_HSingleListOfReal_0.cxx
+M PColStd:pubinclude:Handle_PColStd_HSingleListOfPersistent.hxx /misc/dn61/LocalWOK/wok_entities/LOC/dev/CR671-FINAL1-CR671-FINAL1-occt/inc/Handle_PColStd_HSingleListOfPersistent.hxx
+M PColStd:pubinclude:PColStd_HSingleListOfPersistent.hxx /misc/dn61/LocalWOK/wok_entities/LOC/dev/CR671-FINAL1-CR671-FINAL1-occt/inc/PColStd_HSingleListOfPersistent.hxx
+M PColStd:derivated:PColStd_HSingleListOfPersistent_0.cxx /misc/dn61/LocalWOK/wok_entities/LOC/dev/CR671-FINAL1-CR671-FINAL1-occt/drv/PColStd/PColStd_HSingleListOfPersistent_0.cxx
+M PColStd:pubinclude:Handle_PColStd_HDoubleListOfInteger.hxx /misc/dn61/LocalWOK/wok_entities/LOC/dev/CR671-FINAL1-CR671-FINAL1-occt/inc/Handle_PColStd_HDoubleListOfInteger.hxx
+M PColStd:pubinclude:PColStd_HDoubleListOfInteger.hxx /misc/dn61/LocalWOK/wok_entities/LOC/dev/CR671-FINAL1-CR671-FINAL1-occt/inc/PColStd_HDoubleListOfInteger.hxx
+M PColStd:derivated:PColStd_HDoubleListOfInteger_0.cxx /misc/dn61/LocalWOK/wok_entities/LOC/dev/CR671-FINAL1-CR671-FINAL1-occt/drv/PColStd/PColStd_HDoubleListOfInteger_0.cxx
+M PColStd:pubinclude:Handle_PColStd_HDoubleListOfReal.hxx /misc/dn61/LocalWOK/wok_entities/LOC/dev/CR671-FINAL1-CR671-FINAL1-occt/inc/Handle_PColStd_HDoubleListOfReal.hxx
+M PColStd:pubinclude:PColStd_HDoubleListOfReal.hxx /misc/dn61/LocalWOK/wok_entities/LOC/dev/CR671-FINAL1-CR671-FINAL1-occt/inc/PColStd_HDoubleListOfReal.hxx
+M PColStd:derivated:PColStd_HDoubleListOfReal_0.cxx /misc/dn61/LocalWOK/wok_entities/LOC/dev/CR671-FINAL1-CR671-FINAL1-occt/drv/PColStd/PColStd_HDoubleListOfReal_0.cxx
+M PColStd:pubinclude:Handle_PColStd_HDoubleListOfPersistent.hxx /misc/dn61/LocalWOK/wok_entities/LOC/dev/CR671-FINAL1-CR671-FINAL1-occt/inc/Handle_PColStd_HDoubleListOfPersistent.hxx
+M PColStd:pubinclude:PColStd_HDoubleListOfPersistent.hxx /misc/dn61/LocalWOK/wok_entities/LOC/dev/CR671-FINAL1-CR671-FINAL1-occt/inc/PColStd_HDoubleListOfPersistent.hxx
+M PColStd:derivated:PColStd_HDoubleListOfPersistent_0.cxx /misc/dn61/LocalWOK/wok_entities/LOC/dev/CR671-FINAL1-CR671-FINAL1-occt/drv/PColStd/PColStd_HDoubleListOfPersistent_0.cxx
+M PColStd:pubinclude:Handle_PColStd_HArray1OfInteger.hxx /misc/dn61/LocalWOK/wok_entities/LOC/dev/CR671-FINAL1-CR671-FINAL1-occt/inc/Handle_PColStd_HArray1OfInteger.hxx
+M PColStd:pubinclude:PColStd_HArray1OfInteger.hxx /misc/dn61/LocalWOK/wok_entities/LOC/dev/CR671-FINAL1-CR671-FINAL1-occt/inc/PColStd_HArray1OfInteger.hxx
+M PColStd:derivated:PColStd_HArray1OfInteger_0.cxx /misc/dn61/LocalWOK/wok_entities/LOC/dev/CR671-FINAL1-CR671-FINAL1-occt/drv/PColStd/PColStd_HArray1OfInteger_0.cxx
+M PColStd:pubinclude:Handle_PColStd_HArray1OfReal.hxx /misc/dn61/LocalWOK/wok_entities/LOC/dev/CR671-FINAL1-CR671-FINAL1-occt/inc/Handle_PColStd_HArray1OfReal.hxx
+M PColStd:pubinclude:PColStd_HArray1OfReal.hxx /misc/dn61/LocalWOK/wok_entities/LOC/dev/CR671-FINAL1-CR671-FINAL1-occt/inc/PColStd_HArray1OfReal.hxx
+M PColStd:derivated:PColStd_HArray1OfReal_0.cxx /misc/dn61/LocalWOK/wok_entities/LOC/dev/CR671-FINAL1-CR671-FINAL1-occt/drv/PColStd/PColStd_HArray1OfReal_0.cxx
+M PColStd:pubinclude:Handle_PColStd_HArray1OfExtendedString.hxx /misc/dn61/LocalWOK/wok_entities/LOC/dev/CR671-FINAL1-CR671-FINAL1-occt/inc/Handle_PColStd_HArray1OfExtendedString.hxx
+M PColStd:pubinclude:PColStd_HArray1OfExtendedString.hxx /misc/dn61/LocalWOK/wok_entities/LOC/dev/CR671-FINAL1-CR671-FINAL1-occt/inc/PColStd_HArray1OfExtendedString.hxx
+M PColStd:derivated:PColStd_HArray1OfExtendedString_0.cxx /misc/dn61/LocalWOK/wok_entities/LOC/dev/CR671-FINAL1-CR671-FINAL1-occt/drv/PColStd/PColStd_HArray1OfExtendedString_0.cxx
+M PColStd:pubinclude:Handle_PColStd_HArray1OfPersistent.hxx /misc/dn61/LocalWOK/wok_entities/LOC/dev/CR671-FINAL1-CR671-FINAL1-occt/inc/Handle_PColStd_HArray1OfPersistent.hxx
+M PColStd:pubinclude:PColStd_HArray1OfPersistent.hxx /misc/dn61/LocalWOK/wok_entities/LOC/dev/CR671-FINAL1-CR671-FINAL1-occt/inc/PColStd_HArray1OfPersistent.hxx
+M PColStd:derivated:PColStd_HArray1OfPersistent_0.cxx /misc/dn61/LocalWOK/wok_entities/LOC/dev/CR671-FINAL1-CR671-FINAL1-occt/drv/PColStd/PColStd_HArray1OfPersistent_0.cxx
+M PColStd:pubinclude:Handle_PColStd_HArray2OfInteger.hxx /misc/dn61/LocalWOK/wok_entities/LOC/dev/CR671-FINAL1-CR671-FINAL1-occt/inc/Handle_PColStd_HArray2OfInteger.hxx
+M PColStd:pubinclude:PColStd_HArray2OfInteger.hxx /misc/dn61/LocalWOK/wok_entities/LOC/dev/CR671-FINAL1-CR671-FINAL1-occt/inc/PColStd_HArray2OfInteger.hxx
+M PColStd:derivated:PColStd_HArray2OfInteger_0.cxx /misc/dn61/LocalWOK/wok_entities/LOC/dev/CR671-FINAL1-CR671-FINAL1-occt/drv/PColStd/PColStd_HArray2OfInteger_0.cxx
+M PColStd:pubinclude:Handle_PColStd_HArray2OfReal.hxx /misc/dn61/LocalWOK/wok_entities/LOC/dev/CR671-FINAL1-CR671-FINAL1-occt/inc/Handle_PColStd_HArray2OfReal.hxx
+M PColStd:pubinclude:PColStd_HArray2OfReal.hxx /misc/dn61/LocalWOK/wok_entities/LOC/dev/CR671-FINAL1-CR671-FINAL1-occt/inc/PColStd_HArray2OfReal.hxx
+M PColStd:derivated:PColStd_HArray2OfReal_0.cxx /misc/dn61/LocalWOK/wok_entities/LOC/dev/CR671-FINAL1-CR671-FINAL1-occt/drv/PColStd/PColStd_HArray2OfReal_0.cxx
+M PColStd:pubinclude:Handle_PColStd_HArray2OfPersistent.hxx /misc/dn61/LocalWOK/wok_entities/LOC/dev/CR671-FINAL1-CR671-FINAL1-occt/inc/Handle_PColStd_HArray2OfPersistent.hxx
+M PColStd:pubinclude:PColStd_HArray2OfPersistent.hxx /misc/dn61/LocalWOK/wok_entities/LOC/dev/CR671-FINAL1-CR671-FINAL1-occt/inc/PColStd_HArray2OfPersistent.hxx
+M PColStd:derivated:PColStd_HArray2OfPersistent_0.cxx /misc/dn61/LocalWOK/wok_entities/LOC/dev/CR671-FINAL1-CR671-FINAL1-occt/drv/PColStd/PColStd_HArray2OfPersistent_0.cxx
+M PColStd:pubinclude:PColStd_HOfInteger.hxx /misc/dn61/LocalWOK/wok_entities/LOC/dev/CR671-FINAL1-CR671-FINAL1-occt/inc/PColStd_HOfInteger.hxx
+M PColStd:derivated:PColStd_HOfInteger_0.cxx /misc/dn61/LocalWOK/wok_entities/LOC/dev/CR671-FINAL1-CR671-FINAL1-occt/drv/PColStd/PColStd_HOfInteger_0.cxx
+M PColStd:pubinclude:PColStd_HOfReal.hxx /misc/dn61/LocalWOK/wok_entities/LOC/dev/CR671-FINAL1-CR671-FINAL1-occt/inc/PColStd_HOfReal.hxx
+M PColStd:derivated:PColStd_HOfReal_0.cxx /misc/dn61/LocalWOK/wok_entities/LOC/dev/CR671-FINAL1-CR671-FINAL1-occt/drv/PColStd/PColStd_HOfReal_0.cxx
+M PColStd:pubinclude:PColStd_HOfAsciiString.hxx /misc/dn61/LocalWOK/wok_entities/LOC/dev/CR671-FINAL1-CR671-FINAL1-occt/inc/PColStd_HOfAsciiString.hxx
+M PColStd:derivated:PColStd_HOfAsciiString_0.cxx /misc/dn61/LocalWOK/wok_entities/LOC/dev/CR671-FINAL1-CR671-FINAL1-occt/drv/PColStd/PColStd_HOfAsciiString_0.cxx
+M PColStd:pubinclude:PColStd_HashAsciiString.hxx /misc/dn61/LocalWOK/wok_entities/LOC/dev/CR671-FINAL1-CR671-FINAL1-occt/inc/PColStd_HashAsciiString.hxx
+M PColStd:privinclude:PColStd_HashAsciiString.jxx /misc/dn61/LocalWOK/wok_entities/LOC/dev/CR671-FINAL1-CR671-FINAL1-occt/drv/PColStd/PColStd_HashAsciiString.jxx
+M PColStd:privinclude:PColStd_HashAsciiString.ixx /misc/dn61/LocalWOK/wok_entities/LOC/dev/CR671-FINAL1-CR671-FINAL1-occt/drv/PColStd/PColStd_HashAsciiString.ixx
+M PColStd:pubinclude:PColStd_HOfExtendedString.hxx /misc/dn61/LocalWOK/wok_entities/LOC/dev/CR671-FINAL1-CR671-FINAL1-occt/inc/PColStd_HOfExtendedString.hxx
+M PColStd:derivated:PColStd_HOfExtendedString_0.cxx /misc/dn61/LocalWOK/wok_entities/LOC/dev/CR671-FINAL1-CR671-FINAL1-occt/drv/PColStd/PColStd_HOfExtendedString_0.cxx
+M PColStd:pubinclude:PColStd_HashExtendedString.hxx /misc/dn61/LocalWOK/wok_entities/LOC/dev/CR671-FINAL1-CR671-FINAL1-occt/inc/PColStd_HashExtendedString.hxx
+M PColStd:privinclude:PColStd_HashExtendedString.jxx /misc/dn61/LocalWOK/wok_entities/LOC/dev/CR671-FINAL1-CR671-FINAL1-occt/drv/PColStd/PColStd_HashExtendedString.jxx
+M PColStd:privinclude:PColStd_HashExtendedString.ixx /misc/dn61/LocalWOK/wok_entities/LOC/dev/CR671-FINAL1-CR671-FINAL1-occt/drv/PColStd/PColStd_HashExtendedString.ixx
+M PColStd:pubinclude:Handle_PColStd_SeqNodeOfHSequenceOfInteger.hxx /misc/dn61/LocalWOK/wok_entities/LOC/dev/CR671-FINAL1-CR671-FINAL1-occt/inc/Handle_PColStd_SeqNodeOfHSequenceOfInteger.hxx
+M PColStd:pubinclude:PColStd_SeqNodeOfHSequenceOfInteger.hxx /misc/dn61/LocalWOK/wok_entities/LOC/dev/CR671-FINAL1-CR671-FINAL1-occt/inc/PColStd_SeqNodeOfHSequenceOfInteger.hxx
+M PColStd:derivated:PColStd_SeqNodeOfHSequenceOfInteger_0.cxx /misc/dn61/LocalWOK/wok_entities/LOC/dev/CR671-FINAL1-CR671-FINAL1-occt/drv/PColStd/PColStd_SeqNodeOfHSequenceOfInteger_0.cxx
+M PColStd:pubinclude:PColStd_SeqExplorerOfHSequenceOfInteger.hxx /misc/dn61/LocalWOK/wok_entities/LOC/dev/CR671-FINAL1-CR671-FINAL1-occt/inc/PColStd_SeqExplorerOfHSequenceOfInteger.hxx
+M PColStd:derivated:PColStd_SeqExplorerOfHSequenceOfInteger_0.cxx /misc/dn61/LocalWOK/wok_entities/LOC/dev/CR671-FINAL1-CR671-FINAL1-occt/drv/PColStd/PColStd_SeqExplorerOfHSequenceOfInteger_0.cxx
+M PColStd:pubinclude:Handle_PColStd_SeqNodeOfHSequenceOfReal.hxx /misc/dn61/LocalWOK/wok_entities/LOC/dev/CR671-FINAL1-CR671-FINAL1-occt/inc/Handle_PColStd_SeqNodeOfHSequenceOfReal.hxx
+M PColStd:pubinclude:PColStd_SeqNodeOfHSequenceOfReal.hxx /misc/dn61/LocalWOK/wok_entities/LOC/dev/CR671-FINAL1-CR671-FINAL1-occt/inc/PColStd_SeqNodeOfHSequenceOfReal.hxx
+M PColStd:derivated:PColStd_SeqNodeOfHSequenceOfReal_0.cxx /misc/dn61/LocalWOK/wok_entities/LOC/dev/CR671-FINAL1-CR671-FINAL1-occt/drv/PColStd/PColStd_SeqNodeOfHSequenceOfReal_0.cxx
+M PColStd:pubinclude:PColStd_SeqExplorerOfHSequenceOfReal.hxx /misc/dn61/LocalWOK/wok_entities/LOC/dev/CR671-FINAL1-CR671-FINAL1-occt/inc/PColStd_SeqExplorerOfHSequenceOfReal.hxx
+M PColStd:derivated:PColStd_SeqExplorerOfHSequenceOfReal_0.cxx /misc/dn61/LocalWOK/wok_entities/LOC/dev/CR671-FINAL1-CR671-FINAL1-occt/drv/PColStd/PColStd_SeqExplorerOfHSequenceOfReal_0.cxx
+M PColStd:pubinclude:Handle_PColStd_SeqNodeOfHSequenceOfPersistent.hxx /misc/dn61/LocalWOK/wok_entities/LOC/dev/CR671-FINAL1-CR671-FINAL1-occt/inc/Handle_PColStd_SeqNodeOfHSequenceOfPersistent.hxx
+M PColStd:pubinclude:PColStd_SeqNodeOfHSequenceOfPersistent.hxx /misc/dn61/LocalWOK/wok_entities/LOC/dev/CR671-FINAL1-CR671-FINAL1-occt/inc/PColStd_SeqNodeOfHSequenceOfPersistent.hxx
+M PColStd:derivated:PColStd_SeqNodeOfHSequenceOfPersistent_0.cxx /misc/dn61/LocalWOK/wok_entities/LOC/dev/CR671-FINAL1-CR671-FINAL1-occt/drv/PColStd/PColStd_SeqNodeOfHSequenceOfPersistent_0.cxx
+M PColStd:pubinclude:PColStd_SeqExplorerOfHSequenceOfPersistent.hxx /misc/dn61/LocalWOK/wok_entities/LOC/dev/CR671-FINAL1-CR671-FINAL1-occt/inc/PColStd_SeqExplorerOfHSequenceOfPersistent.hxx
+M PColStd:derivated:PColStd_SeqExplorerOfHSequenceOfPersistent_0.cxx /misc/dn61/LocalWOK/wok_entities/LOC/dev/CR671-FINAL1-CR671-FINAL1-occt/drv/PColStd/PColStd_SeqExplorerOfHSequenceOfPersistent_0.cxx
+M PColStd:pubinclude:Handle_PColStd_SeqNodeOfHSequenceOfHAsciiString.hxx /misc/dn61/LocalWOK/wok_entities/LOC/dev/CR671-FINAL1-CR671-FINAL1-occt/inc/Handle_PColStd_SeqNodeOfHSequenceOfHAsciiString.hxx
+M PColStd:pubinclude:PColStd_SeqNodeOfHSequenceOfHAsciiString.hxx /misc/dn61/LocalWOK/wok_entities/LOC/dev/CR671-FINAL1-CR671-FINAL1-occt/inc/PColStd_SeqNodeOfHSequenceOfHAsciiString.hxx
+M PColStd:derivated:PColStd_SeqNodeOfHSequenceOfHAsciiString_0.cxx /misc/dn61/LocalWOK/wok_entities/LOC/dev/CR671-FINAL1-CR671-FINAL1-occt/drv/PColStd/PColStd_SeqNodeOfHSequenceOfHAsciiString_0.cxx
+M PColStd:pubinclude:PColStd_SeqExplorerOfHSequenceOfHAsciiString.hxx /misc/dn61/LocalWOK/wok_entities/LOC/dev/CR671-FINAL1-CR671-FINAL1-occt/inc/PColStd_SeqExplorerOfHSequenceOfHAsciiString.hxx
+M PColStd:derivated:PColStd_SeqExplorerOfHSequenceOfHAsciiString_0.cxx /misc/dn61/LocalWOK/wok_entities/LOC/dev/CR671-FINAL1-CR671-FINAL1-occt/drv/PColStd/PColStd_SeqExplorerOfHSequenceOfHAsciiString_0.cxx
+M PColStd:pubinclude:Handle_PColStd_SeqNodeOfHSequenceOfHExtendedString.hxx /misc/dn61/LocalWOK/wok_entities/LOC/dev/CR671-FINAL1-CR671-FINAL1-occt/inc/Handle_PColStd_SeqNodeOfHSequenceOfHExtendedString.hxx
+M PColStd:pubinclude:PColStd_SeqNodeOfHSequenceOfHExtendedString.hxx /misc/dn61/LocalWOK/wok_entities/LOC/dev/CR671-FINAL1-CR671-FINAL1-occt/inc/PColStd_SeqNodeOfHSequenceOfHExtendedString.hxx
+M PColStd:derivated:PColStd_SeqNodeOfHSequenceOfHExtendedString_0.cxx /misc/dn61/LocalWOK/wok_entities/LOC/dev/CR671-FINAL1-CR671-FINAL1-occt/drv/PColStd/PColStd_SeqNodeOfHSequenceOfHExtendedString_0.cxx
+M PColStd:pubinclude:PColStd_SeqExplorerOfHSequenceOfHExtendedString.hxx /misc/dn61/LocalWOK/wok_entities/LOC/dev/CR671-FINAL1-CR671-FINAL1-occt/inc/PColStd_SeqExplorerOfHSequenceOfHExtendedString.hxx
+M PColStd:derivated:PColStd_SeqExplorerOfHSequenceOfHExtendedString_0.cxx /misc/dn61/LocalWOK/wok_entities/LOC/dev/CR671-FINAL1-CR671-FINAL1-occt/drv/PColStd/PColStd_SeqExplorerOfHSequenceOfHExtendedString_0.cxx
+M PColStd:pubinclude:Handle_PColStd_VArrayNodeOfFieldOfHArray1OfInteger.hxx /misc/dn61/LocalWOK/wok_entities/LOC/dev/CR671-FINAL1-CR671-FINAL1-occt/inc/Handle_PColStd_VArrayNodeOfFieldOfHArray1OfInteger.hxx
+M PColStd:pubinclude:PColStd_VArrayNodeOfFieldOfHArray1OfInteger.hxx /misc/dn61/LocalWOK/wok_entities/LOC/dev/CR671-FINAL1-CR671-FINAL1-occt/inc/PColStd_VArrayNodeOfFieldOfHArray1OfInteger.hxx
+M PColStd:derivated:PColStd_VArrayNodeOfFieldOfHArray1OfInteger_0.cxx /misc/dn61/LocalWOK/wok_entities/LOC/dev/CR671-FINAL1-CR671-FINAL1-occt/drv/PColStd/PColStd_VArrayNodeOfFieldOfHArray1OfInteger_0.cxx
+M PColStd:pubinclude:PColStd_VArrayTNodeOfFieldOfHArray1OfInteger.hxx /misc/dn61/LocalWOK/wok_entities/LOC/dev/CR671-FINAL1-CR671-FINAL1-occt/inc/PColStd_VArrayTNodeOfFieldOfHArray1OfInteger.hxx
+M PColStd:derivated:PColStd_VArrayTNodeOfFieldOfHArray1OfInteger_0.cxx /misc/dn61/LocalWOK/wok_entities/LOC/dev/CR671-FINAL1-CR671-FINAL1-occt/drv/PColStd/PColStd_VArrayTNodeOfFieldOfHArray1OfInteger_0.cxx
+M PColStd:pubinclude:PColStd_FieldOfHArray1OfInteger.hxx /misc/dn61/LocalWOK/wok_entities/LOC/dev/CR671-FINAL1-CR671-FINAL1-occt/inc/PColStd_FieldOfHArray1OfInteger.hxx
+M PColStd:derivated:PColStd_FieldOfHArray1OfInteger_0.cxx /misc/dn61/LocalWOK/wok_entities/LOC/dev/CR671-FINAL1-CR671-FINAL1-occt/drv/PColStd/PColStd_FieldOfHArray1OfInteger_0.cxx
+M PColStd:pubinclude:Handle_PColStd_VArrayNodeOfFieldOfHArray1OfReal.hxx /misc/dn61/LocalWOK/wok_entities/LOC/dev/CR671-FINAL1-CR671-FINAL1-occt/inc/Handle_PColStd_VArrayNodeOfFieldOfHArray1OfReal.hxx
+M PColStd:pubinclude:PColStd_VArrayNodeOfFieldOfHArray1OfReal.hxx /misc/dn61/LocalWOK/wok_entities/LOC/dev/CR671-FINAL1-CR671-FINAL1-occt/inc/PColStd_VArrayNodeOfFieldOfHArray1OfReal.hxx
+M PColStd:derivated:PColStd_VArrayNodeOfFieldOfHArray1OfReal_0.cxx /misc/dn61/LocalWOK/wok_entities/LOC/dev/CR671-FINAL1-CR671-FINAL1-occt/drv/PColStd/PColStd_VArrayNodeOfFieldOfHArray1OfReal_0.cxx
+M PColStd:pubinclude:PColStd_VArrayTNodeOfFieldOfHArray1OfReal.hxx /misc/dn61/LocalWOK/wok_entities/LOC/dev/CR671-FINAL1-CR671-FINAL1-occt/inc/PColStd_VArrayTNodeOfFieldOfHArray1OfReal.hxx
+M PColStd:derivated:PColStd_VArrayTNodeOfFieldOfHArray1OfReal_0.cxx /misc/dn61/LocalWOK/wok_entities/LOC/dev/CR671-FINAL1-CR671-FINAL1-occt/drv/PColStd/PColStd_VArrayTNodeOfFieldOfHArray1OfReal_0.cxx
+M PColStd:pubinclude:PColStd_FieldOfHArray1OfReal.hxx /misc/dn61/LocalWOK/wok_entities/LOC/dev/CR671-FINAL1-CR671-FINAL1-occt/inc/PColStd_FieldOfHArray1OfReal.hxx
+M PColStd:derivated:PColStd_FieldOfHArray1OfReal_0.cxx /misc/dn61/LocalWOK/wok_entities/LOC/dev/CR671-FINAL1-CR671-FINAL1-occt/drv/PColStd/PColStd_FieldOfHArray1OfReal_0.cxx
+M PColStd:pubinclude:Handle_PColStd_VArrayNodeOfFieldOfHArray1OfExtendedString.hxx /misc/dn61/LocalWOK/wok_entities/LOC/dev/CR671-FINAL1-CR671-FINAL1-occt/inc/Handle_PColStd_VArrayNodeOfFieldOfHArray1OfExtendedString.hxx
+M PColStd:pubinclude:PColStd_VArrayNodeOfFieldOfHArray1OfExtendedString.hxx /misc/dn61/LocalWOK/wok_entities/LOC/dev/CR671-FINAL1-CR671-FINAL1-occt/inc/PColStd_VArrayNodeOfFieldOfHArray1OfExtendedString.hxx
+M PColStd:derivated:PColStd_VArrayNodeOfFieldOfHArray1OfExtendedString_0.cxx /misc/dn61/LocalWOK/wok_entities/LOC/dev/CR671-FINAL1-CR671-FINAL1-occt/drv/PColStd/PColStd_VArrayNodeOfFieldOfHArray1OfExtendedString_0.cxx
+M PColStd:pubinclude:PColStd_VArrayTNodeOfFieldOfHArray1OfExtendedString.hxx /misc/dn61/LocalWOK/wok_entities/LOC/dev/CR671-FINAL1-CR671-FINAL1-occt/inc/PColStd_VArrayTNodeOfFieldOfHArray1OfExtendedString.hxx
+M PColStd:derivated:PColStd_VArrayTNodeOfFieldOfHArray1OfExtendedString_0.cxx /misc/dn61/LocalWOK/wok_entities/LOC/dev/CR671-FINAL1-CR671-FINAL1-occt/drv/PColStd/PColStd_VArrayTNodeOfFieldOfHArray1OfExtendedString_0.cxx
+M PColStd:pubinclude:PColStd_FieldOfHArray1OfExtendedString.hxx /misc/dn61/LocalWOK/wok_entities/LOC/dev/CR671-FINAL1-CR671-FINAL1-occt/inc/PColStd_FieldOfHArray1OfExtendedString.hxx
+M PColStd:derivated:PColStd_FieldOfHArray1OfExtendedString_0.cxx /misc/dn61/LocalWOK/wok_entities/LOC/dev/CR671-FINAL1-CR671-FINAL1-occt/drv/PColStd/PColStd_FieldOfHArray1OfExtendedString_0.cxx
+M PColStd:pubinclude:Handle_PColStd_VArrayNodeOfFieldOfHArray1OfPersistent.hxx /misc/dn61/LocalWOK/wok_entities/LOC/dev/CR671-FINAL1-CR671-FINAL1-occt/inc/Handle_PColStd_VArrayNodeOfFieldOfHArray1OfPersistent.hxx
+M PColStd:pubinclude:PColStd_VArrayNodeOfFieldOfHArray1OfPersistent.hxx /misc/dn61/LocalWOK/wok_entities/LOC/dev/CR671-FINAL1-CR671-FINAL1-occt/inc/PColStd_VArrayNodeOfFieldOfHArray1OfPersistent.hxx
+M PColStd:derivated:PColStd_VArrayNodeOfFieldOfHArray1OfPersistent_0.cxx /misc/dn61/LocalWOK/wok_entities/LOC/dev/CR671-FINAL1-CR671-FINAL1-occt/drv/PColStd/PColStd_VArrayNodeOfFieldOfHArray1OfPersistent_0.cxx
+M PColStd:pubinclude:PColStd_VArrayTNodeOfFieldOfHArray1OfPersistent.hxx /misc/dn61/LocalWOK/wok_entities/LOC/dev/CR671-FINAL1-CR671-FINAL1-occt/inc/PColStd_VArrayTNodeOfFieldOfHArray1OfPersistent.hxx
+M PColStd:derivated:PColStd_VArrayTNodeOfFieldOfHArray1OfPersistent_0.cxx /misc/dn61/LocalWOK/wok_entities/LOC/dev/CR671-FINAL1-CR671-FINAL1-occt/drv/PColStd/PColStd_VArrayTNodeOfFieldOfHArray1OfPersistent_0.cxx
+M PColStd:pubinclude:PColStd_FieldOfHArray1OfPersistent.hxx /misc/dn61/LocalWOK/wok_entities/LOC/dev/CR671-FINAL1-CR671-FINAL1-occt/inc/PColStd_FieldOfHArray1OfPersistent.hxx
+M PColStd:derivated:PColStd_FieldOfHArray1OfPersistent_0.cxx /misc/dn61/LocalWOK/wok_entities/LOC/dev/CR671-FINAL1-CR671-FINAL1-occt/drv/PColStd/PColStd_FieldOfHArray1OfPersistent_0.cxx
+M PColStd:pubinclude:Handle_PColStd_VArrayNodeOfFieldOfHArray2OfInteger.hxx /misc/dn61/LocalWOK/wok_entities/LOC/dev/CR671-FINAL1-CR671-FINAL1-occt/inc/Handle_PColStd_VArrayNodeOfFieldOfHArray2OfInteger.hxx
+M PColStd:pubinclude:PColStd_VArrayNodeOfFieldOfHArray2OfInteger.hxx /misc/dn61/LocalWOK/wok_entities/LOC/dev/CR671-FINAL1-CR671-FINAL1-occt/inc/PColStd_VArrayNodeOfFieldOfHArray2OfInteger.hxx
+M PColStd:derivated:PColStd_VArrayNodeOfFieldOfHArray2OfInteger_0.cxx /misc/dn61/LocalWOK/wok_entities/LOC/dev/CR671-FINAL1-CR671-FINAL1-occt/drv/PColStd/PColStd_VArrayNodeOfFieldOfHArray2OfInteger_0.cxx
+M PColStd:pubinclude:PColStd_VArrayTNodeOfFieldOfHArray2OfInteger.hxx /misc/dn61/LocalWOK/wok_entities/LOC/dev/CR671-FINAL1-CR671-FINAL1-occt/inc/PColStd_VArrayTNodeOfFieldOfHArray2OfInteger.hxx
+M PColStd:derivated:PColStd_VArrayTNodeOfFieldOfHArray2OfInteger_0.cxx /misc/dn61/LocalWOK/wok_entities/LOC/dev/CR671-FINAL1-CR671-FINAL1-occt/drv/PColStd/PColStd_VArrayTNodeOfFieldOfHArray2OfInteger_0.cxx
+M PColStd:pubinclude:PColStd_FieldOfHArray2OfInteger.hxx /misc/dn61/LocalWOK/wok_entities/LOC/dev/CR671-FINAL1-CR671-FINAL1-occt/inc/PColStd_FieldOfHArray2OfInteger.hxx
+M PColStd:derivated:PColStd_FieldOfHArray2OfInteger_0.cxx /misc/dn61/LocalWOK/wok_entities/LOC/dev/CR671-FINAL1-CR671-FINAL1-occt/drv/PColStd/PColStd_FieldOfHArray2OfInteger_0.cxx
+M PColStd:pubinclude:Handle_PColStd_VArrayNodeOfFieldOfHArray2OfReal.hxx /misc/dn61/LocalWOK/wok_entities/LOC/dev/CR671-FINAL1-CR671-FINAL1-occt/inc/Handle_PColStd_VArrayNodeOfFieldOfHArray2OfReal.hxx
+M PColStd:pubinclude:PColStd_VArrayNodeOfFieldOfHArray2OfReal.hxx /misc/dn61/LocalWOK/wok_entities/LOC/dev/CR671-FINAL1-CR671-FINAL1-occt/inc/PColStd_VArrayNodeOfFieldOfHArray2OfReal.hxx
+M PColStd:derivated:PColStd_VArrayNodeOfFieldOfHArray2OfReal_0.cxx /misc/dn61/LocalWOK/wok_entities/LOC/dev/CR671-FINAL1-CR671-FINAL1-occt/drv/PColStd/PColStd_VArrayNodeOfFieldOfHArray2OfReal_0.cxx
+M PColStd:pubinclude:PColStd_VArrayTNodeOfFieldOfHArray2OfReal.hxx /misc/dn61/LocalWOK/wok_entities/LOC/dev/CR671-FINAL1-CR671-FINAL1-occt/inc/PColStd_VArrayTNodeOfFieldOfHArray2OfReal.hxx
+M PColStd:derivated:PColStd_VArrayTNodeOfFieldOfHArray2OfReal_0.cxx /misc/dn61/LocalWOK/wok_entities/LOC/dev/CR671-FINAL1-CR671-FINAL1-occt/drv/PColStd/PColStd_VArrayTNodeOfFieldOfHArray2OfReal_0.cxx
+M PColStd:pubinclude:PColStd_FieldOfHArray2OfReal.hxx /misc/dn61/LocalWOK/wok_entities/LOC/dev/CR671-FINAL1-CR671-FINAL1-occt/inc/PColStd_FieldOfHArray2OfReal.hxx
+M PColStd:derivated:PColStd_FieldOfHArray2OfReal_0.cxx /misc/dn61/LocalWOK/wok_entities/LOC/dev/CR671-FINAL1-CR671-FINAL1-occt/drv/PColStd/PColStd_FieldOfHArray2OfReal_0.cxx
+M PColStd:pubinclude:Handle_PColStd_VArrayNodeOfFieldOfHArray2OfPersistent.hxx /misc/dn61/LocalWOK/wok_entities/LOC/dev/CR671-FINAL1-CR671-FINAL1-occt/inc/Handle_PColStd_VArrayNodeOfFieldOfHArray2OfPersistent.hxx
+M PColStd:pubinclude:PColStd_VArrayNodeOfFieldOfHArray2OfPersistent.hxx /misc/dn61/LocalWOK/wok_entities/LOC/dev/CR671-FINAL1-CR671-FINAL1-occt/inc/PColStd_VArrayNodeOfFieldOfHArray2OfPersistent.hxx
+M PColStd:derivated:PColStd_VArrayNodeOfFieldOfHArray2OfPersistent_0.cxx /misc/dn61/LocalWOK/wok_entities/LOC/dev/CR671-FINAL1-CR671-FINAL1-occt/drv/PColStd/PColStd_VArrayNodeOfFieldOfHArray2OfPersistent_0.cxx
+M PColStd:pubinclude:PColStd_VArrayTNodeOfFieldOfHArray2OfPersistent.hxx /misc/dn61/LocalWOK/wok_entities/LOC/dev/CR671-FINAL1-CR671-FINAL1-occt/inc/PColStd_VArrayTNodeOfFieldOfHArray2OfPersistent.hxx
+M PColStd:derivated:PColStd_VArrayTNodeOfFieldOfHArray2OfPersistent_0.cxx /misc/dn61/LocalWOK/wok_entities/LOC/dev/CR671-FINAL1-CR671-FINAL1-occt/drv/PColStd/PColStd_VArrayTNodeOfFieldOfHArray2OfPersistent_0.cxx
+M PColStd:pubinclude:PColStd_FieldOfHArray2OfPersistent.hxx /misc/dn61/LocalWOK/wok_entities/LOC/dev/CR671-FINAL1-CR671-FINAL1-occt/inc/PColStd_FieldOfHArray2OfPersistent.hxx
+M PColStd:derivated:PColStd_FieldOfHArray2OfPersistent_0.cxx /misc/dn61/LocalWOK/wok_entities/LOC/dev/CR671-FINAL1-CR671-FINAL1-occt/drv/PColStd/PColStd_FieldOfHArray2OfPersistent_0.cxx
+M PColStd:dbadmfile:PColStd_xcpp_header.In /misc/dn61/LocalWOK/wok_entities/LOC/dev/CR671-FINAL1-CR671-FINAL1-occt/drv/PColStd/.adm/PColStd_xcpp_header.In
+M PColStd:dbadmfile:PColStd_xcpp_header.Out /misc/dn61/LocalWOK/wok_entities/LOC/dev/CR671-FINAL1-CR671-FINAL1-occt/drv/PColStd/.adm/PColStd_xcpp_header.Out
+M PColStd:dbadmfile:PColStd_xcpp_header.Dep /misc/dn61/LocalWOK/wok_entities/LOC/dev/CR671-FINAL1-CR671-FINAL1-occt/drv/PColStd/.adm/PColStd_xcpp_header.Dep
