+M TCollection:pubinclude:TCollection.hxx /misc/dn61/LocalWOK/wok_entities/LOC/dev/CR671-FINAL1-CR671-FINAL1-occt/inc/TCollection.hxx
+M TCollection:privinclude:TCollection.jxx /misc/dn61/LocalWOK/wok_entities/LOC/dev/CR671-FINAL1-CR671-FINAL1-occt/drv/TCollection/TCollection.jxx
+M TCollection:privinclude:TCollection.ixx /misc/dn61/LocalWOK/wok_entities/LOC/dev/CR671-FINAL1-CR671-FINAL1-occt/drv/TCollection/TCollection.ixx
+M TCollection:pubinclude:TCollection_AsciiString.hxx /misc/dn61/LocalWOK/wok_entities/LOC/dev/CR671-FINAL1-CR671-FINAL1-occt/inc/TCollection_AsciiString.hxx
+M TCollection:privinclude:TCollection_AsciiString.jxx /misc/dn61/LocalWOK/wok_entities/LOC/dev/CR671-FINAL1-CR671-FINAL1-occt/drv/TCollection/TCollection_AsciiString.jxx
+M TCollection:privinclude:TCollection_AsciiString.ixx /misc/dn61/LocalWOK/wok_entities/LOC/dev/CR671-FINAL1-CR671-FINAL1-occt/drv/TCollection/TCollection_AsciiString.ixx
+M TCollection:pubinclude:TCollection_ExtendedString.hxx /misc/dn61/LocalWOK/wok_entities/LOC/dev/CR671-FINAL1-CR671-FINAL1-occt/inc/TCollection_ExtendedString.hxx
+M TCollection:privinclude:TCollection_ExtendedString.jxx /misc/dn61/LocalWOK/wok_entities/LOC/dev/CR671-FINAL1-CR671-FINAL1-occt/drv/TCollection/TCollection_ExtendedString.jxx
+M TCollection:privinclude:TCollection_ExtendedString.ixx /misc/dn61/LocalWOK/wok_entities/LOC/dev/CR671-FINAL1-CR671-FINAL1-occt/drv/TCollection/TCollection_ExtendedString.ixx
+M TCollection:pubinclude:Handle_TCollection_HAsciiString.hxx /misc/dn61/LocalWOK/wok_entities/LOC/dev/CR671-FINAL1-CR671-FINAL1-occt/inc/Handle_TCollection_HAsciiString.hxx
+M TCollection:pubinclude:TCollection_HAsciiString.hxx /misc/dn61/LocalWOK/wok_entities/LOC/dev/CR671-FINAL1-CR671-FINAL1-occt/inc/TCollection_HAsciiString.hxx
+M TCollection:privinclude:TCollection_HAsciiString.jxx /misc/dn61/LocalWOK/wok_entities/LOC/dev/CR671-FINAL1-CR671-FINAL1-occt/drv/TCollection/TCollection_HAsciiString.jxx
+M TCollection:privinclude:TCollection_HAsciiString.ixx /misc/dn61/LocalWOK/wok_entities/LOC/dev/CR671-FINAL1-CR671-FINAL1-occt/drv/TCollection/TCollection_HAsciiString.ixx
+M TCollection:pubinclude:Handle_TCollection_HExtendedString.hxx /misc/dn61/LocalWOK/wok_entities/LOC/dev/CR671-FINAL1-CR671-FINAL1-occt/inc/Handle_TCollection_HExtendedString.hxx
+M TCollection:pubinclude:TCollection_HExtendedString.hxx /misc/dn61/LocalWOK/wok_entities/LOC/dev/CR671-FINAL1-CR671-FINAL1-occt/inc/TCollection_HExtendedString.hxx
+M TCollection:privinclude:TCollection_HExtendedString.jxx /misc/dn61/LocalWOK/wok_entities/LOC/dev/CR671-FINAL1-CR671-FINAL1-occt/drv/TCollection/TCollection_HExtendedString.jxx
+M TCollection:privinclude:TCollection_HExtendedString.ixx /misc/dn61/LocalWOK/wok_entities/LOC/dev/CR671-FINAL1-CR671-FINAL1-occt/drv/TCollection/TCollection_HExtendedString.ixx
+M TCollection:pubinclude:TCollection_Array1Descriptor.hxx /misc/dn61/LocalWOK/wok_entities/LOC/dev/CR671-FINAL1-CR671-FINAL1-occt/inc/TCollection_Array1Descriptor.hxx
+M TCollection:privinclude:TCollection_Array1Descriptor.jxx /misc/dn61/LocalWOK/wok_entities/LOC/dev/CR671-FINAL1-CR671-FINAL1-occt/drv/TCollection/TCollection_Array1Descriptor.jxx
+M TCollection:privinclude:TCollection_Array1Descriptor.ixx /misc/dn61/LocalWOK/wok_entities/LOC/dev/CR671-FINAL1-CR671-FINAL1-occt/drv/TCollection/TCollection_Array1Descriptor.ixx
+M TCollection:pubinclude:TCollection_Array2Descriptor.hxx /misc/dn61/LocalWOK/wok_entities/LOC/dev/CR671-FINAL1-CR671-FINAL1-occt/inc/TCollection_Array2Descriptor.hxx
+M TCollection:privinclude:TCollection_Array2Descriptor.jxx /misc/dn61/LocalWOK/wok_entities/LOC/dev/CR671-FINAL1-CR671-FINAL1-occt/drv/TCollection/TCollection_Array2Descriptor.jxx
+M TCollection:privinclude:TCollection_Array2Descriptor.ixx /misc/dn61/LocalWOK/wok_entities/LOC/dev/CR671-FINAL1-CR671-FINAL1-occt/drv/TCollection/TCollection_Array2Descriptor.ixx
+M TCollection:pubinclude:TCollection_BaseSequence.hxx /misc/dn61/LocalWOK/wok_entities/LOC/dev/CR671-FINAL1-CR671-FINAL1-occt/inc/TCollection_BaseSequence.hxx
+M TCollection:privinclude:TCollection_BaseSequence.jxx /misc/dn61/LocalWOK/wok_entities/LOC/dev/CR671-FINAL1-CR671-FINAL1-occt/drv/TCollection/TCollection_BaseSequence.jxx
+M TCollection:privinclude:TCollection_BaseSequence.ixx /misc/dn61/LocalWOK/wok_entities/LOC/dev/CR671-FINAL1-CR671-FINAL1-occt/drv/TCollection/TCollection_BaseSequence.ixx
+M TCollection:pubinclude:Handle_TCollection_SeqNode.hxx /misc/dn61/LocalWOK/wok_entities/LOC/dev/CR671-FINAL1-CR671-FINAL1-occt/inc/Handle_TCollection_SeqNode.hxx
+M TCollection:pubinclude:TCollection_SeqNode.hxx /misc/dn61/LocalWOK/wok_entities/LOC/dev/CR671-FINAL1-CR671-FINAL1-occt/inc/TCollection_SeqNode.hxx
+M TCollection:privinclude:TCollection_SeqNode.jxx /misc/dn61/LocalWOK/wok_entities/LOC/dev/CR671-FINAL1-CR671-FINAL1-occt/drv/TCollection/TCollection_SeqNode.jxx
+M TCollection:privinclude:TCollection_SeqNode.ixx /misc/dn61/LocalWOK/wok_entities/LOC/dev/CR671-FINAL1-CR671-FINAL1-occt/drv/TCollection/TCollection_SeqNode.ixx
+M TCollection:pubinclude:TCollection_BasicMap.hxx /misc/dn61/LocalWOK/wok_entities/LOC/dev/CR671-FINAL1-CR671-FINAL1-occt/inc/TCollection_BasicMap.hxx
+M TCollection:privinclude:TCollection_BasicMap.jxx /misc/dn61/LocalWOK/wok_entities/LOC/dev/CR671-FINAL1-CR671-FINAL1-occt/drv/TCollection/TCollection_BasicMap.jxx
+M TCollection:privinclude:TCollection_BasicMap.ixx /misc/dn61/LocalWOK/wok_entities/LOC/dev/CR671-FINAL1-CR671-FINAL1-occt/drv/TCollection/TCollection_BasicMap.ixx
+M TCollection:pubinclude:Handle_TCollection_MapNode.hxx /misc/dn61/LocalWOK/wok_entities/LOC/dev/CR671-FINAL1-CR671-FINAL1-occt/inc/Handle_TCollection_MapNode.hxx
+M TCollection:pubinclude:TCollection_MapNode.hxx /misc/dn61/LocalWOK/wok_entities/LOC/dev/CR671-FINAL1-CR671-FINAL1-occt/inc/TCollection_MapNode.hxx
+M TCollection:privinclude:TCollection_MapNode.jxx /misc/dn61/LocalWOK/wok_entities/LOC/dev/CR671-FINAL1-CR671-FINAL1-occt/drv/TCollection/TCollection_MapNode.jxx
+M TCollection:privinclude:TCollection_MapNode.ixx /misc/dn61/LocalWOK/wok_entities/LOC/dev/CR671-FINAL1-CR671-FINAL1-occt/drv/TCollection/TCollection_MapNode.ixx
+M TCollection:pubinclude:TCollection_BasicMapIterator.hxx /misc/dn61/LocalWOK/wok_entities/LOC/dev/CR671-FINAL1-CR671-FINAL1-occt/inc/TCollection_BasicMapIterator.hxx
+M TCollection:privinclude:TCollection_BasicMapIterator.jxx /misc/dn61/LocalWOK/wok_entities/LOC/dev/CR671-FINAL1-CR671-FINAL1-occt/drv/TCollection/TCollection_BasicMapIterator.jxx
+M TCollection:privinclude:TCollection_BasicMapIterator.ixx /misc/dn61/LocalWOK/wok_entities/LOC/dev/CR671-FINAL1-CR671-FINAL1-occt/drv/TCollection/TCollection_BasicMapIterator.ixx
+M TCollection:pubinclude:TCollection_PrivCompareOfInteger.hxx /misc/dn61/LocalWOK/wok_entities/LOC/dev/CR671-FINAL1-CR671-FINAL1-occt/inc/TCollection_PrivCompareOfInteger.hxx
+M TCollection:derivated:TCollection_PrivCompareOfInteger_0.cxx /misc/dn61/LocalWOK/wok_entities/LOC/dev/CR671-FINAL1-CR671-FINAL1-occt/drv/TCollection/TCollection_PrivCompareOfInteger_0.cxx
+M TCollection:pubinclude:TCollection_PrivCompareOfReal.hxx /misc/dn61/LocalWOK/wok_entities/LOC/dev/CR671-FINAL1-CR671-FINAL1-occt/inc/TCollection_PrivCompareOfReal.hxx
+M TCollection:derivated:TCollection_PrivCompareOfReal_0.cxx /misc/dn61/LocalWOK/wok_entities/LOC/dev/CR671-FINAL1-CR671-FINAL1-occt/drv/TCollection/TCollection_PrivCompareOfReal_0.cxx
+M TCollection:pubinclude:TCollection_CompareOfInteger.hxx /misc/dn61/LocalWOK/wok_entities/LOC/dev/CR671-FINAL1-CR671-FINAL1-occt/inc/TCollection_CompareOfInteger.hxx
+M TCollection:privinclude:TCollection_CompareOfInteger.jxx /misc/dn61/LocalWOK/wok_entities/LOC/dev/CR671-FINAL1-CR671-FINAL1-occt/drv/TCollection/TCollection_CompareOfInteger.jxx
+M TCollection:privinclude:TCollection_CompareOfInteger.ixx /misc/dn61/LocalWOK/wok_entities/LOC/dev/CR671-FINAL1-CR671-FINAL1-occt/drv/TCollection/TCollection_CompareOfInteger.ixx
+M TCollection:pubinclude:TCollection_CompareOfReal.hxx /misc/dn61/LocalWOK/wok_entities/LOC/dev/CR671-FINAL1-CR671-FINAL1-occt/inc/TCollection_CompareOfReal.hxx
+M TCollection:privinclude:TCollection_CompareOfReal.jxx /misc/dn61/LocalWOK/wok_entities/LOC/dev/CR671-FINAL1-CR671-FINAL1-occt/drv/TCollection/TCollection_CompareOfReal.jxx
+M TCollection:privinclude:TCollection_CompareOfReal.ixx /misc/dn61/LocalWOK/wok_entities/LOC/dev/CR671-FINAL1-CR671-FINAL1-occt/drv/TCollection/TCollection_CompareOfReal.ixx
+M TCollection:pubinclude:Handle_TCollection_AVLBaseNode.hxx /misc/dn61/LocalWOK/wok_entities/LOC/dev/CR671-FINAL1-CR671-FINAL1-occt/inc/Handle_TCollection_AVLBaseNode.hxx
+M TCollection:pubinclude:TCollection_AVLBaseNode.hxx /misc/dn61/LocalWOK/wok_entities/LOC/dev/CR671-FINAL1-CR671-FINAL1-occt/inc/TCollection_AVLBaseNode.hxx
+M TCollection:privinclude:TCollection_AVLBaseNode.jxx /misc/dn61/LocalWOK/wok_entities/LOC/dev/CR671-FINAL1-CR671-FINAL1-occt/drv/TCollection/TCollection_AVLBaseNode.jxx
+M TCollection:privinclude:TCollection_AVLBaseNode.ixx /misc/dn61/LocalWOK/wok_entities/LOC/dev/CR671-FINAL1-CR671-FINAL1-occt/drv/TCollection/TCollection_AVLBaseNode.ixx
+M TCollection:pubinclude:TCollection_Side.hxx /misc/dn61/LocalWOK/wok_entities/LOC/dev/CR671-FINAL1-CR671-FINAL1-occt/inc/TCollection_Side.hxx
+M TCollection:pubinclude:TCollection_SeqNodePtr.hxx /misc/dn61/LocalWOK/wok_entities/LOC/dev/CR671-FINAL1-CR671-FINAL1-occt/inc/TCollection_SeqNodePtr.hxx
+M TCollection:pubinclude:TCollection_MapNodePtr.hxx /misc/dn61/LocalWOK/wok_entities/LOC/dev/CR671-FINAL1-CR671-FINAL1-occt/inc/TCollection_MapNodePtr.hxx
+M TCollection:pubinclude:TCollection_AVLBaseNodePtr.hxx /misc/dn61/LocalWOK/wok_entities/LOC/dev/CR671-FINAL1-CR671-FINAL1-occt/inc/TCollection_AVLBaseNodePtr.hxx
+M TCollection:dbadmfile:TCollection_xcpp_header.In /misc/dn61/LocalWOK/wok_entities/LOC/dev/CR671-FINAL1-CR671-FINAL1-occt/drv/TCollection/.adm/TCollection_xcpp_header.In
+M TCollection:dbadmfile:TCollection_xcpp_header.Out /misc/dn61/LocalWOK/wok_entities/LOC/dev/CR671-FINAL1-CR671-FINAL1-occt/drv/TCollection/.adm/TCollection_xcpp_header.Out
+M TCollection:dbadmfile:TCollection_xcpp_header.Dep /misc/dn61/LocalWOK/wok_entities/LOC/dev/CR671-FINAL1-CR671-FINAL1-occt/drv/TCollection/.adm/TCollection_xcpp_header.Dep
