+M TCollection:pubinclude:TCollection_Compare.gxx /misc/dn61/LocalWOK/wok_entities/LOC/dev/CR671-FINAL1-CR671-FINAL1-occt/inc/TCollection_Compare.gxx
+M TCollection:pubinclude:TCollection_AVLNode.hxx /misc/dn61/LocalWOK/wok_entities/LOC/dev/CR671-FINAL1-CR671-FINAL1-occt/inc/TCollection_AVLNode.hxx
+M TCollection:pubinclude:TCollection_AsciiString.lxx /misc/dn61/LocalWOK/wok_entities/LOC/dev/CR671-FINAL1-CR671-FINAL1-occt/inc/TCollection_AsciiString.lxx
+M TCollection:pubinclude:TCollection_ExtendedString.lxx /misc/dn61/LocalWOK/wok_entities/LOC/dev/CR671-FINAL1-CR671-FINAL1-occt/inc/TCollection_ExtendedString.lxx
+M TCollection:pubinclude:TCollection_HAsciiString.lxx /misc/dn61/LocalWOK/wok_entities/LOC/dev/CR671-FINAL1-CR671-FINAL1-occt/inc/TCollection_HAsciiString.lxx
+M TCollection:pubinclude:TCollection_Array1.gxx /misc/dn61/LocalWOK/wok_entities/LOC/dev/CR671-FINAL1-CR671-FINAL1-occt/inc/TCollection_Array1.gxx
+M TCollection:pubinclude:TCollection_Array1.lxx /misc/dn61/LocalWOK/wok_entities/LOC/dev/CR671-FINAL1-CR671-FINAL1-occt/inc/TCollection_Array1.lxx
+M TCollection:pubinclude:TCollection_HArray1.gxx /misc/dn61/LocalWOK/wok_entities/LOC/dev/CR671-FINAL1-CR671-FINAL1-occt/inc/TCollection_HArray1.gxx
+M TCollection:pubinclude:TCollection_HArray1.lxx /misc/dn61/LocalWOK/wok_entities/LOC/dev/CR671-FINAL1-CR671-FINAL1-occt/inc/TCollection_HArray1.lxx
+M TCollection:pubinclude:TCollection_Array2.gxx /misc/dn61/LocalWOK/wok_entities/LOC/dev/CR671-FINAL1-CR671-FINAL1-occt/inc/TCollection_Array2.gxx
+M TCollection:pubinclude:TCollection_Array2.lxx /misc/dn61/LocalWOK/wok_entities/LOC/dev/CR671-FINAL1-CR671-FINAL1-occt/inc/TCollection_Array2.lxx
+M TCollection:pubinclude:TCollection_HArray2.gxx /misc/dn61/LocalWOK/wok_entities/LOC/dev/CR671-FINAL1-CR671-FINAL1-occt/inc/TCollection_HArray2.gxx
+M TCollection:pubinclude:TCollection_HArray2.lxx /misc/dn61/LocalWOK/wok_entities/LOC/dev/CR671-FINAL1-CR671-FINAL1-occt/inc/TCollection_HArray2.lxx
+M TCollection:pubinclude:TCollection_Stack.gxx /misc/dn61/LocalWOK/wok_entities/LOC/dev/CR671-FINAL1-CR671-FINAL1-occt/inc/TCollection_Stack.gxx
+M TCollection:pubinclude:TCollection_Stack.lxx /misc/dn61/LocalWOK/wok_entities/LOC/dev/CR671-FINAL1-CR671-FINAL1-occt/inc/TCollection_Stack.lxx
+M TCollection:pubinclude:TCollection_StackNode.gxx /misc/dn61/LocalWOK/wok_entities/LOC/dev/CR671-FINAL1-CR671-FINAL1-occt/inc/TCollection_StackNode.gxx
+M TCollection:pubinclude:TCollection_StackNode.lxx /misc/dn61/LocalWOK/wok_entities/LOC/dev/CR671-FINAL1-CR671-FINAL1-occt/inc/TCollection_StackNode.lxx
+M TCollection:pubinclude:TCollection_StackIterator.gxx /misc/dn61/LocalWOK/wok_entities/LOC/dev/CR671-FINAL1-CR671-FINAL1-occt/inc/TCollection_StackIterator.gxx
+M TCollection:pubinclude:TCollection_StackIterator.lxx /misc/dn61/LocalWOK/wok_entities/LOC/dev/CR671-FINAL1-CR671-FINAL1-occt/inc/TCollection_StackIterator.lxx
+M TCollection:pubinclude:TCollection_Queue.gxx /misc/dn61/LocalWOK/wok_entities/LOC/dev/CR671-FINAL1-CR671-FINAL1-occt/inc/TCollection_Queue.gxx
+M TCollection:pubinclude:TCollection_Queue.lxx /misc/dn61/LocalWOK/wok_entities/LOC/dev/CR671-FINAL1-CR671-FINAL1-occt/inc/TCollection_Queue.lxx
+M TCollection:pubinclude:TCollection_QueueNode.gxx /misc/dn61/LocalWOK/wok_entities/LOC/dev/CR671-FINAL1-CR671-FINAL1-occt/inc/TCollection_QueueNode.gxx
+M TCollection:pubinclude:TCollection_QueueNode.lxx /misc/dn61/LocalWOK/wok_entities/LOC/dev/CR671-FINAL1-CR671-FINAL1-occt/inc/TCollection_QueueNode.lxx
+M TCollection:pubinclude:TCollection_List.gxx /misc/dn61/LocalWOK/wok_entities/LOC/dev/CR671-FINAL1-CR671-FINAL1-occt/inc/TCollection_List.gxx
+M TCollection:pubinclude:TCollection_List.lxx /misc/dn61/LocalWOK/wok_entities/LOC/dev/CR671-FINAL1-CR671-FINAL1-occt/inc/TCollection_List.lxx
+M TCollection:pubinclude:TCollection_ListNode.gxx /misc/dn61/LocalWOK/wok_entities/LOC/dev/CR671-FINAL1-CR671-FINAL1-occt/inc/TCollection_ListNode.gxx
+M TCollection:pubinclude:TCollection_ListNode.lxx /misc/dn61/LocalWOK/wok_entities/LOC/dev/CR671-FINAL1-CR671-FINAL1-occt/inc/TCollection_ListNode.lxx
+M TCollection:pubinclude:TCollection_ListIterator.gxx /misc/dn61/LocalWOK/wok_entities/LOC/dev/CR671-FINAL1-CR671-FINAL1-occt/inc/TCollection_ListIterator.gxx
+M TCollection:pubinclude:TCollection_ListIterator.lxx /misc/dn61/LocalWOK/wok_entities/LOC/dev/CR671-FINAL1-CR671-FINAL1-occt/inc/TCollection_ListIterator.lxx
+M TCollection:pubinclude:TCollection_SList.gxx /misc/dn61/LocalWOK/wok_entities/LOC/dev/CR671-FINAL1-CR671-FINAL1-occt/inc/TCollection_SList.gxx
+M TCollection:pubinclude:TCollection_SList.lxx /misc/dn61/LocalWOK/wok_entities/LOC/dev/CR671-FINAL1-CR671-FINAL1-occt/inc/TCollection_SList.lxx
+M TCollection:pubinclude:TCollection_SListNode.gxx /misc/dn61/LocalWOK/wok_entities/LOC/dev/CR671-FINAL1-CR671-FINAL1-occt/inc/TCollection_SListNode.gxx
+M TCollection:pubinclude:TCollection_SListNode.lxx /misc/dn61/LocalWOK/wok_entities/LOC/dev/CR671-FINAL1-CR671-FINAL1-occt/inc/TCollection_SListNode.lxx
+M TCollection:pubinclude:TCollection_BaseSequence.lxx /misc/dn61/LocalWOK/wok_entities/LOC/dev/CR671-FINAL1-CR671-FINAL1-occt/inc/TCollection_BaseSequence.lxx
+M TCollection:pubinclude:TCollection_SeqNode.lxx /misc/dn61/LocalWOK/wok_entities/LOC/dev/CR671-FINAL1-CR671-FINAL1-occt/inc/TCollection_SeqNode.lxx
+M TCollection:pubinclude:TCollection_Sequence.gxx /misc/dn61/LocalWOK/wok_entities/LOC/dev/CR671-FINAL1-CR671-FINAL1-occt/inc/TCollection_Sequence.gxx
+M TCollection:pubinclude:TCollection_Sequence.lxx /misc/dn61/LocalWOK/wok_entities/LOC/dev/CR671-FINAL1-CR671-FINAL1-occt/inc/TCollection_Sequence.lxx
+M TCollection:pubinclude:TCollection_SequenceNode.gxx /misc/dn61/LocalWOK/wok_entities/LOC/dev/CR671-FINAL1-CR671-FINAL1-occt/inc/TCollection_SequenceNode.gxx
+M TCollection:pubinclude:TCollection_SequenceNode.lxx /misc/dn61/LocalWOK/wok_entities/LOC/dev/CR671-FINAL1-CR671-FINAL1-occt/inc/TCollection_SequenceNode.lxx
+M TCollection:pubinclude:TCollection_HSequence.gxx /misc/dn61/LocalWOK/wok_entities/LOC/dev/CR671-FINAL1-CR671-FINAL1-occt/inc/TCollection_HSequence.gxx
+M TCollection:pubinclude:TCollection_HSequence.lxx /misc/dn61/LocalWOK/wok_entities/LOC/dev/CR671-FINAL1-CR671-FINAL1-occt/inc/TCollection_HSequence.lxx
+M TCollection:pubinclude:TCollection_Set.gxx /misc/dn61/LocalWOK/wok_entities/LOC/dev/CR671-FINAL1-CR671-FINAL1-occt/inc/TCollection_Set.gxx
+M TCollection:pubinclude:TCollection_Set.lxx /misc/dn61/LocalWOK/wok_entities/LOC/dev/CR671-FINAL1-CR671-FINAL1-occt/inc/TCollection_Set.lxx
+M TCollection:pubinclude:TCollection_SetIterator.gxx /misc/dn61/LocalWOK/wok_entities/LOC/dev/CR671-FINAL1-CR671-FINAL1-occt/inc/TCollection_SetIterator.gxx
+M TCollection:pubinclude:TCollection_SetIterator.lxx /misc/dn61/LocalWOK/wok_entities/LOC/dev/CR671-FINAL1-CR671-FINAL1-occt/inc/TCollection_SetIterator.lxx
+M TCollection:pubinclude:TCollection_HSet.gxx /misc/dn61/LocalWOK/wok_entities/LOC/dev/CR671-FINAL1-CR671-FINAL1-occt/inc/TCollection_HSet.gxx
+M TCollection:pubinclude:TCollection_HSet.lxx /misc/dn61/LocalWOK/wok_entities/LOC/dev/CR671-FINAL1-CR671-FINAL1-occt/inc/TCollection_HSet.lxx
+M TCollection:pubinclude:TCollection_MapHasher.gxx /misc/dn61/LocalWOK/wok_entities/LOC/dev/CR671-FINAL1-CR671-FINAL1-occt/inc/TCollection_MapHasher.gxx
+M TCollection:pubinclude:TCollection_BasicMap.lxx /misc/dn61/LocalWOK/wok_entities/LOC/dev/CR671-FINAL1-CR671-FINAL1-occt/inc/TCollection_BasicMap.lxx
+M TCollection:pubinclude:TCollection_MapNode.lxx /misc/dn61/LocalWOK/wok_entities/LOC/dev/CR671-FINAL1-CR671-FINAL1-occt/inc/TCollection_MapNode.lxx
+M TCollection:pubinclude:TCollection_BasicMapIterator.lxx /misc/dn61/LocalWOK/wok_entities/LOC/dev/CR671-FINAL1-CR671-FINAL1-occt/inc/TCollection_BasicMapIterator.lxx
+M TCollection:pubinclude:TCollection_Map.gxx /misc/dn61/LocalWOK/wok_entities/LOC/dev/CR671-FINAL1-CR671-FINAL1-occt/inc/TCollection_Map.gxx
+M TCollection:pubinclude:TCollection_MapIterator.gxx /misc/dn61/LocalWOK/wok_entities/LOC/dev/CR671-FINAL1-CR671-FINAL1-occt/inc/TCollection_MapIterator.gxx
+M TCollection:pubinclude:TCollection_StdMapNode.gxx /misc/dn61/LocalWOK/wok_entities/LOC/dev/CR671-FINAL1-CR671-FINAL1-occt/inc/TCollection_StdMapNode.gxx
+M TCollection:pubinclude:TCollection_StdMapNode.lxx /misc/dn61/LocalWOK/wok_entities/LOC/dev/CR671-FINAL1-CR671-FINAL1-occt/inc/TCollection_StdMapNode.lxx
+M TCollection:pubinclude:TCollection_DataMap.gxx /misc/dn61/LocalWOK/wok_entities/LOC/dev/CR671-FINAL1-CR671-FINAL1-occt/inc/TCollection_DataMap.gxx
+M TCollection:pubinclude:TCollection_DataMapIterator.gxx /misc/dn61/LocalWOK/wok_entities/LOC/dev/CR671-FINAL1-CR671-FINAL1-occt/inc/TCollection_DataMapIterator.gxx
+M TCollection:pubinclude:TCollection_DataMapNode.gxx /misc/dn61/LocalWOK/wok_entities/LOC/dev/CR671-FINAL1-CR671-FINAL1-occt/inc/TCollection_DataMapNode.gxx
+M TCollection:pubinclude:TCollection_DataMapNode.lxx /misc/dn61/LocalWOK/wok_entities/LOC/dev/CR671-FINAL1-CR671-FINAL1-occt/inc/TCollection_DataMapNode.lxx
+M TCollection:pubinclude:TCollection_DoubleMap.gxx /misc/dn61/LocalWOK/wok_entities/LOC/dev/CR671-FINAL1-CR671-FINAL1-occt/inc/TCollection_DoubleMap.gxx
+M TCollection:pubinclude:TCollection_DoubleMapIterator.gxx /misc/dn61/LocalWOK/wok_entities/LOC/dev/CR671-FINAL1-CR671-FINAL1-occt/inc/TCollection_DoubleMapIterator.gxx
+M TCollection:pubinclude:TCollection_DoubleMapNode.gxx /misc/dn61/LocalWOK/wok_entities/LOC/dev/CR671-FINAL1-CR671-FINAL1-occt/inc/TCollection_DoubleMapNode.gxx
+M TCollection:pubinclude:TCollection_DoubleMapNode.lxx /misc/dn61/LocalWOK/wok_entities/LOC/dev/CR671-FINAL1-CR671-FINAL1-occt/inc/TCollection_DoubleMapNode.lxx
+M TCollection:pubinclude:TCollection_IndexedMap.gxx /misc/dn61/LocalWOK/wok_entities/LOC/dev/CR671-FINAL1-CR671-FINAL1-occt/inc/TCollection_IndexedMap.gxx
+M TCollection:pubinclude:TCollection_IndexedMapNode.gxx /misc/dn61/LocalWOK/wok_entities/LOC/dev/CR671-FINAL1-CR671-FINAL1-occt/inc/TCollection_IndexedMapNode.gxx
+M TCollection:pubinclude:TCollection_IndexedMapNode.lxx /misc/dn61/LocalWOK/wok_entities/LOC/dev/CR671-FINAL1-CR671-FINAL1-occt/inc/TCollection_IndexedMapNode.lxx
+M TCollection:pubinclude:TCollection_IndexedDataMap.gxx /misc/dn61/LocalWOK/wok_entities/LOC/dev/CR671-FINAL1-CR671-FINAL1-occt/inc/TCollection_IndexedDataMap.gxx
+M TCollection:pubinclude:TCollection_IndexedDataMapNode.gxx /misc/dn61/LocalWOK/wok_entities/LOC/dev/CR671-FINAL1-CR671-FINAL1-occt/inc/TCollection_IndexedDataMapNode.gxx
+M TCollection:pubinclude:TCollection_IndexedDataMapNode.lxx /misc/dn61/LocalWOK/wok_entities/LOC/dev/CR671-FINAL1-CR671-FINAL1-occt/inc/TCollection_IndexedDataMapNode.lxx
+M TCollection:pubinclude:TCollection_AVLBaseNode.lxx /misc/dn61/LocalWOK/wok_entities/LOC/dev/CR671-FINAL1-CR671-FINAL1-occt/inc/TCollection_AVLBaseNode.lxx
+M TCollection:pubinclude:TCollection_AVLSearchTree.gxx /misc/dn61/LocalWOK/wok_entities/LOC/dev/CR671-FINAL1-CR671-FINAL1-occt/inc/TCollection_AVLSearchTree.gxx
+M TCollection:pubinclude:TCollection_AVLSearchTree.lxx /misc/dn61/LocalWOK/wok_entities/LOC/dev/CR671-FINAL1-CR671-FINAL1-occt/inc/TCollection_AVLSearchTree.lxx
+M TCollection:pubinclude:TCollection_AVLNode.gxx /misc/dn61/LocalWOK/wok_entities/LOC/dev/CR671-FINAL1-CR671-FINAL1-occt/inc/TCollection_AVLNode.gxx
+M TCollection:pubinclude:TCollection_AVLNode.lxx /misc/dn61/LocalWOK/wok_entities/LOC/dev/CR671-FINAL1-CR671-FINAL1-occt/inc/TCollection_AVLNode.lxx
+M TCollection:pubinclude:TCollection_AVLList.gxx /misc/dn61/LocalWOK/wok_entities/LOC/dev/CR671-FINAL1-CR671-FINAL1-occt/inc/TCollection_AVLList.gxx
+M TCollection:pubinclude:TCollection_AVLList.lxx /misc/dn61/LocalWOK/wok_entities/LOC/dev/CR671-FINAL1-CR671-FINAL1-occt/inc/TCollection_AVLList.lxx
+M TCollection:pubinclude:TCollection_AVLIterator.gxx /misc/dn61/LocalWOK/wok_entities/LOC/dev/CR671-FINAL1-CR671-FINAL1-occt/inc/TCollection_AVLIterator.gxx
+M TCollection:pubinclude:TCollection_AVLIterator.lxx /misc/dn61/LocalWOK/wok_entities/LOC/dev/CR671-FINAL1-CR671-FINAL1-occt/inc/TCollection_AVLIterator.lxx
+M TCollection:dbadmfile:TCollection_obj_inc.In /misc/dn61/LocalWOK/wok_entities/LOC/dev/CR671-FINAL1-CR671-FINAL1-occt/drv/TCollection/.adm/TCollection_obj_inc.In
+M TCollection:dbadmfile:TCollection_obj_inc.Out /misc/dn61/LocalWOK/wok_entities/LOC/dev/CR671-FINAL1-CR671-FINAL1-occt/drv/TCollection/.adm/TCollection_obj_inc.Out
+M TCollection:dbadmfile:TCollection_obj_inc.Dep /misc/dn61/LocalWOK/wok_entities/LOC/dev/CR671-FINAL1-CR671-FINAL1-occt/drv/TCollection/.adm/TCollection_obj_inc.Dep
