+M BRepGProp:pubinclude:BRepGProp.hxx /misc/dn61/LocalWOK/wok_entities/LOC/dev/CR671-FINAL1-CR671-FINAL1-occt/inc/BRepGProp.hxx
+M BRepGProp:privinclude:BRepGProp.jxx /misc/dn61/LocalWOK/wok_entities/LOC/dev/CR671-FINAL1-CR671-FINAL1-occt/drv/BRepGProp/BRepGProp.jxx
+M BRepGProp:privinclude:BRepGProp.ixx /misc/dn61/LocalWOK/wok_entities/LOC/dev/CR671-FINAL1-CR671-FINAL1-occt/drv/BRepGProp/BRepGProp.ixx
+M BRepGProp:pubinclude:BRepGProp_EdgeTool.hxx /misc/dn61/LocalWOK/wok_entities/LOC/dev/CR671-FINAL1-CR671-FINAL1-occt/inc/BRepGProp_EdgeTool.hxx
+M BRepGProp:privinclude:BRepGProp_EdgeTool.jxx /misc/dn61/LocalWOK/wok_entities/LOC/dev/CR671-FINAL1-CR671-FINAL1-occt/drv/BRepGProp/BRepGProp_EdgeTool.jxx
+M BRepGProp:privinclude:BRepGProp_EdgeTool.ixx /misc/dn61/LocalWOK/wok_entities/LOC/dev/CR671-FINAL1-CR671-FINAL1-occt/drv/BRepGProp/BRepGProp_EdgeTool.ixx
+M BRepGProp:pubinclude:BRepGProp_Face.hxx /misc/dn61/LocalWOK/wok_entities/LOC/dev/CR671-FINAL1-CR671-FINAL1-occt/inc/BRepGProp_Face.hxx
+M BRepGProp:privinclude:BRepGProp_Face.jxx /misc/dn61/LocalWOK/wok_entities/LOC/dev/CR671-FINAL1-CR671-FINAL1-occt/drv/BRepGProp/BRepGProp_Face.jxx
+M BRepGProp:privinclude:BRepGProp_Face.ixx /misc/dn61/LocalWOK/wok_entities/LOC/dev/CR671-FINAL1-CR671-FINAL1-occt/drv/BRepGProp/BRepGProp_Face.ixx
+M BRepGProp:pubinclude:BRepGProp_Domain.hxx /misc/dn61/LocalWOK/wok_entities/LOC/dev/CR671-FINAL1-CR671-FINAL1-occt/inc/BRepGProp_Domain.hxx
+M BRepGProp:privinclude:BRepGProp_Domain.jxx /misc/dn61/LocalWOK/wok_entities/LOC/dev/CR671-FINAL1-CR671-FINAL1-occt/drv/BRepGProp/BRepGProp_Domain.jxx
+M BRepGProp:privinclude:BRepGProp_Domain.ixx /misc/dn61/LocalWOK/wok_entities/LOC/dev/CR671-FINAL1-CR671-FINAL1-occt/drv/BRepGProp/BRepGProp_Domain.ixx
+M BRepGProp:pubinclude:BRepGProp_Cinert.hxx /misc/dn61/LocalWOK/wok_entities/LOC/dev/CR671-FINAL1-CR671-FINAL1-occt/inc/BRepGProp_Cinert.hxx
+M BRepGProp:derivated:BRepGProp_Cinert_0.cxx /misc/dn61/LocalWOK/wok_entities/LOC/dev/CR671-FINAL1-CR671-FINAL1-occt/drv/BRepGProp/BRepGProp_Cinert_0.cxx
+M BRepGProp:pubinclude:BRepGProp_Sinert.hxx /misc/dn61/LocalWOK/wok_entities/LOC/dev/CR671-FINAL1-CR671-FINAL1-occt/inc/BRepGProp_Sinert.hxx
+M BRepGProp:derivated:BRepGProp_Sinert_0.cxx /misc/dn61/LocalWOK/wok_entities/LOC/dev/CR671-FINAL1-CR671-FINAL1-occt/drv/BRepGProp/BRepGProp_Sinert_0.cxx
+M BRepGProp:pubinclude:BRepGProp_Vinert.hxx /misc/dn61/LocalWOK/wok_entities/LOC/dev/CR671-FINAL1-CR671-FINAL1-occt/inc/BRepGProp_Vinert.hxx
+M BRepGProp:derivated:BRepGProp_Vinert_0.cxx /misc/dn61/LocalWOK/wok_entities/LOC/dev/CR671-FINAL1-CR671-FINAL1-occt/drv/BRepGProp/BRepGProp_Vinert_0.cxx
+M BRepGProp:pubinclude:BRepGProp_VinertGK.hxx /misc/dn61/LocalWOK/wok_entities/LOC/dev/CR671-FINAL1-CR671-FINAL1-occt/inc/BRepGProp_VinertGK.hxx
+M BRepGProp:derivated:BRepGProp_VinertGK_0.cxx /misc/dn61/LocalWOK/wok_entities/LOC/dev/CR671-FINAL1-CR671-FINAL1-occt/drv/BRepGProp/BRepGProp_VinertGK_0.cxx
+M BRepGProp:pubinclude:BRepGProp_UFunctionOfVinertGK.hxx /misc/dn61/LocalWOK/wok_entities/LOC/dev/CR671-FINAL1-CR671-FINAL1-occt/inc/BRepGProp_UFunctionOfVinertGK.hxx
+M BRepGProp:derivated:BRepGProp_UFunctionOfVinertGK_0.cxx /misc/dn61/LocalWOK/wok_entities/LOC/dev/CR671-FINAL1-CR671-FINAL1-occt/drv/BRepGProp/BRepGProp_UFunctionOfVinertGK_0.cxx
+M BRepGProp:pubinclude:BRepGProp_TFunctionOfVinertGK.hxx /misc/dn61/LocalWOK/wok_entities/LOC/dev/CR671-FINAL1-CR671-FINAL1-occt/inc/BRepGProp_TFunctionOfVinertGK.hxx
+M BRepGProp:derivated:BRepGProp_TFunctionOfVinertGK_0.cxx /misc/dn61/LocalWOK/wok_entities/LOC/dev/CR671-FINAL1-CR671-FINAL1-occt/drv/BRepGProp/BRepGProp_TFunctionOfVinertGK_0.cxx
+M BRepGProp:dbadmfile:BRepGProp_xcpp_header.In /misc/dn61/LocalWOK/wok_entities/LOC/dev/CR671-FINAL1-CR671-FINAL1-occt/drv/BRepGProp/.adm/BRepGProp_xcpp_header.In
+M BRepGProp:dbadmfile:BRepGProp_xcpp_header.Out /misc/dn61/LocalWOK/wok_entities/LOC/dev/CR671-FINAL1-CR671-FINAL1-occt/drv/BRepGProp/.adm/BRepGProp_xcpp_header.Out
+M BRepGProp:dbadmfile:BRepGProp_xcpp_header.Dep /misc/dn61/LocalWOK/wok_entities/LOC/dev/CR671-FINAL1-CR671-FINAL1-occt/drv/BRepGProp/.adm/BRepGProp_xcpp_header.Dep
