+M TColStd:pubinclude:Handle_TColStd_HPackedMapOfInteger.hxx /misc/dn61/LocalWOK/wok_entities/LOC/dev/CR671-FINAL1-CR671-FINAL1-occt/inc/Handle_TColStd_HPackedMapOfInteger.hxx
+M TColStd:pubinclude:TColStd_HPackedMapOfInteger.hxx /misc/dn61/LocalWOK/wok_entities/LOC/dev/CR671-FINAL1-CR671-FINAL1-occt/inc/TColStd_HPackedMapOfInteger.hxx
+M TColStd:privinclude:TColStd_HPackedMapOfInteger.jxx /misc/dn61/LocalWOK/wok_entities/LOC/dev/CR671-FINAL1-CR671-FINAL1-occt/drv/TColStd/TColStd_HPackedMapOfInteger.jxx
+M TColStd:privinclude:TColStd_HPackedMapOfInteger.ixx /misc/dn61/LocalWOK/wok_entities/LOC/dev/CR671-FINAL1-CR671-FINAL1-occt/drv/TColStd/TColStd_HPackedMapOfInteger.ixx
+M TColStd:pubinclude:TColStd_Array1OfInteger.hxx /misc/dn61/LocalWOK/wok_entities/LOC/dev/CR671-FINAL1-CR671-FINAL1-occt/inc/TColStd_Array1OfInteger.hxx
+M TColStd:derivated:TColStd_Array1OfInteger_0.cxx /misc/dn61/LocalWOK/wok_entities/LOC/dev/CR671-FINAL1-CR671-FINAL1-occt/drv/TColStd/TColStd_Array1OfInteger_0.cxx
+M TColStd:pubinclude:TColStd_Array1OfReal.hxx /misc/dn61/LocalWOK/wok_entities/LOC/dev/CR671-FINAL1-CR671-FINAL1-occt/inc/TColStd_Array1OfReal.hxx
+M TColStd:derivated:TColStd_Array1OfReal_0.cxx /misc/dn61/LocalWOK/wok_entities/LOC/dev/CR671-FINAL1-CR671-FINAL1-occt/drv/TColStd/TColStd_Array1OfReal_0.cxx
+M TColStd:pubinclude:TColStd_Array1OfCharacter.hxx /misc/dn61/LocalWOK/wok_entities/LOC/dev/CR671-FINAL1-CR671-FINAL1-occt/inc/TColStd_Array1OfCharacter.hxx
+M TColStd:derivated:TColStd_Array1OfCharacter_0.cxx /misc/dn61/LocalWOK/wok_entities/LOC/dev/CR671-FINAL1-CR671-FINAL1-occt/drv/TColStd/TColStd_Array1OfCharacter_0.cxx
+M TColStd:pubinclude:TColStd_Array1OfBoolean.hxx /misc/dn61/LocalWOK/wok_entities/LOC/dev/CR671-FINAL1-CR671-FINAL1-occt/inc/TColStd_Array1OfBoolean.hxx
+M TColStd:derivated:TColStd_Array1OfBoolean_0.cxx /misc/dn61/LocalWOK/wok_entities/LOC/dev/CR671-FINAL1-CR671-FINAL1-occt/drv/TColStd/TColStd_Array1OfBoolean_0.cxx
+M TColStd:pubinclude:TColStd_Array1OfAsciiString.hxx /misc/dn61/LocalWOK/wok_entities/LOC/dev/CR671-FINAL1-CR671-FINAL1-occt/inc/TColStd_Array1OfAsciiString.hxx
+M TColStd:derivated:TColStd_Array1OfAsciiString_0.cxx /misc/dn61/LocalWOK/wok_entities/LOC/dev/CR671-FINAL1-CR671-FINAL1-occt/drv/TColStd/TColStd_Array1OfAsciiString_0.cxx
+M TColStd:pubinclude:TColStd_Array1OfExtendedString.hxx /misc/dn61/LocalWOK/wok_entities/LOC/dev/CR671-FINAL1-CR671-FINAL1-occt/inc/TColStd_Array1OfExtendedString.hxx
+M TColStd:derivated:TColStd_Array1OfExtendedString_0.cxx /misc/dn61/LocalWOK/wok_entities/LOC/dev/CR671-FINAL1-CR671-FINAL1-occt/drv/TColStd/TColStd_Array1OfExtendedString_0.cxx
+M TColStd:pubinclude:TColStd_Array1OfTransient.hxx /misc/dn61/LocalWOK/wok_entities/LOC/dev/CR671-FINAL1-CR671-FINAL1-occt/inc/TColStd_Array1OfTransient.hxx
+M TColStd:derivated:TColStd_Array1OfTransient_0.cxx /misc/dn61/LocalWOK/wok_entities/LOC/dev/CR671-FINAL1-CR671-FINAL1-occt/drv/TColStd/TColStd_Array1OfTransient_0.cxx
+M TColStd:pubinclude:TColStd_Array1OfByte.hxx /misc/dn61/LocalWOK/wok_entities/LOC/dev/CR671-FINAL1-CR671-FINAL1-occt/inc/TColStd_Array1OfByte.hxx
+M TColStd:derivated:TColStd_Array1OfByte_0.cxx /misc/dn61/LocalWOK/wok_entities/LOC/dev/CR671-FINAL1-CR671-FINAL1-occt/drv/TColStd/TColStd_Array1OfByte_0.cxx
+M TColStd:pubinclude:Handle_TColStd_HArray1OfInteger.hxx /misc/dn61/LocalWOK/wok_entities/LOC/dev/CR671-FINAL1-CR671-FINAL1-occt/inc/Handle_TColStd_HArray1OfInteger.hxx
+M TColStd:pubinclude:TColStd_HArray1OfInteger.hxx /misc/dn61/LocalWOK/wok_entities/LOC/dev/CR671-FINAL1-CR671-FINAL1-occt/inc/TColStd_HArray1OfInteger.hxx
+M TColStd:derivated:TColStd_HArray1OfInteger_0.cxx /misc/dn61/LocalWOK/wok_entities/LOC/dev/CR671-FINAL1-CR671-FINAL1-occt/drv/TColStd/TColStd_HArray1OfInteger_0.cxx
+M TColStd:pubinclude:Handle_TColStd_HArray1OfReal.hxx /misc/dn61/LocalWOK/wok_entities/LOC/dev/CR671-FINAL1-CR671-FINAL1-occt/inc/Handle_TColStd_HArray1OfReal.hxx
+M TColStd:pubinclude:TColStd_HArray1OfReal.hxx /misc/dn61/LocalWOK/wok_entities/LOC/dev/CR671-FINAL1-CR671-FINAL1-occt/inc/TColStd_HArray1OfReal.hxx
+M TColStd:derivated:TColStd_HArray1OfReal_0.cxx /misc/dn61/LocalWOK/wok_entities/LOC/dev/CR671-FINAL1-CR671-FINAL1-occt/drv/TColStd/TColStd_HArray1OfReal_0.cxx
+M TColStd:pubinclude:Handle_TColStd_HArray1OfCharacter.hxx /misc/dn61/LocalWOK/wok_entities/LOC/dev/CR671-FINAL1-CR671-FINAL1-occt/inc/Handle_TColStd_HArray1OfCharacter.hxx
+M TColStd:pubinclude:TColStd_HArray1OfCharacter.hxx /misc/dn61/LocalWOK/wok_entities/LOC/dev/CR671-FINAL1-CR671-FINAL1-occt/inc/TColStd_HArray1OfCharacter.hxx
+M TColStd:derivated:TColStd_HArray1OfCharacter_0.cxx /misc/dn61/LocalWOK/wok_entities/LOC/dev/CR671-FINAL1-CR671-FINAL1-occt/drv/TColStd/TColStd_HArray1OfCharacter_0.cxx
+M TColStd:pubinclude:Handle_TColStd_HArray1OfBoolean.hxx /misc/dn61/LocalWOK/wok_entities/LOC/dev/CR671-FINAL1-CR671-FINAL1-occt/inc/Handle_TColStd_HArray1OfBoolean.hxx
+M TColStd:pubinclude:TColStd_HArray1OfBoolean.hxx /misc/dn61/LocalWOK/wok_entities/LOC/dev/CR671-FINAL1-CR671-FINAL1-occt/inc/TColStd_HArray1OfBoolean.hxx
+M TColStd:derivated:TColStd_HArray1OfBoolean_0.cxx /misc/dn61/LocalWOK/wok_entities/LOC/dev/CR671-FINAL1-CR671-FINAL1-occt/drv/TColStd/TColStd_HArray1OfBoolean_0.cxx
+M TColStd:pubinclude:Handle_TColStd_HArray1OfAsciiString.hxx /misc/dn61/LocalWOK/wok_entities/LOC/dev/CR671-FINAL1-CR671-FINAL1-occt/inc/Handle_TColStd_HArray1OfAsciiString.hxx
+M TColStd:pubinclude:TColStd_HArray1OfAsciiString.hxx /misc/dn61/LocalWOK/wok_entities/LOC/dev/CR671-FINAL1-CR671-FINAL1-occt/inc/TColStd_HArray1OfAsciiString.hxx
+M TColStd:derivated:TColStd_HArray1OfAsciiString_0.cxx /misc/dn61/LocalWOK/wok_entities/LOC/dev/CR671-FINAL1-CR671-FINAL1-occt/drv/TColStd/TColStd_HArray1OfAsciiString_0.cxx
+M TColStd:pubinclude:Handle_TColStd_HArray1OfExtendedString.hxx /misc/dn61/LocalWOK/wok_entities/LOC/dev/CR671-FINAL1-CR671-FINAL1-occt/inc/Handle_TColStd_HArray1OfExtendedString.hxx
+M TColStd:pubinclude:TColStd_HArray1OfExtendedString.hxx /misc/dn61/LocalWOK/wok_entities/LOC/dev/CR671-FINAL1-CR671-FINAL1-occt/inc/TColStd_HArray1OfExtendedString.hxx
+M TColStd:derivated:TColStd_HArray1OfExtendedString_0.cxx /misc/dn61/LocalWOK/wok_entities/LOC/dev/CR671-FINAL1-CR671-FINAL1-occt/drv/TColStd/TColStd_HArray1OfExtendedString_0.cxx
+M TColStd:pubinclude:Handle_TColStd_HArray1OfTransient.hxx /misc/dn61/LocalWOK/wok_entities/LOC/dev/CR671-FINAL1-CR671-FINAL1-occt/inc/Handle_TColStd_HArray1OfTransient.hxx
+M TColStd:pubinclude:TColStd_HArray1OfTransient.hxx /misc/dn61/LocalWOK/wok_entities/LOC/dev/CR671-FINAL1-CR671-FINAL1-occt/inc/TColStd_HArray1OfTransient.hxx
+M TColStd:derivated:TColStd_HArray1OfTransient_0.cxx /misc/dn61/LocalWOK/wok_entities/LOC/dev/CR671-FINAL1-CR671-FINAL1-occt/drv/TColStd/TColStd_HArray1OfTransient_0.cxx
+M TColStd:pubinclude:Handle_TColStd_HArray1OfByte.hxx /misc/dn61/LocalWOK/wok_entities/LOC/dev/CR671-FINAL1-CR671-FINAL1-occt/inc/Handle_TColStd_HArray1OfByte.hxx
+M TColStd:pubinclude:TColStd_HArray1OfByte.hxx /misc/dn61/LocalWOK/wok_entities/LOC/dev/CR671-FINAL1-CR671-FINAL1-occt/inc/TColStd_HArray1OfByte.hxx
+M TColStd:derivated:TColStd_HArray1OfByte_0.cxx /misc/dn61/LocalWOK/wok_entities/LOC/dev/CR671-FINAL1-CR671-FINAL1-occt/drv/TColStd/TColStd_HArray1OfByte_0.cxx
+M TColStd:pubinclude:TColStd_Array2OfInteger.hxx /misc/dn61/LocalWOK/wok_entities/LOC/dev/CR671-FINAL1-CR671-FINAL1-occt/inc/TColStd_Array2OfInteger.hxx
+M TColStd:derivated:TColStd_Array2OfInteger_0.cxx /misc/dn61/LocalWOK/wok_entities/LOC/dev/CR671-FINAL1-CR671-FINAL1-occt/drv/TColStd/TColStd_Array2OfInteger_0.cxx
+M TColStd:pubinclude:TColStd_Array2OfReal.hxx /misc/dn61/LocalWOK/wok_entities/LOC/dev/CR671-FINAL1-CR671-FINAL1-occt/inc/TColStd_Array2OfReal.hxx
+M TColStd:derivated:TColStd_Array2OfReal_0.cxx /misc/dn61/LocalWOK/wok_entities/LOC/dev/CR671-FINAL1-CR671-FINAL1-occt/drv/TColStd/TColStd_Array2OfReal_0.cxx
+M TColStd:pubinclude:TColStd_Array2OfCharacter.hxx /misc/dn61/LocalWOK/wok_entities/LOC/dev/CR671-FINAL1-CR671-FINAL1-occt/inc/TColStd_Array2OfCharacter.hxx
+M TColStd:derivated:TColStd_Array2OfCharacter_0.cxx /misc/dn61/LocalWOK/wok_entities/LOC/dev/CR671-FINAL1-CR671-FINAL1-occt/drv/TColStd/TColStd_Array2OfCharacter_0.cxx
+M TColStd:pubinclude:TColStd_Array2OfBoolean.hxx /misc/dn61/LocalWOK/wok_entities/LOC/dev/CR671-FINAL1-CR671-FINAL1-occt/inc/TColStd_Array2OfBoolean.hxx
+M TColStd:derivated:TColStd_Array2OfBoolean_0.cxx /misc/dn61/LocalWOK/wok_entities/LOC/dev/CR671-FINAL1-CR671-FINAL1-occt/drv/TColStd/TColStd_Array2OfBoolean_0.cxx
+M TColStd:pubinclude:TColStd_Array2OfTransient.hxx /misc/dn61/LocalWOK/wok_entities/LOC/dev/CR671-FINAL1-CR671-FINAL1-occt/inc/TColStd_Array2OfTransient.hxx
+M TColStd:derivated:TColStd_Array2OfTransient_0.cxx /misc/dn61/LocalWOK/wok_entities/LOC/dev/CR671-FINAL1-CR671-FINAL1-occt/drv/TColStd/TColStd_Array2OfTransient_0.cxx
+M TColStd:pubinclude:Handle_TColStd_HArray2OfInteger.hxx /misc/dn61/LocalWOK/wok_entities/LOC/dev/CR671-FINAL1-CR671-FINAL1-occt/inc/Handle_TColStd_HArray2OfInteger.hxx
+M TColStd:pubinclude:TColStd_HArray2OfInteger.hxx /misc/dn61/LocalWOK/wok_entities/LOC/dev/CR671-FINAL1-CR671-FINAL1-occt/inc/TColStd_HArray2OfInteger.hxx
+M TColStd:derivated:TColStd_HArray2OfInteger_0.cxx /misc/dn61/LocalWOK/wok_entities/LOC/dev/CR671-FINAL1-CR671-FINAL1-occt/drv/TColStd/TColStd_HArray2OfInteger_0.cxx
+M TColStd:pubinclude:Handle_TColStd_HArray2OfReal.hxx /misc/dn61/LocalWOK/wok_entities/LOC/dev/CR671-FINAL1-CR671-FINAL1-occt/inc/Handle_TColStd_HArray2OfReal.hxx
+M TColStd:pubinclude:TColStd_HArray2OfReal.hxx /misc/dn61/LocalWOK/wok_entities/LOC/dev/CR671-FINAL1-CR671-FINAL1-occt/inc/TColStd_HArray2OfReal.hxx
+M TColStd:derivated:TColStd_HArray2OfReal_0.cxx /misc/dn61/LocalWOK/wok_entities/LOC/dev/CR671-FINAL1-CR671-FINAL1-occt/drv/TColStd/TColStd_HArray2OfReal_0.cxx
+M TColStd:pubinclude:Handle_TColStd_HArray2OfCharacter.hxx /misc/dn61/LocalWOK/wok_entities/LOC/dev/CR671-FINAL1-CR671-FINAL1-occt/inc/Handle_TColStd_HArray2OfCharacter.hxx
+M TColStd:pubinclude:TColStd_HArray2OfCharacter.hxx /misc/dn61/LocalWOK/wok_entities/LOC/dev/CR671-FINAL1-CR671-FINAL1-occt/inc/TColStd_HArray2OfCharacter.hxx
+M TColStd:derivated:TColStd_HArray2OfCharacter_0.cxx /misc/dn61/LocalWOK/wok_entities/LOC/dev/CR671-FINAL1-CR671-FINAL1-occt/drv/TColStd/TColStd_HArray2OfCharacter_0.cxx
+M TColStd:pubinclude:Handle_TColStd_HArray2OfBoolean.hxx /misc/dn61/LocalWOK/wok_entities/LOC/dev/CR671-FINAL1-CR671-FINAL1-occt/inc/Handle_TColStd_HArray2OfBoolean.hxx
+M TColStd:pubinclude:TColStd_HArray2OfBoolean.hxx /misc/dn61/LocalWOK/wok_entities/LOC/dev/CR671-FINAL1-CR671-FINAL1-occt/inc/TColStd_HArray2OfBoolean.hxx
+M TColStd:derivated:TColStd_HArray2OfBoolean_0.cxx /misc/dn61/LocalWOK/wok_entities/LOC/dev/CR671-FINAL1-CR671-FINAL1-occt/drv/TColStd/TColStd_HArray2OfBoolean_0.cxx
+M TColStd:pubinclude:Handle_TColStd_HArray2OfTransient.hxx /misc/dn61/LocalWOK/wok_entities/LOC/dev/CR671-FINAL1-CR671-FINAL1-occt/inc/Handle_TColStd_HArray2OfTransient.hxx
+M TColStd:pubinclude:TColStd_HArray2OfTransient.hxx /misc/dn61/LocalWOK/wok_entities/LOC/dev/CR671-FINAL1-CR671-FINAL1-occt/inc/TColStd_HArray2OfTransient.hxx
+M TColStd:derivated:TColStd_HArray2OfTransient_0.cxx /misc/dn61/LocalWOK/wok_entities/LOC/dev/CR671-FINAL1-CR671-FINAL1-occt/drv/TColStd/TColStd_HArray2OfTransient_0.cxx
+M TColStd:pubinclude:TColStd_SequenceOfInteger.hxx /misc/dn61/LocalWOK/wok_entities/LOC/dev/CR671-FINAL1-CR671-FINAL1-occt/inc/TColStd_SequenceOfInteger.hxx
+M TColStd:derivated:TColStd_SequenceOfInteger_0.cxx /misc/dn61/LocalWOK/wok_entities/LOC/dev/CR671-FINAL1-CR671-FINAL1-occt/drv/TColStd/TColStd_SequenceOfInteger_0.cxx
+M TColStd:pubinclude:TColStd_SequenceOfReal.hxx /misc/dn61/LocalWOK/wok_entities/LOC/dev/CR671-FINAL1-CR671-FINAL1-occt/inc/TColStd_SequenceOfReal.hxx
+M TColStd:derivated:TColStd_SequenceOfReal_0.cxx /misc/dn61/LocalWOK/wok_entities/LOC/dev/CR671-FINAL1-CR671-FINAL1-occt/drv/TColStd/TColStd_SequenceOfReal_0.cxx
+M TColStd:pubinclude:TColStd_SequenceOfAsciiString.hxx /misc/dn61/LocalWOK/wok_entities/LOC/dev/CR671-FINAL1-CR671-FINAL1-occt/inc/TColStd_SequenceOfAsciiString.hxx
+M TColStd:derivated:TColStd_SequenceOfAsciiString_0.cxx /misc/dn61/LocalWOK/wok_entities/LOC/dev/CR671-FINAL1-CR671-FINAL1-occt/drv/TColStd/TColStd_SequenceOfAsciiString_0.cxx
+M TColStd:pubinclude:TColStd_SequenceOfHAsciiString.hxx /misc/dn61/LocalWOK/wok_entities/LOC/dev/CR671-FINAL1-CR671-FINAL1-occt/inc/TColStd_SequenceOfHAsciiString.hxx
+M TColStd:derivated:TColStd_SequenceOfHAsciiString_0.cxx /misc/dn61/LocalWOK/wok_entities/LOC/dev/CR671-FINAL1-CR671-FINAL1-occt/drv/TColStd/TColStd_SequenceOfHAsciiString_0.cxx
+M TColStd:pubinclude:TColStd_SequenceOfExtendedString.hxx /misc/dn61/LocalWOK/wok_entities/LOC/dev/CR671-FINAL1-CR671-FINAL1-occt/inc/TColStd_SequenceOfExtendedString.hxx
+M TColStd:derivated:TColStd_SequenceOfExtendedString_0.cxx /misc/dn61/LocalWOK/wok_entities/LOC/dev/CR671-FINAL1-CR671-FINAL1-occt/drv/TColStd/TColStd_SequenceOfExtendedString_0.cxx
+M TColStd:pubinclude:TColStd_SequenceOfHExtendedString.hxx /misc/dn61/LocalWOK/wok_entities/LOC/dev/CR671-FINAL1-CR671-FINAL1-occt/inc/TColStd_SequenceOfHExtendedString.hxx
+M TColStd:derivated:TColStd_SequenceOfHExtendedString_0.cxx /misc/dn61/LocalWOK/wok_entities/LOC/dev/CR671-FINAL1-CR671-FINAL1-occt/drv/TColStd/TColStd_SequenceOfHExtendedString_0.cxx
+M TColStd:pubinclude:TColStd_SequenceOfTransient.hxx /misc/dn61/LocalWOK/wok_entities/LOC/dev/CR671-FINAL1-CR671-FINAL1-occt/inc/TColStd_SequenceOfTransient.hxx
+M TColStd:derivated:TColStd_SequenceOfTransient_0.cxx /misc/dn61/LocalWOK/wok_entities/LOC/dev/CR671-FINAL1-CR671-FINAL1-occt/drv/TColStd/TColStd_SequenceOfTransient_0.cxx
+M TColStd:pubinclude:TColStd_SequenceOfAddress.hxx /misc/dn61/LocalWOK/wok_entities/LOC/dev/CR671-FINAL1-CR671-FINAL1-occt/inc/TColStd_SequenceOfAddress.hxx
+M TColStd:derivated:TColStd_SequenceOfAddress_0.cxx /misc/dn61/LocalWOK/wok_entities/LOC/dev/CR671-FINAL1-CR671-FINAL1-occt/drv/TColStd/TColStd_SequenceOfAddress_0.cxx
+M TColStd:pubinclude:TColStd_SequenceOfBoolean.hxx /misc/dn61/LocalWOK/wok_entities/LOC/dev/CR671-FINAL1-CR671-FINAL1-occt/inc/TColStd_SequenceOfBoolean.hxx
+M TColStd:derivated:TColStd_SequenceOfBoolean_0.cxx /misc/dn61/LocalWOK/wok_entities/LOC/dev/CR671-FINAL1-CR671-FINAL1-occt/drv/TColStd/TColStd_SequenceOfBoolean_0.cxx
+M TColStd:pubinclude:Handle_TColStd_HSequenceOfInteger.hxx /misc/dn61/LocalWOK/wok_entities/LOC/dev/CR671-FINAL1-CR671-FINAL1-occt/inc/Handle_TColStd_HSequenceOfInteger.hxx
+M TColStd:pubinclude:TColStd_HSequenceOfInteger.hxx /misc/dn61/LocalWOK/wok_entities/LOC/dev/CR671-FINAL1-CR671-FINAL1-occt/inc/TColStd_HSequenceOfInteger.hxx
+M TColStd:derivated:TColStd_HSequenceOfInteger_0.cxx /misc/dn61/LocalWOK/wok_entities/LOC/dev/CR671-FINAL1-CR671-FINAL1-occt/drv/TColStd/TColStd_HSequenceOfInteger_0.cxx
+M TColStd:pubinclude:Handle_TColStd_HSequenceOfReal.hxx /misc/dn61/LocalWOK/wok_entities/LOC/dev/CR671-FINAL1-CR671-FINAL1-occt/inc/Handle_TColStd_HSequenceOfReal.hxx
+M TColStd:pubinclude:TColStd_HSequenceOfReal.hxx /misc/dn61/LocalWOK/wok_entities/LOC/dev/CR671-FINAL1-CR671-FINAL1-occt/inc/TColStd_HSequenceOfReal.hxx
+M TColStd:derivated:TColStd_HSequenceOfReal_0.cxx /misc/dn61/LocalWOK/wok_entities/LOC/dev/CR671-FINAL1-CR671-FINAL1-occt/drv/TColStd/TColStd_HSequenceOfReal_0.cxx
+M TColStd:pubinclude:Handle_TColStd_HSequenceOfAsciiString.hxx /misc/dn61/LocalWOK/wok_entities/LOC/dev/CR671-FINAL1-CR671-FINAL1-occt/inc/Handle_TColStd_HSequenceOfAsciiString.hxx
+M TColStd:pubinclude:TColStd_HSequenceOfAsciiString.hxx /misc/dn61/LocalWOK/wok_entities/LOC/dev/CR671-FINAL1-CR671-FINAL1-occt/inc/TColStd_HSequenceOfAsciiString.hxx
+M TColStd:derivated:TColStd_HSequenceOfAsciiString_0.cxx /misc/dn61/LocalWOK/wok_entities/LOC/dev/CR671-FINAL1-CR671-FINAL1-occt/drv/TColStd/TColStd_HSequenceOfAsciiString_0.cxx
+M TColStd:pubinclude:Handle_TColStd_HSequenceOfHAsciiString.hxx /misc/dn61/LocalWOK/wok_entities/LOC/dev/CR671-FINAL1-CR671-FINAL1-occt/inc/Handle_TColStd_HSequenceOfHAsciiString.hxx
+M TColStd:pubinclude:TColStd_HSequenceOfHAsciiString.hxx /misc/dn61/LocalWOK/wok_entities/LOC/dev/CR671-FINAL1-CR671-FINAL1-occt/inc/TColStd_HSequenceOfHAsciiString.hxx
+M TColStd:derivated:TColStd_HSequenceOfHAsciiString_0.cxx /misc/dn61/LocalWOK/wok_entities/LOC/dev/CR671-FINAL1-CR671-FINAL1-occt/drv/TColStd/TColStd_HSequenceOfHAsciiString_0.cxx
+M TColStd:pubinclude:Handle_TColStd_HSequenceOfExtendedString.hxx /misc/dn61/LocalWOK/wok_entities/LOC/dev/CR671-FINAL1-CR671-FINAL1-occt/inc/Handle_TColStd_HSequenceOfExtendedString.hxx
+M TColStd:pubinclude:TColStd_HSequenceOfExtendedString.hxx /misc/dn61/LocalWOK/wok_entities/LOC/dev/CR671-FINAL1-CR671-FINAL1-occt/inc/TColStd_HSequenceOfExtendedString.hxx
+M TColStd:derivated:TColStd_HSequenceOfExtendedString_0.cxx /misc/dn61/LocalWOK/wok_entities/LOC/dev/CR671-FINAL1-CR671-FINAL1-occt/drv/TColStd/TColStd_HSequenceOfExtendedString_0.cxx
+M TColStd:pubinclude:Handle_TColStd_HSequenceOfHExtendedString.hxx /misc/dn61/LocalWOK/wok_entities/LOC/dev/CR671-FINAL1-CR671-FINAL1-occt/inc/Handle_TColStd_HSequenceOfHExtendedString.hxx
+M TColStd:pubinclude:TColStd_HSequenceOfHExtendedString.hxx /misc/dn61/LocalWOK/wok_entities/LOC/dev/CR671-FINAL1-CR671-FINAL1-occt/inc/TColStd_HSequenceOfHExtendedString.hxx
+M TColStd:derivated:TColStd_HSequenceOfHExtendedString_0.cxx /misc/dn61/LocalWOK/wok_entities/LOC/dev/CR671-FINAL1-CR671-FINAL1-occt/drv/TColStd/TColStd_HSequenceOfHExtendedString_0.cxx
+M TColStd:pubinclude:Handle_TColStd_HSequenceOfTransient.hxx /misc/dn61/LocalWOK/wok_entities/LOC/dev/CR671-FINAL1-CR671-FINAL1-occt/inc/Handle_TColStd_HSequenceOfTransient.hxx
+M TColStd:pubinclude:TColStd_HSequenceOfTransient.hxx /misc/dn61/LocalWOK/wok_entities/LOC/dev/CR671-FINAL1-CR671-FINAL1-occt/inc/TColStd_HSequenceOfTransient.hxx
+M TColStd:derivated:TColStd_HSequenceOfTransient_0.cxx /misc/dn61/LocalWOK/wok_entities/LOC/dev/CR671-FINAL1-CR671-FINAL1-occt/drv/TColStd/TColStd_HSequenceOfTransient_0.cxx
+M TColStd:pubinclude:TColStd_SetOfInteger.hxx /misc/dn61/LocalWOK/wok_entities/LOC/dev/CR671-FINAL1-CR671-FINAL1-occt/inc/TColStd_SetOfInteger.hxx
+M TColStd:derivated:TColStd_SetOfInteger_0.cxx /misc/dn61/LocalWOK/wok_entities/LOC/dev/CR671-FINAL1-CR671-FINAL1-occt/drv/TColStd/TColStd_SetOfInteger_0.cxx
+M TColStd:pubinclude:TColStd_SetOfReal.hxx /misc/dn61/LocalWOK/wok_entities/LOC/dev/CR671-FINAL1-CR671-FINAL1-occt/inc/TColStd_SetOfReal.hxx
+M TColStd:derivated:TColStd_SetOfReal_0.cxx /misc/dn61/LocalWOK/wok_entities/LOC/dev/CR671-FINAL1-CR671-FINAL1-occt/drv/TColStd/TColStd_SetOfReal_0.cxx
+M TColStd:pubinclude:TColStd_SetOfTransient.hxx /misc/dn61/LocalWOK/wok_entities/LOC/dev/CR671-FINAL1-CR671-FINAL1-occt/inc/TColStd_SetOfTransient.hxx
+M TColStd:derivated:TColStd_SetOfTransient_0.cxx /misc/dn61/LocalWOK/wok_entities/LOC/dev/CR671-FINAL1-CR671-FINAL1-occt/drv/TColStd/TColStd_SetOfTransient_0.cxx
+M TColStd:pubinclude:Handle_TColStd_HSetOfInteger.hxx /misc/dn61/LocalWOK/wok_entities/LOC/dev/CR671-FINAL1-CR671-FINAL1-occt/inc/Handle_TColStd_HSetOfInteger.hxx
+M TColStd:pubinclude:TColStd_HSetOfInteger.hxx /misc/dn61/LocalWOK/wok_entities/LOC/dev/CR671-FINAL1-CR671-FINAL1-occt/inc/TColStd_HSetOfInteger.hxx
+M TColStd:derivated:TColStd_HSetOfInteger_0.cxx /misc/dn61/LocalWOK/wok_entities/LOC/dev/CR671-FINAL1-CR671-FINAL1-occt/drv/TColStd/TColStd_HSetOfInteger_0.cxx
+M TColStd:pubinclude:Handle_TColStd_HSetOfReal.hxx /misc/dn61/LocalWOK/wok_entities/LOC/dev/CR671-FINAL1-CR671-FINAL1-occt/inc/Handle_TColStd_HSetOfReal.hxx
+M TColStd:pubinclude:TColStd_HSetOfReal.hxx /misc/dn61/LocalWOK/wok_entities/LOC/dev/CR671-FINAL1-CR671-FINAL1-occt/inc/TColStd_HSetOfReal.hxx
+M TColStd:derivated:TColStd_HSetOfReal_0.cxx /misc/dn61/LocalWOK/wok_entities/LOC/dev/CR671-FINAL1-CR671-FINAL1-occt/drv/TColStd/TColStd_HSetOfReal_0.cxx
+M TColStd:pubinclude:Handle_TColStd_HSetOfTransient.hxx /misc/dn61/LocalWOK/wok_entities/LOC/dev/CR671-FINAL1-CR671-FINAL1-occt/inc/Handle_TColStd_HSetOfTransient.hxx
+M TColStd:pubinclude:TColStd_HSetOfTransient.hxx /misc/dn61/LocalWOK/wok_entities/LOC/dev/CR671-FINAL1-CR671-FINAL1-occt/inc/TColStd_HSetOfTransient.hxx
+M TColStd:derivated:TColStd_HSetOfTransient_0.cxx /misc/dn61/LocalWOK/wok_entities/LOC/dev/CR671-FINAL1-CR671-FINAL1-occt/drv/TColStd/TColStd_HSetOfTransient_0.cxx
+M TColStd:pubinclude:TColStd_ListOfInteger.hxx /misc/dn61/LocalWOK/wok_entities/LOC/dev/CR671-FINAL1-CR671-FINAL1-occt/inc/TColStd_ListOfInteger.hxx
+M TColStd:derivated:TColStd_ListOfInteger_0.cxx /misc/dn61/LocalWOK/wok_entities/LOC/dev/CR671-FINAL1-CR671-FINAL1-occt/drv/TColStd/TColStd_ListOfInteger_0.cxx
+M TColStd:pubinclude:TColStd_ListOfReal.hxx /misc/dn61/LocalWOK/wok_entities/LOC/dev/CR671-FINAL1-CR671-FINAL1-occt/inc/TColStd_ListOfReal.hxx
+M TColStd:derivated:TColStd_ListOfReal_0.cxx /misc/dn61/LocalWOK/wok_entities/LOC/dev/CR671-FINAL1-CR671-FINAL1-occt/drv/TColStd/TColStd_ListOfReal_0.cxx
+M TColStd:pubinclude:TColStd_ListOfTransient.hxx /misc/dn61/LocalWOK/wok_entities/LOC/dev/CR671-FINAL1-CR671-FINAL1-occt/inc/TColStd_ListOfTransient.hxx
+M TColStd:derivated:TColStd_ListOfTransient_0.cxx /misc/dn61/LocalWOK/wok_entities/LOC/dev/CR671-FINAL1-CR671-FINAL1-occt/drv/TColStd/TColStd_ListOfTransient_0.cxx
+M TColStd:pubinclude:TColStd_ListOfAsciiString.hxx /misc/dn61/LocalWOK/wok_entities/LOC/dev/CR671-FINAL1-CR671-FINAL1-occt/inc/TColStd_ListOfAsciiString.hxx
+M TColStd:derivated:TColStd_ListOfAsciiString_0.cxx /misc/dn61/LocalWOK/wok_entities/LOC/dev/CR671-FINAL1-CR671-FINAL1-occt/drv/TColStd/TColStd_ListOfAsciiString_0.cxx
+M TColStd:pubinclude:TColStd_StackOfInteger.hxx /misc/dn61/LocalWOK/wok_entities/LOC/dev/CR671-FINAL1-CR671-FINAL1-occt/inc/TColStd_StackOfInteger.hxx
+M TColStd:derivated:TColStd_StackOfInteger_0.cxx /misc/dn61/LocalWOK/wok_entities/LOC/dev/CR671-FINAL1-CR671-FINAL1-occt/drv/TColStd/TColStd_StackOfInteger_0.cxx
+M TColStd:pubinclude:TColStd_StackOfReal.hxx /misc/dn61/LocalWOK/wok_entities/LOC/dev/CR671-FINAL1-CR671-FINAL1-occt/inc/TColStd_StackOfReal.hxx
+M TColStd:derivated:TColStd_StackOfReal_0.cxx /misc/dn61/LocalWOK/wok_entities/LOC/dev/CR671-FINAL1-CR671-FINAL1-occt/drv/TColStd/TColStd_StackOfReal_0.cxx
+M TColStd:pubinclude:TColStd_StackOfTransient.hxx /misc/dn61/LocalWOK/wok_entities/LOC/dev/CR671-FINAL1-CR671-FINAL1-occt/inc/TColStd_StackOfTransient.hxx
+M TColStd:derivated:TColStd_StackOfTransient_0.cxx /misc/dn61/LocalWOK/wok_entities/LOC/dev/CR671-FINAL1-CR671-FINAL1-occt/drv/TColStd/TColStd_StackOfTransient_0.cxx
+M TColStd:pubinclude:TColStd_QueueOfInteger.hxx /misc/dn61/LocalWOK/wok_entities/LOC/dev/CR671-FINAL1-CR671-FINAL1-occt/inc/TColStd_QueueOfInteger.hxx
+M TColStd:derivated:TColStd_QueueOfInteger_0.cxx /misc/dn61/LocalWOK/wok_entities/LOC/dev/CR671-FINAL1-CR671-FINAL1-occt/drv/TColStd/TColStd_QueueOfInteger_0.cxx
+M TColStd:pubinclude:TColStd_QueueOfReal.hxx /misc/dn61/LocalWOK/wok_entities/LOC/dev/CR671-FINAL1-CR671-FINAL1-occt/inc/TColStd_QueueOfReal.hxx
+M TColStd:derivated:TColStd_QueueOfReal_0.cxx /misc/dn61/LocalWOK/wok_entities/LOC/dev/CR671-FINAL1-CR671-FINAL1-occt/drv/TColStd/TColStd_QueueOfReal_0.cxx
+M TColStd:pubinclude:TColStd_QueueOfTransient.hxx /misc/dn61/LocalWOK/wok_entities/LOC/dev/CR671-FINAL1-CR671-FINAL1-occt/inc/TColStd_QueueOfTransient.hxx
+M TColStd:derivated:TColStd_QueueOfTransient_0.cxx /misc/dn61/LocalWOK/wok_entities/LOC/dev/CR671-FINAL1-CR671-FINAL1-occt/drv/TColStd/TColStd_QueueOfTransient_0.cxx
+M TColStd:pubinclude:TColStd_MapIntegerHasher.hxx /misc/dn61/LocalWOK/wok_entities/LOC/dev/CR671-FINAL1-CR671-FINAL1-occt/inc/TColStd_MapIntegerHasher.hxx
+M TColStd:derivated:TColStd_MapIntegerHasher_0.cxx /misc/dn61/LocalWOK/wok_entities/LOC/dev/CR671-FINAL1-CR671-FINAL1-occt/drv/TColStd/TColStd_MapIntegerHasher_0.cxx
+M TColStd:pubinclude:TColStd_MapRealHasher.hxx /misc/dn61/LocalWOK/wok_entities/LOC/dev/CR671-FINAL1-CR671-FINAL1-occt/inc/TColStd_MapRealHasher.hxx
+M TColStd:derivated:TColStd_MapRealHasher_0.cxx /misc/dn61/LocalWOK/wok_entities/LOC/dev/CR671-FINAL1-CR671-FINAL1-occt/drv/TColStd/TColStd_MapRealHasher_0.cxx
+M TColStd:pubinclude:TColStd_MapTransientHasher.hxx /misc/dn61/LocalWOK/wok_entities/LOC/dev/CR671-FINAL1-CR671-FINAL1-occt/inc/TColStd_MapTransientHasher.hxx
+M TColStd:derivated:TColStd_MapTransientHasher_0.cxx /misc/dn61/LocalWOK/wok_entities/LOC/dev/CR671-FINAL1-CR671-FINAL1-occt/drv/TColStd/TColStd_MapTransientHasher_0.cxx
+M TColStd:pubinclude:TColStd_MapOfInteger.hxx /misc/dn61/LocalWOK/wok_entities/LOC/dev/CR671-FINAL1-CR671-FINAL1-occt/inc/TColStd_MapOfInteger.hxx
+M TColStd:derivated:TColStd_MapOfInteger_0.cxx /misc/dn61/LocalWOK/wok_entities/LOC/dev/CR671-FINAL1-CR671-FINAL1-occt/drv/TColStd/TColStd_MapOfInteger_0.cxx
+M TColStd:pubinclude:TColStd_MapOfReal.hxx /misc/dn61/LocalWOK/wok_entities/LOC/dev/CR671-FINAL1-CR671-FINAL1-occt/inc/TColStd_MapOfReal.hxx
+M TColStd:derivated:TColStd_MapOfReal_0.cxx /misc/dn61/LocalWOK/wok_entities/LOC/dev/CR671-FINAL1-CR671-FINAL1-occt/drv/TColStd/TColStd_MapOfReal_0.cxx
+M TColStd:pubinclude:TColStd_MapOfTransient.hxx /misc/dn61/LocalWOK/wok_entities/LOC/dev/CR671-FINAL1-CR671-FINAL1-occt/inc/TColStd_MapOfTransient.hxx
+M TColStd:derivated:TColStd_MapOfTransient_0.cxx /misc/dn61/LocalWOK/wok_entities/LOC/dev/CR671-FINAL1-CR671-FINAL1-occt/drv/TColStd/TColStd_MapOfTransient_0.cxx
+M TColStd:pubinclude:TColStd_MapOfAsciiString.hxx /misc/dn61/LocalWOK/wok_entities/LOC/dev/CR671-FINAL1-CR671-FINAL1-occt/inc/TColStd_MapOfAsciiString.hxx
+M TColStd:derivated:TColStd_MapOfAsciiString_0.cxx /misc/dn61/LocalWOK/wok_entities/LOC/dev/CR671-FINAL1-CR671-FINAL1-occt/drv/TColStd/TColStd_MapOfAsciiString_0.cxx
+M TColStd:pubinclude:TColStd_IndexedMapOfInteger.hxx /misc/dn61/LocalWOK/wok_entities/LOC/dev/CR671-FINAL1-CR671-FINAL1-occt/inc/TColStd_IndexedMapOfInteger.hxx
+M TColStd:derivated:TColStd_IndexedMapOfInteger_0.cxx /misc/dn61/LocalWOK/wok_entities/LOC/dev/CR671-FINAL1-CR671-FINAL1-occt/drv/TColStd/TColStd_IndexedMapOfInteger_0.cxx
+M TColStd:pubinclude:TColStd_IndexedMapOfReal.hxx /misc/dn61/LocalWOK/wok_entities/LOC/dev/CR671-FINAL1-CR671-FINAL1-occt/inc/TColStd_IndexedMapOfReal.hxx
+M TColStd:derivated:TColStd_IndexedMapOfReal_0.cxx /misc/dn61/LocalWOK/wok_entities/LOC/dev/CR671-FINAL1-CR671-FINAL1-occt/drv/TColStd/TColStd_IndexedMapOfReal_0.cxx
+M TColStd:pubinclude:TColStd_IndexedMapOfTransient.hxx /misc/dn61/LocalWOK/wok_entities/LOC/dev/CR671-FINAL1-CR671-FINAL1-occt/inc/TColStd_IndexedMapOfTransient.hxx
+M TColStd:derivated:TColStd_IndexedMapOfTransient_0.cxx /misc/dn61/LocalWOK/wok_entities/LOC/dev/CR671-FINAL1-CR671-FINAL1-occt/drv/TColStd/TColStd_IndexedMapOfTransient_0.cxx
+M TColStd:pubinclude:TColStd_IndexedDataMapOfTransientTransient.hxx /misc/dn61/LocalWOK/wok_entities/LOC/dev/CR671-FINAL1-CR671-FINAL1-occt/inc/TColStd_IndexedDataMapOfTransientTransient.hxx
+M TColStd:derivated:TColStd_IndexedDataMapOfTransientTransient_0.cxx /misc/dn61/LocalWOK/wok_entities/LOC/dev/CR671-FINAL1-CR671-FINAL1-occt/drv/TColStd/TColStd_IndexedDataMapOfTransientTransient_0.cxx
+M TColStd:pubinclude:TColStd_DataMapOfIntegerReal.hxx /misc/dn61/LocalWOK/wok_entities/LOC/dev/CR671-FINAL1-CR671-FINAL1-occt/inc/TColStd_DataMapOfIntegerReal.hxx
+M TColStd:derivated:TColStd_DataMapOfIntegerReal_0.cxx /misc/dn61/LocalWOK/wok_entities/LOC/dev/CR671-FINAL1-CR671-FINAL1-occt/drv/TColStd/TColStd_DataMapOfIntegerReal_0.cxx
+M TColStd:pubinclude:TColStd_DataMapOfIntegerInteger.hxx /misc/dn61/LocalWOK/wok_entities/LOC/dev/CR671-FINAL1-CR671-FINAL1-occt/inc/TColStd_DataMapOfIntegerInteger.hxx
+M TColStd:derivated:TColStd_DataMapOfIntegerInteger_0.cxx /misc/dn61/LocalWOK/wok_entities/LOC/dev/CR671-FINAL1-CR671-FINAL1-occt/drv/TColStd/TColStd_DataMapOfIntegerInteger_0.cxx
+M TColStd:pubinclude:TColStd_DataMapOfIntegerListOfInteger.hxx /misc/dn61/LocalWOK/wok_entities/LOC/dev/CR671-FINAL1-CR671-FINAL1-occt/inc/TColStd_DataMapOfIntegerListOfInteger.hxx
+M TColStd:derivated:TColStd_DataMapOfIntegerListOfInteger_0.cxx /misc/dn61/LocalWOK/wok_entities/LOC/dev/CR671-FINAL1-CR671-FINAL1-occt/drv/TColStd/TColStd_DataMapOfIntegerListOfInteger_0.cxx
+M TColStd:pubinclude:TColStd_DataMapOfTransientTransient.hxx /misc/dn61/LocalWOK/wok_entities/LOC/dev/CR671-FINAL1-CR671-FINAL1-occt/inc/TColStd_DataMapOfTransientTransient.hxx
+M TColStd:derivated:TColStd_DataMapOfTransientTransient_0.cxx /misc/dn61/LocalWOK/wok_entities/LOC/dev/CR671-FINAL1-CR671-FINAL1-occt/drv/TColStd/TColStd_DataMapOfTransientTransient_0.cxx
+M TColStd:pubinclude:TColStd_DataMapOfAsciiStringInteger.hxx /misc/dn61/LocalWOK/wok_entities/LOC/dev/CR671-FINAL1-CR671-FINAL1-occt/inc/TColStd_DataMapOfAsciiStringInteger.hxx
+M TColStd:derivated:TColStd_DataMapOfAsciiStringInteger_0.cxx /misc/dn61/LocalWOK/wok_entities/LOC/dev/CR671-FINAL1-CR671-FINAL1-occt/drv/TColStd/TColStd_DataMapOfAsciiStringInteger_0.cxx
+M TColStd:pubinclude:TColStd_DataMapOfIntegerTransient.hxx /misc/dn61/LocalWOK/wok_entities/LOC/dev/CR671-FINAL1-CR671-FINAL1-occt/inc/TColStd_DataMapOfIntegerTransient.hxx
+M TColStd:derivated:TColStd_DataMapOfIntegerTransient_0.cxx /misc/dn61/LocalWOK/wok_entities/LOC/dev/CR671-FINAL1-CR671-FINAL1-occt/drv/TColStd/TColStd_DataMapOfIntegerTransient_0.cxx
+M TColStd:pubinclude:TColStd_DataMapOfStringInteger.hxx /misc/dn61/LocalWOK/wok_entities/LOC/dev/CR671-FINAL1-CR671-FINAL1-occt/inc/TColStd_DataMapOfStringInteger.hxx
+M TColStd:derivated:TColStd_DataMapOfStringInteger_0.cxx /misc/dn61/LocalWOK/wok_entities/LOC/dev/CR671-FINAL1-CR671-FINAL1-occt/drv/TColStd/TColStd_DataMapOfStringInteger_0.cxx
+M TColStd:pubinclude:TColStd_Array1OfListOfInteger.hxx /misc/dn61/LocalWOK/wok_entities/LOC/dev/CR671-FINAL1-CR671-FINAL1-occt/inc/TColStd_Array1OfListOfInteger.hxx
+M TColStd:derivated:TColStd_Array1OfListOfInteger_0.cxx /misc/dn61/LocalWOK/wok_entities/LOC/dev/CR671-FINAL1-CR671-FINAL1-occt/drv/TColStd/TColStd_Array1OfListOfInteger_0.cxx
+M TColStd:pubinclude:Handle_TColStd_HArray1OfListOfInteger.hxx /misc/dn61/LocalWOK/wok_entities/LOC/dev/CR671-FINAL1-CR671-FINAL1-occt/inc/Handle_TColStd_HArray1OfListOfInteger.hxx
+M TColStd:pubinclude:TColStd_HArray1OfListOfInteger.hxx /misc/dn61/LocalWOK/wok_entities/LOC/dev/CR671-FINAL1-CR671-FINAL1-occt/inc/TColStd_HArray1OfListOfInteger.hxx
+M TColStd:derivated:TColStd_HArray1OfListOfInteger_0.cxx /misc/dn61/LocalWOK/wok_entities/LOC/dev/CR671-FINAL1-CR671-FINAL1-occt/drv/TColStd/TColStd_HArray1OfListOfInteger_0.cxx
+M TColStd:pubinclude:Handle_TColStd_SequenceNodeOfSequenceOfInteger.hxx /misc/dn61/LocalWOK/wok_entities/LOC/dev/CR671-FINAL1-CR671-FINAL1-occt/inc/Handle_TColStd_SequenceNodeOfSequenceOfInteger.hxx
+M TColStd:pubinclude:TColStd_SequenceNodeOfSequenceOfInteger.hxx /misc/dn61/LocalWOK/wok_entities/LOC/dev/CR671-FINAL1-CR671-FINAL1-occt/inc/TColStd_SequenceNodeOfSequenceOfInteger.hxx
+M TColStd:derivated:TColStd_SequenceNodeOfSequenceOfInteger_0.cxx /misc/dn61/LocalWOK/wok_entities/LOC/dev/CR671-FINAL1-CR671-FINAL1-occt/drv/TColStd/TColStd_SequenceNodeOfSequenceOfInteger_0.cxx
+M TColStd:pubinclude:Handle_TColStd_SequenceNodeOfSequenceOfReal.hxx /misc/dn61/LocalWOK/wok_entities/LOC/dev/CR671-FINAL1-CR671-FINAL1-occt/inc/Handle_TColStd_SequenceNodeOfSequenceOfReal.hxx
+M TColStd:pubinclude:TColStd_SequenceNodeOfSequenceOfReal.hxx /misc/dn61/LocalWOK/wok_entities/LOC/dev/CR671-FINAL1-CR671-FINAL1-occt/inc/TColStd_SequenceNodeOfSequenceOfReal.hxx
+M TColStd:derivated:TColStd_SequenceNodeOfSequenceOfReal_0.cxx /misc/dn61/LocalWOK/wok_entities/LOC/dev/CR671-FINAL1-CR671-FINAL1-occt/drv/TColStd/TColStd_SequenceNodeOfSequenceOfReal_0.cxx
+M TColStd:pubinclude:Handle_TColStd_SequenceNodeOfSequenceOfAsciiString.hxx /misc/dn61/LocalWOK/wok_entities/LOC/dev/CR671-FINAL1-CR671-FINAL1-occt/inc/Handle_TColStd_SequenceNodeOfSequenceOfAsciiString.hxx
+M TColStd:pubinclude:TColStd_SequenceNodeOfSequenceOfAsciiString.hxx /misc/dn61/LocalWOK/wok_entities/LOC/dev/CR671-FINAL1-CR671-FINAL1-occt/inc/TColStd_SequenceNodeOfSequenceOfAsciiString.hxx
+M TColStd:derivated:TColStd_SequenceNodeOfSequenceOfAsciiString_0.cxx /misc/dn61/LocalWOK/wok_entities/LOC/dev/CR671-FINAL1-CR671-FINAL1-occt/drv/TColStd/TColStd_SequenceNodeOfSequenceOfAsciiString_0.cxx
+M TColStd:pubinclude:Handle_TColStd_SequenceNodeOfSequenceOfHAsciiString.hxx /misc/dn61/LocalWOK/wok_entities/LOC/dev/CR671-FINAL1-CR671-FINAL1-occt/inc/Handle_TColStd_SequenceNodeOfSequenceOfHAsciiString.hxx
+M TColStd:pubinclude:TColStd_SequenceNodeOfSequenceOfHAsciiString.hxx /misc/dn61/LocalWOK/wok_entities/LOC/dev/CR671-FINAL1-CR671-FINAL1-occt/inc/TColStd_SequenceNodeOfSequenceOfHAsciiString.hxx
+M TColStd:derivated:TColStd_SequenceNodeOfSequenceOfHAsciiString_0.cxx /misc/dn61/LocalWOK/wok_entities/LOC/dev/CR671-FINAL1-CR671-FINAL1-occt/drv/TColStd/TColStd_SequenceNodeOfSequenceOfHAsciiString_0.cxx
+M TColStd:pubinclude:Handle_TColStd_SequenceNodeOfSequenceOfExtendedString.hxx /misc/dn61/LocalWOK/wok_entities/LOC/dev/CR671-FINAL1-CR671-FINAL1-occt/inc/Handle_TColStd_SequenceNodeOfSequenceOfExtendedString.hxx
+M TColStd:pubinclude:TColStd_SequenceNodeOfSequenceOfExtendedString.hxx /misc/dn61/LocalWOK/wok_entities/LOC/dev/CR671-FINAL1-CR671-FINAL1-occt/inc/TColStd_SequenceNodeOfSequenceOfExtendedString.hxx
+M TColStd:derivated:TColStd_SequenceNodeOfSequenceOfExtendedString_0.cxx /misc/dn61/LocalWOK/wok_entities/LOC/dev/CR671-FINAL1-CR671-FINAL1-occt/drv/TColStd/TColStd_SequenceNodeOfSequenceOfExtendedString_0.cxx
+M TColStd:pubinclude:Handle_TColStd_SequenceNodeOfSequenceOfHExtendedString.hxx /misc/dn61/LocalWOK/wok_entities/LOC/dev/CR671-FINAL1-CR671-FINAL1-occt/inc/Handle_TColStd_SequenceNodeOfSequenceOfHExtendedString.hxx
+M TColStd:pubinclude:TColStd_SequenceNodeOfSequenceOfHExtendedString.hxx /misc/dn61/LocalWOK/wok_entities/LOC/dev/CR671-FINAL1-CR671-FINAL1-occt/inc/TColStd_SequenceNodeOfSequenceOfHExtendedString.hxx
+M TColStd:derivated:TColStd_SequenceNodeOfSequenceOfHExtendedString_0.cxx /misc/dn61/LocalWOK/wok_entities/LOC/dev/CR671-FINAL1-CR671-FINAL1-occt/drv/TColStd/TColStd_SequenceNodeOfSequenceOfHExtendedString_0.cxx
+M TColStd:pubinclude:Handle_TColStd_SequenceNodeOfSequenceOfTransient.hxx /misc/dn61/LocalWOK/wok_entities/LOC/dev/CR671-FINAL1-CR671-FINAL1-occt/inc/Handle_TColStd_SequenceNodeOfSequenceOfTransient.hxx
+M TColStd:pubinclude:TColStd_SequenceNodeOfSequenceOfTransient.hxx /misc/dn61/LocalWOK/wok_entities/LOC/dev/CR671-FINAL1-CR671-FINAL1-occt/inc/TColStd_SequenceNodeOfSequenceOfTransient.hxx
+M TColStd:derivated:TColStd_SequenceNodeOfSequenceOfTransient_0.cxx /misc/dn61/LocalWOK/wok_entities/LOC/dev/CR671-FINAL1-CR671-FINAL1-occt/drv/TColStd/TColStd_SequenceNodeOfSequenceOfTransient_0.cxx
+M TColStd:pubinclude:Handle_TColStd_SequenceNodeOfSequenceOfAddress.hxx /misc/dn61/LocalWOK/wok_entities/LOC/dev/CR671-FINAL1-CR671-FINAL1-occt/inc/Handle_TColStd_SequenceNodeOfSequenceOfAddress.hxx
+M TColStd:pubinclude:TColStd_SequenceNodeOfSequenceOfAddress.hxx /misc/dn61/LocalWOK/wok_entities/LOC/dev/CR671-FINAL1-CR671-FINAL1-occt/inc/TColStd_SequenceNodeOfSequenceOfAddress.hxx
+M TColStd:derivated:TColStd_SequenceNodeOfSequenceOfAddress_0.cxx /misc/dn61/LocalWOK/wok_entities/LOC/dev/CR671-FINAL1-CR671-FINAL1-occt/drv/TColStd/TColStd_SequenceNodeOfSequenceOfAddress_0.cxx
+M TColStd:pubinclude:Handle_TColStd_SequenceNodeOfSequenceOfBoolean.hxx /misc/dn61/LocalWOK/wok_entities/LOC/dev/CR671-FINAL1-CR671-FINAL1-occt/inc/Handle_TColStd_SequenceNodeOfSequenceOfBoolean.hxx
+M TColStd:pubinclude:TColStd_SequenceNodeOfSequenceOfBoolean.hxx /misc/dn61/LocalWOK/wok_entities/LOC/dev/CR671-FINAL1-CR671-FINAL1-occt/inc/TColStd_SequenceNodeOfSequenceOfBoolean.hxx
+M TColStd:derivated:TColStd_SequenceNodeOfSequenceOfBoolean_0.cxx /misc/dn61/LocalWOK/wok_entities/LOC/dev/CR671-FINAL1-CR671-FINAL1-occt/drv/TColStd/TColStd_SequenceNodeOfSequenceOfBoolean_0.cxx
+M TColStd:pubinclude:Handle_TColStd_ListNodeOfSetListOfSetOfInteger.hxx /misc/dn61/LocalWOK/wok_entities/LOC/dev/CR671-FINAL1-CR671-FINAL1-occt/inc/Handle_TColStd_ListNodeOfSetListOfSetOfInteger.hxx
+M TColStd:pubinclude:TColStd_ListNodeOfSetListOfSetOfInteger.hxx /misc/dn61/LocalWOK/wok_entities/LOC/dev/CR671-FINAL1-CR671-FINAL1-occt/inc/TColStd_ListNodeOfSetListOfSetOfInteger.hxx
+M TColStd:derivated:TColStd_ListNodeOfSetListOfSetOfInteger_0.cxx /misc/dn61/LocalWOK/wok_entities/LOC/dev/CR671-FINAL1-CR671-FINAL1-occt/drv/TColStd/TColStd_ListNodeOfSetListOfSetOfInteger_0.cxx
+M TColStd:pubinclude:TColStd_ListIteratorOfSetListOfSetOfInteger.hxx /misc/dn61/LocalWOK/wok_entities/LOC/dev/CR671-FINAL1-CR671-FINAL1-occt/inc/TColStd_ListIteratorOfSetListOfSetOfInteger.hxx
+M TColStd:derivated:TColStd_ListIteratorOfSetListOfSetOfInteger_0.cxx /misc/dn61/LocalWOK/wok_entities/LOC/dev/CR671-FINAL1-CR671-FINAL1-occt/drv/TColStd/TColStd_ListIteratorOfSetListOfSetOfInteger_0.cxx
+M TColStd:pubinclude:TColStd_SetListOfSetOfInteger.hxx /misc/dn61/LocalWOK/wok_entities/LOC/dev/CR671-FINAL1-CR671-FINAL1-occt/inc/TColStd_SetListOfSetOfInteger.hxx
+M TColStd:derivated:TColStd_SetListOfSetOfInteger_0.cxx /misc/dn61/LocalWOK/wok_entities/LOC/dev/CR671-FINAL1-CR671-FINAL1-occt/drv/TColStd/TColStd_SetListOfSetOfInteger_0.cxx
+M TColStd:pubinclude:TColStd_SetIteratorOfSetOfInteger.hxx /misc/dn61/LocalWOK/wok_entities/LOC/dev/CR671-FINAL1-CR671-FINAL1-occt/inc/TColStd_SetIteratorOfSetOfInteger.hxx
+M TColStd:derivated:TColStd_SetIteratorOfSetOfInteger_0.cxx /misc/dn61/LocalWOK/wok_entities/LOC/dev/CR671-FINAL1-CR671-FINAL1-occt/drv/TColStd/TColStd_SetIteratorOfSetOfInteger_0.cxx
+M TColStd:pubinclude:Handle_TColStd_ListNodeOfSetListOfSetOfReal.hxx /misc/dn61/LocalWOK/wok_entities/LOC/dev/CR671-FINAL1-CR671-FINAL1-occt/inc/Handle_TColStd_ListNodeOfSetListOfSetOfReal.hxx
+M TColStd:pubinclude:TColStd_ListNodeOfSetListOfSetOfReal.hxx /misc/dn61/LocalWOK/wok_entities/LOC/dev/CR671-FINAL1-CR671-FINAL1-occt/inc/TColStd_ListNodeOfSetListOfSetOfReal.hxx
+M TColStd:derivated:TColStd_ListNodeOfSetListOfSetOfReal_0.cxx /misc/dn61/LocalWOK/wok_entities/LOC/dev/CR671-FINAL1-CR671-FINAL1-occt/drv/TColStd/TColStd_ListNodeOfSetListOfSetOfReal_0.cxx
+M TColStd:pubinclude:TColStd_ListIteratorOfSetListOfSetOfReal.hxx /misc/dn61/LocalWOK/wok_entities/LOC/dev/CR671-FINAL1-CR671-FINAL1-occt/inc/TColStd_ListIteratorOfSetListOfSetOfReal.hxx
+M TColStd:derivated:TColStd_ListIteratorOfSetListOfSetOfReal_0.cxx /misc/dn61/LocalWOK/wok_entities/LOC/dev/CR671-FINAL1-CR671-FINAL1-occt/drv/TColStd/TColStd_ListIteratorOfSetListOfSetOfReal_0.cxx
+M TColStd:pubinclude:TColStd_SetListOfSetOfReal.hxx /misc/dn61/LocalWOK/wok_entities/LOC/dev/CR671-FINAL1-CR671-FINAL1-occt/inc/TColStd_SetListOfSetOfReal.hxx
+M TColStd:derivated:TColStd_SetListOfSetOfReal_0.cxx /misc/dn61/LocalWOK/wok_entities/LOC/dev/CR671-FINAL1-CR671-FINAL1-occt/drv/TColStd/TColStd_SetListOfSetOfReal_0.cxx
+M TColStd:pubinclude:TColStd_SetIteratorOfSetOfReal.hxx /misc/dn61/LocalWOK/wok_entities/LOC/dev/CR671-FINAL1-CR671-FINAL1-occt/inc/TColStd_SetIteratorOfSetOfReal.hxx
+M TColStd:derivated:TColStd_SetIteratorOfSetOfReal_0.cxx /misc/dn61/LocalWOK/wok_entities/LOC/dev/CR671-FINAL1-CR671-FINAL1-occt/drv/TColStd/TColStd_SetIteratorOfSetOfReal_0.cxx
+M TColStd:pubinclude:Handle_TColStd_ListNodeOfSetListOfSetOfTransient.hxx /misc/dn61/LocalWOK/wok_entities/LOC/dev/CR671-FINAL1-CR671-FINAL1-occt/inc/Handle_TColStd_ListNodeOfSetListOfSetOfTransient.hxx
+M TColStd:pubinclude:TColStd_ListNodeOfSetListOfSetOfTransient.hxx /misc/dn61/LocalWOK/wok_entities/LOC/dev/CR671-FINAL1-CR671-FINAL1-occt/inc/TColStd_ListNodeOfSetListOfSetOfTransient.hxx
+M TColStd:derivated:TColStd_ListNodeOfSetListOfSetOfTransient_0.cxx /misc/dn61/LocalWOK/wok_entities/LOC/dev/CR671-FINAL1-CR671-FINAL1-occt/drv/TColStd/TColStd_ListNodeOfSetListOfSetOfTransient_0.cxx
+M TColStd:pubinclude:TColStd_ListIteratorOfSetListOfSetOfTransient.hxx /misc/dn61/LocalWOK/wok_entities/LOC/dev/CR671-FINAL1-CR671-FINAL1-occt/inc/TColStd_ListIteratorOfSetListOfSetOfTransient.hxx
+M TColStd:derivated:TColStd_ListIteratorOfSetListOfSetOfTransient_0.cxx /misc/dn61/LocalWOK/wok_entities/LOC/dev/CR671-FINAL1-CR671-FINAL1-occt/drv/TColStd/TColStd_ListIteratorOfSetListOfSetOfTransient_0.cxx
+M TColStd:pubinclude:TColStd_SetListOfSetOfTransient.hxx /misc/dn61/LocalWOK/wok_entities/LOC/dev/CR671-FINAL1-CR671-FINAL1-occt/inc/TColStd_SetListOfSetOfTransient.hxx
+M TColStd:derivated:TColStd_SetListOfSetOfTransient_0.cxx /misc/dn61/LocalWOK/wok_entities/LOC/dev/CR671-FINAL1-CR671-FINAL1-occt/drv/TColStd/TColStd_SetListOfSetOfTransient_0.cxx
+M TColStd:pubinclude:TColStd_SetIteratorOfSetOfTransient.hxx /misc/dn61/LocalWOK/wok_entities/LOC/dev/CR671-FINAL1-CR671-FINAL1-occt/inc/TColStd_SetIteratorOfSetOfTransient.hxx
+M TColStd:derivated:TColStd_SetIteratorOfSetOfTransient_0.cxx /misc/dn61/LocalWOK/wok_entities/LOC/dev/CR671-FINAL1-CR671-FINAL1-occt/drv/TColStd/TColStd_SetIteratorOfSetOfTransient_0.cxx
+M TColStd:pubinclude:Handle_TColStd_ListNodeOfListOfInteger.hxx /misc/dn61/LocalWOK/wok_entities/LOC/dev/CR671-FINAL1-CR671-FINAL1-occt/inc/Handle_TColStd_ListNodeOfListOfInteger.hxx
+M TColStd:pubinclude:TColStd_ListNodeOfListOfInteger.hxx /misc/dn61/LocalWOK/wok_entities/LOC/dev/CR671-FINAL1-CR671-FINAL1-occt/inc/TColStd_ListNodeOfListOfInteger.hxx
+M TColStd:derivated:TColStd_ListNodeOfListOfInteger_0.cxx /misc/dn61/LocalWOK/wok_entities/LOC/dev/CR671-FINAL1-CR671-FINAL1-occt/drv/TColStd/TColStd_ListNodeOfListOfInteger_0.cxx
+M TColStd:pubinclude:TColStd_ListIteratorOfListOfInteger.hxx /misc/dn61/LocalWOK/wok_entities/LOC/dev/CR671-FINAL1-CR671-FINAL1-occt/inc/TColStd_ListIteratorOfListOfInteger.hxx
+M TColStd:derivated:TColStd_ListIteratorOfListOfInteger_0.cxx /misc/dn61/LocalWOK/wok_entities/LOC/dev/CR671-FINAL1-CR671-FINAL1-occt/drv/TColStd/TColStd_ListIteratorOfListOfInteger_0.cxx
+M TColStd:pubinclude:Handle_TColStd_ListNodeOfListOfReal.hxx /misc/dn61/LocalWOK/wok_entities/LOC/dev/CR671-FINAL1-CR671-FINAL1-occt/inc/Handle_TColStd_ListNodeOfListOfReal.hxx
+M TColStd:pubinclude:TColStd_ListNodeOfListOfReal.hxx /misc/dn61/LocalWOK/wok_entities/LOC/dev/CR671-FINAL1-CR671-FINAL1-occt/inc/TColStd_ListNodeOfListOfReal.hxx
+M TColStd:derivated:TColStd_ListNodeOfListOfReal_0.cxx /misc/dn61/LocalWOK/wok_entities/LOC/dev/CR671-FINAL1-CR671-FINAL1-occt/drv/TColStd/TColStd_ListNodeOfListOfReal_0.cxx
+M TColStd:pubinclude:TColStd_ListIteratorOfListOfReal.hxx /misc/dn61/LocalWOK/wok_entities/LOC/dev/CR671-FINAL1-CR671-FINAL1-occt/inc/TColStd_ListIteratorOfListOfReal.hxx
+M TColStd:derivated:TColStd_ListIteratorOfListOfReal_0.cxx /misc/dn61/LocalWOK/wok_entities/LOC/dev/CR671-FINAL1-CR671-FINAL1-occt/drv/TColStd/TColStd_ListIteratorOfListOfReal_0.cxx
+M TColStd:pubinclude:Handle_TColStd_ListNodeOfListOfTransient.hxx /misc/dn61/LocalWOK/wok_entities/LOC/dev/CR671-FINAL1-CR671-FINAL1-occt/inc/Handle_TColStd_ListNodeOfListOfTransient.hxx
+M TColStd:pubinclude:TColStd_ListNodeOfListOfTransient.hxx /misc/dn61/LocalWOK/wok_entities/LOC/dev/CR671-FINAL1-CR671-FINAL1-occt/inc/TColStd_ListNodeOfListOfTransient.hxx
+M TColStd:derivated:TColStd_ListNodeOfListOfTransient_0.cxx /misc/dn61/LocalWOK/wok_entities/LOC/dev/CR671-FINAL1-CR671-FINAL1-occt/drv/TColStd/TColStd_ListNodeOfListOfTransient_0.cxx
+M TColStd:pubinclude:TColStd_ListIteratorOfListOfTransient.hxx /misc/dn61/LocalWOK/wok_entities/LOC/dev/CR671-FINAL1-CR671-FINAL1-occt/inc/TColStd_ListIteratorOfListOfTransient.hxx
+M TColStd:derivated:TColStd_ListIteratorOfListOfTransient_0.cxx /misc/dn61/LocalWOK/wok_entities/LOC/dev/CR671-FINAL1-CR671-FINAL1-occt/drv/TColStd/TColStd_ListIteratorOfListOfTransient_0.cxx
+M TColStd:pubinclude:Handle_TColStd_ListNodeOfListOfAsciiString.hxx /misc/dn61/LocalWOK/wok_entities/LOC/dev/CR671-FINAL1-CR671-FINAL1-occt/inc/Handle_TColStd_ListNodeOfListOfAsciiString.hxx
+M TColStd:pubinclude:TColStd_ListNodeOfListOfAsciiString.hxx /misc/dn61/LocalWOK/wok_entities/LOC/dev/CR671-FINAL1-CR671-FINAL1-occt/inc/TColStd_ListNodeOfListOfAsciiString.hxx
+M TColStd:derivated:TColStd_ListNodeOfListOfAsciiString_0.cxx /misc/dn61/LocalWOK/wok_entities/LOC/dev/CR671-FINAL1-CR671-FINAL1-occt/drv/TColStd/TColStd_ListNodeOfListOfAsciiString_0.cxx
+M TColStd:pubinclude:TColStd_ListIteratorOfListOfAsciiString.hxx /misc/dn61/LocalWOK/wok_entities/LOC/dev/CR671-FINAL1-CR671-FINAL1-occt/inc/TColStd_ListIteratorOfListOfAsciiString.hxx
+M TColStd:derivated:TColStd_ListIteratorOfListOfAsciiString_0.cxx /misc/dn61/LocalWOK/wok_entities/LOC/dev/CR671-FINAL1-CR671-FINAL1-occt/drv/TColStd/TColStd_ListIteratorOfListOfAsciiString_0.cxx
+M TColStd:pubinclude:Handle_TColStd_StackNodeOfStackOfInteger.hxx /misc/dn61/LocalWOK/wok_entities/LOC/dev/CR671-FINAL1-CR671-FINAL1-occt/inc/Handle_TColStd_StackNodeOfStackOfInteger.hxx
+M TColStd:pubinclude:TColStd_StackNodeOfStackOfInteger.hxx /misc/dn61/LocalWOK/wok_entities/LOC/dev/CR671-FINAL1-CR671-FINAL1-occt/inc/TColStd_StackNodeOfStackOfInteger.hxx
+M TColStd:derivated:TColStd_StackNodeOfStackOfInteger_0.cxx /misc/dn61/LocalWOK/wok_entities/LOC/dev/CR671-FINAL1-CR671-FINAL1-occt/drv/TColStd/TColStd_StackNodeOfStackOfInteger_0.cxx
+M TColStd:pubinclude:TColStd_StackIteratorOfStackOfInteger.hxx /misc/dn61/LocalWOK/wok_entities/LOC/dev/CR671-FINAL1-CR671-FINAL1-occt/inc/TColStd_StackIteratorOfStackOfInteger.hxx
+M TColStd:derivated:TColStd_StackIteratorOfStackOfInteger_0.cxx /misc/dn61/LocalWOK/wok_entities/LOC/dev/CR671-FINAL1-CR671-FINAL1-occt/drv/TColStd/TColStd_StackIteratorOfStackOfInteger_0.cxx
+M TColStd:pubinclude:Handle_TColStd_StackNodeOfStackOfReal.hxx /misc/dn61/LocalWOK/wok_entities/LOC/dev/CR671-FINAL1-CR671-FINAL1-occt/inc/Handle_TColStd_StackNodeOfStackOfReal.hxx
+M TColStd:pubinclude:TColStd_StackNodeOfStackOfReal.hxx /misc/dn61/LocalWOK/wok_entities/LOC/dev/CR671-FINAL1-CR671-FINAL1-occt/inc/TColStd_StackNodeOfStackOfReal.hxx
+M TColStd:derivated:TColStd_StackNodeOfStackOfReal_0.cxx /misc/dn61/LocalWOK/wok_entities/LOC/dev/CR671-FINAL1-CR671-FINAL1-occt/drv/TColStd/TColStd_StackNodeOfStackOfReal_0.cxx
+M TColStd:pubinclude:TColStd_StackIteratorOfStackOfReal.hxx /misc/dn61/LocalWOK/wok_entities/LOC/dev/CR671-FINAL1-CR671-FINAL1-occt/inc/TColStd_StackIteratorOfStackOfReal.hxx
+M TColStd:derivated:TColStd_StackIteratorOfStackOfReal_0.cxx /misc/dn61/LocalWOK/wok_entities/LOC/dev/CR671-FINAL1-CR671-FINAL1-occt/drv/TColStd/TColStd_StackIteratorOfStackOfReal_0.cxx
+M TColStd:pubinclude:Handle_TColStd_StackNodeOfStackOfTransient.hxx /misc/dn61/LocalWOK/wok_entities/LOC/dev/CR671-FINAL1-CR671-FINAL1-occt/inc/Handle_TColStd_StackNodeOfStackOfTransient.hxx
+M TColStd:pubinclude:TColStd_StackNodeOfStackOfTransient.hxx /misc/dn61/LocalWOK/wok_entities/LOC/dev/CR671-FINAL1-CR671-FINAL1-occt/inc/TColStd_StackNodeOfStackOfTransient.hxx
+M TColStd:derivated:TColStd_StackNodeOfStackOfTransient_0.cxx /misc/dn61/LocalWOK/wok_entities/LOC/dev/CR671-FINAL1-CR671-FINAL1-occt/drv/TColStd/TColStd_StackNodeOfStackOfTransient_0.cxx
+M TColStd:pubinclude:TColStd_StackIteratorOfStackOfTransient.hxx /misc/dn61/LocalWOK/wok_entities/LOC/dev/CR671-FINAL1-CR671-FINAL1-occt/inc/TColStd_StackIteratorOfStackOfTransient.hxx
+M TColStd:derivated:TColStd_StackIteratorOfStackOfTransient_0.cxx /misc/dn61/LocalWOK/wok_entities/LOC/dev/CR671-FINAL1-CR671-FINAL1-occt/drv/TColStd/TColStd_StackIteratorOfStackOfTransient_0.cxx
+M TColStd:pubinclude:Handle_TColStd_QueueNodeOfQueueOfInteger.hxx /misc/dn61/LocalWOK/wok_entities/LOC/dev/CR671-FINAL1-CR671-FINAL1-occt/inc/Handle_TColStd_QueueNodeOfQueueOfInteger.hxx
+M TColStd:pubinclude:TColStd_QueueNodeOfQueueOfInteger.hxx /misc/dn61/LocalWOK/wok_entities/LOC/dev/CR671-FINAL1-CR671-FINAL1-occt/inc/TColStd_QueueNodeOfQueueOfInteger.hxx
+M TColStd:derivated:TColStd_QueueNodeOfQueueOfInteger_0.cxx /misc/dn61/LocalWOK/wok_entities/LOC/dev/CR671-FINAL1-CR671-FINAL1-occt/drv/TColStd/TColStd_QueueNodeOfQueueOfInteger_0.cxx
+M TColStd:pubinclude:Handle_TColStd_QueueNodeOfQueueOfReal.hxx /misc/dn61/LocalWOK/wok_entities/LOC/dev/CR671-FINAL1-CR671-FINAL1-occt/inc/Handle_TColStd_QueueNodeOfQueueOfReal.hxx
+M TColStd:pubinclude:TColStd_QueueNodeOfQueueOfReal.hxx /misc/dn61/LocalWOK/wok_entities/LOC/dev/CR671-FINAL1-CR671-FINAL1-occt/inc/TColStd_QueueNodeOfQueueOfReal.hxx
+M TColStd:derivated:TColStd_QueueNodeOfQueueOfReal_0.cxx /misc/dn61/LocalWOK/wok_entities/LOC/dev/CR671-FINAL1-CR671-FINAL1-occt/drv/TColStd/TColStd_QueueNodeOfQueueOfReal_0.cxx
+M TColStd:pubinclude:Handle_TColStd_QueueNodeOfQueueOfTransient.hxx /misc/dn61/LocalWOK/wok_entities/LOC/dev/CR671-FINAL1-CR671-FINAL1-occt/inc/Handle_TColStd_QueueNodeOfQueueOfTransient.hxx
+M TColStd:pubinclude:TColStd_QueueNodeOfQueueOfTransient.hxx /misc/dn61/LocalWOK/wok_entities/LOC/dev/CR671-FINAL1-CR671-FINAL1-occt/inc/TColStd_QueueNodeOfQueueOfTransient.hxx
+M TColStd:derivated:TColStd_QueueNodeOfQueueOfTransient_0.cxx /misc/dn61/LocalWOK/wok_entities/LOC/dev/CR671-FINAL1-CR671-FINAL1-occt/drv/TColStd/TColStd_QueueNodeOfQueueOfTransient_0.cxx
+M TColStd:pubinclude:Handle_TColStd_StdMapNodeOfMapOfInteger.hxx /misc/dn61/LocalWOK/wok_entities/LOC/dev/CR671-FINAL1-CR671-FINAL1-occt/inc/Handle_TColStd_StdMapNodeOfMapOfInteger.hxx
+M TColStd:pubinclude:TColStd_StdMapNodeOfMapOfInteger.hxx /misc/dn61/LocalWOK/wok_entities/LOC/dev/CR671-FINAL1-CR671-FINAL1-occt/inc/TColStd_StdMapNodeOfMapOfInteger.hxx
+M TColStd:derivated:TColStd_StdMapNodeOfMapOfInteger_0.cxx /misc/dn61/LocalWOK/wok_entities/LOC/dev/CR671-FINAL1-CR671-FINAL1-occt/drv/TColStd/TColStd_StdMapNodeOfMapOfInteger_0.cxx
+M TColStd:pubinclude:TColStd_MapIteratorOfMapOfInteger.hxx /misc/dn61/LocalWOK/wok_entities/LOC/dev/CR671-FINAL1-CR671-FINAL1-occt/inc/TColStd_MapIteratorOfMapOfInteger.hxx
+M TColStd:derivated:TColStd_MapIteratorOfMapOfInteger_0.cxx /misc/dn61/LocalWOK/wok_entities/LOC/dev/CR671-FINAL1-CR671-FINAL1-occt/drv/TColStd/TColStd_MapIteratorOfMapOfInteger_0.cxx
+M TColStd:pubinclude:Handle_TColStd_StdMapNodeOfMapOfReal.hxx /misc/dn61/LocalWOK/wok_entities/LOC/dev/CR671-FINAL1-CR671-FINAL1-occt/inc/Handle_TColStd_StdMapNodeOfMapOfReal.hxx
+M TColStd:pubinclude:TColStd_StdMapNodeOfMapOfReal.hxx /misc/dn61/LocalWOK/wok_entities/LOC/dev/CR671-FINAL1-CR671-FINAL1-occt/inc/TColStd_StdMapNodeOfMapOfReal.hxx
+M TColStd:derivated:TColStd_StdMapNodeOfMapOfReal_0.cxx /misc/dn61/LocalWOK/wok_entities/LOC/dev/CR671-FINAL1-CR671-FINAL1-occt/drv/TColStd/TColStd_StdMapNodeOfMapOfReal_0.cxx
+M TColStd:pubinclude:TColStd_MapIteratorOfMapOfReal.hxx /misc/dn61/LocalWOK/wok_entities/LOC/dev/CR671-FINAL1-CR671-FINAL1-occt/inc/TColStd_MapIteratorOfMapOfReal.hxx
+M TColStd:derivated:TColStd_MapIteratorOfMapOfReal_0.cxx /misc/dn61/LocalWOK/wok_entities/LOC/dev/CR671-FINAL1-CR671-FINAL1-occt/drv/TColStd/TColStd_MapIteratorOfMapOfReal_0.cxx
+M TColStd:pubinclude:Handle_TColStd_StdMapNodeOfMapOfTransient.hxx /misc/dn61/LocalWOK/wok_entities/LOC/dev/CR671-FINAL1-CR671-FINAL1-occt/inc/Handle_TColStd_StdMapNodeOfMapOfTransient.hxx
+M TColStd:pubinclude:TColStd_StdMapNodeOfMapOfTransient.hxx /misc/dn61/LocalWOK/wok_entities/LOC/dev/CR671-FINAL1-CR671-FINAL1-occt/inc/TColStd_StdMapNodeOfMapOfTransient.hxx
+M TColStd:derivated:TColStd_StdMapNodeOfMapOfTransient_0.cxx /misc/dn61/LocalWOK/wok_entities/LOC/dev/CR671-FINAL1-CR671-FINAL1-occt/drv/TColStd/TColStd_StdMapNodeOfMapOfTransient_0.cxx
+M TColStd:pubinclude:TColStd_MapIteratorOfMapOfTransient.hxx /misc/dn61/LocalWOK/wok_entities/LOC/dev/CR671-FINAL1-CR671-FINAL1-occt/inc/TColStd_MapIteratorOfMapOfTransient.hxx
+M TColStd:derivated:TColStd_MapIteratorOfMapOfTransient_0.cxx /misc/dn61/LocalWOK/wok_entities/LOC/dev/CR671-FINAL1-CR671-FINAL1-occt/drv/TColStd/TColStd_MapIteratorOfMapOfTransient_0.cxx
+M TColStd:pubinclude:Handle_TColStd_StdMapNodeOfMapOfAsciiString.hxx /misc/dn61/LocalWOK/wok_entities/LOC/dev/CR671-FINAL1-CR671-FINAL1-occt/inc/Handle_TColStd_StdMapNodeOfMapOfAsciiString.hxx
+M TColStd:pubinclude:TColStd_StdMapNodeOfMapOfAsciiString.hxx /misc/dn61/LocalWOK/wok_entities/LOC/dev/CR671-FINAL1-CR671-FINAL1-occt/inc/TColStd_StdMapNodeOfMapOfAsciiString.hxx
+M TColStd:derivated:TColStd_StdMapNodeOfMapOfAsciiString_0.cxx /misc/dn61/LocalWOK/wok_entities/LOC/dev/CR671-FINAL1-CR671-FINAL1-occt/drv/TColStd/TColStd_StdMapNodeOfMapOfAsciiString_0.cxx
+M TColStd:pubinclude:TColStd_MapIteratorOfMapOfAsciiString.hxx /misc/dn61/LocalWOK/wok_entities/LOC/dev/CR671-FINAL1-CR671-FINAL1-occt/inc/TColStd_MapIteratorOfMapOfAsciiString.hxx
+M TColStd:derivated:TColStd_MapIteratorOfMapOfAsciiString_0.cxx /misc/dn61/LocalWOK/wok_entities/LOC/dev/CR671-FINAL1-CR671-FINAL1-occt/drv/TColStd/TColStd_MapIteratorOfMapOfAsciiString_0.cxx
+M TColStd:pubinclude:Handle_TColStd_IndexedMapNodeOfIndexedMapOfInteger.hxx /misc/dn61/LocalWOK/wok_entities/LOC/dev/CR671-FINAL1-CR671-FINAL1-occt/inc/Handle_TColStd_IndexedMapNodeOfIndexedMapOfInteger.hxx
+M TColStd:pubinclude:TColStd_IndexedMapNodeOfIndexedMapOfInteger.hxx /misc/dn61/LocalWOK/wok_entities/LOC/dev/CR671-FINAL1-CR671-FINAL1-occt/inc/TColStd_IndexedMapNodeOfIndexedMapOfInteger.hxx
+M TColStd:derivated:TColStd_IndexedMapNodeOfIndexedMapOfInteger_0.cxx /misc/dn61/LocalWOK/wok_entities/LOC/dev/CR671-FINAL1-CR671-FINAL1-occt/drv/TColStd/TColStd_IndexedMapNodeOfIndexedMapOfInteger_0.cxx
+M TColStd:pubinclude:Handle_TColStd_IndexedMapNodeOfIndexedMapOfReal.hxx /misc/dn61/LocalWOK/wok_entities/LOC/dev/CR671-FINAL1-CR671-FINAL1-occt/inc/Handle_TColStd_IndexedMapNodeOfIndexedMapOfReal.hxx
+M TColStd:pubinclude:TColStd_IndexedMapNodeOfIndexedMapOfReal.hxx /misc/dn61/LocalWOK/wok_entities/LOC/dev/CR671-FINAL1-CR671-FINAL1-occt/inc/TColStd_IndexedMapNodeOfIndexedMapOfReal.hxx
+M TColStd:derivated:TColStd_IndexedMapNodeOfIndexedMapOfReal_0.cxx /misc/dn61/LocalWOK/wok_entities/LOC/dev/CR671-FINAL1-CR671-FINAL1-occt/drv/TColStd/TColStd_IndexedMapNodeOfIndexedMapOfReal_0.cxx
+M TColStd:pubinclude:Handle_TColStd_IndexedMapNodeOfIndexedMapOfTransient.hxx /misc/dn61/LocalWOK/wok_entities/LOC/dev/CR671-FINAL1-CR671-FINAL1-occt/inc/Handle_TColStd_IndexedMapNodeOfIndexedMapOfTransient.hxx
+M TColStd:pubinclude:TColStd_IndexedMapNodeOfIndexedMapOfTransient.hxx /misc/dn61/LocalWOK/wok_entities/LOC/dev/CR671-FINAL1-CR671-FINAL1-occt/inc/TColStd_IndexedMapNodeOfIndexedMapOfTransient.hxx
+M TColStd:derivated:TColStd_IndexedMapNodeOfIndexedMapOfTransient_0.cxx /misc/dn61/LocalWOK/wok_entities/LOC/dev/CR671-FINAL1-CR671-FINAL1-occt/drv/TColStd/TColStd_IndexedMapNodeOfIndexedMapOfTransient_0.cxx
+M TColStd:pubinclude:Handle_TColStd_IndexedDataMapNodeOfIndexedDataMapOfTransientTransient.hxx /misc/dn61/LocalWOK/wok_entities/LOC/dev/CR671-FINAL1-CR671-FINAL1-occt/inc/Handle_TColStd_IndexedDataMapNodeOfIndexedDataMapOfTransientTransient.hxx
+M TColStd:pubinclude:TColStd_IndexedDataMapNodeOfIndexedDataMapOfTransientTransient.hxx /misc/dn61/LocalWOK/wok_entities/LOC/dev/CR671-FINAL1-CR671-FINAL1-occt/inc/TColStd_IndexedDataMapNodeOfIndexedDataMapOfTransientTransient.hxx
+M TColStd:derivated:TColStd_IndexedDataMapNodeOfIndexedDataMapOfTransientTransient_0.cxx /misc/dn61/LocalWOK/wok_entities/LOC/dev/CR671-FINAL1-CR671-FINAL1-occt/drv/TColStd/TColStd_IndexedDataMapNodeOfIndexedDataMapOfTransientTransient_0.cxx
+M TColStd:pubinclude:Handle_TColStd_DataMapNodeOfDataMapOfIntegerReal.hxx /misc/dn61/LocalWOK/wok_entities/LOC/dev/CR671-FINAL1-CR671-FINAL1-occt/inc/Handle_TColStd_DataMapNodeOfDataMapOfIntegerReal.hxx
+M TColStd:pubinclude:TColStd_DataMapNodeOfDataMapOfIntegerReal.hxx /misc/dn61/LocalWOK/wok_entities/LOC/dev/CR671-FINAL1-CR671-FINAL1-occt/inc/TColStd_DataMapNodeOfDataMapOfIntegerReal.hxx
+M TColStd:derivated:TColStd_DataMapNodeOfDataMapOfIntegerReal_0.cxx /misc/dn61/LocalWOK/wok_entities/LOC/dev/CR671-FINAL1-CR671-FINAL1-occt/drv/TColStd/TColStd_DataMapNodeOfDataMapOfIntegerReal_0.cxx
+M TColStd:pubinclude:TColStd_DataMapIteratorOfDataMapOfIntegerReal.hxx /misc/dn61/LocalWOK/wok_entities/LOC/dev/CR671-FINAL1-CR671-FINAL1-occt/inc/TColStd_DataMapIteratorOfDataMapOfIntegerReal.hxx
+M TColStd:derivated:TColStd_DataMapIteratorOfDataMapOfIntegerReal_0.cxx /misc/dn61/LocalWOK/wok_entities/LOC/dev/CR671-FINAL1-CR671-FINAL1-occt/drv/TColStd/TColStd_DataMapIteratorOfDataMapOfIntegerReal_0.cxx
+M TColStd:pubinclude:Handle_TColStd_DataMapNodeOfDataMapOfIntegerInteger.hxx /misc/dn61/LocalWOK/wok_entities/LOC/dev/CR671-FINAL1-CR671-FINAL1-occt/inc/Handle_TColStd_DataMapNodeOfDataMapOfIntegerInteger.hxx
+M TColStd:pubinclude:TColStd_DataMapNodeOfDataMapOfIntegerInteger.hxx /misc/dn61/LocalWOK/wok_entities/LOC/dev/CR671-FINAL1-CR671-FINAL1-occt/inc/TColStd_DataMapNodeOfDataMapOfIntegerInteger.hxx
+M TColStd:derivated:TColStd_DataMapNodeOfDataMapOfIntegerInteger_0.cxx /misc/dn61/LocalWOK/wok_entities/LOC/dev/CR671-FINAL1-CR671-FINAL1-occt/drv/TColStd/TColStd_DataMapNodeOfDataMapOfIntegerInteger_0.cxx
+M TColStd:pubinclude:TColStd_DataMapIteratorOfDataMapOfIntegerInteger.hxx /misc/dn61/LocalWOK/wok_entities/LOC/dev/CR671-FINAL1-CR671-FINAL1-occt/inc/TColStd_DataMapIteratorOfDataMapOfIntegerInteger.hxx
+M TColStd:derivated:TColStd_DataMapIteratorOfDataMapOfIntegerInteger_0.cxx /misc/dn61/LocalWOK/wok_entities/LOC/dev/CR671-FINAL1-CR671-FINAL1-occt/drv/TColStd/TColStd_DataMapIteratorOfDataMapOfIntegerInteger_0.cxx
+M TColStd:pubinclude:Handle_TColStd_DataMapNodeOfDataMapOfIntegerListOfInteger.hxx /misc/dn61/LocalWOK/wok_entities/LOC/dev/CR671-FINAL1-CR671-FINAL1-occt/inc/Handle_TColStd_DataMapNodeOfDataMapOfIntegerListOfInteger.hxx
+M TColStd:pubinclude:TColStd_DataMapNodeOfDataMapOfIntegerListOfInteger.hxx /misc/dn61/LocalWOK/wok_entities/LOC/dev/CR671-FINAL1-CR671-FINAL1-occt/inc/TColStd_DataMapNodeOfDataMapOfIntegerListOfInteger.hxx
+M TColStd:derivated:TColStd_DataMapNodeOfDataMapOfIntegerListOfInteger_0.cxx /misc/dn61/LocalWOK/wok_entities/LOC/dev/CR671-FINAL1-CR671-FINAL1-occt/drv/TColStd/TColStd_DataMapNodeOfDataMapOfIntegerListOfInteger_0.cxx
+M TColStd:pubinclude:TColStd_DataMapIteratorOfDataMapOfIntegerListOfInteger.hxx /misc/dn61/LocalWOK/wok_entities/LOC/dev/CR671-FINAL1-CR671-FINAL1-occt/inc/TColStd_DataMapIteratorOfDataMapOfIntegerListOfInteger.hxx
+M TColStd:derivated:TColStd_DataMapIteratorOfDataMapOfIntegerListOfInteger_0.cxx /misc/dn61/LocalWOK/wok_entities/LOC/dev/CR671-FINAL1-CR671-FINAL1-occt/drv/TColStd/TColStd_DataMapIteratorOfDataMapOfIntegerListOfInteger_0.cxx
+M TColStd:pubinclude:Handle_TColStd_DataMapNodeOfDataMapOfTransientTransient.hxx /misc/dn61/LocalWOK/wok_entities/LOC/dev/CR671-FINAL1-CR671-FINAL1-occt/inc/Handle_TColStd_DataMapNodeOfDataMapOfTransientTransient.hxx
+M TColStd:pubinclude:TColStd_DataMapNodeOfDataMapOfTransientTransient.hxx /misc/dn61/LocalWOK/wok_entities/LOC/dev/CR671-FINAL1-CR671-FINAL1-occt/inc/TColStd_DataMapNodeOfDataMapOfTransientTransient.hxx
+M TColStd:derivated:TColStd_DataMapNodeOfDataMapOfTransientTransient_0.cxx /misc/dn61/LocalWOK/wok_entities/LOC/dev/CR671-FINAL1-CR671-FINAL1-occt/drv/TColStd/TColStd_DataMapNodeOfDataMapOfTransientTransient_0.cxx
+M TColStd:pubinclude:TColStd_DataMapIteratorOfDataMapOfTransientTransient.hxx /misc/dn61/LocalWOK/wok_entities/LOC/dev/CR671-FINAL1-CR671-FINAL1-occt/inc/TColStd_DataMapIteratorOfDataMapOfTransientTransient.hxx
+M TColStd:derivated:TColStd_DataMapIteratorOfDataMapOfTransientTransient_0.cxx /misc/dn61/LocalWOK/wok_entities/LOC/dev/CR671-FINAL1-CR671-FINAL1-occt/drv/TColStd/TColStd_DataMapIteratorOfDataMapOfTransientTransient_0.cxx
+M TColStd:pubinclude:Handle_TColStd_DataMapNodeOfDataMapOfAsciiStringInteger.hxx /misc/dn61/LocalWOK/wok_entities/LOC/dev/CR671-FINAL1-CR671-FINAL1-occt/inc/Handle_TColStd_DataMapNodeOfDataMapOfAsciiStringInteger.hxx
+M TColStd:pubinclude:TColStd_DataMapNodeOfDataMapOfAsciiStringInteger.hxx /misc/dn61/LocalWOK/wok_entities/LOC/dev/CR671-FINAL1-CR671-FINAL1-occt/inc/TColStd_DataMapNodeOfDataMapOfAsciiStringInteger.hxx
+M TColStd:derivated:TColStd_DataMapNodeOfDataMapOfAsciiStringInteger_0.cxx /misc/dn61/LocalWOK/wok_entities/LOC/dev/CR671-FINAL1-CR671-FINAL1-occt/drv/TColStd/TColStd_DataMapNodeOfDataMapOfAsciiStringInteger_0.cxx
+M TColStd:pubinclude:TColStd_DataMapIteratorOfDataMapOfAsciiStringInteger.hxx /misc/dn61/LocalWOK/wok_entities/LOC/dev/CR671-FINAL1-CR671-FINAL1-occt/inc/TColStd_DataMapIteratorOfDataMapOfAsciiStringInteger.hxx
+M TColStd:derivated:TColStd_DataMapIteratorOfDataMapOfAsciiStringInteger_0.cxx /misc/dn61/LocalWOK/wok_entities/LOC/dev/CR671-FINAL1-CR671-FINAL1-occt/drv/TColStd/TColStd_DataMapIteratorOfDataMapOfAsciiStringInteger_0.cxx
+M TColStd:pubinclude:Handle_TColStd_DataMapNodeOfDataMapOfIntegerTransient.hxx /misc/dn61/LocalWOK/wok_entities/LOC/dev/CR671-FINAL1-CR671-FINAL1-occt/inc/Handle_TColStd_DataMapNodeOfDataMapOfIntegerTransient.hxx
+M TColStd:pubinclude:TColStd_DataMapNodeOfDataMapOfIntegerTransient.hxx /misc/dn61/LocalWOK/wok_entities/LOC/dev/CR671-FINAL1-CR671-FINAL1-occt/inc/TColStd_DataMapNodeOfDataMapOfIntegerTransient.hxx
+M TColStd:derivated:TColStd_DataMapNodeOfDataMapOfIntegerTransient_0.cxx /misc/dn61/LocalWOK/wok_entities/LOC/dev/CR671-FINAL1-CR671-FINAL1-occt/drv/TColStd/TColStd_DataMapNodeOfDataMapOfIntegerTransient_0.cxx
+M TColStd:pubinclude:TColStd_DataMapIteratorOfDataMapOfIntegerTransient.hxx /misc/dn61/LocalWOK/wok_entities/LOC/dev/CR671-FINAL1-CR671-FINAL1-occt/inc/TColStd_DataMapIteratorOfDataMapOfIntegerTransient.hxx
+M TColStd:derivated:TColStd_DataMapIteratorOfDataMapOfIntegerTransient_0.cxx /misc/dn61/LocalWOK/wok_entities/LOC/dev/CR671-FINAL1-CR671-FINAL1-occt/drv/TColStd/TColStd_DataMapIteratorOfDataMapOfIntegerTransient_0.cxx
+M TColStd:pubinclude:Handle_TColStd_DataMapNodeOfDataMapOfStringInteger.hxx /misc/dn61/LocalWOK/wok_entities/LOC/dev/CR671-FINAL1-CR671-FINAL1-occt/inc/Handle_TColStd_DataMapNodeOfDataMapOfStringInteger.hxx
+M TColStd:pubinclude:TColStd_DataMapNodeOfDataMapOfStringInteger.hxx /misc/dn61/LocalWOK/wok_entities/LOC/dev/CR671-FINAL1-CR671-FINAL1-occt/inc/TColStd_DataMapNodeOfDataMapOfStringInteger.hxx
+M TColStd:derivated:TColStd_DataMapNodeOfDataMapOfStringInteger_0.cxx /misc/dn61/LocalWOK/wok_entities/LOC/dev/CR671-FINAL1-CR671-FINAL1-occt/drv/TColStd/TColStd_DataMapNodeOfDataMapOfStringInteger_0.cxx
+M TColStd:pubinclude:TColStd_DataMapIteratorOfDataMapOfStringInteger.hxx /misc/dn61/LocalWOK/wok_entities/LOC/dev/CR671-FINAL1-CR671-FINAL1-occt/inc/TColStd_DataMapIteratorOfDataMapOfStringInteger.hxx
+M TColStd:derivated:TColStd_DataMapIteratorOfDataMapOfStringInteger_0.cxx /misc/dn61/LocalWOK/wok_entities/LOC/dev/CR671-FINAL1-CR671-FINAL1-occt/drv/TColStd/TColStd_DataMapIteratorOfDataMapOfStringInteger_0.cxx
+M TColStd:dbadmfile:TColStd_xcpp_header.In /misc/dn61/LocalWOK/wok_entities/LOC/dev/CR671-FINAL1-CR671-FINAL1-occt/drv/TColStd/.adm/TColStd_xcpp_header.In
+M TColStd:dbadmfile:TColStd_xcpp_header.Out /misc/dn61/LocalWOK/wok_entities/LOC/dev/CR671-FINAL1-CR671-FINAL1-occt/drv/TColStd/.adm/TColStd_xcpp_header.Out
+M TColStd:dbadmfile:TColStd_xcpp_header.Dep /misc/dn61/LocalWOK/wok_entities/LOC/dev/CR671-FINAL1-CR671-FINAL1-occt/drv/TColStd/.adm/TColStd_xcpp_header.Dep
