+M Dynamic:pubinclude:Dynamic.hxx /misc/dn61/LocalWOK/wok_entities/LOC/dev/CR671-FINAL1-CR671-FINAL1-occt/inc/Dynamic.hxx
+M Dynamic:privinclude:Dynamic.jxx /misc/dn61/LocalWOK/wok_entities/LOC/dev/CR671-FINAL1-CR671-FINAL1-occt/drv/Dynamic/Dynamic.jxx
+M Dynamic:privinclude:Dynamic.ixx /misc/dn61/LocalWOK/wok_entities/LOC/dev/CR671-FINAL1-CR671-FINAL1-occt/drv/Dynamic/Dynamic.ixx
+M Dynamic:pubinclude:Handle_Dynamic_Parameter.hxx /misc/dn61/LocalWOK/wok_entities/LOC/dev/CR671-FINAL1-CR671-FINAL1-occt/inc/Handle_Dynamic_Parameter.hxx
+M Dynamic:pubinclude:Dynamic_Parameter.hxx /misc/dn61/LocalWOK/wok_entities/LOC/dev/CR671-FINAL1-CR671-FINAL1-occt/inc/Dynamic_Parameter.hxx
+M Dynamic:privinclude:Dynamic_Parameter.jxx /misc/dn61/LocalWOK/wok_entities/LOC/dev/CR671-FINAL1-CR671-FINAL1-occt/drv/Dynamic/Dynamic_Parameter.jxx
+M Dynamic:privinclude:Dynamic_Parameter.ixx /misc/dn61/LocalWOK/wok_entities/LOC/dev/CR671-FINAL1-CR671-FINAL1-occt/drv/Dynamic/Dynamic_Parameter.ixx
+M Dynamic:pubinclude:Handle_Dynamic_BooleanParameter.hxx /misc/dn61/LocalWOK/wok_entities/LOC/dev/CR671-FINAL1-CR671-FINAL1-occt/inc/Handle_Dynamic_BooleanParameter.hxx
+M Dynamic:pubinclude:Dynamic_BooleanParameter.hxx /misc/dn61/LocalWOK/wok_entities/LOC/dev/CR671-FINAL1-CR671-FINAL1-occt/inc/Dynamic_BooleanParameter.hxx
+M Dynamic:privinclude:Dynamic_BooleanParameter.jxx /misc/dn61/LocalWOK/wok_entities/LOC/dev/CR671-FINAL1-CR671-FINAL1-occt/drv/Dynamic/Dynamic_BooleanParameter.jxx
+M Dynamic:privinclude:Dynamic_BooleanParameter.ixx /misc/dn61/LocalWOK/wok_entities/LOC/dev/CR671-FINAL1-CR671-FINAL1-occt/drv/Dynamic/Dynamic_BooleanParameter.ixx
+M Dynamic:pubinclude:Handle_Dynamic_IntegerParameter.hxx /misc/dn61/LocalWOK/wok_entities/LOC/dev/CR671-FINAL1-CR671-FINAL1-occt/inc/Handle_Dynamic_IntegerParameter.hxx
+M Dynamic:pubinclude:Dynamic_IntegerParameter.hxx /misc/dn61/LocalWOK/wok_entities/LOC/dev/CR671-FINAL1-CR671-FINAL1-occt/inc/Dynamic_IntegerParameter.hxx
+M Dynamic:privinclude:Dynamic_IntegerParameter.jxx /misc/dn61/LocalWOK/wok_entities/LOC/dev/CR671-FINAL1-CR671-FINAL1-occt/drv/Dynamic/Dynamic_IntegerParameter.jxx
+M Dynamic:privinclude:Dynamic_IntegerParameter.ixx /misc/dn61/LocalWOK/wok_entities/LOC/dev/CR671-FINAL1-CR671-FINAL1-occt/drv/Dynamic/Dynamic_IntegerParameter.ixx
+M Dynamic:pubinclude:Handle_Dynamic_RealParameter.hxx /misc/dn61/LocalWOK/wok_entities/LOC/dev/CR671-FINAL1-CR671-FINAL1-occt/inc/Handle_Dynamic_RealParameter.hxx
+M Dynamic:pubinclude:Dynamic_RealParameter.hxx /misc/dn61/LocalWOK/wok_entities/LOC/dev/CR671-FINAL1-CR671-FINAL1-occt/inc/Dynamic_RealParameter.hxx
+M Dynamic:privinclude:Dynamic_RealParameter.jxx /misc/dn61/LocalWOK/wok_entities/LOC/dev/CR671-FINAL1-CR671-FINAL1-occt/drv/Dynamic/Dynamic_RealParameter.jxx
+M Dynamic:privinclude:Dynamic_RealParameter.ixx /misc/dn61/LocalWOK/wok_entities/LOC/dev/CR671-FINAL1-CR671-FINAL1-occt/drv/Dynamic/Dynamic_RealParameter.ixx
+M Dynamic:pubinclude:Handle_Dynamic_StringParameter.hxx /misc/dn61/LocalWOK/wok_entities/LOC/dev/CR671-FINAL1-CR671-FINAL1-occt/inc/Handle_Dynamic_StringParameter.hxx
+M Dynamic:pubinclude:Dynamic_StringParameter.hxx /misc/dn61/LocalWOK/wok_entities/LOC/dev/CR671-FINAL1-CR671-FINAL1-occt/inc/Dynamic_StringParameter.hxx
+M Dynamic:privinclude:Dynamic_StringParameter.jxx /misc/dn61/LocalWOK/wok_entities/LOC/dev/CR671-FINAL1-CR671-FINAL1-occt/drv/Dynamic/Dynamic_StringParameter.jxx
+M Dynamic:privinclude:Dynamic_StringParameter.ixx /misc/dn61/LocalWOK/wok_entities/LOC/dev/CR671-FINAL1-CR671-FINAL1-occt/drv/Dynamic/Dynamic_StringParameter.ixx
+M Dynamic:pubinclude:Handle_Dynamic_ObjectParameter.hxx /misc/dn61/LocalWOK/wok_entities/LOC/dev/CR671-FINAL1-CR671-FINAL1-occt/inc/Handle_Dynamic_ObjectParameter.hxx
+M Dynamic:pubinclude:Dynamic_ObjectParameter.hxx /misc/dn61/LocalWOK/wok_entities/LOC/dev/CR671-FINAL1-CR671-FINAL1-occt/inc/Dynamic_ObjectParameter.hxx
+M Dynamic:privinclude:Dynamic_ObjectParameter.jxx /misc/dn61/LocalWOK/wok_entities/LOC/dev/CR671-FINAL1-CR671-FINAL1-occt/drv/Dynamic/Dynamic_ObjectParameter.jxx
+M Dynamic:privinclude:Dynamic_ObjectParameter.ixx /misc/dn61/LocalWOK/wok_entities/LOC/dev/CR671-FINAL1-CR671-FINAL1-occt/drv/Dynamic/Dynamic_ObjectParameter.ixx
+M Dynamic:pubinclude:Handle_Dynamic_InstanceParameter.hxx /misc/dn61/LocalWOK/wok_entities/LOC/dev/CR671-FINAL1-CR671-FINAL1-occt/inc/Handle_Dynamic_InstanceParameter.hxx
+M Dynamic:pubinclude:Dynamic_InstanceParameter.hxx /misc/dn61/LocalWOK/wok_entities/LOC/dev/CR671-FINAL1-CR671-FINAL1-occt/inc/Dynamic_InstanceParameter.hxx
+M Dynamic:privinclude:Dynamic_InstanceParameter.jxx /misc/dn61/LocalWOK/wok_entities/LOC/dev/CR671-FINAL1-CR671-FINAL1-occt/drv/Dynamic/Dynamic_InstanceParameter.jxx
+M Dynamic:privinclude:Dynamic_InstanceParameter.ixx /misc/dn61/LocalWOK/wok_entities/LOC/dev/CR671-FINAL1-CR671-FINAL1-occt/drv/Dynamic/Dynamic_InstanceParameter.ixx
+M Dynamic:pubinclude:Handle_Dynamic_ParameterNode.hxx /misc/dn61/LocalWOK/wok_entities/LOC/dev/CR671-FINAL1-CR671-FINAL1-occt/inc/Handle_Dynamic_ParameterNode.hxx
+M Dynamic:pubinclude:Dynamic_ParameterNode.hxx /misc/dn61/LocalWOK/wok_entities/LOC/dev/CR671-FINAL1-CR671-FINAL1-occt/inc/Dynamic_ParameterNode.hxx
+M Dynamic:derivated:Dynamic_ParameterNode_0.cxx /misc/dn61/LocalWOK/wok_entities/LOC/dev/CR671-FINAL1-CR671-FINAL1-occt/drv/Dynamic/Dynamic_ParameterNode_0.cxx
+M Dynamic:pubinclude:Handle_Dynamic_Variable.hxx /misc/dn61/LocalWOK/wok_entities/LOC/dev/CR671-FINAL1-CR671-FINAL1-occt/inc/Handle_Dynamic_Variable.hxx
+M Dynamic:pubinclude:Dynamic_Variable.hxx /misc/dn61/LocalWOK/wok_entities/LOC/dev/CR671-FINAL1-CR671-FINAL1-occt/inc/Dynamic_Variable.hxx
+M Dynamic:privinclude:Dynamic_Variable.jxx /misc/dn61/LocalWOK/wok_entities/LOC/dev/CR671-FINAL1-CR671-FINAL1-occt/drv/Dynamic/Dynamic_Variable.jxx
+M Dynamic:privinclude:Dynamic_Variable.ixx /misc/dn61/LocalWOK/wok_entities/LOC/dev/CR671-FINAL1-CR671-FINAL1-occt/drv/Dynamic/Dynamic_Variable.ixx
+M Dynamic:pubinclude:Handle_Dynamic_VariableGroup.hxx /misc/dn61/LocalWOK/wok_entities/LOC/dev/CR671-FINAL1-CR671-FINAL1-occt/inc/Handle_Dynamic_VariableGroup.hxx
+M Dynamic:pubinclude:Dynamic_VariableGroup.hxx /misc/dn61/LocalWOK/wok_entities/LOC/dev/CR671-FINAL1-CR671-FINAL1-occt/inc/Dynamic_VariableGroup.hxx
+M Dynamic:privinclude:Dynamic_VariableGroup.jxx /misc/dn61/LocalWOK/wok_entities/LOC/dev/CR671-FINAL1-CR671-FINAL1-occt/drv/Dynamic/Dynamic_VariableGroup.jxx
+M Dynamic:privinclude:Dynamic_VariableGroup.ixx /misc/dn61/LocalWOK/wok_entities/LOC/dev/CR671-FINAL1-CR671-FINAL1-occt/drv/Dynamic/Dynamic_VariableGroup.ixx
+M Dynamic:pubinclude:Handle_Dynamic_AbstractVariableInstance.hxx /misc/dn61/LocalWOK/wok_entities/LOC/dev/CR671-FINAL1-CR671-FINAL1-occt/inc/Handle_Dynamic_AbstractVariableInstance.hxx
+M Dynamic:pubinclude:Dynamic_AbstractVariableInstance.hxx /misc/dn61/LocalWOK/wok_entities/LOC/dev/CR671-FINAL1-CR671-FINAL1-occt/inc/Dynamic_AbstractVariableInstance.hxx
+M Dynamic:privinclude:Dynamic_AbstractVariableInstance.jxx /misc/dn61/LocalWOK/wok_entities/LOC/dev/CR671-FINAL1-CR671-FINAL1-occt/drv/Dynamic/Dynamic_AbstractVariableInstance.jxx
+M Dynamic:privinclude:Dynamic_AbstractVariableInstance.ixx /misc/dn61/LocalWOK/wok_entities/LOC/dev/CR671-FINAL1-CR671-FINAL1-occt/drv/Dynamic/Dynamic_AbstractVariableInstance.ixx
+M Dynamic:pubinclude:Handle_Dynamic_VariableInstance.hxx /misc/dn61/LocalWOK/wok_entities/LOC/dev/CR671-FINAL1-CR671-FINAL1-occt/inc/Handle_Dynamic_VariableInstance.hxx
+M Dynamic:pubinclude:Dynamic_VariableInstance.hxx /misc/dn61/LocalWOK/wok_entities/LOC/dev/CR671-FINAL1-CR671-FINAL1-occt/inc/Dynamic_VariableInstance.hxx
+M Dynamic:privinclude:Dynamic_VariableInstance.jxx /misc/dn61/LocalWOK/wok_entities/LOC/dev/CR671-FINAL1-CR671-FINAL1-occt/drv/Dynamic/Dynamic_VariableInstance.jxx
+M Dynamic:privinclude:Dynamic_VariableInstance.ixx /misc/dn61/LocalWOK/wok_entities/LOC/dev/CR671-FINAL1-CR671-FINAL1-occt/drv/Dynamic/Dynamic_VariableInstance.ixx
+M Dynamic:pubinclude:Handle_Dynamic_CompositVariableInstance.hxx /misc/dn61/LocalWOK/wok_entities/LOC/dev/CR671-FINAL1-CR671-FINAL1-occt/inc/Handle_Dynamic_CompositVariableInstance.hxx
+M Dynamic:pubinclude:Dynamic_CompositVariableInstance.hxx /misc/dn61/LocalWOK/wok_entities/LOC/dev/CR671-FINAL1-CR671-FINAL1-occt/inc/Dynamic_CompositVariableInstance.hxx
+M Dynamic:privinclude:Dynamic_CompositVariableInstance.jxx /misc/dn61/LocalWOK/wok_entities/LOC/dev/CR671-FINAL1-CR671-FINAL1-occt/drv/Dynamic/Dynamic_CompositVariableInstance.jxx
+M Dynamic:privinclude:Dynamic_CompositVariableInstance.ixx /misc/dn61/LocalWOK/wok_entities/LOC/dev/CR671-FINAL1-CR671-FINAL1-occt/drv/Dynamic/Dynamic_CompositVariableInstance.ixx
+M Dynamic:pubinclude:Handle_Dynamic_VariableNode.hxx /misc/dn61/LocalWOK/wok_entities/LOC/dev/CR671-FINAL1-CR671-FINAL1-occt/inc/Handle_Dynamic_VariableNode.hxx
+M Dynamic:pubinclude:Dynamic_VariableNode.hxx /misc/dn61/LocalWOK/wok_entities/LOC/dev/CR671-FINAL1-CR671-FINAL1-occt/inc/Dynamic_VariableNode.hxx
+M Dynamic:derivated:Dynamic_VariableNode_0.cxx /misc/dn61/LocalWOK/wok_entities/LOC/dev/CR671-FINAL1-CR671-FINAL1-occt/drv/Dynamic/Dynamic_VariableNode_0.cxx
+M Dynamic:pubinclude:Handle_Dynamic_Method.hxx /misc/dn61/LocalWOK/wok_entities/LOC/dev/CR671-FINAL1-CR671-FINAL1-occt/inc/Handle_Dynamic_Method.hxx
+M Dynamic:pubinclude:Dynamic_Method.hxx /misc/dn61/LocalWOK/wok_entities/LOC/dev/CR671-FINAL1-CR671-FINAL1-occt/inc/Dynamic_Method.hxx
+M Dynamic:privinclude:Dynamic_Method.jxx /misc/dn61/LocalWOK/wok_entities/LOC/dev/CR671-FINAL1-CR671-FINAL1-occt/drv/Dynamic/Dynamic_Method.jxx
+M Dynamic:privinclude:Dynamic_Method.ixx /misc/dn61/LocalWOK/wok_entities/LOC/dev/CR671-FINAL1-CR671-FINAL1-occt/drv/Dynamic/Dynamic_Method.ixx
+M Dynamic:pubinclude:Handle_Dynamic_MethodDefinition.hxx /misc/dn61/LocalWOK/wok_entities/LOC/dev/CR671-FINAL1-CR671-FINAL1-occt/inc/Handle_Dynamic_MethodDefinition.hxx
+M Dynamic:pubinclude:Dynamic_MethodDefinition.hxx /misc/dn61/LocalWOK/wok_entities/LOC/dev/CR671-FINAL1-CR671-FINAL1-occt/inc/Dynamic_MethodDefinition.hxx
+M Dynamic:privinclude:Dynamic_MethodDefinition.jxx /misc/dn61/LocalWOK/wok_entities/LOC/dev/CR671-FINAL1-CR671-FINAL1-occt/drv/Dynamic/Dynamic_MethodDefinition.jxx
+M Dynamic:privinclude:Dynamic_MethodDefinition.ixx /misc/dn61/LocalWOK/wok_entities/LOC/dev/CR671-FINAL1-CR671-FINAL1-occt/drv/Dynamic/Dynamic_MethodDefinition.ixx
+M Dynamic:pubinclude:Handle_Dynamic_CompiledMethod.hxx /misc/dn61/LocalWOK/wok_entities/LOC/dev/CR671-FINAL1-CR671-FINAL1-occt/inc/Handle_Dynamic_CompiledMethod.hxx
+M Dynamic:pubinclude:Dynamic_CompiledMethod.hxx /misc/dn61/LocalWOK/wok_entities/LOC/dev/CR671-FINAL1-CR671-FINAL1-occt/inc/Dynamic_CompiledMethod.hxx
+M Dynamic:privinclude:Dynamic_CompiledMethod.jxx /misc/dn61/LocalWOK/wok_entities/LOC/dev/CR671-FINAL1-CR671-FINAL1-occt/drv/Dynamic/Dynamic_CompiledMethod.jxx
+M Dynamic:privinclude:Dynamic_CompiledMethod.ixx /misc/dn61/LocalWOK/wok_entities/LOC/dev/CR671-FINAL1-CR671-FINAL1-occt/drv/Dynamic/Dynamic_CompiledMethod.ixx
+M Dynamic:pubinclude:Handle_Dynamic_InterpretedMethod.hxx /misc/dn61/LocalWOK/wok_entities/LOC/dev/CR671-FINAL1-CR671-FINAL1-occt/inc/Handle_Dynamic_InterpretedMethod.hxx
+M Dynamic:pubinclude:Dynamic_InterpretedMethod.hxx /misc/dn61/LocalWOK/wok_entities/LOC/dev/CR671-FINAL1-CR671-FINAL1-occt/inc/Dynamic_InterpretedMethod.hxx
+M Dynamic:privinclude:Dynamic_InterpretedMethod.jxx /misc/dn61/LocalWOK/wok_entities/LOC/dev/CR671-FINAL1-CR671-FINAL1-occt/drv/Dynamic/Dynamic_InterpretedMethod.jxx
+M Dynamic:privinclude:Dynamic_InterpretedMethod.ixx /misc/dn61/LocalWOK/wok_entities/LOC/dev/CR671-FINAL1-CR671-FINAL1-occt/drv/Dynamic/Dynamic_InterpretedMethod.ixx
+M Dynamic:pubinclude:Handle_Dynamic_CompositMethod.hxx /misc/dn61/LocalWOK/wok_entities/LOC/dev/CR671-FINAL1-CR671-FINAL1-occt/inc/Handle_Dynamic_CompositMethod.hxx
+M Dynamic:pubinclude:Dynamic_CompositMethod.hxx /misc/dn61/LocalWOK/wok_entities/LOC/dev/CR671-FINAL1-CR671-FINAL1-occt/inc/Dynamic_CompositMethod.hxx
+M Dynamic:privinclude:Dynamic_CompositMethod.jxx /misc/dn61/LocalWOK/wok_entities/LOC/dev/CR671-FINAL1-CR671-FINAL1-occt/drv/Dynamic/Dynamic_CompositMethod.jxx
+M Dynamic:privinclude:Dynamic_CompositMethod.ixx /misc/dn61/LocalWOK/wok_entities/LOC/dev/CR671-FINAL1-CR671-FINAL1-occt/drv/Dynamic/Dynamic_CompositMethod.ixx
+M Dynamic:pubinclude:Handle_Dynamic_MethodDefinitionsDictionary.hxx /misc/dn61/LocalWOK/wok_entities/LOC/dev/CR671-FINAL1-CR671-FINAL1-occt/inc/Handle_Dynamic_MethodDefinitionsDictionary.hxx
+M Dynamic:pubinclude:Dynamic_MethodDefinitionsDictionary.hxx /misc/dn61/LocalWOK/wok_entities/LOC/dev/CR671-FINAL1-CR671-FINAL1-occt/inc/Dynamic_MethodDefinitionsDictionary.hxx
+M Dynamic:privinclude:Dynamic_MethodDefinitionsDictionary.jxx /misc/dn61/LocalWOK/wok_entities/LOC/dev/CR671-FINAL1-CR671-FINAL1-occt/drv/Dynamic/Dynamic_MethodDefinitionsDictionary.jxx
+M Dynamic:privinclude:Dynamic_MethodDefinitionsDictionary.ixx /misc/dn61/LocalWOK/wok_entities/LOC/dev/CR671-FINAL1-CR671-FINAL1-occt/drv/Dynamic/Dynamic_MethodDefinitionsDictionary.ixx
+M Dynamic:pubinclude:Dynamic_SeqOfMethods.hxx /misc/dn61/LocalWOK/wok_entities/LOC/dev/CR671-FINAL1-CR671-FINAL1-occt/inc/Dynamic_SeqOfMethods.hxx
+M Dynamic:derivated:Dynamic_SeqOfMethods_0.cxx /misc/dn61/LocalWOK/wok_entities/LOC/dev/CR671-FINAL1-CR671-FINAL1-occt/drv/Dynamic/Dynamic_SeqOfMethods_0.cxx
+M Dynamic:pubinclude:Handle_Dynamic_SequenceOfMethods.hxx /misc/dn61/LocalWOK/wok_entities/LOC/dev/CR671-FINAL1-CR671-FINAL1-occt/inc/Handle_Dynamic_SequenceOfMethods.hxx
+M Dynamic:pubinclude:Dynamic_SequenceOfMethods.hxx /misc/dn61/LocalWOK/wok_entities/LOC/dev/CR671-FINAL1-CR671-FINAL1-occt/inc/Dynamic_SequenceOfMethods.hxx
+M Dynamic:derivated:Dynamic_SequenceOfMethods_0.cxx /misc/dn61/LocalWOK/wok_entities/LOC/dev/CR671-FINAL1-CR671-FINAL1-occt/drv/Dynamic/Dynamic_SequenceOfMethods_0.cxx
+M Dynamic:pubinclude:Dynamic_SeqOfMethodDefinitions.hxx /misc/dn61/LocalWOK/wok_entities/LOC/dev/CR671-FINAL1-CR671-FINAL1-occt/inc/Dynamic_SeqOfMethodDefinitions.hxx
+M Dynamic:derivated:Dynamic_SeqOfMethodDefinitions_0.cxx /misc/dn61/LocalWOK/wok_entities/LOC/dev/CR671-FINAL1-CR671-FINAL1-occt/drv/Dynamic/Dynamic_SeqOfMethodDefinitions_0.cxx
+M Dynamic:pubinclude:Handle_Dynamic_SequenceOfMethodDefinitions.hxx /misc/dn61/LocalWOK/wok_entities/LOC/dev/CR671-FINAL1-CR671-FINAL1-occt/inc/Handle_Dynamic_SequenceOfMethodDefinitions.hxx
+M Dynamic:pubinclude:Dynamic_SequenceOfMethodDefinitions.hxx /misc/dn61/LocalWOK/wok_entities/LOC/dev/CR671-FINAL1-CR671-FINAL1-occt/inc/Dynamic_SequenceOfMethodDefinitions.hxx
+M Dynamic:derivated:Dynamic_SequenceOfMethodDefinitions_0.cxx /misc/dn61/LocalWOK/wok_entities/LOC/dev/CR671-FINAL1-CR671-FINAL1-occt/drv/Dynamic/Dynamic_SequenceOfMethodDefinitions_0.cxx
+M Dynamic:pubinclude:Handle_Dynamic_DynamicClass.hxx /misc/dn61/LocalWOK/wok_entities/LOC/dev/CR671-FINAL1-CR671-FINAL1-occt/inc/Handle_Dynamic_DynamicClass.hxx
+M Dynamic:pubinclude:Dynamic_DynamicClass.hxx /misc/dn61/LocalWOK/wok_entities/LOC/dev/CR671-FINAL1-CR671-FINAL1-occt/inc/Dynamic_DynamicClass.hxx
+M Dynamic:privinclude:Dynamic_DynamicClass.jxx /misc/dn61/LocalWOK/wok_entities/LOC/dev/CR671-FINAL1-CR671-FINAL1-occt/drv/Dynamic/Dynamic_DynamicClass.jxx
+M Dynamic:privinclude:Dynamic_DynamicClass.ixx /misc/dn61/LocalWOK/wok_entities/LOC/dev/CR671-FINAL1-CR671-FINAL1-occt/drv/Dynamic/Dynamic_DynamicClass.ixx
+M Dynamic:pubinclude:Handle_Dynamic_DynamicDerivedClass.hxx /misc/dn61/LocalWOK/wok_entities/LOC/dev/CR671-FINAL1-CR671-FINAL1-occt/inc/Handle_Dynamic_DynamicDerivedClass.hxx
+M Dynamic:pubinclude:Dynamic_DynamicDerivedClass.hxx /misc/dn61/LocalWOK/wok_entities/LOC/dev/CR671-FINAL1-CR671-FINAL1-occt/inc/Dynamic_DynamicDerivedClass.hxx
+M Dynamic:privinclude:Dynamic_DynamicDerivedClass.jxx /misc/dn61/LocalWOK/wok_entities/LOC/dev/CR671-FINAL1-CR671-FINAL1-occt/drv/Dynamic/Dynamic_DynamicDerivedClass.jxx
+M Dynamic:privinclude:Dynamic_DynamicDerivedClass.ixx /misc/dn61/LocalWOK/wok_entities/LOC/dev/CR671-FINAL1-CR671-FINAL1-occt/drv/Dynamic/Dynamic_DynamicDerivedClass.ixx
+M Dynamic:pubinclude:Dynamic_SeqOfClasses.hxx /misc/dn61/LocalWOK/wok_entities/LOC/dev/CR671-FINAL1-CR671-FINAL1-occt/inc/Dynamic_SeqOfClasses.hxx
+M Dynamic:derivated:Dynamic_SeqOfClasses_0.cxx /misc/dn61/LocalWOK/wok_entities/LOC/dev/CR671-FINAL1-CR671-FINAL1-occt/drv/Dynamic/Dynamic_SeqOfClasses_0.cxx
+M Dynamic:pubinclude:Handle_Dynamic_SequenceOfClasses.hxx /misc/dn61/LocalWOK/wok_entities/LOC/dev/CR671-FINAL1-CR671-FINAL1-occt/inc/Handle_Dynamic_SequenceOfClasses.hxx
+M Dynamic:pubinclude:Dynamic_SequenceOfClasses.hxx /misc/dn61/LocalWOK/wok_entities/LOC/dev/CR671-FINAL1-CR671-FINAL1-occt/inc/Dynamic_SequenceOfClasses.hxx
+M Dynamic:derivated:Dynamic_SequenceOfClasses_0.cxx /misc/dn61/LocalWOK/wok_entities/LOC/dev/CR671-FINAL1-CR671-FINAL1-occt/drv/Dynamic/Dynamic_SequenceOfClasses_0.cxx
+M Dynamic:pubinclude:Handle_Dynamic_DynamicInstance.hxx /misc/dn61/LocalWOK/wok_entities/LOC/dev/CR671-FINAL1-CR671-FINAL1-occt/inc/Handle_Dynamic_DynamicInstance.hxx
+M Dynamic:pubinclude:Dynamic_DynamicInstance.hxx /misc/dn61/LocalWOK/wok_entities/LOC/dev/CR671-FINAL1-CR671-FINAL1-occt/inc/Dynamic_DynamicInstance.hxx
+M Dynamic:privinclude:Dynamic_DynamicInstance.jxx /misc/dn61/LocalWOK/wok_entities/LOC/dev/CR671-FINAL1-CR671-FINAL1-occt/drv/Dynamic/Dynamic_DynamicInstance.jxx
+M Dynamic:privinclude:Dynamic_DynamicInstance.ixx /misc/dn61/LocalWOK/wok_entities/LOC/dev/CR671-FINAL1-CR671-FINAL1-occt/drv/Dynamic/Dynamic_DynamicInstance.ixx
+M Dynamic:pubinclude:Handle_Dynamic_FuzzyClass.hxx /misc/dn61/LocalWOK/wok_entities/LOC/dev/CR671-FINAL1-CR671-FINAL1-occt/inc/Handle_Dynamic_FuzzyClass.hxx
+M Dynamic:pubinclude:Dynamic_FuzzyClass.hxx /misc/dn61/LocalWOK/wok_entities/LOC/dev/CR671-FINAL1-CR671-FINAL1-occt/inc/Dynamic_FuzzyClass.hxx
+M Dynamic:privinclude:Dynamic_FuzzyClass.jxx /misc/dn61/LocalWOK/wok_entities/LOC/dev/CR671-FINAL1-CR671-FINAL1-occt/drv/Dynamic/Dynamic_FuzzyClass.jxx
+M Dynamic:privinclude:Dynamic_FuzzyClass.ixx /misc/dn61/LocalWOK/wok_entities/LOC/dev/CR671-FINAL1-CR671-FINAL1-occt/drv/Dynamic/Dynamic_FuzzyClass.ixx
+M Dynamic:pubinclude:Handle_Dynamic_FuzzyDefinition.hxx /misc/dn61/LocalWOK/wok_entities/LOC/dev/CR671-FINAL1-CR671-FINAL1-occt/inc/Handle_Dynamic_FuzzyDefinition.hxx
+M Dynamic:pubinclude:Dynamic_FuzzyDefinition.hxx /misc/dn61/LocalWOK/wok_entities/LOC/dev/CR671-FINAL1-CR671-FINAL1-occt/inc/Dynamic_FuzzyDefinition.hxx
+M Dynamic:privinclude:Dynamic_FuzzyDefinition.jxx /misc/dn61/LocalWOK/wok_entities/LOC/dev/CR671-FINAL1-CR671-FINAL1-occt/drv/Dynamic/Dynamic_FuzzyDefinition.jxx
+M Dynamic:privinclude:Dynamic_FuzzyDefinition.ixx /misc/dn61/LocalWOK/wok_entities/LOC/dev/CR671-FINAL1-CR671-FINAL1-occt/drv/Dynamic/Dynamic_FuzzyDefinition.ixx
+M Dynamic:pubinclude:Dynamic_SeqOfFuzzyDefinitions.hxx /misc/dn61/LocalWOK/wok_entities/LOC/dev/CR671-FINAL1-CR671-FINAL1-occt/inc/Dynamic_SeqOfFuzzyDefinitions.hxx
+M Dynamic:derivated:Dynamic_SeqOfFuzzyDefinitions_0.cxx /misc/dn61/LocalWOK/wok_entities/LOC/dev/CR671-FINAL1-CR671-FINAL1-occt/drv/Dynamic/Dynamic_SeqOfFuzzyDefinitions_0.cxx
+M Dynamic:pubinclude:Handle_Dynamic_SequenceOfFuzzyDefinitions.hxx /misc/dn61/LocalWOK/wok_entities/LOC/dev/CR671-FINAL1-CR671-FINAL1-occt/inc/Handle_Dynamic_SequenceOfFuzzyDefinitions.hxx
+M Dynamic:pubinclude:Dynamic_SequenceOfFuzzyDefinitions.hxx /misc/dn61/LocalWOK/wok_entities/LOC/dev/CR671-FINAL1-CR671-FINAL1-occt/inc/Dynamic_SequenceOfFuzzyDefinitions.hxx
+M Dynamic:derivated:Dynamic_SequenceOfFuzzyDefinitions_0.cxx /misc/dn61/LocalWOK/wok_entities/LOC/dev/CR671-FINAL1-CR671-FINAL1-occt/drv/Dynamic/Dynamic_SequenceOfFuzzyDefinitions_0.cxx
+M Dynamic:pubinclude:Handle_Dynamic_FuzzyDefinitionsDictionary.hxx /misc/dn61/LocalWOK/wok_entities/LOC/dev/CR671-FINAL1-CR671-FINAL1-occt/inc/Handle_Dynamic_FuzzyDefinitionsDictionary.hxx
+M Dynamic:pubinclude:Dynamic_FuzzyDefinitionsDictionary.hxx /misc/dn61/LocalWOK/wok_entities/LOC/dev/CR671-FINAL1-CR671-FINAL1-occt/inc/Dynamic_FuzzyDefinitionsDictionary.hxx
+M Dynamic:privinclude:Dynamic_FuzzyDefinitionsDictionary.jxx /misc/dn61/LocalWOK/wok_entities/LOC/dev/CR671-FINAL1-CR671-FINAL1-occt/drv/Dynamic/Dynamic_FuzzyDefinitionsDictionary.jxx
+M Dynamic:privinclude:Dynamic_FuzzyDefinitionsDictionary.ixx /misc/dn61/LocalWOK/wok_entities/LOC/dev/CR671-FINAL1-CR671-FINAL1-occt/drv/Dynamic/Dynamic_FuzzyDefinitionsDictionary.ixx
+M Dynamic:pubinclude:Handle_Dynamic_SequenceNodeOfSeqOfMethods.hxx /misc/dn61/LocalWOK/wok_entities/LOC/dev/CR671-FINAL1-CR671-FINAL1-occt/inc/Handle_Dynamic_SequenceNodeOfSeqOfMethods.hxx
+M Dynamic:pubinclude:Dynamic_SequenceNodeOfSeqOfMethods.hxx /misc/dn61/LocalWOK/wok_entities/LOC/dev/CR671-FINAL1-CR671-FINAL1-occt/inc/Dynamic_SequenceNodeOfSeqOfMethods.hxx
+M Dynamic:derivated:Dynamic_SequenceNodeOfSeqOfMethods_0.cxx /misc/dn61/LocalWOK/wok_entities/LOC/dev/CR671-FINAL1-CR671-FINAL1-occt/drv/Dynamic/Dynamic_SequenceNodeOfSeqOfMethods_0.cxx
+M Dynamic:pubinclude:Handle_Dynamic_SequenceNodeOfSeqOfMethodDefinitions.hxx /misc/dn61/LocalWOK/wok_entities/LOC/dev/CR671-FINAL1-CR671-FINAL1-occt/inc/Handle_Dynamic_SequenceNodeOfSeqOfMethodDefinitions.hxx
+M Dynamic:pubinclude:Dynamic_SequenceNodeOfSeqOfMethodDefinitions.hxx /misc/dn61/LocalWOK/wok_entities/LOC/dev/CR671-FINAL1-CR671-FINAL1-occt/inc/Dynamic_SequenceNodeOfSeqOfMethodDefinitions.hxx
+M Dynamic:derivated:Dynamic_SequenceNodeOfSeqOfMethodDefinitions_0.cxx /misc/dn61/LocalWOK/wok_entities/LOC/dev/CR671-FINAL1-CR671-FINAL1-occt/drv/Dynamic/Dynamic_SequenceNodeOfSeqOfMethodDefinitions_0.cxx
+M Dynamic:pubinclude:Handle_Dynamic_SequenceNodeOfSeqOfClasses.hxx /misc/dn61/LocalWOK/wok_entities/LOC/dev/CR671-FINAL1-CR671-FINAL1-occt/inc/Handle_Dynamic_SequenceNodeOfSeqOfClasses.hxx
+M Dynamic:pubinclude:Dynamic_SequenceNodeOfSeqOfClasses.hxx /misc/dn61/LocalWOK/wok_entities/LOC/dev/CR671-FINAL1-CR671-FINAL1-occt/inc/Dynamic_SequenceNodeOfSeqOfClasses.hxx
+M Dynamic:derivated:Dynamic_SequenceNodeOfSeqOfClasses_0.cxx /misc/dn61/LocalWOK/wok_entities/LOC/dev/CR671-FINAL1-CR671-FINAL1-occt/drv/Dynamic/Dynamic_SequenceNodeOfSeqOfClasses_0.cxx
+M Dynamic:pubinclude:Handle_Dynamic_SequenceNodeOfSeqOfFuzzyDefinitions.hxx /misc/dn61/LocalWOK/wok_entities/LOC/dev/CR671-FINAL1-CR671-FINAL1-occt/inc/Handle_Dynamic_SequenceNodeOfSeqOfFuzzyDefinitions.hxx
+M Dynamic:pubinclude:Dynamic_SequenceNodeOfSeqOfFuzzyDefinitions.hxx /misc/dn61/LocalWOK/wok_entities/LOC/dev/CR671-FINAL1-CR671-FINAL1-occt/inc/Dynamic_SequenceNodeOfSeqOfFuzzyDefinitions.hxx
+M Dynamic:derivated:Dynamic_SequenceNodeOfSeqOfFuzzyDefinitions_0.cxx /misc/dn61/LocalWOK/wok_entities/LOC/dev/CR671-FINAL1-CR671-FINAL1-occt/drv/Dynamic/Dynamic_SequenceNodeOfSeqOfFuzzyDefinitions_0.cxx
+M Dynamic:pubinclude:Dynamic_ModeEnum.hxx /misc/dn61/LocalWOK/wok_entities/LOC/dev/CR671-FINAL1-CR671-FINAL1-occt/inc/Dynamic_ModeEnum.hxx
+M Dynamic:dbadmfile:Dynamic_xcpp_header.In /misc/dn61/LocalWOK/wok_entities/LOC/dev/CR671-FINAL1-CR671-FINAL1-occt/drv/Dynamic/.adm/Dynamic_xcpp_header.In
+M Dynamic:dbadmfile:Dynamic_xcpp_header.Out /misc/dn61/LocalWOK/wok_entities/LOC/dev/CR671-FINAL1-CR671-FINAL1-occt/drv/Dynamic/.adm/Dynamic_xcpp_header.Out
+M Dynamic:dbadmfile:Dynamic_xcpp_header.Dep /misc/dn61/LocalWOK/wok_entities/LOC/dev/CR671-FINAL1-CR671-FINAL1-occt/drv/Dynamic/.adm/Dynamic_xcpp_header.Dep
