+M PColPGeom:pubinclude:Handle_PColPGeom_HArray1OfCurve.hxx /misc/dn61/LocalWOK/wok_entities/LOC/dev/CR671-FINAL1-CR671-FINAL1-occt/inc/Handle_PColPGeom_HArray1OfCurve.hxx
+M PColPGeom:pubinclude:PColPGeom_HArray1OfCurve.hxx /misc/dn61/LocalWOK/wok_entities/LOC/dev/CR671-FINAL1-CR671-FINAL1-occt/inc/PColPGeom_HArray1OfCurve.hxx
+M PColPGeom:derivated:PColPGeom_HArray1OfCurve_0.cxx /misc/dn61/LocalWOK/wok_entities/LOC/dev/CR671-FINAL1-CR671-FINAL1-occt/drv/PColPGeom/PColPGeom_HArray1OfCurve_0.cxx
+M PColPGeom:pubinclude:Handle_PColPGeom_HArray1OfBoundedCurve.hxx /misc/dn61/LocalWOK/wok_entities/LOC/dev/CR671-FINAL1-CR671-FINAL1-occt/inc/Handle_PColPGeom_HArray1OfBoundedCurve.hxx
+M PColPGeom:pubinclude:PColPGeom_HArray1OfBoundedCurve.hxx /misc/dn61/LocalWOK/wok_entities/LOC/dev/CR671-FINAL1-CR671-FINAL1-occt/inc/PColPGeom_HArray1OfBoundedCurve.hxx
+M PColPGeom:derivated:PColPGeom_HArray1OfBoundedCurve_0.cxx /misc/dn61/LocalWOK/wok_entities/LOC/dev/CR671-FINAL1-CR671-FINAL1-occt/drv/PColPGeom/PColPGeom_HArray1OfBoundedCurve_0.cxx
+M PColPGeom:pubinclude:Handle_PColPGeom_HArray1OfBezierCurve.hxx /misc/dn61/LocalWOK/wok_entities/LOC/dev/CR671-FINAL1-CR671-FINAL1-occt/inc/Handle_PColPGeom_HArray1OfBezierCurve.hxx
+M PColPGeom:pubinclude:PColPGeom_HArray1OfBezierCurve.hxx /misc/dn61/LocalWOK/wok_entities/LOC/dev/CR671-FINAL1-CR671-FINAL1-occt/inc/PColPGeom_HArray1OfBezierCurve.hxx
+M PColPGeom:derivated:PColPGeom_HArray1OfBezierCurve_0.cxx /misc/dn61/LocalWOK/wok_entities/LOC/dev/CR671-FINAL1-CR671-FINAL1-occt/drv/PColPGeom/PColPGeom_HArray1OfBezierCurve_0.cxx
+M PColPGeom:pubinclude:Handle_PColPGeom_HArray1OfBSplineCurve.hxx /misc/dn61/LocalWOK/wok_entities/LOC/dev/CR671-FINAL1-CR671-FINAL1-occt/inc/Handle_PColPGeom_HArray1OfBSplineCurve.hxx
+M PColPGeom:pubinclude:PColPGeom_HArray1OfBSplineCurve.hxx /misc/dn61/LocalWOK/wok_entities/LOC/dev/CR671-FINAL1-CR671-FINAL1-occt/inc/PColPGeom_HArray1OfBSplineCurve.hxx
+M PColPGeom:derivated:PColPGeom_HArray1OfBSplineCurve_0.cxx /misc/dn61/LocalWOK/wok_entities/LOC/dev/CR671-FINAL1-CR671-FINAL1-occt/drv/PColPGeom/PColPGeom_HArray1OfBSplineCurve_0.cxx
+M PColPGeom:pubinclude:Handle_PColPGeom_HArray1OfSurface.hxx /misc/dn61/LocalWOK/wok_entities/LOC/dev/CR671-FINAL1-CR671-FINAL1-occt/inc/Handle_PColPGeom_HArray1OfSurface.hxx
+M PColPGeom:pubinclude:PColPGeom_HArray1OfSurface.hxx /misc/dn61/LocalWOK/wok_entities/LOC/dev/CR671-FINAL1-CR671-FINAL1-occt/inc/PColPGeom_HArray1OfSurface.hxx
+M PColPGeom:derivated:PColPGeom_HArray1OfSurface_0.cxx /misc/dn61/LocalWOK/wok_entities/LOC/dev/CR671-FINAL1-CR671-FINAL1-occt/drv/PColPGeom/PColPGeom_HArray1OfSurface_0.cxx
+M PColPGeom:pubinclude:Handle_PColPGeom_HArray1OfBoundedSurface.hxx /misc/dn61/LocalWOK/wok_entities/LOC/dev/CR671-FINAL1-CR671-FINAL1-occt/inc/Handle_PColPGeom_HArray1OfBoundedSurface.hxx
+M PColPGeom:pubinclude:PColPGeom_HArray1OfBoundedSurface.hxx /misc/dn61/LocalWOK/wok_entities/LOC/dev/CR671-FINAL1-CR671-FINAL1-occt/inc/PColPGeom_HArray1OfBoundedSurface.hxx
+M PColPGeom:derivated:PColPGeom_HArray1OfBoundedSurface_0.cxx /misc/dn61/LocalWOK/wok_entities/LOC/dev/CR671-FINAL1-CR671-FINAL1-occt/drv/PColPGeom/PColPGeom_HArray1OfBoundedSurface_0.cxx
+M PColPGeom:pubinclude:Handle_PColPGeom_HArray2OfSurface.hxx /misc/dn61/LocalWOK/wok_entities/LOC/dev/CR671-FINAL1-CR671-FINAL1-occt/inc/Handle_PColPGeom_HArray2OfSurface.hxx
+M PColPGeom:pubinclude:PColPGeom_HArray2OfSurface.hxx /misc/dn61/LocalWOK/wok_entities/LOC/dev/CR671-FINAL1-CR671-FINAL1-occt/inc/PColPGeom_HArray2OfSurface.hxx
+M PColPGeom:derivated:PColPGeom_HArray2OfSurface_0.cxx /misc/dn61/LocalWOK/wok_entities/LOC/dev/CR671-FINAL1-CR671-FINAL1-occt/drv/PColPGeom/PColPGeom_HArray2OfSurface_0.cxx
+M PColPGeom:pubinclude:Handle_PColPGeom_HArray2OfBoundedSurface.hxx /misc/dn61/LocalWOK/wok_entities/LOC/dev/CR671-FINAL1-CR671-FINAL1-occt/inc/Handle_PColPGeom_HArray2OfBoundedSurface.hxx
+M PColPGeom:pubinclude:PColPGeom_HArray2OfBoundedSurface.hxx /misc/dn61/LocalWOK/wok_entities/LOC/dev/CR671-FINAL1-CR671-FINAL1-occt/inc/PColPGeom_HArray2OfBoundedSurface.hxx
+M PColPGeom:derivated:PColPGeom_HArray2OfBoundedSurface_0.cxx /misc/dn61/LocalWOK/wok_entities/LOC/dev/CR671-FINAL1-CR671-FINAL1-occt/drv/PColPGeom/PColPGeom_HArray2OfBoundedSurface_0.cxx
+M PColPGeom:pubinclude:Handle_PColPGeom_HArray2OfBezierSurface.hxx /misc/dn61/LocalWOK/wok_entities/LOC/dev/CR671-FINAL1-CR671-FINAL1-occt/inc/Handle_PColPGeom_HArray2OfBezierSurface.hxx
+M PColPGeom:pubinclude:PColPGeom_HArray2OfBezierSurface.hxx /misc/dn61/LocalWOK/wok_entities/LOC/dev/CR671-FINAL1-CR671-FINAL1-occt/inc/PColPGeom_HArray2OfBezierSurface.hxx
+M PColPGeom:derivated:PColPGeom_HArray2OfBezierSurface_0.cxx /misc/dn61/LocalWOK/wok_entities/LOC/dev/CR671-FINAL1-CR671-FINAL1-occt/drv/PColPGeom/PColPGeom_HArray2OfBezierSurface_0.cxx
+M PColPGeom:pubinclude:Handle_PColPGeom_HArray2OfBSplineSurface.hxx /misc/dn61/LocalWOK/wok_entities/LOC/dev/CR671-FINAL1-CR671-FINAL1-occt/inc/Handle_PColPGeom_HArray2OfBSplineSurface.hxx
+M PColPGeom:pubinclude:PColPGeom_HArray2OfBSplineSurface.hxx /misc/dn61/LocalWOK/wok_entities/LOC/dev/CR671-FINAL1-CR671-FINAL1-occt/inc/PColPGeom_HArray2OfBSplineSurface.hxx
+M PColPGeom:derivated:PColPGeom_HArray2OfBSplineSurface_0.cxx /misc/dn61/LocalWOK/wok_entities/LOC/dev/CR671-FINAL1-CR671-FINAL1-occt/drv/PColPGeom/PColPGeom_HArray2OfBSplineSurface_0.cxx
+M PColPGeom:pubinclude:Handle_PColPGeom_VArrayNodeOfFieldOfHArray1OfCurve.hxx /misc/dn61/LocalWOK/wok_entities/LOC/dev/CR671-FINAL1-CR671-FINAL1-occt/inc/Handle_PColPGeom_VArrayNodeOfFieldOfHArray1OfCurve.hxx
+M PColPGeom:pubinclude:PColPGeom_VArrayNodeOfFieldOfHArray1OfCurve.hxx /misc/dn61/LocalWOK/wok_entities/LOC/dev/CR671-FINAL1-CR671-FINAL1-occt/inc/PColPGeom_VArrayNodeOfFieldOfHArray1OfCurve.hxx
+M PColPGeom:derivated:PColPGeom_VArrayNodeOfFieldOfHArray1OfCurve_0.cxx /misc/dn61/LocalWOK/wok_entities/LOC/dev/CR671-FINAL1-CR671-FINAL1-occt/drv/PColPGeom/PColPGeom_VArrayNodeOfFieldOfHArray1OfCurve_0.cxx
+M PColPGeom:pubinclude:PColPGeom_VArrayTNodeOfFieldOfHArray1OfCurve.hxx /misc/dn61/LocalWOK/wok_entities/LOC/dev/CR671-FINAL1-CR671-FINAL1-occt/inc/PColPGeom_VArrayTNodeOfFieldOfHArray1OfCurve.hxx
+M PColPGeom:derivated:PColPGeom_VArrayTNodeOfFieldOfHArray1OfCurve_0.cxx /misc/dn61/LocalWOK/wok_entities/LOC/dev/CR671-FINAL1-CR671-FINAL1-occt/drv/PColPGeom/PColPGeom_VArrayTNodeOfFieldOfHArray1OfCurve_0.cxx
+M PColPGeom:pubinclude:PColPGeom_FieldOfHArray1OfCurve.hxx /misc/dn61/LocalWOK/wok_entities/LOC/dev/CR671-FINAL1-CR671-FINAL1-occt/inc/PColPGeom_FieldOfHArray1OfCurve.hxx
+M PColPGeom:derivated:PColPGeom_FieldOfHArray1OfCurve_0.cxx /misc/dn61/LocalWOK/wok_entities/LOC/dev/CR671-FINAL1-CR671-FINAL1-occt/drv/PColPGeom/PColPGeom_FieldOfHArray1OfCurve_0.cxx
+M PColPGeom:pubinclude:Handle_PColPGeom_VArrayNodeOfFieldOfHArray1OfBoundedCurve.hxx /misc/dn61/LocalWOK/wok_entities/LOC/dev/CR671-FINAL1-CR671-FINAL1-occt/inc/Handle_PColPGeom_VArrayNodeOfFieldOfHArray1OfBoundedCurve.hxx
+M PColPGeom:pubinclude:PColPGeom_VArrayNodeOfFieldOfHArray1OfBoundedCurve.hxx /misc/dn61/LocalWOK/wok_entities/LOC/dev/CR671-FINAL1-CR671-FINAL1-occt/inc/PColPGeom_VArrayNodeOfFieldOfHArray1OfBoundedCurve.hxx
+M PColPGeom:derivated:PColPGeom_VArrayNodeOfFieldOfHArray1OfBoundedCurve_0.cxx /misc/dn61/LocalWOK/wok_entities/LOC/dev/CR671-FINAL1-CR671-FINAL1-occt/drv/PColPGeom/PColPGeom_VArrayNodeOfFieldOfHArray1OfBoundedCurve_0.cxx
+M PColPGeom:pubinclude:PColPGeom_VArrayTNodeOfFieldOfHArray1OfBoundedCurve.hxx /misc/dn61/LocalWOK/wok_entities/LOC/dev/CR671-FINAL1-CR671-FINAL1-occt/inc/PColPGeom_VArrayTNodeOfFieldOfHArray1OfBoundedCurve.hxx
+M PColPGeom:derivated:PColPGeom_VArrayTNodeOfFieldOfHArray1OfBoundedCurve_0.cxx /misc/dn61/LocalWOK/wok_entities/LOC/dev/CR671-FINAL1-CR671-FINAL1-occt/drv/PColPGeom/PColPGeom_VArrayTNodeOfFieldOfHArray1OfBoundedCurve_0.cxx
+M PColPGeom:pubinclude:PColPGeom_FieldOfHArray1OfBoundedCurve.hxx /misc/dn61/LocalWOK/wok_entities/LOC/dev/CR671-FINAL1-CR671-FINAL1-occt/inc/PColPGeom_FieldOfHArray1OfBoundedCurve.hxx
+M PColPGeom:derivated:PColPGeom_FieldOfHArray1OfBoundedCurve_0.cxx /misc/dn61/LocalWOK/wok_entities/LOC/dev/CR671-FINAL1-CR671-FINAL1-occt/drv/PColPGeom/PColPGeom_FieldOfHArray1OfBoundedCurve_0.cxx
+M PColPGeom:pubinclude:Handle_PColPGeom_VArrayNodeOfFieldOfHArray1OfBezierCurve.hxx /misc/dn61/LocalWOK/wok_entities/LOC/dev/CR671-FINAL1-CR671-FINAL1-occt/inc/Handle_PColPGeom_VArrayNodeOfFieldOfHArray1OfBezierCurve.hxx
+M PColPGeom:pubinclude:PColPGeom_VArrayNodeOfFieldOfHArray1OfBezierCurve.hxx /misc/dn61/LocalWOK/wok_entities/LOC/dev/CR671-FINAL1-CR671-FINAL1-occt/inc/PColPGeom_VArrayNodeOfFieldOfHArray1OfBezierCurve.hxx
+M PColPGeom:derivated:PColPGeom_VArrayNodeOfFieldOfHArray1OfBezierCurve_0.cxx /misc/dn61/LocalWOK/wok_entities/LOC/dev/CR671-FINAL1-CR671-FINAL1-occt/drv/PColPGeom/PColPGeom_VArrayNodeOfFieldOfHArray1OfBezierCurve_0.cxx
+M PColPGeom:pubinclude:PColPGeom_VArrayTNodeOfFieldOfHArray1OfBezierCurve.hxx /misc/dn61/LocalWOK/wok_entities/LOC/dev/CR671-FINAL1-CR671-FINAL1-occt/inc/PColPGeom_VArrayTNodeOfFieldOfHArray1OfBezierCurve.hxx
+M PColPGeom:derivated:PColPGeom_VArrayTNodeOfFieldOfHArray1OfBezierCurve_0.cxx /misc/dn61/LocalWOK/wok_entities/LOC/dev/CR671-FINAL1-CR671-FINAL1-occt/drv/PColPGeom/PColPGeom_VArrayTNodeOfFieldOfHArray1OfBezierCurve_0.cxx
+M PColPGeom:pubinclude:PColPGeom_FieldOfHArray1OfBezierCurve.hxx /misc/dn61/LocalWOK/wok_entities/LOC/dev/CR671-FINAL1-CR671-FINAL1-occt/inc/PColPGeom_FieldOfHArray1OfBezierCurve.hxx
+M PColPGeom:derivated:PColPGeom_FieldOfHArray1OfBezierCurve_0.cxx /misc/dn61/LocalWOK/wok_entities/LOC/dev/CR671-FINAL1-CR671-FINAL1-occt/drv/PColPGeom/PColPGeom_FieldOfHArray1OfBezierCurve_0.cxx
+M PColPGeom:pubinclude:Handle_PColPGeom_VArrayNodeOfFieldOfHArray1OfBSplineCurve.hxx /misc/dn61/LocalWOK/wok_entities/LOC/dev/CR671-FINAL1-CR671-FINAL1-occt/inc/Handle_PColPGeom_VArrayNodeOfFieldOfHArray1OfBSplineCurve.hxx
+M PColPGeom:pubinclude:PColPGeom_VArrayNodeOfFieldOfHArray1OfBSplineCurve.hxx /misc/dn61/LocalWOK/wok_entities/LOC/dev/CR671-FINAL1-CR671-FINAL1-occt/inc/PColPGeom_VArrayNodeOfFieldOfHArray1OfBSplineCurve.hxx
+M PColPGeom:derivated:PColPGeom_VArrayNodeOfFieldOfHArray1OfBSplineCurve_0.cxx /misc/dn61/LocalWOK/wok_entities/LOC/dev/CR671-FINAL1-CR671-FINAL1-occt/drv/PColPGeom/PColPGeom_VArrayNodeOfFieldOfHArray1OfBSplineCurve_0.cxx
+M PColPGeom:pubinclude:PColPGeom_VArrayTNodeOfFieldOfHArray1OfBSplineCurve.hxx /misc/dn61/LocalWOK/wok_entities/LOC/dev/CR671-FINAL1-CR671-FINAL1-occt/inc/PColPGeom_VArrayTNodeOfFieldOfHArray1OfBSplineCurve.hxx
+M PColPGeom:derivated:PColPGeom_VArrayTNodeOfFieldOfHArray1OfBSplineCurve_0.cxx /misc/dn61/LocalWOK/wok_entities/LOC/dev/CR671-FINAL1-CR671-FINAL1-occt/drv/PColPGeom/PColPGeom_VArrayTNodeOfFieldOfHArray1OfBSplineCurve_0.cxx
+M PColPGeom:pubinclude:PColPGeom_FieldOfHArray1OfBSplineCurve.hxx /misc/dn61/LocalWOK/wok_entities/LOC/dev/CR671-FINAL1-CR671-FINAL1-occt/inc/PColPGeom_FieldOfHArray1OfBSplineCurve.hxx
+M PColPGeom:derivated:PColPGeom_FieldOfHArray1OfBSplineCurve_0.cxx /misc/dn61/LocalWOK/wok_entities/LOC/dev/CR671-FINAL1-CR671-FINAL1-occt/drv/PColPGeom/PColPGeom_FieldOfHArray1OfBSplineCurve_0.cxx
+M PColPGeom:pubinclude:Handle_PColPGeom_VArrayNodeOfFieldOfHArray1OfSurface.hxx /misc/dn61/LocalWOK/wok_entities/LOC/dev/CR671-FINAL1-CR671-FINAL1-occt/inc/Handle_PColPGeom_VArrayNodeOfFieldOfHArray1OfSurface.hxx
+M PColPGeom:pubinclude:PColPGeom_VArrayNodeOfFieldOfHArray1OfSurface.hxx /misc/dn61/LocalWOK/wok_entities/LOC/dev/CR671-FINAL1-CR671-FINAL1-occt/inc/PColPGeom_VArrayNodeOfFieldOfHArray1OfSurface.hxx
+M PColPGeom:derivated:PColPGeom_VArrayNodeOfFieldOfHArray1OfSurface_0.cxx /misc/dn61/LocalWOK/wok_entities/LOC/dev/CR671-FINAL1-CR671-FINAL1-occt/drv/PColPGeom/PColPGeom_VArrayNodeOfFieldOfHArray1OfSurface_0.cxx
+M PColPGeom:pubinclude:PColPGeom_VArrayTNodeOfFieldOfHArray1OfSurface.hxx /misc/dn61/LocalWOK/wok_entities/LOC/dev/CR671-FINAL1-CR671-FINAL1-occt/inc/PColPGeom_VArrayTNodeOfFieldOfHArray1OfSurface.hxx
+M PColPGeom:derivated:PColPGeom_VArrayTNodeOfFieldOfHArray1OfSurface_0.cxx /misc/dn61/LocalWOK/wok_entities/LOC/dev/CR671-FINAL1-CR671-FINAL1-occt/drv/PColPGeom/PColPGeom_VArrayTNodeOfFieldOfHArray1OfSurface_0.cxx
+M PColPGeom:pubinclude:PColPGeom_FieldOfHArray1OfSurface.hxx /misc/dn61/LocalWOK/wok_entities/LOC/dev/CR671-FINAL1-CR671-FINAL1-occt/inc/PColPGeom_FieldOfHArray1OfSurface.hxx
+M PColPGeom:derivated:PColPGeom_FieldOfHArray1OfSurface_0.cxx /misc/dn61/LocalWOK/wok_entities/LOC/dev/CR671-FINAL1-CR671-FINAL1-occt/drv/PColPGeom/PColPGeom_FieldOfHArray1OfSurface_0.cxx
+M PColPGeom:pubinclude:Handle_PColPGeom_VArrayNodeOfFieldOfHArray1OfBoundedSurface.hxx /misc/dn61/LocalWOK/wok_entities/LOC/dev/CR671-FINAL1-CR671-FINAL1-occt/inc/Handle_PColPGeom_VArrayNodeOfFieldOfHArray1OfBoundedSurface.hxx
+M PColPGeom:pubinclude:PColPGeom_VArrayNodeOfFieldOfHArray1OfBoundedSurface.hxx /misc/dn61/LocalWOK/wok_entities/LOC/dev/CR671-FINAL1-CR671-FINAL1-occt/inc/PColPGeom_VArrayNodeOfFieldOfHArray1OfBoundedSurface.hxx
+M PColPGeom:derivated:PColPGeom_VArrayNodeOfFieldOfHArray1OfBoundedSurface_0.cxx /misc/dn61/LocalWOK/wok_entities/LOC/dev/CR671-FINAL1-CR671-FINAL1-occt/drv/PColPGeom/PColPGeom_VArrayNodeOfFieldOfHArray1OfBoundedSurface_0.cxx
+M PColPGeom:pubinclude:PColPGeom_VArrayTNodeOfFieldOfHArray1OfBoundedSurface.hxx /misc/dn61/LocalWOK/wok_entities/LOC/dev/CR671-FINAL1-CR671-FINAL1-occt/inc/PColPGeom_VArrayTNodeOfFieldOfHArray1OfBoundedSurface.hxx
+M PColPGeom:derivated:PColPGeom_VArrayTNodeOfFieldOfHArray1OfBoundedSurface_0.cxx /misc/dn61/LocalWOK/wok_entities/LOC/dev/CR671-FINAL1-CR671-FINAL1-occt/drv/PColPGeom/PColPGeom_VArrayTNodeOfFieldOfHArray1OfBoundedSurface_0.cxx
+M PColPGeom:pubinclude:PColPGeom_FieldOfHArray1OfBoundedSurface.hxx /misc/dn61/LocalWOK/wok_entities/LOC/dev/CR671-FINAL1-CR671-FINAL1-occt/inc/PColPGeom_FieldOfHArray1OfBoundedSurface.hxx
+M PColPGeom:derivated:PColPGeom_FieldOfHArray1OfBoundedSurface_0.cxx /misc/dn61/LocalWOK/wok_entities/LOC/dev/CR671-FINAL1-CR671-FINAL1-occt/drv/PColPGeom/PColPGeom_FieldOfHArray1OfBoundedSurface_0.cxx
+M PColPGeom:pubinclude:Handle_PColPGeom_VArrayNodeOfFieldOfHArray2OfSurface.hxx /misc/dn61/LocalWOK/wok_entities/LOC/dev/CR671-FINAL1-CR671-FINAL1-occt/inc/Handle_PColPGeom_VArrayNodeOfFieldOfHArray2OfSurface.hxx
+M PColPGeom:pubinclude:PColPGeom_VArrayNodeOfFieldOfHArray2OfSurface.hxx /misc/dn61/LocalWOK/wok_entities/LOC/dev/CR671-FINAL1-CR671-FINAL1-occt/inc/PColPGeom_VArrayNodeOfFieldOfHArray2OfSurface.hxx
+M PColPGeom:derivated:PColPGeom_VArrayNodeOfFieldOfHArray2OfSurface_0.cxx /misc/dn61/LocalWOK/wok_entities/LOC/dev/CR671-FINAL1-CR671-FINAL1-occt/drv/PColPGeom/PColPGeom_VArrayNodeOfFieldOfHArray2OfSurface_0.cxx
+M PColPGeom:pubinclude:PColPGeom_VArrayTNodeOfFieldOfHArray2OfSurface.hxx /misc/dn61/LocalWOK/wok_entities/LOC/dev/CR671-FINAL1-CR671-FINAL1-occt/inc/PColPGeom_VArrayTNodeOfFieldOfHArray2OfSurface.hxx
+M PColPGeom:derivated:PColPGeom_VArrayTNodeOfFieldOfHArray2OfSurface_0.cxx /misc/dn61/LocalWOK/wok_entities/LOC/dev/CR671-FINAL1-CR671-FINAL1-occt/drv/PColPGeom/PColPGeom_VArrayTNodeOfFieldOfHArray2OfSurface_0.cxx
+M PColPGeom:pubinclude:PColPGeom_FieldOfHArray2OfSurface.hxx /misc/dn61/LocalWOK/wok_entities/LOC/dev/CR671-FINAL1-CR671-FINAL1-occt/inc/PColPGeom_FieldOfHArray2OfSurface.hxx
+M PColPGeom:derivated:PColPGeom_FieldOfHArray2OfSurface_0.cxx /misc/dn61/LocalWOK/wok_entities/LOC/dev/CR671-FINAL1-CR671-FINAL1-occt/drv/PColPGeom/PColPGeom_FieldOfHArray2OfSurface_0.cxx
+M PColPGeom:pubinclude:Handle_PColPGeom_VArrayNodeOfFieldOfHArray2OfBoundedSurface.hxx /misc/dn61/LocalWOK/wok_entities/LOC/dev/CR671-FINAL1-CR671-FINAL1-occt/inc/Handle_PColPGeom_VArrayNodeOfFieldOfHArray2OfBoundedSurface.hxx
+M PColPGeom:pubinclude:PColPGeom_VArrayNodeOfFieldOfHArray2OfBoundedSurface.hxx /misc/dn61/LocalWOK/wok_entities/LOC/dev/CR671-FINAL1-CR671-FINAL1-occt/inc/PColPGeom_VArrayNodeOfFieldOfHArray2OfBoundedSurface.hxx
+M PColPGeom:derivated:PColPGeom_VArrayNodeOfFieldOfHArray2OfBoundedSurface_0.cxx /misc/dn61/LocalWOK/wok_entities/LOC/dev/CR671-FINAL1-CR671-FINAL1-occt/drv/PColPGeom/PColPGeom_VArrayNodeOfFieldOfHArray2OfBoundedSurface_0.cxx
+M PColPGeom:pubinclude:PColPGeom_VArrayTNodeOfFieldOfHArray2OfBoundedSurface.hxx /misc/dn61/LocalWOK/wok_entities/LOC/dev/CR671-FINAL1-CR671-FINAL1-occt/inc/PColPGeom_VArrayTNodeOfFieldOfHArray2OfBoundedSurface.hxx
+M PColPGeom:derivated:PColPGeom_VArrayTNodeOfFieldOfHArray2OfBoundedSurface_0.cxx /misc/dn61/LocalWOK/wok_entities/LOC/dev/CR671-FINAL1-CR671-FINAL1-occt/drv/PColPGeom/PColPGeom_VArrayTNodeOfFieldOfHArray2OfBoundedSurface_0.cxx
+M PColPGeom:pubinclude:PColPGeom_FieldOfHArray2OfBoundedSurface.hxx /misc/dn61/LocalWOK/wok_entities/LOC/dev/CR671-FINAL1-CR671-FINAL1-occt/inc/PColPGeom_FieldOfHArray2OfBoundedSurface.hxx
+M PColPGeom:derivated:PColPGeom_FieldOfHArray2OfBoundedSurface_0.cxx /misc/dn61/LocalWOK/wok_entities/LOC/dev/CR671-FINAL1-CR671-FINAL1-occt/drv/PColPGeom/PColPGeom_FieldOfHArray2OfBoundedSurface_0.cxx
+M PColPGeom:pubinclude:Handle_PColPGeom_VArrayNodeOfFieldOfHArray2OfBezierSurface.hxx /misc/dn61/LocalWOK/wok_entities/LOC/dev/CR671-FINAL1-CR671-FINAL1-occt/inc/Handle_PColPGeom_VArrayNodeOfFieldOfHArray2OfBezierSurface.hxx
+M PColPGeom:pubinclude:PColPGeom_VArrayNodeOfFieldOfHArray2OfBezierSurface.hxx /misc/dn61/LocalWOK/wok_entities/LOC/dev/CR671-FINAL1-CR671-FINAL1-occt/inc/PColPGeom_VArrayNodeOfFieldOfHArray2OfBezierSurface.hxx
+M PColPGeom:derivated:PColPGeom_VArrayNodeOfFieldOfHArray2OfBezierSurface_0.cxx /misc/dn61/LocalWOK/wok_entities/LOC/dev/CR671-FINAL1-CR671-FINAL1-occt/drv/PColPGeom/PColPGeom_VArrayNodeOfFieldOfHArray2OfBezierSurface_0.cxx
+M PColPGeom:pubinclude:PColPGeom_VArrayTNodeOfFieldOfHArray2OfBezierSurface.hxx /misc/dn61/LocalWOK/wok_entities/LOC/dev/CR671-FINAL1-CR671-FINAL1-occt/inc/PColPGeom_VArrayTNodeOfFieldOfHArray2OfBezierSurface.hxx
+M PColPGeom:derivated:PColPGeom_VArrayTNodeOfFieldOfHArray2OfBezierSurface_0.cxx /misc/dn61/LocalWOK/wok_entities/LOC/dev/CR671-FINAL1-CR671-FINAL1-occt/drv/PColPGeom/PColPGeom_VArrayTNodeOfFieldOfHArray2OfBezierSurface_0.cxx
+M PColPGeom:pubinclude:PColPGeom_FieldOfHArray2OfBezierSurface.hxx /misc/dn61/LocalWOK/wok_entities/LOC/dev/CR671-FINAL1-CR671-FINAL1-occt/inc/PColPGeom_FieldOfHArray2OfBezierSurface.hxx
+M PColPGeom:derivated:PColPGeom_FieldOfHArray2OfBezierSurface_0.cxx /misc/dn61/LocalWOK/wok_entities/LOC/dev/CR671-FINAL1-CR671-FINAL1-occt/drv/PColPGeom/PColPGeom_FieldOfHArray2OfBezierSurface_0.cxx
+M PColPGeom:pubinclude:Handle_PColPGeom_VArrayNodeOfFieldOfHArray2OfBSplineSurface.hxx /misc/dn61/LocalWOK/wok_entities/LOC/dev/CR671-FINAL1-CR671-FINAL1-occt/inc/Handle_PColPGeom_VArrayNodeOfFieldOfHArray2OfBSplineSurface.hxx
+M PColPGeom:pubinclude:PColPGeom_VArrayNodeOfFieldOfHArray2OfBSplineSurface.hxx /misc/dn61/LocalWOK/wok_entities/LOC/dev/CR671-FINAL1-CR671-FINAL1-occt/inc/PColPGeom_VArrayNodeOfFieldOfHArray2OfBSplineSurface.hxx
+M PColPGeom:derivated:PColPGeom_VArrayNodeOfFieldOfHArray2OfBSplineSurface_0.cxx /misc/dn61/LocalWOK/wok_entities/LOC/dev/CR671-FINAL1-CR671-FINAL1-occt/drv/PColPGeom/PColPGeom_VArrayNodeOfFieldOfHArray2OfBSplineSurface_0.cxx
+M PColPGeom:pubinclude:PColPGeom_VArrayTNodeOfFieldOfHArray2OfBSplineSurface.hxx /misc/dn61/LocalWOK/wok_entities/LOC/dev/CR671-FINAL1-CR671-FINAL1-occt/inc/PColPGeom_VArrayTNodeOfFieldOfHArray2OfBSplineSurface.hxx
+M PColPGeom:derivated:PColPGeom_VArrayTNodeOfFieldOfHArray2OfBSplineSurface_0.cxx /misc/dn61/LocalWOK/wok_entities/LOC/dev/CR671-FINAL1-CR671-FINAL1-occt/drv/PColPGeom/PColPGeom_VArrayTNodeOfFieldOfHArray2OfBSplineSurface_0.cxx
+M PColPGeom:pubinclude:PColPGeom_FieldOfHArray2OfBSplineSurface.hxx /misc/dn61/LocalWOK/wok_entities/LOC/dev/CR671-FINAL1-CR671-FINAL1-occt/inc/PColPGeom_FieldOfHArray2OfBSplineSurface.hxx
+M PColPGeom:derivated:PColPGeom_FieldOfHArray2OfBSplineSurface_0.cxx /misc/dn61/LocalWOK/wok_entities/LOC/dev/CR671-FINAL1-CR671-FINAL1-occt/drv/PColPGeom/PColPGeom_FieldOfHArray2OfBSplineSurface_0.cxx
+M PColPGeom:dbadmfile:PColPGeom_xcpp_header.In /misc/dn61/LocalWOK/wok_entities/LOC/dev/CR671-FINAL1-CR671-FINAL1-occt/drv/PColPGeom/.adm/PColPGeom_xcpp_header.In
+M PColPGeom:dbadmfile:PColPGeom_xcpp_header.Out /misc/dn61/LocalWOK/wok_entities/LOC/dev/CR671-FINAL1-CR671-FINAL1-occt/drv/PColPGeom/.adm/PColPGeom_xcpp_header.Out
+M PColPGeom:dbadmfile:PColPGeom_xcpp_header.Dep /misc/dn61/LocalWOK/wok_entities/LOC/dev/CR671-FINAL1-CR671-FINAL1-occt/drv/PColPGeom/.adm/PColPGeom_xcpp_header.Dep
