+M PrsMgr:pubinclude:Handle_PrsMgr_PresentationManager.hxx /misc/dn61/LocalWOK/wok_entities/LOC/dev/CR671-FINAL1-CR671-FINAL1-occt/inc/Handle_PrsMgr_PresentationManager.hxx
+M PrsMgr:pubinclude:PrsMgr_PresentationManager.hxx /misc/dn61/LocalWOK/wok_entities/LOC/dev/CR671-FINAL1-CR671-FINAL1-occt/inc/PrsMgr_PresentationManager.hxx
+M PrsMgr:privinclude:PrsMgr_PresentationManager.jxx /misc/dn61/LocalWOK/wok_entities/LOC/dev/CR671-FINAL1-CR671-FINAL1-occt/drv/PrsMgr/PrsMgr_PresentationManager.jxx
+M PrsMgr:privinclude:PrsMgr_PresentationManager.ixx /misc/dn61/LocalWOK/wok_entities/LOC/dev/CR671-FINAL1-CR671-FINAL1-occt/drv/PrsMgr/PrsMgr_PresentationManager.ixx
+M PrsMgr:pubinclude:Handle_PrsMgr_Presentation.hxx /misc/dn61/LocalWOK/wok_entities/LOC/dev/CR671-FINAL1-CR671-FINAL1-occt/inc/Handle_PrsMgr_Presentation.hxx
+M PrsMgr:pubinclude:PrsMgr_Presentation.hxx /misc/dn61/LocalWOK/wok_entities/LOC/dev/CR671-FINAL1-CR671-FINAL1-occt/inc/PrsMgr_Presentation.hxx
+M PrsMgr:privinclude:PrsMgr_Presentation.jxx /misc/dn61/LocalWOK/wok_entities/LOC/dev/CR671-FINAL1-CR671-FINAL1-occt/drv/PrsMgr/PrsMgr_Presentation.jxx
+M PrsMgr:privinclude:PrsMgr_Presentation.ixx /misc/dn61/LocalWOK/wok_entities/LOC/dev/CR671-FINAL1-CR671-FINAL1-occt/drv/PrsMgr/PrsMgr_Presentation.ixx
+M PrsMgr:pubinclude:Handle_PrsMgr_PresentableObject.hxx /misc/dn61/LocalWOK/wok_entities/LOC/dev/CR671-FINAL1-CR671-FINAL1-occt/inc/Handle_PrsMgr_PresentableObject.hxx
+M PrsMgr:pubinclude:PrsMgr_PresentableObject.hxx /misc/dn61/LocalWOK/wok_entities/LOC/dev/CR671-FINAL1-CR671-FINAL1-occt/inc/PrsMgr_PresentableObject.hxx
+M PrsMgr:privinclude:PrsMgr_PresentableObject.jxx /misc/dn61/LocalWOK/wok_entities/LOC/dev/CR671-FINAL1-CR671-FINAL1-occt/drv/PrsMgr/PrsMgr_PresentableObject.jxx
+M PrsMgr:privinclude:PrsMgr_PresentableObject.ixx /misc/dn61/LocalWOK/wok_entities/LOC/dev/CR671-FINAL1-CR671-FINAL1-occt/drv/PrsMgr/PrsMgr_PresentableObject.ixx
+M PrsMgr:pubinclude:Handle_PrsMgr_PresentationManager3d.hxx /misc/dn61/LocalWOK/wok_entities/LOC/dev/CR671-FINAL1-CR671-FINAL1-occt/inc/Handle_PrsMgr_PresentationManager3d.hxx
+M PrsMgr:pubinclude:PrsMgr_PresentationManager3d.hxx /misc/dn61/LocalWOK/wok_entities/LOC/dev/CR671-FINAL1-CR671-FINAL1-occt/inc/PrsMgr_PresentationManager3d.hxx
+M PrsMgr:privinclude:PrsMgr_PresentationManager3d.jxx /misc/dn61/LocalWOK/wok_entities/LOC/dev/CR671-FINAL1-CR671-FINAL1-occt/drv/PrsMgr/PrsMgr_PresentationManager3d.jxx
+M PrsMgr:privinclude:PrsMgr_PresentationManager3d.ixx /misc/dn61/LocalWOK/wok_entities/LOC/dev/CR671-FINAL1-CR671-FINAL1-occt/drv/PrsMgr/PrsMgr_PresentationManager3d.ixx
+M PrsMgr:pubinclude:Handle_PrsMgr_Prs.hxx /misc/dn61/LocalWOK/wok_entities/LOC/dev/CR671-FINAL1-CR671-FINAL1-occt/inc/Handle_PrsMgr_Prs.hxx
+M PrsMgr:pubinclude:PrsMgr_Prs.hxx /misc/dn61/LocalWOK/wok_entities/LOC/dev/CR671-FINAL1-CR671-FINAL1-occt/inc/PrsMgr_Prs.hxx
+M PrsMgr:privinclude:PrsMgr_Prs.jxx /misc/dn61/LocalWOK/wok_entities/LOC/dev/CR671-FINAL1-CR671-FINAL1-occt/drv/PrsMgr/PrsMgr_Prs.jxx
+M PrsMgr:privinclude:PrsMgr_Prs.ixx /misc/dn61/LocalWOK/wok_entities/LOC/dev/CR671-FINAL1-CR671-FINAL1-occt/drv/PrsMgr/PrsMgr_Prs.ixx
+M PrsMgr:pubinclude:Handle_PrsMgr_Presentation3d.hxx /misc/dn61/LocalWOK/wok_entities/LOC/dev/CR671-FINAL1-CR671-FINAL1-occt/inc/Handle_PrsMgr_Presentation3d.hxx
+M PrsMgr:pubinclude:PrsMgr_Presentation3d.hxx /misc/dn61/LocalWOK/wok_entities/LOC/dev/CR671-FINAL1-CR671-FINAL1-occt/inc/PrsMgr_Presentation3d.hxx
+M PrsMgr:privinclude:PrsMgr_Presentation3d.jxx /misc/dn61/LocalWOK/wok_entities/LOC/dev/CR671-FINAL1-CR671-FINAL1-occt/drv/PrsMgr/PrsMgr_Presentation3d.jxx
+M PrsMgr:privinclude:PrsMgr_Presentation3d.ixx /misc/dn61/LocalWOK/wok_entities/LOC/dev/CR671-FINAL1-CR671-FINAL1-occt/drv/PrsMgr/PrsMgr_Presentation3d.ixx
+M PrsMgr:pubinclude:PrsMgr_ModedPresentation.hxx /misc/dn61/LocalWOK/wok_entities/LOC/dev/CR671-FINAL1-CR671-FINAL1-occt/inc/PrsMgr_ModedPresentation.hxx
+M PrsMgr:privinclude:PrsMgr_ModedPresentation.jxx /misc/dn61/LocalWOK/wok_entities/LOC/dev/CR671-FINAL1-CR671-FINAL1-occt/drv/PrsMgr/PrsMgr_ModedPresentation.jxx
+M PrsMgr:privinclude:PrsMgr_ModedPresentation.ixx /misc/dn61/LocalWOK/wok_entities/LOC/dev/CR671-FINAL1-CR671-FINAL1-occt/drv/PrsMgr/PrsMgr_ModedPresentation.ixx
+M PrsMgr:pubinclude:PrsMgr_Presentations.hxx /misc/dn61/LocalWOK/wok_entities/LOC/dev/CR671-FINAL1-CR671-FINAL1-occt/inc/PrsMgr_Presentations.hxx
+M PrsMgr:derivated:PrsMgr_Presentations_0.cxx /misc/dn61/LocalWOK/wok_entities/LOC/dev/CR671-FINAL1-CR671-FINAL1-occt/drv/PrsMgr/PrsMgr_Presentations_0.cxx
+M PrsMgr:pubinclude:Handle_PrsMgr_SequenceNodeOfPresentations.hxx /misc/dn61/LocalWOK/wok_entities/LOC/dev/CR671-FINAL1-CR671-FINAL1-occt/inc/Handle_PrsMgr_SequenceNodeOfPresentations.hxx
+M PrsMgr:pubinclude:PrsMgr_SequenceNodeOfPresentations.hxx /misc/dn61/LocalWOK/wok_entities/LOC/dev/CR671-FINAL1-CR671-FINAL1-occt/inc/PrsMgr_SequenceNodeOfPresentations.hxx
+M PrsMgr:derivated:PrsMgr_SequenceNodeOfPresentations_0.cxx /misc/dn61/LocalWOK/wok_entities/LOC/dev/CR671-FINAL1-CR671-FINAL1-occt/drv/PrsMgr/PrsMgr_SequenceNodeOfPresentations_0.cxx
+M PrsMgr:pubinclude:PrsMgr_KindOfPrs.hxx /misc/dn61/LocalWOK/wok_entities/LOC/dev/CR671-FINAL1-CR671-FINAL1-occt/inc/PrsMgr_KindOfPrs.hxx
+M PrsMgr:pubinclude:PrsMgr_TypeOfPresentation3d.hxx /misc/dn61/LocalWOK/wok_entities/LOC/dev/CR671-FINAL1-CR671-FINAL1-occt/inc/PrsMgr_TypeOfPresentation3d.hxx
+M PrsMgr:pubinclude:PrsMgr_Presentation3dPointer.hxx /misc/dn61/LocalWOK/wok_entities/LOC/dev/CR671-FINAL1-CR671-FINAL1-occt/inc/PrsMgr_Presentation3dPointer.hxx
+M PrsMgr:pubinclude:PrsMgr_PresentableObjectPointer.hxx /misc/dn61/LocalWOK/wok_entities/LOC/dev/CR671-FINAL1-CR671-FINAL1-occt/inc/PrsMgr_PresentableObjectPointer.hxx
+M PrsMgr:dbadmfile:PrsMgr_xcpp_header.In /misc/dn61/LocalWOK/wok_entities/LOC/dev/CR671-FINAL1-CR671-FINAL1-occt/drv/PrsMgr/.adm/PrsMgr_xcpp_header.In
+M PrsMgr:dbadmfile:PrsMgr_xcpp_header.Out /misc/dn61/LocalWOK/wok_entities/LOC/dev/CR671-FINAL1-CR671-FINAL1-occt/drv/PrsMgr/.adm/PrsMgr_xcpp_header.Out
+M PrsMgr:dbadmfile:PrsMgr_xcpp_header.Dep /misc/dn61/LocalWOK/wok_entities/LOC/dev/CR671-FINAL1-CR671-FINAL1-occt/drv/PrsMgr/.adm/PrsMgr_xcpp_header.Dep
