+M BRepMesh:pubinclude:BRepMesh_PluginEntryType.hxx /misc/dn61/LocalWOK/wok_entities/LOC/dev/CR671-FINAL1-CR671-FINAL1-occt/inc/BRepMesh_PluginEntryType.hxx
+M BRepMesh:pubinclude:BRepMesh_PluginMacro.hxx /misc/dn61/LocalWOK/wok_entities/LOC/dev/CR671-FINAL1-CR671-FINAL1-occt/inc/BRepMesh_PluginMacro.hxx
+M BRepMesh:pubinclude:BRepMesh_Triangle.hxx /misc/dn61/LocalWOK/wok_entities/LOC/dev/CR671-FINAL1-CR671-FINAL1-occt/inc/BRepMesh_Triangle.hxx
+M BRepMesh:pubinclude:BRepMesh_ClassifierPtr.hxx /misc/dn61/LocalWOK/wok_entities/LOC/dev/CR671-FINAL1-CR671-FINAL1-occt/inc/BRepMesh_ClassifierPtr.hxx
+M BRepMesh:pubinclude:BRepMesh_CellFilter.hxx /misc/dn61/LocalWOK/wok_entities/LOC/dev/CR671-FINAL1-CR671-FINAL1-occt/inc/BRepMesh_CellFilter.hxx
+M BRepMesh:pubinclude:BRepMesh_Delaun.hxx /misc/dn61/LocalWOK/wok_entities/LOC/dev/CR671-FINAL1-CR671-FINAL1-occt/inc/BRepMesh_Delaun.hxx
+M BRepMesh:pubinclude:BRepMesh_CircleInspector.hxx /misc/dn61/LocalWOK/wok_entities/LOC/dev/CR671-FINAL1-CR671-FINAL1-occt/inc/BRepMesh_CircleInspector.hxx
+M BRepMesh:pubinclude:BRepMesh_MapOfIntegerInteger.hxx /misc/dn61/LocalWOK/wok_entities/LOC/dev/CR671-FINAL1-CR671-FINAL1-occt/inc/BRepMesh_MapOfIntegerInteger.hxx
+M BRepMesh:pubinclude:BRepMesh_MapOfInteger.hxx /misc/dn61/LocalWOK/wok_entities/LOC/dev/CR671-FINAL1-CR671-FINAL1-occt/inc/BRepMesh_MapOfInteger.hxx
+M BRepMesh:pubinclude:BRepMesh_ListOfInteger.hxx /misc/dn61/LocalWOK/wok_entities/LOC/dev/CR671-FINAL1-CR671-FINAL1-occt/inc/BRepMesh_ListOfInteger.hxx
+M BRepMesh:pubinclude:BRepMesh_BaseAllocator.hxx /misc/dn61/LocalWOK/wok_entities/LOC/dev/CR671-FINAL1-CR671-FINAL1-occt/inc/BRepMesh_BaseAllocator.hxx
+M BRepMesh:pubinclude:BRepMesh_PairOfIndex.hxx /misc/dn61/LocalWOK/wok_entities/LOC/dev/CR671-FINAL1-CR671-FINAL1-occt/inc/BRepMesh_PairOfIndex.hxx
+M BRepMesh:pubinclude:BRepMesh_Status.hxx /misc/dn61/LocalWOK/wok_entities/LOC/dev/CR671-FINAL1-CR671-FINAL1-occt/inc/BRepMesh_Status.hxx
+M BRepMesh:pubinclude:BRepMesh_VertexCellFilter.hxx /misc/dn61/LocalWOK/wok_entities/LOC/dev/CR671-FINAL1-CR671-FINAL1-occt/inc/BRepMesh_VertexCellFilter.hxx
+M BRepMesh:pubinclude:BRepMesh_VertexInspector.hxx /misc/dn61/LocalWOK/wok_entities/LOC/dev/CR671-FINAL1-CR671-FINAL1-occt/inc/BRepMesh_VertexInspector.hxx
+M BRepMesh:pubinclude:BRepMesh_VectorOfVertex.hxx /misc/dn61/LocalWOK/wok_entities/LOC/dev/CR671-FINAL1-CR671-FINAL1-occt/inc/BRepMesh_VectorOfVertex.hxx
+M BRepMesh:pubinclude:BRepMesh_Vertex.lxx /misc/dn61/LocalWOK/wok_entities/LOC/dev/CR671-FINAL1-CR671-FINAL1-occt/inc/BRepMesh_Vertex.lxx
+M BRepMesh:pubinclude:BRepMesh_Edge.lxx /misc/dn61/LocalWOK/wok_entities/LOC/dev/CR671-FINAL1-CR671-FINAL1-occt/inc/BRepMesh_Edge.lxx
+M BRepMesh:pubinclude:BRepMesh_ShapeTool.lxx /misc/dn61/LocalWOK/wok_entities/LOC/dev/CR671-FINAL1-CR671-FINAL1-occt/inc/BRepMesh_ShapeTool.lxx
+M BRepMesh:pubinclude:BRepMesh_Circ.lxx /misc/dn61/LocalWOK/wok_entities/LOC/dev/CR671-FINAL1-CR671-FINAL1-occt/inc/BRepMesh_Circ.lxx
+M BRepMesh:pubinclude:BRepMesh_BiPoint.lxx /misc/dn61/LocalWOK/wok_entities/LOC/dev/CR671-FINAL1-CR671-FINAL1-occt/inc/BRepMesh_BiPoint.lxx
+M BRepMesh:pubinclude:BRepMesh_FastDiscret.lxx /misc/dn61/LocalWOK/wok_entities/LOC/dev/CR671-FINAL1-CR671-FINAL1-occt/inc/BRepMesh_FastDiscret.lxx
+M BRepMesh:pubinclude:BRepMesh_FaceAttribute.lxx /misc/dn61/LocalWOK/wok_entities/LOC/dev/CR671-FINAL1-CR671-FINAL1-occt/inc/BRepMesh_FaceAttribute.lxx
+M BRepMesh:pubinclude:BRepMesh_Classifier.lxx /misc/dn61/LocalWOK/wok_entities/LOC/dev/CR671-FINAL1-CR671-FINAL1-occt/inc/BRepMesh_Classifier.lxx
+M BRepMesh:pubinclude:BRepMesh_PairOfPolygon.lxx /misc/dn61/LocalWOK/wok_entities/LOC/dev/CR671-FINAL1-CR671-FINAL1-occt/inc/BRepMesh_PairOfPolygon.lxx
+M BRepMesh:dbadmfile:BRepMesh_obj_inc.In /misc/dn61/LocalWOK/wok_entities/LOC/dev/CR671-FINAL1-CR671-FINAL1-occt/drv/BRepMesh/.adm/BRepMesh_obj_inc.In
+M BRepMesh:dbadmfile:BRepMesh_obj_inc.Out /misc/dn61/LocalWOK/wok_entities/LOC/dev/CR671-FINAL1-CR671-FINAL1-occt/drv/BRepMesh/.adm/BRepMesh_obj_inc.Out
+M BRepMesh:dbadmfile:BRepMesh_obj_inc.Dep /misc/dn61/LocalWOK/wok_entities/LOC/dev/CR671-FINAL1-CR671-FINAL1-occt/drv/BRepMesh/.adm/BRepMesh_obj_inc.Dep
