+M BRepMesh:pubinclude:BRepMesh.hxx /misc/dn61/LocalWOK/wok_entities/LOC/dev/CR671-FINAL1-CR671-FINAL1-occt/inc/BRepMesh.hxx
+M BRepMesh:privinclude:BRepMesh.jxx /misc/dn61/LocalWOK/wok_entities/LOC/dev/CR671-FINAL1-CR671-FINAL1-occt/drv/BRepMesh/BRepMesh.jxx
+M BRepMesh:privinclude:BRepMesh.ixx /misc/dn61/LocalWOK/wok_entities/LOC/dev/CR671-FINAL1-CR671-FINAL1-occt/drv/BRepMesh/BRepMesh.ixx
+M BRepMesh:pubinclude:BRepMesh_Vertex.hxx /misc/dn61/LocalWOK/wok_entities/LOC/dev/CR671-FINAL1-CR671-FINAL1-occt/inc/BRepMesh_Vertex.hxx
+M BRepMesh:privinclude:BRepMesh_Vertex.jxx /misc/dn61/LocalWOK/wok_entities/LOC/dev/CR671-FINAL1-CR671-FINAL1-occt/drv/BRepMesh/BRepMesh_Vertex.jxx
+M BRepMesh:privinclude:BRepMesh_Vertex.ixx /misc/dn61/LocalWOK/wok_entities/LOC/dev/CR671-FINAL1-CR671-FINAL1-occt/drv/BRepMesh/BRepMesh_Vertex.ixx
+M BRepMesh:pubinclude:BRepMesh_Edge.hxx /misc/dn61/LocalWOK/wok_entities/LOC/dev/CR671-FINAL1-CR671-FINAL1-occt/inc/BRepMesh_Edge.hxx
+M BRepMesh:privinclude:BRepMesh_Edge.jxx /misc/dn61/LocalWOK/wok_entities/LOC/dev/CR671-FINAL1-CR671-FINAL1-occt/drv/BRepMesh/BRepMesh_Edge.jxx
+M BRepMesh:privinclude:BRepMesh_Edge.ixx /misc/dn61/LocalWOK/wok_entities/LOC/dev/CR671-FINAL1-CR671-FINAL1-occt/drv/BRepMesh/BRepMesh_Edge.ixx
+M BRepMesh:pubinclude:BRepMesh_ShapeTool.hxx /misc/dn61/LocalWOK/wok_entities/LOC/dev/CR671-FINAL1-CR671-FINAL1-occt/inc/BRepMesh_ShapeTool.hxx
+M BRepMesh:privinclude:BRepMesh_ShapeTool.jxx /misc/dn61/LocalWOK/wok_entities/LOC/dev/CR671-FINAL1-CR671-FINAL1-occt/drv/BRepMesh/BRepMesh_ShapeTool.jxx
+M BRepMesh:privinclude:BRepMesh_ShapeTool.ixx /misc/dn61/LocalWOK/wok_entities/LOC/dev/CR671-FINAL1-CR671-FINAL1-occt/drv/BRepMesh/BRepMesh_ShapeTool.ixx
+M BRepMesh:pubinclude:BRepMesh_Circ.hxx /misc/dn61/LocalWOK/wok_entities/LOC/dev/CR671-FINAL1-CR671-FINAL1-occt/inc/BRepMesh_Circ.hxx
+M BRepMesh:privinclude:BRepMesh_Circ.jxx /misc/dn61/LocalWOK/wok_entities/LOC/dev/CR671-FINAL1-CR671-FINAL1-occt/drv/BRepMesh/BRepMesh_Circ.jxx
+M BRepMesh:privinclude:BRepMesh_Circ.ixx /misc/dn61/LocalWOK/wok_entities/LOC/dev/CR671-FINAL1-CR671-FINAL1-occt/drv/BRepMesh/BRepMesh_Circ.ixx
+M BRepMesh:pubinclude:Handle_BRepMesh_DiscretRoot.hxx /misc/dn61/LocalWOK/wok_entities/LOC/dev/CR671-FINAL1-CR671-FINAL1-occt/inc/Handle_BRepMesh_DiscretRoot.hxx
+M BRepMesh:pubinclude:BRepMesh_DiscretRoot.hxx /misc/dn61/LocalWOK/wok_entities/LOC/dev/CR671-FINAL1-CR671-FINAL1-occt/inc/BRepMesh_DiscretRoot.hxx
+M BRepMesh:privinclude:BRepMesh_DiscretRoot.jxx /misc/dn61/LocalWOK/wok_entities/LOC/dev/CR671-FINAL1-CR671-FINAL1-occt/drv/BRepMesh/BRepMesh_DiscretRoot.jxx
+M BRepMesh:privinclude:BRepMesh_DiscretRoot.ixx /misc/dn61/LocalWOK/wok_entities/LOC/dev/CR671-FINAL1-CR671-FINAL1-occt/drv/BRepMesh/BRepMesh_DiscretRoot.ixx
+M BRepMesh:pubinclude:BRepMesh_DiscretFactory.hxx /misc/dn61/LocalWOK/wok_entities/LOC/dev/CR671-FINAL1-CR671-FINAL1-occt/inc/BRepMesh_DiscretFactory.hxx
+M BRepMesh:privinclude:BRepMesh_DiscretFactory.jxx /misc/dn61/LocalWOK/wok_entities/LOC/dev/CR671-FINAL1-CR671-FINAL1-occt/drv/BRepMesh/BRepMesh_DiscretFactory.jxx
+M BRepMesh:privinclude:BRepMesh_DiscretFactory.ixx /misc/dn61/LocalWOK/wok_entities/LOC/dev/CR671-FINAL1-CR671-FINAL1-occt/drv/BRepMesh/BRepMesh_DiscretFactory.ixx
+M BRepMesh:pubinclude:BRepMesh_ComparatorOfVertexOfDelaun.hxx /misc/dn61/LocalWOK/wok_entities/LOC/dev/CR671-FINAL1-CR671-FINAL1-occt/inc/BRepMesh_ComparatorOfVertexOfDelaun.hxx
+M BRepMesh:privinclude:BRepMesh_ComparatorOfVertexOfDelaun.jxx /misc/dn61/LocalWOK/wok_entities/LOC/dev/CR671-FINAL1-CR671-FINAL1-occt/drv/BRepMesh/BRepMesh_ComparatorOfVertexOfDelaun.jxx
+M BRepMesh:privinclude:BRepMesh_ComparatorOfVertexOfDelaun.ixx /misc/dn61/LocalWOK/wok_entities/LOC/dev/CR671-FINAL1-CR671-FINAL1-occt/drv/BRepMesh/BRepMesh_ComparatorOfVertexOfDelaun.ixx
+M BRepMesh:pubinclude:BRepMesh_ComparatorOfIndexedVertexOfDelaun.hxx /misc/dn61/LocalWOK/wok_entities/LOC/dev/CR671-FINAL1-CR671-FINAL1-occt/inc/BRepMesh_ComparatorOfIndexedVertexOfDelaun.hxx
+M BRepMesh:privinclude:BRepMesh_ComparatorOfIndexedVertexOfDelaun.jxx /misc/dn61/LocalWOK/wok_entities/LOC/dev/CR671-FINAL1-CR671-FINAL1-occt/drv/BRepMesh/BRepMesh_ComparatorOfIndexedVertexOfDelaun.jxx
+M BRepMesh:privinclude:BRepMesh_ComparatorOfIndexedVertexOfDelaun.ixx /misc/dn61/LocalWOK/wok_entities/LOC/dev/CR671-FINAL1-CR671-FINAL1-occt/drv/BRepMesh/BRepMesh_ComparatorOfIndexedVertexOfDelaun.ixx
+M BRepMesh:pubinclude:BRepMesh_SelectorOfDataStructureOfDelaun.hxx /misc/dn61/LocalWOK/wok_entities/LOC/dev/CR671-FINAL1-CR671-FINAL1-occt/inc/BRepMesh_SelectorOfDataStructureOfDelaun.hxx
+M BRepMesh:privinclude:BRepMesh_SelectorOfDataStructureOfDelaun.jxx /misc/dn61/LocalWOK/wok_entities/LOC/dev/CR671-FINAL1-CR671-FINAL1-occt/drv/BRepMesh/BRepMesh_SelectorOfDataStructureOfDelaun.jxx
+M BRepMesh:privinclude:BRepMesh_SelectorOfDataStructureOfDelaun.ixx /misc/dn61/LocalWOK/wok_entities/LOC/dev/CR671-FINAL1-CR671-FINAL1-occt/drv/BRepMesh/BRepMesh_SelectorOfDataStructureOfDelaun.ixx
+M BRepMesh:pubinclude:Handle_BRepMesh_DataStructureOfDelaun.hxx /misc/dn61/LocalWOK/wok_entities/LOC/dev/CR671-FINAL1-CR671-FINAL1-occt/inc/Handle_BRepMesh_DataStructureOfDelaun.hxx
+M BRepMesh:pubinclude:BRepMesh_DataStructureOfDelaun.hxx /misc/dn61/LocalWOK/wok_entities/LOC/dev/CR671-FINAL1-CR671-FINAL1-occt/inc/BRepMesh_DataStructureOfDelaun.hxx
+M BRepMesh:privinclude:BRepMesh_DataStructureOfDelaun.jxx /misc/dn61/LocalWOK/wok_entities/LOC/dev/CR671-FINAL1-CR671-FINAL1-occt/drv/BRepMesh/BRepMesh_DataStructureOfDelaun.jxx
+M BRepMesh:privinclude:BRepMesh_DataStructureOfDelaun.ixx /misc/dn61/LocalWOK/wok_entities/LOC/dev/CR671-FINAL1-CR671-FINAL1-occt/drv/BRepMesh/BRepMesh_DataStructureOfDelaun.ixx
+M BRepMesh:pubinclude:BRepMesh_CircleTool.hxx /misc/dn61/LocalWOK/wok_entities/LOC/dev/CR671-FINAL1-CR671-FINAL1-occt/inc/BRepMesh_CircleTool.hxx
+M BRepMesh:privinclude:BRepMesh_CircleTool.jxx /misc/dn61/LocalWOK/wok_entities/LOC/dev/CR671-FINAL1-CR671-FINAL1-occt/drv/BRepMesh/BRepMesh_CircleTool.jxx
+M BRepMesh:privinclude:BRepMesh_CircleTool.ixx /misc/dn61/LocalWOK/wok_entities/LOC/dev/CR671-FINAL1-CR671-FINAL1-occt/drv/BRepMesh/BRepMesh_CircleTool.ixx
+M BRepMesh:pubinclude:BRepMesh_VertexTool.hxx /misc/dn61/LocalWOK/wok_entities/LOC/dev/CR671-FINAL1-CR671-FINAL1-occt/inc/BRepMesh_VertexTool.hxx
+M BRepMesh:privinclude:BRepMesh_VertexTool.jxx /misc/dn61/LocalWOK/wok_entities/LOC/dev/CR671-FINAL1-CR671-FINAL1-occt/drv/BRepMesh/BRepMesh_VertexTool.jxx
+M BRepMesh:privinclude:BRepMesh_VertexTool.ixx /misc/dn61/LocalWOK/wok_entities/LOC/dev/CR671-FINAL1-CR671-FINAL1-occt/drv/BRepMesh/BRepMesh_VertexTool.ixx
+M BRepMesh:pubinclude:BRepMesh_Array1OfVertexOfDelaun.hxx /misc/dn61/LocalWOK/wok_entities/LOC/dev/CR671-FINAL1-CR671-FINAL1-occt/inc/BRepMesh_Array1OfVertexOfDelaun.hxx
+M BRepMesh:derivated:BRepMesh_Array1OfVertexOfDelaun_0.cxx /misc/dn61/LocalWOK/wok_entities/LOC/dev/CR671-FINAL1-CR671-FINAL1-occt/drv/BRepMesh/BRepMesh_Array1OfVertexOfDelaun_0.cxx
+M BRepMesh:pubinclude:Handle_BRepMesh_HArray1OfVertexOfDelaun.hxx /misc/dn61/LocalWOK/wok_entities/LOC/dev/CR671-FINAL1-CR671-FINAL1-occt/inc/Handle_BRepMesh_HArray1OfVertexOfDelaun.hxx
+M BRepMesh:pubinclude:BRepMesh_HArray1OfVertexOfDelaun.hxx /misc/dn61/LocalWOK/wok_entities/LOC/dev/CR671-FINAL1-CR671-FINAL1-occt/inc/BRepMesh_HArray1OfVertexOfDelaun.hxx
+M BRepMesh:derivated:BRepMesh_HArray1OfVertexOfDelaun_0.cxx /misc/dn61/LocalWOK/wok_entities/LOC/dev/CR671-FINAL1-CR671-FINAL1-occt/drv/BRepMesh/BRepMesh_HArray1OfVertexOfDelaun_0.cxx
+M BRepMesh:pubinclude:BRepMesh_HeapSortVertexOfDelaun.hxx /misc/dn61/LocalWOK/wok_entities/LOC/dev/CR671-FINAL1-CR671-FINAL1-occt/inc/BRepMesh_HeapSortVertexOfDelaun.hxx
+M BRepMesh:derivated:BRepMesh_HeapSortVertexOfDelaun_0.cxx /misc/dn61/LocalWOK/wok_entities/LOC/dev/CR671-FINAL1-CR671-FINAL1-occt/drv/BRepMesh/BRepMesh_HeapSortVertexOfDelaun_0.cxx
+M BRepMesh:pubinclude:BRepMesh_HeapSortIndexedVertexOfDelaun.hxx /misc/dn61/LocalWOK/wok_entities/LOC/dev/CR671-FINAL1-CR671-FINAL1-occt/inc/BRepMesh_HeapSortIndexedVertexOfDelaun.hxx
+M BRepMesh:derivated:BRepMesh_HeapSortIndexedVertexOfDelaun_0.cxx /misc/dn61/LocalWOK/wok_entities/LOC/dev/CR671-FINAL1-CR671-FINAL1-occt/drv/BRepMesh/BRepMesh_HeapSortIndexedVertexOfDelaun_0.cxx
+M BRepMesh:pubinclude:BRepMesh_NodeHasherOfDataStructureOfDelaun.hxx /misc/dn61/LocalWOK/wok_entities/LOC/dev/CR671-FINAL1-CR671-FINAL1-occt/inc/BRepMesh_NodeHasherOfDataStructureOfDelaun.hxx
+M BRepMesh:derivated:BRepMesh_NodeHasherOfDataStructureOfDelaun_0.cxx /misc/dn61/LocalWOK/wok_entities/LOC/dev/CR671-FINAL1-CR671-FINAL1-occt/drv/BRepMesh/BRepMesh_NodeHasherOfDataStructureOfDelaun_0.cxx
+M BRepMesh:pubinclude:BRepMesh_LinkHasherOfDataStructureOfDelaun.hxx /misc/dn61/LocalWOK/wok_entities/LOC/dev/CR671-FINAL1-CR671-FINAL1-occt/inc/BRepMesh_LinkHasherOfDataStructureOfDelaun.hxx
+M BRepMesh:derivated:BRepMesh_LinkHasherOfDataStructureOfDelaun_0.cxx /misc/dn61/LocalWOK/wok_entities/LOC/dev/CR671-FINAL1-CR671-FINAL1-occt/drv/BRepMesh/BRepMesh_LinkHasherOfDataStructureOfDelaun_0.cxx
+M BRepMesh:pubinclude:BRepMesh_ElemHasherOfDataStructureOfDelaun.hxx /misc/dn61/LocalWOK/wok_entities/LOC/dev/CR671-FINAL1-CR671-FINAL1-occt/inc/BRepMesh_ElemHasherOfDataStructureOfDelaun.hxx
+M BRepMesh:derivated:BRepMesh_ElemHasherOfDataStructureOfDelaun_0.cxx /misc/dn61/LocalWOK/wok_entities/LOC/dev/CR671-FINAL1-CR671-FINAL1-occt/drv/BRepMesh/BRepMesh_ElemHasherOfDataStructureOfDelaun_0.cxx
+M BRepMesh:pubinclude:BRepMesh_DataMapOfIntegerListOfInteger.hxx /misc/dn61/LocalWOK/wok_entities/LOC/dev/CR671-FINAL1-CR671-FINAL1-occt/inc/BRepMesh_DataMapOfIntegerListOfInteger.hxx
+M BRepMesh:derivated:BRepMesh_DataMapOfIntegerListOfInteger_0.cxx /misc/dn61/LocalWOK/wok_entities/LOC/dev/CR671-FINAL1-CR671-FINAL1-occt/drv/BRepMesh/BRepMesh_DataMapOfIntegerListOfInteger_0.cxx
+M BRepMesh:pubinclude:BRepMesh_IDMapOfNodeOfDataStructureOfDelaun.hxx /misc/dn61/LocalWOK/wok_entities/LOC/dev/CR671-FINAL1-CR671-FINAL1-occt/inc/BRepMesh_IDMapOfNodeOfDataStructureOfDelaun.hxx
+M BRepMesh:derivated:BRepMesh_IDMapOfNodeOfDataStructureOfDelaun_0.cxx /misc/dn61/LocalWOK/wok_entities/LOC/dev/CR671-FINAL1-CR671-FINAL1-occt/drv/BRepMesh/BRepMesh_IDMapOfNodeOfDataStructureOfDelaun_0.cxx
+M BRepMesh:pubinclude:BRepMesh_IDMapOfLinkOfDataStructureOfDelaun.hxx /misc/dn61/LocalWOK/wok_entities/LOC/dev/CR671-FINAL1-CR671-FINAL1-occt/inc/BRepMesh_IDMapOfLinkOfDataStructureOfDelaun.hxx
+M BRepMesh:derivated:BRepMesh_IDMapOfLinkOfDataStructureOfDelaun_0.cxx /misc/dn61/LocalWOK/wok_entities/LOC/dev/CR671-FINAL1-CR671-FINAL1-occt/drv/BRepMesh/BRepMesh_IDMapOfLinkOfDataStructureOfDelaun_0.cxx
+M BRepMesh:pubinclude:BRepMesh_IMapOfElementOfDataStructureOfDelaun.hxx /misc/dn61/LocalWOK/wok_entities/LOC/dev/CR671-FINAL1-CR671-FINAL1-occt/inc/BRepMesh_IMapOfElementOfDataStructureOfDelaun.hxx
+M BRepMesh:derivated:BRepMesh_IMapOfElementOfDataStructureOfDelaun_0.cxx /misc/dn61/LocalWOK/wok_entities/LOC/dev/CR671-FINAL1-CR671-FINAL1-occt/drv/BRepMesh/BRepMesh_IMapOfElementOfDataStructureOfDelaun_0.cxx
+M BRepMesh:pubinclude:BRepMesh_DataMapOfVertexInteger.hxx /misc/dn61/LocalWOK/wok_entities/LOC/dev/CR671-FINAL1-CR671-FINAL1-occt/inc/BRepMesh_DataMapOfVertexInteger.hxx
+M BRepMesh:derivated:BRepMesh_DataMapOfVertexInteger_0.cxx /misc/dn61/LocalWOK/wok_entities/LOC/dev/CR671-FINAL1-CR671-FINAL1-occt/drv/BRepMesh/BRepMesh_DataMapOfVertexInteger_0.cxx
+M BRepMesh:pubinclude:BRepMesh_ListOfVertex.hxx /misc/dn61/LocalWOK/wok_entities/LOC/dev/CR671-FINAL1-CR671-FINAL1-occt/inc/BRepMesh_ListOfVertex.hxx
+M BRepMesh:derivated:BRepMesh_ListOfVertex_0.cxx /misc/dn61/LocalWOK/wok_entities/LOC/dev/CR671-FINAL1-CR671-FINAL1-occt/drv/BRepMesh/BRepMesh_ListOfVertex_0.cxx
+M BRepMesh:pubinclude:BRepMesh_ListOfXY.hxx /misc/dn61/LocalWOK/wok_entities/LOC/dev/CR671-FINAL1-CR671-FINAL1-occt/inc/BRepMesh_ListOfXY.hxx
+M BRepMesh:derivated:BRepMesh_ListOfXY_0.cxx /misc/dn61/LocalWOK/wok_entities/LOC/dev/CR671-FINAL1-CR671-FINAL1-occt/drv/BRepMesh/BRepMesh_ListOfXY_0.cxx
+M BRepMesh:pubinclude:BRepMesh_DataMapOfIntegerListOfXY.hxx /misc/dn61/LocalWOK/wok_entities/LOC/dev/CR671-FINAL1-CR671-FINAL1-occt/inc/BRepMesh_DataMapOfIntegerListOfXY.hxx
+M BRepMesh:derivated:BRepMesh_DataMapOfIntegerListOfXY_0.cxx /misc/dn61/LocalWOK/wok_entities/LOC/dev/CR671-FINAL1-CR671-FINAL1-occt/drv/BRepMesh/BRepMesh_DataMapOfIntegerListOfXY_0.cxx
+M BRepMesh:pubinclude:BRepMesh_VertexHasher.hxx /misc/dn61/LocalWOK/wok_entities/LOC/dev/CR671-FINAL1-CR671-FINAL1-occt/inc/BRepMesh_VertexHasher.hxx
+M BRepMesh:derivated:BRepMesh_VertexHasher_0.cxx /misc/dn61/LocalWOK/wok_entities/LOC/dev/CR671-FINAL1-CR671-FINAL1-occt/drv/BRepMesh/BRepMesh_VertexHasher_0.cxx
+M BRepMesh:pubinclude:BRepMesh_IndexedMapOfVertex.hxx /misc/dn61/LocalWOK/wok_entities/LOC/dev/CR671-FINAL1-CR671-FINAL1-occt/inc/BRepMesh_IndexedMapOfVertex.hxx
+M BRepMesh:derivated:BRepMesh_IndexedMapOfVertex_0.cxx /misc/dn61/LocalWOK/wok_entities/LOC/dev/CR671-FINAL1-CR671-FINAL1-occt/drv/BRepMesh/BRepMesh_IndexedMapOfVertex_0.cxx
+M BRepMesh:pubinclude:BRepMesh_DataMapOfShapeReal.hxx /misc/dn61/LocalWOK/wok_entities/LOC/dev/CR671-FINAL1-CR671-FINAL1-occt/inc/BRepMesh_DataMapOfShapeReal.hxx
+M BRepMesh:derivated:BRepMesh_DataMapOfShapeReal_0.cxx /misc/dn61/LocalWOK/wok_entities/LOC/dev/CR671-FINAL1-CR671-FINAL1-occt/drv/BRepMesh/BRepMesh_DataMapOfShapeReal_0.cxx
+M BRepMesh:pubinclude:BRepMesh_BiPoint.hxx /misc/dn61/LocalWOK/wok_entities/LOC/dev/CR671-FINAL1-CR671-FINAL1-occt/inc/BRepMesh_BiPoint.hxx
+M BRepMesh:privinclude:BRepMesh_BiPoint.jxx /misc/dn61/LocalWOK/wok_entities/LOC/dev/CR671-FINAL1-CR671-FINAL1-occt/drv/BRepMesh/BRepMesh_BiPoint.jxx
+M BRepMesh:privinclude:BRepMesh_BiPoint.ixx /misc/dn61/LocalWOK/wok_entities/LOC/dev/CR671-FINAL1-CR671-FINAL1-occt/drv/BRepMesh/BRepMesh_BiPoint.ixx
+M BRepMesh:pubinclude:BRepMesh_Array1OfBiPoint.hxx /misc/dn61/LocalWOK/wok_entities/LOC/dev/CR671-FINAL1-CR671-FINAL1-occt/inc/BRepMesh_Array1OfBiPoint.hxx
+M BRepMesh:derivated:BRepMesh_Array1OfBiPoint_0.cxx /misc/dn61/LocalWOK/wok_entities/LOC/dev/CR671-FINAL1-CR671-FINAL1-occt/drv/BRepMesh/BRepMesh_Array1OfBiPoint_0.cxx
+M BRepMesh:pubinclude:Handle_BRepMesh_FastDiscretFace.hxx /misc/dn61/LocalWOK/wok_entities/LOC/dev/CR671-FINAL1-CR671-FINAL1-occt/inc/Handle_BRepMesh_FastDiscretFace.hxx
+M BRepMesh:pubinclude:BRepMesh_FastDiscretFace.hxx /misc/dn61/LocalWOK/wok_entities/LOC/dev/CR671-FINAL1-CR671-FINAL1-occt/inc/BRepMesh_FastDiscretFace.hxx
+M BRepMesh:privinclude:BRepMesh_FastDiscretFace.jxx /misc/dn61/LocalWOK/wok_entities/LOC/dev/CR671-FINAL1-CR671-FINAL1-occt/drv/BRepMesh/BRepMesh_FastDiscretFace.jxx
+M BRepMesh:privinclude:BRepMesh_FastDiscretFace.ixx /misc/dn61/LocalWOK/wok_entities/LOC/dev/CR671-FINAL1-CR671-FINAL1-occt/drv/BRepMesh/BRepMesh_FastDiscretFace.ixx
+M BRepMesh:pubinclude:Handle_BRepMesh_FastDiscret.hxx /misc/dn61/LocalWOK/wok_entities/LOC/dev/CR671-FINAL1-CR671-FINAL1-occt/inc/Handle_BRepMesh_FastDiscret.hxx
+M BRepMesh:pubinclude:BRepMesh_FastDiscret.hxx /misc/dn61/LocalWOK/wok_entities/LOC/dev/CR671-FINAL1-CR671-FINAL1-occt/inc/BRepMesh_FastDiscret.hxx
+M BRepMesh:privinclude:BRepMesh_FastDiscret.jxx /misc/dn61/LocalWOK/wok_entities/LOC/dev/CR671-FINAL1-CR671-FINAL1-occt/drv/BRepMesh/BRepMesh_FastDiscret.jxx
+M BRepMesh:privinclude:BRepMesh_FastDiscret.ixx /misc/dn61/LocalWOK/wok_entities/LOC/dev/CR671-FINAL1-CR671-FINAL1-occt/drv/BRepMesh/BRepMesh_FastDiscret.ixx
+M BRepMesh:pubinclude:Handle_BRepMesh_FaceAttribute.hxx /misc/dn61/LocalWOK/wok_entities/LOC/dev/CR671-FINAL1-CR671-FINAL1-occt/inc/Handle_BRepMesh_FaceAttribute.hxx
+M BRepMesh:pubinclude:BRepMesh_FaceAttribute.hxx /misc/dn61/LocalWOK/wok_entities/LOC/dev/CR671-FINAL1-CR671-FINAL1-occt/inc/BRepMesh_FaceAttribute.hxx
+M BRepMesh:privinclude:BRepMesh_FaceAttribute.jxx /misc/dn61/LocalWOK/wok_entities/LOC/dev/CR671-FINAL1-CR671-FINAL1-occt/drv/BRepMesh/BRepMesh_FaceAttribute.jxx
+M BRepMesh:privinclude:BRepMesh_FaceAttribute.ixx /misc/dn61/LocalWOK/wok_entities/LOC/dev/CR671-FINAL1-CR671-FINAL1-occt/drv/BRepMesh/BRepMesh_FaceAttribute.ixx
+M BRepMesh:pubinclude:BRepMesh_DataMapOfFaceAttribute.hxx /misc/dn61/LocalWOK/wok_entities/LOC/dev/CR671-FINAL1-CR671-FINAL1-occt/inc/BRepMesh_DataMapOfFaceAttribute.hxx
+M BRepMesh:derivated:BRepMesh_DataMapOfFaceAttribute_0.cxx /misc/dn61/LocalWOK/wok_entities/LOC/dev/CR671-FINAL1-CR671-FINAL1-occt/drv/BRepMesh/BRepMesh_DataMapOfFaceAttribute_0.cxx
+M BRepMesh:pubinclude:BRepMesh_Classifier.hxx /misc/dn61/LocalWOK/wok_entities/LOC/dev/CR671-FINAL1-CR671-FINAL1-occt/inc/BRepMesh_Classifier.hxx
+M BRepMesh:privinclude:BRepMesh_Classifier.jxx /misc/dn61/LocalWOK/wok_entities/LOC/dev/CR671-FINAL1-CR671-FINAL1-occt/drv/BRepMesh/BRepMesh_Classifier.jxx
+M BRepMesh:privinclude:BRepMesh_Classifier.ixx /misc/dn61/LocalWOK/wok_entities/LOC/dev/CR671-FINAL1-CR671-FINAL1-occt/drv/BRepMesh/BRepMesh_Classifier.ixx
+M BRepMesh:pubinclude:Handle_BRepMesh_IncrementalMesh.hxx /misc/dn61/LocalWOK/wok_entities/LOC/dev/CR671-FINAL1-CR671-FINAL1-occt/inc/Handle_BRepMesh_IncrementalMesh.hxx
+M BRepMesh:pubinclude:BRepMesh_IncrementalMesh.hxx /misc/dn61/LocalWOK/wok_entities/LOC/dev/CR671-FINAL1-CR671-FINAL1-occt/inc/BRepMesh_IncrementalMesh.hxx
+M BRepMesh:privinclude:BRepMesh_IncrementalMesh.jxx /misc/dn61/LocalWOK/wok_entities/LOC/dev/CR671-FINAL1-CR671-FINAL1-occt/drv/BRepMesh/BRepMesh_IncrementalMesh.jxx
+M BRepMesh:privinclude:BRepMesh_IncrementalMesh.ixx /misc/dn61/LocalWOK/wok_entities/LOC/dev/CR671-FINAL1-CR671-FINAL1-occt/drv/BRepMesh/BRepMesh_IncrementalMesh.ixx
+M BRepMesh:pubinclude:BRepMesh_GeomTool.hxx /misc/dn61/LocalWOK/wok_entities/LOC/dev/CR671-FINAL1-CR671-FINAL1-occt/inc/BRepMesh_GeomTool.hxx
+M BRepMesh:privinclude:BRepMesh_GeomTool.jxx /misc/dn61/LocalWOK/wok_entities/LOC/dev/CR671-FINAL1-CR671-FINAL1-occt/drv/BRepMesh/BRepMesh_GeomTool.jxx
+M BRepMesh:privinclude:BRepMesh_GeomTool.ixx /misc/dn61/LocalWOK/wok_entities/LOC/dev/CR671-FINAL1-CR671-FINAL1-occt/drv/BRepMesh/BRepMesh_GeomTool.ixx
+M BRepMesh:pubinclude:BRepMesh_DataMapOfIntegerPnt.hxx /misc/dn61/LocalWOK/wok_entities/LOC/dev/CR671-FINAL1-CR671-FINAL1-occt/inc/BRepMesh_DataMapOfIntegerPnt.hxx
+M BRepMesh:derivated:BRepMesh_DataMapOfIntegerPnt_0.cxx /misc/dn61/LocalWOK/wok_entities/LOC/dev/CR671-FINAL1-CR671-FINAL1-occt/drv/BRepMesh/BRepMesh_DataMapOfIntegerPnt_0.cxx
+M BRepMesh:pubinclude:BRepMesh_PairOfPolygon.hxx /misc/dn61/LocalWOK/wok_entities/LOC/dev/CR671-FINAL1-CR671-FINAL1-occt/inc/BRepMesh_PairOfPolygon.hxx
+M BRepMesh:privinclude:BRepMesh_PairOfPolygon.jxx /misc/dn61/LocalWOK/wok_entities/LOC/dev/CR671-FINAL1-CR671-FINAL1-occt/drv/BRepMesh/BRepMesh_PairOfPolygon.jxx
+M BRepMesh:privinclude:BRepMesh_PairOfPolygon.ixx /misc/dn61/LocalWOK/wok_entities/LOC/dev/CR671-FINAL1-CR671-FINAL1-occt/drv/BRepMesh/BRepMesh_PairOfPolygon.ixx
+M BRepMesh:pubinclude:BRepMesh_DataMapOfShapePairOfPolygon.hxx /misc/dn61/LocalWOK/wok_entities/LOC/dev/CR671-FINAL1-CR671-FINAL1-occt/inc/BRepMesh_DataMapOfShapePairOfPolygon.hxx
+M BRepMesh:derivated:BRepMesh_DataMapOfShapePairOfPolygon_0.cxx /misc/dn61/LocalWOK/wok_entities/LOC/dev/CR671-FINAL1-CR671-FINAL1-occt/drv/BRepMesh/BRepMesh_DataMapOfShapePairOfPolygon_0.cxx
+M BRepMesh:pubinclude:Handle_BRepMesh_DataMapNodeOfDataMapOfIntegerListOfInteger.hxx /misc/dn61/LocalWOK/wok_entities/LOC/dev/CR671-FINAL1-CR671-FINAL1-occt/inc/Handle_BRepMesh_DataMapNodeOfDataMapOfIntegerListOfInteger.hxx
+M BRepMesh:pubinclude:BRepMesh_DataMapNodeOfDataMapOfIntegerListOfInteger.hxx /misc/dn61/LocalWOK/wok_entities/LOC/dev/CR671-FINAL1-CR671-FINAL1-occt/inc/BRepMesh_DataMapNodeOfDataMapOfIntegerListOfInteger.hxx
+M BRepMesh:derivated:BRepMesh_DataMapNodeOfDataMapOfIntegerListOfInteger_0.cxx /misc/dn61/LocalWOK/wok_entities/LOC/dev/CR671-FINAL1-CR671-FINAL1-occt/drv/BRepMesh/BRepMesh_DataMapNodeOfDataMapOfIntegerListOfInteger_0.cxx
+M BRepMesh:pubinclude:BRepMesh_DataMapIteratorOfDataMapOfIntegerListOfInteger.hxx /misc/dn61/LocalWOK/wok_entities/LOC/dev/CR671-FINAL1-CR671-FINAL1-occt/inc/BRepMesh_DataMapIteratorOfDataMapOfIntegerListOfInteger.hxx
+M BRepMesh:derivated:BRepMesh_DataMapIteratorOfDataMapOfIntegerListOfInteger_0.cxx /misc/dn61/LocalWOK/wok_entities/LOC/dev/CR671-FINAL1-CR671-FINAL1-occt/drv/BRepMesh/BRepMesh_DataMapIteratorOfDataMapOfIntegerListOfInteger_0.cxx
+M BRepMesh:pubinclude:Handle_BRepMesh_IndexedDataMapNodeOfIDMapOfNodeOfDataStructureOfDelaun.hxx /misc/dn61/LocalWOK/wok_entities/LOC/dev/CR671-FINAL1-CR671-FINAL1-occt/inc/Handle_BRepMesh_IndexedDataMapNodeOfIDMapOfNodeOfDataStructureOfDelaun.hxx
+M BRepMesh:pubinclude:BRepMesh_IndexedDataMapNodeOfIDMapOfNodeOfDataStructureOfDelaun.hxx /misc/dn61/LocalWOK/wok_entities/LOC/dev/CR671-FINAL1-CR671-FINAL1-occt/inc/BRepMesh_IndexedDataMapNodeOfIDMapOfNodeOfDataStructureOfDelaun.hxx
+M BRepMesh:derivated:BRepMesh_IndexedDataMapNodeOfIDMapOfNodeOfDataStructureOfDelaun_0.cxx /misc/dn61/LocalWOK/wok_entities/LOC/dev/CR671-FINAL1-CR671-FINAL1-occt/drv/BRepMesh/BRepMesh_IndexedDataMapNodeOfIDMapOfNodeOfDataStructureOfDelaun_0.cxx
+M BRepMesh:pubinclude:Handle_BRepMesh_IndexedDataMapNodeOfIDMapOfLinkOfDataStructureOfDelaun.hxx /misc/dn61/LocalWOK/wok_entities/LOC/dev/CR671-FINAL1-CR671-FINAL1-occt/inc/Handle_BRepMesh_IndexedDataMapNodeOfIDMapOfLinkOfDataStructureOfDelaun.hxx
+M BRepMesh:pubinclude:BRepMesh_IndexedDataMapNodeOfIDMapOfLinkOfDataStructureOfDelaun.hxx /misc/dn61/LocalWOK/wok_entities/LOC/dev/CR671-FINAL1-CR671-FINAL1-occt/inc/BRepMesh_IndexedDataMapNodeOfIDMapOfLinkOfDataStructureOfDelaun.hxx
+M BRepMesh:derivated:BRepMesh_IndexedDataMapNodeOfIDMapOfLinkOfDataStructureOfDelaun_0.cxx /misc/dn61/LocalWOK/wok_entities/LOC/dev/CR671-FINAL1-CR671-FINAL1-occt/drv/BRepMesh/BRepMesh_IndexedDataMapNodeOfIDMapOfLinkOfDataStructureOfDelaun_0.cxx
+M BRepMesh:pubinclude:Handle_BRepMesh_IndexedMapNodeOfIMapOfElementOfDataStructureOfDelaun.hxx /misc/dn61/LocalWOK/wok_entities/LOC/dev/CR671-FINAL1-CR671-FINAL1-occt/inc/Handle_BRepMesh_IndexedMapNodeOfIMapOfElementOfDataStructureOfDelaun.hxx
+M BRepMesh:pubinclude:BRepMesh_IndexedMapNodeOfIMapOfElementOfDataStructureOfDelaun.hxx /misc/dn61/LocalWOK/wok_entities/LOC/dev/CR671-FINAL1-CR671-FINAL1-occt/inc/BRepMesh_IndexedMapNodeOfIMapOfElementOfDataStructureOfDelaun.hxx
+M BRepMesh:derivated:BRepMesh_IndexedMapNodeOfIMapOfElementOfDataStructureOfDelaun_0.cxx /misc/dn61/LocalWOK/wok_entities/LOC/dev/CR671-FINAL1-CR671-FINAL1-occt/drv/BRepMesh/BRepMesh_IndexedMapNodeOfIMapOfElementOfDataStructureOfDelaun_0.cxx
+M BRepMesh:pubinclude:Handle_BRepMesh_DataMapNodeOfDataMapOfVertexInteger.hxx /misc/dn61/LocalWOK/wok_entities/LOC/dev/CR671-FINAL1-CR671-FINAL1-occt/inc/Handle_BRepMesh_DataMapNodeOfDataMapOfVertexInteger.hxx
+M BRepMesh:pubinclude:BRepMesh_DataMapNodeOfDataMapOfVertexInteger.hxx /misc/dn61/LocalWOK/wok_entities/LOC/dev/CR671-FINAL1-CR671-FINAL1-occt/inc/BRepMesh_DataMapNodeOfDataMapOfVertexInteger.hxx
+M BRepMesh:derivated:BRepMesh_DataMapNodeOfDataMapOfVertexInteger_0.cxx /misc/dn61/LocalWOK/wok_entities/LOC/dev/CR671-FINAL1-CR671-FINAL1-occt/drv/BRepMesh/BRepMesh_DataMapNodeOfDataMapOfVertexInteger_0.cxx
+M BRepMesh:pubinclude:BRepMesh_DataMapIteratorOfDataMapOfVertexInteger.hxx /misc/dn61/LocalWOK/wok_entities/LOC/dev/CR671-FINAL1-CR671-FINAL1-occt/inc/BRepMesh_DataMapIteratorOfDataMapOfVertexInteger.hxx
+M BRepMesh:derivated:BRepMesh_DataMapIteratorOfDataMapOfVertexInteger_0.cxx /misc/dn61/LocalWOK/wok_entities/LOC/dev/CR671-FINAL1-CR671-FINAL1-occt/drv/BRepMesh/BRepMesh_DataMapIteratorOfDataMapOfVertexInteger_0.cxx
+M BRepMesh:pubinclude:Handle_BRepMesh_ListNodeOfListOfVertex.hxx /misc/dn61/LocalWOK/wok_entities/LOC/dev/CR671-FINAL1-CR671-FINAL1-occt/inc/Handle_BRepMesh_ListNodeOfListOfVertex.hxx
+M BRepMesh:pubinclude:BRepMesh_ListNodeOfListOfVertex.hxx /misc/dn61/LocalWOK/wok_entities/LOC/dev/CR671-FINAL1-CR671-FINAL1-occt/inc/BRepMesh_ListNodeOfListOfVertex.hxx
+M BRepMesh:derivated:BRepMesh_ListNodeOfListOfVertex_0.cxx /misc/dn61/LocalWOK/wok_entities/LOC/dev/CR671-FINAL1-CR671-FINAL1-occt/drv/BRepMesh/BRepMesh_ListNodeOfListOfVertex_0.cxx
+M BRepMesh:pubinclude:BRepMesh_ListIteratorOfListOfVertex.hxx /misc/dn61/LocalWOK/wok_entities/LOC/dev/CR671-FINAL1-CR671-FINAL1-occt/inc/BRepMesh_ListIteratorOfListOfVertex.hxx
+M BRepMesh:derivated:BRepMesh_ListIteratorOfListOfVertex_0.cxx /misc/dn61/LocalWOK/wok_entities/LOC/dev/CR671-FINAL1-CR671-FINAL1-occt/drv/BRepMesh/BRepMesh_ListIteratorOfListOfVertex_0.cxx
+M BRepMesh:pubinclude:Handle_BRepMesh_ListNodeOfListOfXY.hxx /misc/dn61/LocalWOK/wok_entities/LOC/dev/CR671-FINAL1-CR671-FINAL1-occt/inc/Handle_BRepMesh_ListNodeOfListOfXY.hxx
+M BRepMesh:pubinclude:BRepMesh_ListNodeOfListOfXY.hxx /misc/dn61/LocalWOK/wok_entities/LOC/dev/CR671-FINAL1-CR671-FINAL1-occt/inc/BRepMesh_ListNodeOfListOfXY.hxx
+M BRepMesh:derivated:BRepMesh_ListNodeOfListOfXY_0.cxx /misc/dn61/LocalWOK/wok_entities/LOC/dev/CR671-FINAL1-CR671-FINAL1-occt/drv/BRepMesh/BRepMesh_ListNodeOfListOfXY_0.cxx
+M BRepMesh:pubinclude:BRepMesh_ListIteratorOfListOfXY.hxx /misc/dn61/LocalWOK/wok_entities/LOC/dev/CR671-FINAL1-CR671-FINAL1-occt/inc/BRepMesh_ListIteratorOfListOfXY.hxx
+M BRepMesh:derivated:BRepMesh_ListIteratorOfListOfXY_0.cxx /misc/dn61/LocalWOK/wok_entities/LOC/dev/CR671-FINAL1-CR671-FINAL1-occt/drv/BRepMesh/BRepMesh_ListIteratorOfListOfXY_0.cxx
+M BRepMesh:pubinclude:Handle_BRepMesh_DataMapNodeOfDataMapOfIntegerListOfXY.hxx /misc/dn61/LocalWOK/wok_entities/LOC/dev/CR671-FINAL1-CR671-FINAL1-occt/inc/Handle_BRepMesh_DataMapNodeOfDataMapOfIntegerListOfXY.hxx
+M BRepMesh:pubinclude:BRepMesh_DataMapNodeOfDataMapOfIntegerListOfXY.hxx /misc/dn61/LocalWOK/wok_entities/LOC/dev/CR671-FINAL1-CR671-FINAL1-occt/inc/BRepMesh_DataMapNodeOfDataMapOfIntegerListOfXY.hxx
+M BRepMesh:derivated:BRepMesh_DataMapNodeOfDataMapOfIntegerListOfXY_0.cxx /misc/dn61/LocalWOK/wok_entities/LOC/dev/CR671-FINAL1-CR671-FINAL1-occt/drv/BRepMesh/BRepMesh_DataMapNodeOfDataMapOfIntegerListOfXY_0.cxx
+M BRepMesh:pubinclude:BRepMesh_DataMapIteratorOfDataMapOfIntegerListOfXY.hxx /misc/dn61/LocalWOK/wok_entities/LOC/dev/CR671-FINAL1-CR671-FINAL1-occt/inc/BRepMesh_DataMapIteratorOfDataMapOfIntegerListOfXY.hxx
+M BRepMesh:derivated:BRepMesh_DataMapIteratorOfDataMapOfIntegerListOfXY_0.cxx /misc/dn61/LocalWOK/wok_entities/LOC/dev/CR671-FINAL1-CR671-FINAL1-occt/drv/BRepMesh/BRepMesh_DataMapIteratorOfDataMapOfIntegerListOfXY_0.cxx
+M BRepMesh:pubinclude:Handle_BRepMesh_IndexedMapNodeOfIndexedMapOfVertex.hxx /misc/dn61/LocalWOK/wok_entities/LOC/dev/CR671-FINAL1-CR671-FINAL1-occt/inc/Handle_BRepMesh_IndexedMapNodeOfIndexedMapOfVertex.hxx
+M BRepMesh:pubinclude:BRepMesh_IndexedMapNodeOfIndexedMapOfVertex.hxx /misc/dn61/LocalWOK/wok_entities/LOC/dev/CR671-FINAL1-CR671-FINAL1-occt/inc/BRepMesh_IndexedMapNodeOfIndexedMapOfVertex.hxx
+M BRepMesh:derivated:BRepMesh_IndexedMapNodeOfIndexedMapOfVertex_0.cxx /misc/dn61/LocalWOK/wok_entities/LOC/dev/CR671-FINAL1-CR671-FINAL1-occt/drv/BRepMesh/BRepMesh_IndexedMapNodeOfIndexedMapOfVertex_0.cxx
+M BRepMesh:pubinclude:Handle_BRepMesh_DataMapNodeOfDataMapOfShapeReal.hxx /misc/dn61/LocalWOK/wok_entities/LOC/dev/CR671-FINAL1-CR671-FINAL1-occt/inc/Handle_BRepMesh_DataMapNodeOfDataMapOfShapeReal.hxx
+M BRepMesh:pubinclude:BRepMesh_DataMapNodeOfDataMapOfShapeReal.hxx /misc/dn61/LocalWOK/wok_entities/LOC/dev/CR671-FINAL1-CR671-FINAL1-occt/inc/BRepMesh_DataMapNodeOfDataMapOfShapeReal.hxx
+M BRepMesh:derivated:BRepMesh_DataMapNodeOfDataMapOfShapeReal_0.cxx /misc/dn61/LocalWOK/wok_entities/LOC/dev/CR671-FINAL1-CR671-FINAL1-occt/drv/BRepMesh/BRepMesh_DataMapNodeOfDataMapOfShapeReal_0.cxx
+M BRepMesh:pubinclude:BRepMesh_DataMapIteratorOfDataMapOfShapeReal.hxx /misc/dn61/LocalWOK/wok_entities/LOC/dev/CR671-FINAL1-CR671-FINAL1-occt/inc/BRepMesh_DataMapIteratorOfDataMapOfShapeReal.hxx
+M BRepMesh:derivated:BRepMesh_DataMapIteratorOfDataMapOfShapeReal_0.cxx /misc/dn61/LocalWOK/wok_entities/LOC/dev/CR671-FINAL1-CR671-FINAL1-occt/drv/BRepMesh/BRepMesh_DataMapIteratorOfDataMapOfShapeReal_0.cxx
+M BRepMesh:pubinclude:Handle_BRepMesh_DataMapNodeOfDataMapOfFaceAttribute.hxx /misc/dn61/LocalWOK/wok_entities/LOC/dev/CR671-FINAL1-CR671-FINAL1-occt/inc/Handle_BRepMesh_DataMapNodeOfDataMapOfFaceAttribute.hxx
+M BRepMesh:pubinclude:BRepMesh_DataMapNodeOfDataMapOfFaceAttribute.hxx /misc/dn61/LocalWOK/wok_entities/LOC/dev/CR671-FINAL1-CR671-FINAL1-occt/inc/BRepMesh_DataMapNodeOfDataMapOfFaceAttribute.hxx
+M BRepMesh:derivated:BRepMesh_DataMapNodeOfDataMapOfFaceAttribute_0.cxx /misc/dn61/LocalWOK/wok_entities/LOC/dev/CR671-FINAL1-CR671-FINAL1-occt/drv/BRepMesh/BRepMesh_DataMapNodeOfDataMapOfFaceAttribute_0.cxx
+M BRepMesh:pubinclude:BRepMesh_DataMapIteratorOfDataMapOfFaceAttribute.hxx /misc/dn61/LocalWOK/wok_entities/LOC/dev/CR671-FINAL1-CR671-FINAL1-occt/inc/BRepMesh_DataMapIteratorOfDataMapOfFaceAttribute.hxx
+M BRepMesh:derivated:BRepMesh_DataMapIteratorOfDataMapOfFaceAttribute_0.cxx /misc/dn61/LocalWOK/wok_entities/LOC/dev/CR671-FINAL1-CR671-FINAL1-occt/drv/BRepMesh/BRepMesh_DataMapIteratorOfDataMapOfFaceAttribute_0.cxx
+M BRepMesh:pubinclude:Handle_BRepMesh_DataMapNodeOfDataMapOfIntegerPnt.hxx /misc/dn61/LocalWOK/wok_entities/LOC/dev/CR671-FINAL1-CR671-FINAL1-occt/inc/Handle_BRepMesh_DataMapNodeOfDataMapOfIntegerPnt.hxx
+M BRepMesh:pubinclude:BRepMesh_DataMapNodeOfDataMapOfIntegerPnt.hxx /misc/dn61/LocalWOK/wok_entities/LOC/dev/CR671-FINAL1-CR671-FINAL1-occt/inc/BRepMesh_DataMapNodeOfDataMapOfIntegerPnt.hxx
+M BRepMesh:derivated:BRepMesh_DataMapNodeOfDataMapOfIntegerPnt_0.cxx /misc/dn61/LocalWOK/wok_entities/LOC/dev/CR671-FINAL1-CR671-FINAL1-occt/drv/BRepMesh/BRepMesh_DataMapNodeOfDataMapOfIntegerPnt_0.cxx
+M BRepMesh:pubinclude:BRepMesh_DataMapIteratorOfDataMapOfIntegerPnt.hxx /misc/dn61/LocalWOK/wok_entities/LOC/dev/CR671-FINAL1-CR671-FINAL1-occt/inc/BRepMesh_DataMapIteratorOfDataMapOfIntegerPnt.hxx
+M BRepMesh:derivated:BRepMesh_DataMapIteratorOfDataMapOfIntegerPnt_0.cxx /misc/dn61/LocalWOK/wok_entities/LOC/dev/CR671-FINAL1-CR671-FINAL1-occt/drv/BRepMesh/BRepMesh_DataMapIteratorOfDataMapOfIntegerPnt_0.cxx
+M BRepMesh:pubinclude:Handle_BRepMesh_DataMapNodeOfDataMapOfShapePairOfPolygon.hxx /misc/dn61/LocalWOK/wok_entities/LOC/dev/CR671-FINAL1-CR671-FINAL1-occt/inc/Handle_BRepMesh_DataMapNodeOfDataMapOfShapePairOfPolygon.hxx
+M BRepMesh:pubinclude:BRepMesh_DataMapNodeOfDataMapOfShapePairOfPolygon.hxx /misc/dn61/LocalWOK/wok_entities/LOC/dev/CR671-FINAL1-CR671-FINAL1-occt/inc/BRepMesh_DataMapNodeOfDataMapOfShapePairOfPolygon.hxx
+M BRepMesh:derivated:BRepMesh_DataMapNodeOfDataMapOfShapePairOfPolygon_0.cxx /misc/dn61/LocalWOK/wok_entities/LOC/dev/CR671-FINAL1-CR671-FINAL1-occt/drv/BRepMesh/BRepMesh_DataMapNodeOfDataMapOfShapePairOfPolygon_0.cxx
+M BRepMesh:pubinclude:BRepMesh_DataMapIteratorOfDataMapOfShapePairOfPolygon.hxx /misc/dn61/LocalWOK/wok_entities/LOC/dev/CR671-FINAL1-CR671-FINAL1-occt/inc/BRepMesh_DataMapIteratorOfDataMapOfShapePairOfPolygon.hxx
+M BRepMesh:derivated:BRepMesh_DataMapIteratorOfDataMapOfShapePairOfPolygon_0.cxx /misc/dn61/LocalWOK/wok_entities/LOC/dev/CR671-FINAL1-CR671-FINAL1-occt/drv/BRepMesh/BRepMesh_DataMapIteratorOfDataMapOfShapePairOfPolygon_0.cxx
+M BRepMesh:pubinclude:BRepMesh_DegreeOfFreedom.hxx /misc/dn61/LocalWOK/wok_entities/LOC/dev/CR671-FINAL1-CR671-FINAL1-occt/inc/BRepMesh_DegreeOfFreedom.hxx
+M BRepMesh:pubinclude:BRepMesh_FactoryError.hxx /misc/dn61/LocalWOK/wok_entities/LOC/dev/CR671-FINAL1-CR671-FINAL1-occt/inc/BRepMesh_FactoryError.hxx
+M BRepMesh:pubinclude:BRepMesh_PDiscretRoot.hxx /misc/dn61/LocalWOK/wok_entities/LOC/dev/CR671-FINAL1-CR671-FINAL1-occt/inc/BRepMesh_PDiscretRoot.hxx
+M BRepMesh:dbadmfile:BRepMesh_xcpp_header.In /misc/dn61/LocalWOK/wok_entities/LOC/dev/CR671-FINAL1-CR671-FINAL1-occt/drv/BRepMesh/.adm/BRepMesh_xcpp_header.In
+M BRepMesh:dbadmfile:BRepMesh_xcpp_header.Out /misc/dn61/LocalWOK/wok_entities/LOC/dev/CR671-FINAL1-CR671-FINAL1-occt/drv/BRepMesh/.adm/BRepMesh_xcpp_header.Out
+M BRepMesh:dbadmfile:BRepMesh_xcpp_header.Dep /misc/dn61/LocalWOK/wok_entities/LOC/dev/CR671-FINAL1-CR671-FINAL1-occt/drv/BRepMesh/.adm/BRepMesh_xcpp_header.Dep
