+M SelectBasics:pubinclude:SelectBasics.hxx /misc/dn61/LocalWOK/wok_entities/LOC/dev/CR671-FINAL1-CR671-FINAL1-occt/inc/SelectBasics.hxx
+M SelectBasics:privinclude:SelectBasics.jxx /misc/dn61/LocalWOK/wok_entities/LOC/dev/CR671-FINAL1-CR671-FINAL1-occt/drv/SelectBasics/SelectBasics.jxx
+M SelectBasics:privinclude:SelectBasics.ixx /misc/dn61/LocalWOK/wok_entities/LOC/dev/CR671-FINAL1-CR671-FINAL1-occt/drv/SelectBasics/SelectBasics.ixx
+M SelectBasics:pubinclude:Handle_SelectBasics_EntityOwner.hxx /misc/dn61/LocalWOK/wok_entities/LOC/dev/CR671-FINAL1-CR671-FINAL1-occt/inc/Handle_SelectBasics_EntityOwner.hxx
+M SelectBasics:pubinclude:SelectBasics_EntityOwner.hxx /misc/dn61/LocalWOK/wok_entities/LOC/dev/CR671-FINAL1-CR671-FINAL1-occt/inc/SelectBasics_EntityOwner.hxx
+M SelectBasics:privinclude:SelectBasics_EntityOwner.jxx /misc/dn61/LocalWOK/wok_entities/LOC/dev/CR671-FINAL1-CR671-FINAL1-occt/drv/SelectBasics/SelectBasics_EntityOwner.jxx
+M SelectBasics:privinclude:SelectBasics_EntityOwner.ixx /misc/dn61/LocalWOK/wok_entities/LOC/dev/CR671-FINAL1-CR671-FINAL1-occt/drv/SelectBasics/SelectBasics_EntityOwner.ixx
+M SelectBasics:pubinclude:SelectBasics_SortAlgo.hxx /misc/dn61/LocalWOK/wok_entities/LOC/dev/CR671-FINAL1-CR671-FINAL1-occt/inc/SelectBasics_SortAlgo.hxx
+M SelectBasics:privinclude:SelectBasics_SortAlgo.jxx /misc/dn61/LocalWOK/wok_entities/LOC/dev/CR671-FINAL1-CR671-FINAL1-occt/drv/SelectBasics/SelectBasics_SortAlgo.jxx
+M SelectBasics:privinclude:SelectBasics_SortAlgo.ixx /misc/dn61/LocalWOK/wok_entities/LOC/dev/CR671-FINAL1-CR671-FINAL1-occt/drv/SelectBasics/SelectBasics_SortAlgo.ixx
+M SelectBasics:pubinclude:SelectBasics_BasicTool.hxx /misc/dn61/LocalWOK/wok_entities/LOC/dev/CR671-FINAL1-CR671-FINAL1-occt/inc/SelectBasics_BasicTool.hxx
+M SelectBasics:privinclude:SelectBasics_BasicTool.jxx /misc/dn61/LocalWOK/wok_entities/LOC/dev/CR671-FINAL1-CR671-FINAL1-occt/drv/SelectBasics/SelectBasics_BasicTool.jxx
+M SelectBasics:privinclude:SelectBasics_BasicTool.ixx /misc/dn61/LocalWOK/wok_entities/LOC/dev/CR671-FINAL1-CR671-FINAL1-occt/drv/SelectBasics/SelectBasics_BasicTool.ixx
+M SelectBasics:pubinclude:SelectBasics_ListOfBox2d.hxx /misc/dn61/LocalWOK/wok_entities/LOC/dev/CR671-FINAL1-CR671-FINAL1-occt/inc/SelectBasics_ListOfBox2d.hxx
+M SelectBasics:derivated:SelectBasics_ListOfBox2d_0.cxx /misc/dn61/LocalWOK/wok_entities/LOC/dev/CR671-FINAL1-CR671-FINAL1-occt/drv/SelectBasics/SelectBasics_ListOfBox2d_0.cxx
+M SelectBasics:pubinclude:SelectBasics_SequenceOfOwner.hxx /misc/dn61/LocalWOK/wok_entities/LOC/dev/CR671-FINAL1-CR671-FINAL1-occt/inc/SelectBasics_SequenceOfOwner.hxx
+M SelectBasics:derivated:SelectBasics_SequenceOfOwner_0.cxx /misc/dn61/LocalWOK/wok_entities/LOC/dev/CR671-FINAL1-CR671-FINAL1-occt/drv/SelectBasics/SelectBasics_SequenceOfOwner_0.cxx
+M SelectBasics:pubinclude:Handle_SelectBasics_SensitiveEntity.hxx /misc/dn61/LocalWOK/wok_entities/LOC/dev/CR671-FINAL1-CR671-FINAL1-occt/inc/Handle_SelectBasics_SensitiveEntity.hxx
+M SelectBasics:pubinclude:SelectBasics_SensitiveEntity.hxx /misc/dn61/LocalWOK/wok_entities/LOC/dev/CR671-FINAL1-CR671-FINAL1-occt/inc/SelectBasics_SensitiveEntity.hxx
+M SelectBasics:privinclude:SelectBasics_SensitiveEntity.jxx /misc/dn61/LocalWOK/wok_entities/LOC/dev/CR671-FINAL1-CR671-FINAL1-occt/drv/SelectBasics/SelectBasics_SensitiveEntity.jxx
+M SelectBasics:privinclude:SelectBasics_SensitiveEntity.ixx /misc/dn61/LocalWOK/wok_entities/LOC/dev/CR671-FINAL1-CR671-FINAL1-occt/drv/SelectBasics/SelectBasics_SensitiveEntity.ixx
+M SelectBasics:pubinclude:SelectBasics_ListOfSensitive.hxx /misc/dn61/LocalWOK/wok_entities/LOC/dev/CR671-FINAL1-CR671-FINAL1-occt/inc/SelectBasics_ListOfSensitive.hxx
+M SelectBasics:derivated:SelectBasics_ListOfSensitive_0.cxx /misc/dn61/LocalWOK/wok_entities/LOC/dev/CR671-FINAL1-CR671-FINAL1-occt/drv/SelectBasics/SelectBasics_ListOfSensitive_0.cxx
+M SelectBasics:pubinclude:Handle_SelectBasics_ListNodeOfListOfBox2d.hxx /misc/dn61/LocalWOK/wok_entities/LOC/dev/CR671-FINAL1-CR671-FINAL1-occt/inc/Handle_SelectBasics_ListNodeOfListOfBox2d.hxx
+M SelectBasics:pubinclude:SelectBasics_ListNodeOfListOfBox2d.hxx /misc/dn61/LocalWOK/wok_entities/LOC/dev/CR671-FINAL1-CR671-FINAL1-occt/inc/SelectBasics_ListNodeOfListOfBox2d.hxx
+M SelectBasics:derivated:SelectBasics_ListNodeOfListOfBox2d_0.cxx /misc/dn61/LocalWOK/wok_entities/LOC/dev/CR671-FINAL1-CR671-FINAL1-occt/drv/SelectBasics/SelectBasics_ListNodeOfListOfBox2d_0.cxx
+M SelectBasics:pubinclude:SelectBasics_ListIteratorOfListOfBox2d.hxx /misc/dn61/LocalWOK/wok_entities/LOC/dev/CR671-FINAL1-CR671-FINAL1-occt/inc/SelectBasics_ListIteratorOfListOfBox2d.hxx
+M SelectBasics:derivated:SelectBasics_ListIteratorOfListOfBox2d_0.cxx /misc/dn61/LocalWOK/wok_entities/LOC/dev/CR671-FINAL1-CR671-FINAL1-occt/drv/SelectBasics/SelectBasics_ListIteratorOfListOfBox2d_0.cxx
+M SelectBasics:pubinclude:Handle_SelectBasics_SequenceNodeOfSequenceOfOwner.hxx /misc/dn61/LocalWOK/wok_entities/LOC/dev/CR671-FINAL1-CR671-FINAL1-occt/inc/Handle_SelectBasics_SequenceNodeOfSequenceOfOwner.hxx
+M SelectBasics:pubinclude:SelectBasics_SequenceNodeOfSequenceOfOwner.hxx /misc/dn61/LocalWOK/wok_entities/LOC/dev/CR671-FINAL1-CR671-FINAL1-occt/inc/SelectBasics_SequenceNodeOfSequenceOfOwner.hxx
+M SelectBasics:derivated:SelectBasics_SequenceNodeOfSequenceOfOwner_0.cxx /misc/dn61/LocalWOK/wok_entities/LOC/dev/CR671-FINAL1-CR671-FINAL1-occt/drv/SelectBasics/SelectBasics_SequenceNodeOfSequenceOfOwner_0.cxx
+M SelectBasics:pubinclude:Handle_SelectBasics_ListNodeOfListOfSensitive.hxx /misc/dn61/LocalWOK/wok_entities/LOC/dev/CR671-FINAL1-CR671-FINAL1-occt/inc/Handle_SelectBasics_ListNodeOfListOfSensitive.hxx
+M SelectBasics:pubinclude:SelectBasics_ListNodeOfListOfSensitive.hxx /misc/dn61/LocalWOK/wok_entities/LOC/dev/CR671-FINAL1-CR671-FINAL1-occt/inc/SelectBasics_ListNodeOfListOfSensitive.hxx
+M SelectBasics:derivated:SelectBasics_ListNodeOfListOfSensitive_0.cxx /misc/dn61/LocalWOK/wok_entities/LOC/dev/CR671-FINAL1-CR671-FINAL1-occt/drv/SelectBasics/SelectBasics_ListNodeOfListOfSensitive_0.cxx
+M SelectBasics:pubinclude:SelectBasics_ListIteratorOfListOfSensitive.hxx /misc/dn61/LocalWOK/wok_entities/LOC/dev/CR671-FINAL1-CR671-FINAL1-occt/inc/SelectBasics_ListIteratorOfListOfSensitive.hxx
+M SelectBasics:derivated:SelectBasics_ListIteratorOfListOfSensitive_0.cxx /misc/dn61/LocalWOK/wok_entities/LOC/dev/CR671-FINAL1-CR671-FINAL1-occt/drv/SelectBasics/SelectBasics_ListIteratorOfListOfSensitive_0.cxx
+M SelectBasics:dbadmfile:SelectBasics_xcpp_header.In /misc/dn61/LocalWOK/wok_entities/LOC/dev/CR671-FINAL1-CR671-FINAL1-occt/drv/SelectBasics/.adm/SelectBasics_xcpp_header.In
+M SelectBasics:dbadmfile:SelectBasics_xcpp_header.Out /misc/dn61/LocalWOK/wok_entities/LOC/dev/CR671-FINAL1-CR671-FINAL1-occt/drv/SelectBasics/.adm/SelectBasics_xcpp_header.Out
+M SelectBasics:dbadmfile:SelectBasics_xcpp_header.Dep /misc/dn61/LocalWOK/wok_entities/LOC/dev/CR671-FINAL1-CR671-FINAL1-occt/drv/SelectBasics/.adm/SelectBasics_xcpp_header.Dep
