+M gp:pubinclude:gp_QuaternionNLerp.hxx /misc/dn61/LocalWOK/wok_entities/LOC/dev/CR671-FINAL1-CR671-FINAL1-occt/inc/gp_QuaternionNLerp.hxx
+M gp:pubinclude:gp_QuaternionSLerp.hxx /misc/dn61/LocalWOK/wok_entities/LOC/dev/CR671-FINAL1-CR671-FINAL1-occt/inc/gp_QuaternionSLerp.hxx
+M gp:pubinclude:gp.lxx /misc/dn61/LocalWOK/wok_entities/LOC/dev/CR671-FINAL1-CR671-FINAL1-occt/inc/gp.lxx
+M gp:pubinclude:gp_XYZ.lxx /misc/dn61/LocalWOK/wok_entities/LOC/dev/CR671-FINAL1-CR671-FINAL1-occt/inc/gp_XYZ.lxx
+M gp:pubinclude:gp_Mat.lxx /misc/dn61/LocalWOK/wok_entities/LOC/dev/CR671-FINAL1-CR671-FINAL1-occt/inc/gp_Mat.lxx
+M gp:pubinclude:gp_Quaternion.lxx /misc/dn61/LocalWOK/wok_entities/LOC/dev/CR671-FINAL1-CR671-FINAL1-occt/inc/gp_Quaternion.lxx
+M gp:pubinclude:gp_Trsf.lxx /misc/dn61/LocalWOK/wok_entities/LOC/dev/CR671-FINAL1-CR671-FINAL1-occt/inc/gp_Trsf.lxx
+M gp:pubinclude:gp_GTrsf.lxx /misc/dn61/LocalWOK/wok_entities/LOC/dev/CR671-FINAL1-CR671-FINAL1-occt/inc/gp_GTrsf.lxx
+M gp:pubinclude:gp_Pnt.lxx /misc/dn61/LocalWOK/wok_entities/LOC/dev/CR671-FINAL1-CR671-FINAL1-occt/inc/gp_Pnt.lxx
+M gp:pubinclude:gp_Vec.lxx /misc/dn61/LocalWOK/wok_entities/LOC/dev/CR671-FINAL1-CR671-FINAL1-occt/inc/gp_Vec.lxx
+M gp:pubinclude:gp_Dir.lxx /misc/dn61/LocalWOK/wok_entities/LOC/dev/CR671-FINAL1-CR671-FINAL1-occt/inc/gp_Dir.lxx
+M gp:pubinclude:gp_Ax1.lxx /misc/dn61/LocalWOK/wok_entities/LOC/dev/CR671-FINAL1-CR671-FINAL1-occt/inc/gp_Ax1.lxx
+M gp:pubinclude:gp_Ax2.lxx /misc/dn61/LocalWOK/wok_entities/LOC/dev/CR671-FINAL1-CR671-FINAL1-occt/inc/gp_Ax2.lxx
+M gp:pubinclude:gp_Ax3.lxx /misc/dn61/LocalWOK/wok_entities/LOC/dev/CR671-FINAL1-CR671-FINAL1-occt/inc/gp_Ax3.lxx
+M gp:pubinclude:gp_Lin.lxx /misc/dn61/LocalWOK/wok_entities/LOC/dev/CR671-FINAL1-CR671-FINAL1-occt/inc/gp_Lin.lxx
+M gp:pubinclude:gp_Circ.lxx /misc/dn61/LocalWOK/wok_entities/LOC/dev/CR671-FINAL1-CR671-FINAL1-occt/inc/gp_Circ.lxx
+M gp:pubinclude:gp_Elips.lxx /misc/dn61/LocalWOK/wok_entities/LOC/dev/CR671-FINAL1-CR671-FINAL1-occt/inc/gp_Elips.lxx
+M gp:pubinclude:gp_Hypr.lxx /misc/dn61/LocalWOK/wok_entities/LOC/dev/CR671-FINAL1-CR671-FINAL1-occt/inc/gp_Hypr.lxx
+M gp:pubinclude:gp_Parab.lxx /misc/dn61/LocalWOK/wok_entities/LOC/dev/CR671-FINAL1-CR671-FINAL1-occt/inc/gp_Parab.lxx
+M gp:pubinclude:gp_Pln.lxx /misc/dn61/LocalWOK/wok_entities/LOC/dev/CR671-FINAL1-CR671-FINAL1-occt/inc/gp_Pln.lxx
+M gp:pubinclude:gp_Cylinder.lxx /misc/dn61/LocalWOK/wok_entities/LOC/dev/CR671-FINAL1-CR671-FINAL1-occt/inc/gp_Cylinder.lxx
+M gp:pubinclude:gp_Sphere.lxx /misc/dn61/LocalWOK/wok_entities/LOC/dev/CR671-FINAL1-CR671-FINAL1-occt/inc/gp_Sphere.lxx
+M gp:pubinclude:gp_Torus.lxx /misc/dn61/LocalWOK/wok_entities/LOC/dev/CR671-FINAL1-CR671-FINAL1-occt/inc/gp_Torus.lxx
+M gp:pubinclude:gp_Cone.lxx /misc/dn61/LocalWOK/wok_entities/LOC/dev/CR671-FINAL1-CR671-FINAL1-occt/inc/gp_Cone.lxx
+M gp:pubinclude:gp_XY.lxx /misc/dn61/LocalWOK/wok_entities/LOC/dev/CR671-FINAL1-CR671-FINAL1-occt/inc/gp_XY.lxx
+M gp:pubinclude:gp_Mat2d.lxx /misc/dn61/LocalWOK/wok_entities/LOC/dev/CR671-FINAL1-CR671-FINAL1-occt/inc/gp_Mat2d.lxx
+M gp:pubinclude:gp_Trsf2d.lxx /misc/dn61/LocalWOK/wok_entities/LOC/dev/CR671-FINAL1-CR671-FINAL1-occt/inc/gp_Trsf2d.lxx
+M gp:pubinclude:gp_GTrsf2d.lxx /misc/dn61/LocalWOK/wok_entities/LOC/dev/CR671-FINAL1-CR671-FINAL1-occt/inc/gp_GTrsf2d.lxx
+M gp:pubinclude:gp_Pnt2d.lxx /misc/dn61/LocalWOK/wok_entities/LOC/dev/CR671-FINAL1-CR671-FINAL1-occt/inc/gp_Pnt2d.lxx
+M gp:pubinclude:gp_Vec2d.lxx /misc/dn61/LocalWOK/wok_entities/LOC/dev/CR671-FINAL1-CR671-FINAL1-occt/inc/gp_Vec2d.lxx
+M gp:pubinclude:gp_Dir2d.lxx /misc/dn61/LocalWOK/wok_entities/LOC/dev/CR671-FINAL1-CR671-FINAL1-occt/inc/gp_Dir2d.lxx
+M gp:pubinclude:gp_Ax2d.lxx /misc/dn61/LocalWOK/wok_entities/LOC/dev/CR671-FINAL1-CR671-FINAL1-occt/inc/gp_Ax2d.lxx
+M gp:pubinclude:gp_Ax22d.lxx /misc/dn61/LocalWOK/wok_entities/LOC/dev/CR671-FINAL1-CR671-FINAL1-occt/inc/gp_Ax22d.lxx
+M gp:pubinclude:gp_Lin2d.lxx /misc/dn61/LocalWOK/wok_entities/LOC/dev/CR671-FINAL1-CR671-FINAL1-occt/inc/gp_Lin2d.lxx
+M gp:pubinclude:gp_Circ2d.lxx /misc/dn61/LocalWOK/wok_entities/LOC/dev/CR671-FINAL1-CR671-FINAL1-occt/inc/gp_Circ2d.lxx
+M gp:pubinclude:gp_Elips2d.lxx /misc/dn61/LocalWOK/wok_entities/LOC/dev/CR671-FINAL1-CR671-FINAL1-occt/inc/gp_Elips2d.lxx
+M gp:pubinclude:gp_Hypr2d.lxx /misc/dn61/LocalWOK/wok_entities/LOC/dev/CR671-FINAL1-CR671-FINAL1-occt/inc/gp_Hypr2d.lxx
+M gp:pubinclude:gp_Parab2d.lxx /misc/dn61/LocalWOK/wok_entities/LOC/dev/CR671-FINAL1-CR671-FINAL1-occt/inc/gp_Parab2d.lxx
+M gp:dbadmfile:gp_obj_inc.In /misc/dn61/LocalWOK/wok_entities/LOC/dev/CR671-FINAL1-CR671-FINAL1-occt/drv/gp/.adm/gp_obj_inc.In
+M gp:dbadmfile:gp_obj_inc.Out /misc/dn61/LocalWOK/wok_entities/LOC/dev/CR671-FINAL1-CR671-FINAL1-occt/drv/gp/.adm/gp_obj_inc.Out
+M gp:dbadmfile:gp_obj_inc.Dep /misc/dn61/LocalWOK/wok_entities/LOC/dev/CR671-FINAL1-CR671-FINAL1-occt/drv/gp/.adm/gp_obj_inc.Dep
