+M IncludeLibrary:pubinclude:IncludeLibrary_Mode_Connect.h /misc/dn61/LocalWOK/wok_entities/LOC/dev/CR671-FINAL1-CR671-FINAL1-occt/inc/IncludeLibrary_Mode_Connect.h
+M IncludeLibrary:pubinclude:IncludeLibrary_NTD_interface.h /misc/dn61/LocalWOK/wok_entities/LOC/dev/CR671-FINAL1-CR671-FINAL1-occt/inc/IncludeLibrary_NTD_interface.h
+M IncludeLibrary:pubinclude:IncludeLibrary_NTD_starter.h /misc/dn61/LocalWOK/wok_entities/LOC/dev/CR671-FINAL1-CR671-FINAL1-occt/inc/IncludeLibrary_NTD_starter.h
+M IncludeLibrary:pubinclude:IncludeLibrary_NTD_stsdef.h /misc/dn61/LocalWOK/wok_entities/LOC/dev/CR671-FINAL1-CR671-FINAL1-occt/inc/IncludeLibrary_NTD_stsdef.h
+M IncludeLibrary:pubinclude:IncludeLibrary_NTD_stsmsg.h /misc/dn61/LocalWOK/wok_entities/LOC/dev/CR671-FINAL1-CR671-FINAL1-occt/inc/IncludeLibrary_NTD_stsmsg.h
+M IncludeLibrary:pubinclude:IncludeLibrary_buf_cmd_rsp_siz.h /misc/dn61/LocalWOK/wok_entities/LOC/dev/CR671-FINAL1-CR671-FINAL1-occt/inc/IncludeLibrary_buf_cmd_rsp_siz.h
+M IncludeLibrary:pubinclude:IncludeLibrary_call_get_receiving.h /misc/dn61/LocalWOK/wok_entities/LOC/dev/CR671-FINAL1-CR671-FINAL1-occt/inc/IncludeLibrary_call_get_receiving.h
+M IncludeLibrary:pubinclude:IncludeLibrary_comand.h /misc/dn61/LocalWOK/wok_entities/LOC/dev/CR671-FINAL1-CR671-FINAL1-occt/inc/IncludeLibrary_comand.h
+M IncludeLibrary:pubinclude:IncludeLibrary_debug.h /misc/dn61/LocalWOK/wok_entities/LOC/dev/CR671-FINAL1-CR671-FINAL1-occt/inc/IncludeLibrary_debug.h
+M IncludeLibrary:pubinclude:IncludeLibrary_inverse.h /misc/dn61/LocalWOK/wok_entities/LOC/dev/CR671-FINAL1-CR671-FINAL1-occt/inc/IncludeLibrary_inverse.h
+M IncludeLibrary:pubinclude:IncludeLibrary_inverse_mimot.h /misc/dn61/LocalWOK/wok_entities/LOC/dev/CR671-FINAL1-CR671-FINAL1-occt/inc/IncludeLibrary_inverse_mimot.h
+M IncludeLibrary:pubinclude:IncludeLibrary_max.h /misc/dn61/LocalWOK/wok_entities/LOC/dev/CR671-FINAL1-CR671-FINAL1-occt/inc/IncludeLibrary_max.h
+M IncludeLibrary:pubinclude:IncludeLibrary_ntd.h /misc/dn61/LocalWOK/wok_entities/LOC/dev/CR671-FINAL1-CR671-FINAL1-occt/inc/IncludeLibrary_ntd.h
+M IncludeLibrary:pubinclude:IncludeLibrary_osd.h /misc/dn61/LocalWOK/wok_entities/LOC/dev/CR671-FINAL1-CR671-FINAL1-occt/inc/IncludeLibrary_osd.h
+M IncludeLibrary:pubinclude:IncludeLibrary_osd_dlopen.h /misc/dn61/LocalWOK/wok_entities/LOC/dev/CR671-FINAL1-CR671-FINAL1-occt/inc/IncludeLibrary_osd_dlopen.h
+M IncludeLibrary:pubinclude:IncludeLibrary_server_interface.h /misc/dn61/LocalWOK/wok_entities/LOC/dev/CR671-FINAL1-CR671-FINAL1-occt/inc/IncludeLibrary_server_interface.h
+M IncludeLibrary:pubinclude:IncludeLibrary_srvtyp.h /misc/dn61/LocalWOK/wok_entities/LOC/dev/CR671-FINAL1-CR671-FINAL1-occt/inc/IncludeLibrary_srvtyp.h
+M IncludeLibrary:pubinclude:IncludeLibrary_status.h /misc/dn61/LocalWOK/wok_entities/LOC/dev/CR671-FINAL1-CR671-FINAL1-occt/inc/IncludeLibrary_status.h
+M IncludeLibrary:pubinclude:IncludeLibrary_stsgrpdef.h /misc/dn61/LocalWOK/wok_entities/LOC/dev/CR671-FINAL1-CR671-FINAL1-occt/inc/IncludeLibrary_stsgrpdef.h
+M IncludeLibrary:pubinclude:IncludeLibrary_typedef.h /misc/dn61/LocalWOK/wok_entities/LOC/dev/CR671-FINAL1-CR671-FINAL1-occt/inc/IncludeLibrary_typedef.h
+M IncludeLibrary:dbadmfile:IncludeLibrary_obj_inc.In /misc/dn61/LocalWOK/wok_entities/LOC/dev/CR671-FINAL1-CR671-FINAL1-occt/drv/IncludeLibrary/.adm/IncludeLibrary_obj_inc.In
+M IncludeLibrary:dbadmfile:IncludeLibrary_obj_inc.Out /misc/dn61/LocalWOK/wok_entities/LOC/dev/CR671-FINAL1-CR671-FINAL1-occt/drv/IncludeLibrary/.adm/IncludeLibrary_obj_inc.Out
+M IncludeLibrary:dbadmfile:IncludeLibrary_obj_inc.Dep /misc/dn61/LocalWOK/wok_entities/LOC/dev/CR671-FINAL1-CR671-FINAL1-occt/drv/IncludeLibrary/.adm/IncludeLibrary_obj_inc.Dep
