+M BRepMAT2d:pubinclude:BRepMAT2d_Explorer.hxx /misc/dn61/LocalWOK/wok_entities/LOC/dev/CR671-FINAL1-CR671-FINAL1-occt/inc/BRepMAT2d_Explorer.hxx
+M BRepMAT2d:privinclude:BRepMAT2d_Explorer.jxx /misc/dn61/LocalWOK/wok_entities/LOC/dev/CR671-FINAL1-CR671-FINAL1-occt/drv/BRepMAT2d/BRepMAT2d_Explorer.jxx
+M BRepMAT2d:privinclude:BRepMAT2d_Explorer.ixx /misc/dn61/LocalWOK/wok_entities/LOC/dev/CR671-FINAL1-CR671-FINAL1-occt/drv/BRepMAT2d/BRepMAT2d_Explorer.ixx
+M BRepMAT2d:pubinclude:BRepMAT2d_BisectingLocus.hxx /misc/dn61/LocalWOK/wok_entities/LOC/dev/CR671-FINAL1-CR671-FINAL1-occt/inc/BRepMAT2d_BisectingLocus.hxx
+M BRepMAT2d:derivated:BRepMAT2d_BisectingLocus_0.cxx /misc/dn61/LocalWOK/wok_entities/LOC/dev/CR671-FINAL1-CR671-FINAL1-occt/drv/BRepMAT2d/BRepMAT2d_BisectingLocus_0.cxx
+M BRepMAT2d:pubinclude:BRepMAT2d_LinkTopoBilo.hxx /misc/dn61/LocalWOK/wok_entities/LOC/dev/CR671-FINAL1-CR671-FINAL1-occt/inc/BRepMAT2d_LinkTopoBilo.hxx
+M BRepMAT2d:privinclude:BRepMAT2d_LinkTopoBilo.jxx /misc/dn61/LocalWOK/wok_entities/LOC/dev/CR671-FINAL1-CR671-FINAL1-occt/drv/BRepMAT2d/BRepMAT2d_LinkTopoBilo.jxx
+M BRepMAT2d:privinclude:BRepMAT2d_LinkTopoBilo.ixx /misc/dn61/LocalWOK/wok_entities/LOC/dev/CR671-FINAL1-CR671-FINAL1-occt/drv/BRepMAT2d/BRepMAT2d_LinkTopoBilo.ixx
+M BRepMAT2d:pubinclude:BRepMAT2d_SequenceOfBasicElt.hxx /misc/dn61/LocalWOK/wok_entities/LOC/dev/CR671-FINAL1-CR671-FINAL1-occt/inc/BRepMAT2d_SequenceOfBasicElt.hxx
+M BRepMAT2d:derivated:BRepMAT2d_SequenceOfBasicElt_0.cxx /misc/dn61/LocalWOK/wok_entities/LOC/dev/CR671-FINAL1-CR671-FINAL1-occt/drv/BRepMAT2d/BRepMAT2d_SequenceOfBasicElt_0.cxx
+M BRepMAT2d:pubinclude:BRepMAT2d_DataMapOfShapeSequenceOfBasicElt.hxx /misc/dn61/LocalWOK/wok_entities/LOC/dev/CR671-FINAL1-CR671-FINAL1-occt/inc/BRepMAT2d_DataMapOfShapeSequenceOfBasicElt.hxx
+M BRepMAT2d:derivated:BRepMAT2d_DataMapOfShapeSequenceOfBasicElt_0.cxx /misc/dn61/LocalWOK/wok_entities/LOC/dev/CR671-FINAL1-CR671-FINAL1-occt/drv/BRepMAT2d/BRepMAT2d_DataMapOfShapeSequenceOfBasicElt_0.cxx
+M BRepMAT2d:pubinclude:BRepMAT2d_DataMapOfBasicEltShape.hxx /misc/dn61/LocalWOK/wok_entities/LOC/dev/CR671-FINAL1-CR671-FINAL1-occt/inc/BRepMAT2d_DataMapOfBasicEltShape.hxx
+M BRepMAT2d:derivated:BRepMAT2d_DataMapOfBasicEltShape_0.cxx /misc/dn61/LocalWOK/wok_entities/LOC/dev/CR671-FINAL1-CR671-FINAL1-occt/drv/BRepMAT2d/BRepMAT2d_DataMapOfBasicEltShape_0.cxx
+M BRepMAT2d:pubinclude:Handle_BRepMAT2d_SequenceNodeOfSequenceOfBasicElt.hxx /misc/dn61/LocalWOK/wok_entities/LOC/dev/CR671-FINAL1-CR671-FINAL1-occt/inc/Handle_BRepMAT2d_SequenceNodeOfSequenceOfBasicElt.hxx
+M BRepMAT2d:pubinclude:BRepMAT2d_SequenceNodeOfSequenceOfBasicElt.hxx /misc/dn61/LocalWOK/wok_entities/LOC/dev/CR671-FINAL1-CR671-FINAL1-occt/inc/BRepMAT2d_SequenceNodeOfSequenceOfBasicElt.hxx
+M BRepMAT2d:derivated:BRepMAT2d_SequenceNodeOfSequenceOfBasicElt_0.cxx /misc/dn61/LocalWOK/wok_entities/LOC/dev/CR671-FINAL1-CR671-FINAL1-occt/drv/BRepMAT2d/BRepMAT2d_SequenceNodeOfSequenceOfBasicElt_0.cxx
+M BRepMAT2d:pubinclude:Handle_BRepMAT2d_DataMapNodeOfDataMapOfShapeSequenceOfBasicElt.hxx /misc/dn61/LocalWOK/wok_entities/LOC/dev/CR671-FINAL1-CR671-FINAL1-occt/inc/Handle_BRepMAT2d_DataMapNodeOfDataMapOfShapeSequenceOfBasicElt.hxx
+M BRepMAT2d:pubinclude:BRepMAT2d_DataMapNodeOfDataMapOfShapeSequenceOfBasicElt.hxx /misc/dn61/LocalWOK/wok_entities/LOC/dev/CR671-FINAL1-CR671-FINAL1-occt/inc/BRepMAT2d_DataMapNodeOfDataMapOfShapeSequenceOfBasicElt.hxx
+M BRepMAT2d:derivated:BRepMAT2d_DataMapNodeOfDataMapOfShapeSequenceOfBasicElt_0.cxx /misc/dn61/LocalWOK/wok_entities/LOC/dev/CR671-FINAL1-CR671-FINAL1-occt/drv/BRepMAT2d/BRepMAT2d_DataMapNodeOfDataMapOfShapeSequenceOfBasicElt_0.cxx
+M BRepMAT2d:pubinclude:BRepMAT2d_DataMapIteratorOfDataMapOfShapeSequenceOfBasicElt.hxx /misc/dn61/LocalWOK/wok_entities/LOC/dev/CR671-FINAL1-CR671-FINAL1-occt/inc/BRepMAT2d_DataMapIteratorOfDataMapOfShapeSequenceOfBasicElt.hxx
+M BRepMAT2d:derivated:BRepMAT2d_DataMapIteratorOfDataMapOfShapeSequenceOfBasicElt_0.cxx /misc/dn61/LocalWOK/wok_entities/LOC/dev/CR671-FINAL1-CR671-FINAL1-occt/drv/BRepMAT2d/BRepMAT2d_DataMapIteratorOfDataMapOfShapeSequenceOfBasicElt_0.cxx
+M BRepMAT2d:pubinclude:Handle_BRepMAT2d_DataMapNodeOfDataMapOfBasicEltShape.hxx /misc/dn61/LocalWOK/wok_entities/LOC/dev/CR671-FINAL1-CR671-FINAL1-occt/inc/Handle_BRepMAT2d_DataMapNodeOfDataMapOfBasicEltShape.hxx
+M BRepMAT2d:pubinclude:BRepMAT2d_DataMapNodeOfDataMapOfBasicEltShape.hxx /misc/dn61/LocalWOK/wok_entities/LOC/dev/CR671-FINAL1-CR671-FINAL1-occt/inc/BRepMAT2d_DataMapNodeOfDataMapOfBasicEltShape.hxx
+M BRepMAT2d:derivated:BRepMAT2d_DataMapNodeOfDataMapOfBasicEltShape_0.cxx /misc/dn61/LocalWOK/wok_entities/LOC/dev/CR671-FINAL1-CR671-FINAL1-occt/drv/BRepMAT2d/BRepMAT2d_DataMapNodeOfDataMapOfBasicEltShape_0.cxx
+M BRepMAT2d:pubinclude:BRepMAT2d_DataMapIteratorOfDataMapOfBasicEltShape.hxx /misc/dn61/LocalWOK/wok_entities/LOC/dev/CR671-FINAL1-CR671-FINAL1-occt/inc/BRepMAT2d_DataMapIteratorOfDataMapOfBasicEltShape.hxx
+M BRepMAT2d:derivated:BRepMAT2d_DataMapIteratorOfDataMapOfBasicEltShape_0.cxx /misc/dn61/LocalWOK/wok_entities/LOC/dev/CR671-FINAL1-CR671-FINAL1-occt/drv/BRepMAT2d/BRepMAT2d_DataMapIteratorOfDataMapOfBasicEltShape_0.cxx
+M BRepMAT2d:dbadmfile:BRepMAT2d_xcpp_header.In /misc/dn61/LocalWOK/wok_entities/LOC/dev/CR671-FINAL1-CR671-FINAL1-occt/drv/BRepMAT2d/.adm/BRepMAT2d_xcpp_header.In
+M BRepMAT2d:dbadmfile:BRepMAT2d_xcpp_header.Out /misc/dn61/LocalWOK/wok_entities/LOC/dev/CR671-FINAL1-CR671-FINAL1-occt/drv/BRepMAT2d/.adm/BRepMAT2d_xcpp_header.Out
+M BRepMAT2d:dbadmfile:BRepMAT2d_xcpp_header.Dep /misc/dn61/LocalWOK/wok_entities/LOC/dev/CR671-FINAL1-CR671-FINAL1-occt/drv/BRepMAT2d/.adm/BRepMAT2d_xcpp_header.Dep
