+M Contap:pubinclude:Contap_ContourGen_1.gxx /misc/dn61/LocalWOK/wok_entities/LOC/dev/CR671-FINAL1-CR671-FINAL1-occt/inc/Contap_ContourGen_1.gxx
+M Contap:pubinclude:Contap_ContourGen_2.gxx /misc/dn61/LocalWOK/wok_entities/LOC/dev/CR671-FINAL1-CR671-FINAL1-occt/inc/Contap_ContourGen_2.gxx
+M Contap:pubinclude:Contap_ContourGen_3.gxx /misc/dn61/LocalWOK/wok_entities/LOC/dev/CR671-FINAL1-CR671-FINAL1-occt/inc/Contap_ContourGen_3.gxx
+M Contap:pubinclude:Contap_ArcTool.gxx /misc/dn61/LocalWOK/wok_entities/LOC/dev/CR671-FINAL1-CR671-FINAL1-occt/inc/Contap_ArcTool.gxx
+M Contap:pubinclude:Contap_SurfaceTool.gxx /misc/dn61/LocalWOK/wok_entities/LOC/dev/CR671-FINAL1-CR671-FINAL1-occt/inc/Contap_SurfaceTool.gxx
+M Contap:pubinclude:Contap_TopolTool.gxx /misc/dn61/LocalWOK/wok_entities/LOC/dev/CR671-FINAL1-CR671-FINAL1-occt/inc/Contap_TopolTool.gxx
+M Contap:pubinclude:Contap_Point.gxx /misc/dn61/LocalWOK/wok_entities/LOC/dev/CR671-FINAL1-CR671-FINAL1-occt/inc/Contap_Point.gxx
+M Contap:pubinclude:Contap_Point.lxx /misc/dn61/LocalWOK/wok_entities/LOC/dev/CR671-FINAL1-CR671-FINAL1-occt/inc/Contap_Point.lxx
+M Contap:pubinclude:Contap_Line.gxx /misc/dn61/LocalWOK/wok_entities/LOC/dev/CR671-FINAL1-CR671-FINAL1-occt/inc/Contap_Line.gxx
+M Contap:pubinclude:Contap_Line.lxx /misc/dn61/LocalWOK/wok_entities/LOC/dev/CR671-FINAL1-CR671-FINAL1-occt/inc/Contap_Line.lxx
+M Contap:pubinclude:Contap_SurfFunction.gxx /misc/dn61/LocalWOK/wok_entities/LOC/dev/CR671-FINAL1-CR671-FINAL1-occt/inc/Contap_SurfFunction.gxx
+M Contap:pubinclude:Contap_SurfFunction.lxx /misc/dn61/LocalWOK/wok_entities/LOC/dev/CR671-FINAL1-CR671-FINAL1-occt/inc/Contap_SurfFunction.lxx
+M Contap:pubinclude:Contap_ArcFunction.gxx /misc/dn61/LocalWOK/wok_entities/LOC/dev/CR671-FINAL1-CR671-FINAL1-occt/inc/Contap_ArcFunction.gxx
+M Contap:pubinclude:Contap_ArcFunction.lxx /misc/dn61/LocalWOK/wok_entities/LOC/dev/CR671-FINAL1-CR671-FINAL1-occt/inc/Contap_ArcFunction.lxx
+M Contap:pubinclude:Contap_SurfProps.gxx /misc/dn61/LocalWOK/wok_entities/LOC/dev/CR671-FINAL1-CR671-FINAL1-occt/inc/Contap_SurfProps.gxx
+M Contap:pubinclude:Contap_ContourGen.gxx /misc/dn61/LocalWOK/wok_entities/LOC/dev/CR671-FINAL1-CR671-FINAL1-occt/inc/Contap_ContourGen.gxx
+M Contap:pubinclude:Contap_ContourGen.lxx /misc/dn61/LocalWOK/wok_entities/LOC/dev/CR671-FINAL1-CR671-FINAL1-occt/inc/Contap_ContourGen.lxx
+M Contap:pubinclude:Contap_ContAna.lxx /misc/dn61/LocalWOK/wok_entities/LOC/dev/CR671-FINAL1-CR671-FINAL1-occt/inc/Contap_ContAna.lxx
+M Contap:pubinclude:Contap_HContToolGen.gxx /misc/dn61/LocalWOK/wok_entities/LOC/dev/CR671-FINAL1-CR671-FINAL1-occt/inc/Contap_HContToolGen.gxx
+M Contap:pubinclude:Contap_HCurve2dToolGen.gxx /misc/dn61/LocalWOK/wok_entities/LOC/dev/CR671-FINAL1-CR671-FINAL1-occt/inc/Contap_HCurve2dToolGen.gxx
+M Contap:pubinclude:Contap_HCurve2dToolGen.lxx /misc/dn61/LocalWOK/wok_entities/LOC/dev/CR671-FINAL1-CR671-FINAL1-occt/inc/Contap_HCurve2dToolGen.lxx
+M Contap:dbadmfile:Contap_obj_inc.In /misc/dn61/LocalWOK/wok_entities/LOC/dev/CR671-FINAL1-CR671-FINAL1-occt/drv/Contap/.adm/Contap_obj_inc.In
+M Contap:dbadmfile:Contap_obj_inc.Out /misc/dn61/LocalWOK/wok_entities/LOC/dev/CR671-FINAL1-CR671-FINAL1-occt/drv/Contap/.adm/Contap_obj_inc.Out
+M Contap:dbadmfile:Contap_obj_inc.Dep /misc/dn61/LocalWOK/wok_entities/LOC/dev/CR671-FINAL1-CR671-FINAL1-occt/drv/Contap/.adm/Contap_obj_inc.Dep
