+M Contap:pubinclude:Contap_ContAna.hxx /misc/dn61/LocalWOK/wok_entities/LOC/dev/CR671-FINAL1-CR671-FINAL1-occt/inc/Contap_ContAna.hxx
+M Contap:privinclude:Contap_ContAna.jxx /misc/dn61/LocalWOK/wok_entities/LOC/dev/CR671-FINAL1-CR671-FINAL1-occt/drv/Contap/Contap_ContAna.jxx
+M Contap:privinclude:Contap_ContAna.ixx /misc/dn61/LocalWOK/wok_entities/LOC/dev/CR671-FINAL1-CR671-FINAL1-occt/drv/Contap/Contap_ContAna.ixx
+M Contap:pubinclude:Contap_HCurve2dTool.hxx /misc/dn61/LocalWOK/wok_entities/LOC/dev/CR671-FINAL1-CR671-FINAL1-occt/inc/Contap_HCurve2dTool.hxx
+M Contap:derivated:Contap_HCurve2dTool_0.cxx /misc/dn61/LocalWOK/wok_entities/LOC/dev/CR671-FINAL1-CR671-FINAL1-occt/drv/Contap/Contap_HCurve2dTool_0.cxx
+M Contap:pubinclude:Contap_HContTool.hxx /misc/dn61/LocalWOK/wok_entities/LOC/dev/CR671-FINAL1-CR671-FINAL1-occt/inc/Contap_HContTool.hxx
+M Contap:derivated:Contap_HContTool_0.cxx /misc/dn61/LocalWOK/wok_entities/LOC/dev/CR671-FINAL1-CR671-FINAL1-occt/drv/Contap/Contap_HContTool_0.cxx
+M Contap:pubinclude:Contap_Contour.hxx /misc/dn61/LocalWOK/wok_entities/LOC/dev/CR671-FINAL1-CR671-FINAL1-occt/inc/Contap_Contour.hxx
+M Contap:derivated:Contap_Contour_0.cxx /misc/dn61/LocalWOK/wok_entities/LOC/dev/CR671-FINAL1-CR671-FINAL1-occt/drv/Contap/Contap_Contour_0.cxx
+M Contap:pubinclude:Contap_ThePointOfContour.hxx /misc/dn61/LocalWOK/wok_entities/LOC/dev/CR671-FINAL1-CR671-FINAL1-occt/inc/Contap_ThePointOfContour.hxx
+M Contap:derivated:Contap_ThePointOfContour_0.cxx /misc/dn61/LocalWOK/wok_entities/LOC/dev/CR671-FINAL1-CR671-FINAL1-occt/drv/Contap/Contap_ThePointOfContour_0.cxx
+M Contap:pubinclude:Handle_Contap_SequenceNodeOfTheSequenceOfPointOfContour.hxx /misc/dn61/LocalWOK/wok_entities/LOC/dev/CR671-FINAL1-CR671-FINAL1-occt/inc/Handle_Contap_SequenceNodeOfTheSequenceOfPointOfContour.hxx
+M Contap:pubinclude:Contap_SequenceNodeOfTheSequenceOfPointOfContour.hxx /misc/dn61/LocalWOK/wok_entities/LOC/dev/CR671-FINAL1-CR671-FINAL1-occt/inc/Contap_SequenceNodeOfTheSequenceOfPointOfContour.hxx
+M Contap:derivated:Contap_SequenceNodeOfTheSequenceOfPointOfContour_0.cxx /misc/dn61/LocalWOK/wok_entities/LOC/dev/CR671-FINAL1-CR671-FINAL1-occt/drv/Contap/Contap_SequenceNodeOfTheSequenceOfPointOfContour_0.cxx
+M Contap:pubinclude:Contap_TheSequenceOfPointOfContour.hxx /misc/dn61/LocalWOK/wok_entities/LOC/dev/CR671-FINAL1-CR671-FINAL1-occt/inc/Contap_TheSequenceOfPointOfContour.hxx
+M Contap:derivated:Contap_TheSequenceOfPointOfContour_0.cxx /misc/dn61/LocalWOK/wok_entities/LOC/dev/CR671-FINAL1-CR671-FINAL1-occt/drv/Contap/Contap_TheSequenceOfPointOfContour_0.cxx
+M Contap:pubinclude:Handle_Contap_TheHSequenceOfPointOfContour.hxx /misc/dn61/LocalWOK/wok_entities/LOC/dev/CR671-FINAL1-CR671-FINAL1-occt/inc/Handle_Contap_TheHSequenceOfPointOfContour.hxx
+M Contap:pubinclude:Contap_TheHSequenceOfPointOfContour.hxx /misc/dn61/LocalWOK/wok_entities/LOC/dev/CR671-FINAL1-CR671-FINAL1-occt/inc/Contap_TheHSequenceOfPointOfContour.hxx
+M Contap:derivated:Contap_TheHSequenceOfPointOfContour_0.cxx /misc/dn61/LocalWOK/wok_entities/LOC/dev/CR671-FINAL1-CR671-FINAL1-occt/drv/Contap/Contap_TheHSequenceOfPointOfContour_0.cxx
+M Contap:pubinclude:Contap_TheLineOfContour.hxx /misc/dn61/LocalWOK/wok_entities/LOC/dev/CR671-FINAL1-CR671-FINAL1-occt/inc/Contap_TheLineOfContour.hxx
+M Contap:derivated:Contap_TheLineOfContour_0.cxx /misc/dn61/LocalWOK/wok_entities/LOC/dev/CR671-FINAL1-CR671-FINAL1-occt/drv/Contap/Contap_TheLineOfContour_0.cxx
+M Contap:pubinclude:Handle_Contap_SequenceNodeOfTheSequenceOfLineOfContour.hxx /misc/dn61/LocalWOK/wok_entities/LOC/dev/CR671-FINAL1-CR671-FINAL1-occt/inc/Handle_Contap_SequenceNodeOfTheSequenceOfLineOfContour.hxx
+M Contap:pubinclude:Contap_SequenceNodeOfTheSequenceOfLineOfContour.hxx /misc/dn61/LocalWOK/wok_entities/LOC/dev/CR671-FINAL1-CR671-FINAL1-occt/inc/Contap_SequenceNodeOfTheSequenceOfLineOfContour.hxx
+M Contap:derivated:Contap_SequenceNodeOfTheSequenceOfLineOfContour_0.cxx /misc/dn61/LocalWOK/wok_entities/LOC/dev/CR671-FINAL1-CR671-FINAL1-occt/drv/Contap/Contap_SequenceNodeOfTheSequenceOfLineOfContour_0.cxx
+M Contap:pubinclude:Contap_TheSequenceOfLineOfContour.hxx /misc/dn61/LocalWOK/wok_entities/LOC/dev/CR671-FINAL1-CR671-FINAL1-occt/inc/Contap_TheSequenceOfLineOfContour.hxx
+M Contap:derivated:Contap_TheSequenceOfLineOfContour_0.cxx /misc/dn61/LocalWOK/wok_entities/LOC/dev/CR671-FINAL1-CR671-FINAL1-occt/drv/Contap/Contap_TheSequenceOfLineOfContour_0.cxx
+M Contap:pubinclude:Contap_TheSurfPropsOfContour.hxx /misc/dn61/LocalWOK/wok_entities/LOC/dev/CR671-FINAL1-CR671-FINAL1-occt/inc/Contap_TheSurfPropsOfContour.hxx
+M Contap:derivated:Contap_TheSurfPropsOfContour_0.cxx /misc/dn61/LocalWOK/wok_entities/LOC/dev/CR671-FINAL1-CR671-FINAL1-occt/drv/Contap/Contap_TheSurfPropsOfContour_0.cxx
+M Contap:pubinclude:Contap_TheSurfFunctionOfContour.hxx /misc/dn61/LocalWOK/wok_entities/LOC/dev/CR671-FINAL1-CR671-FINAL1-occt/inc/Contap_TheSurfFunctionOfContour.hxx
+M Contap:derivated:Contap_TheSurfFunctionOfContour_0.cxx /misc/dn61/LocalWOK/wok_entities/LOC/dev/CR671-FINAL1-CR671-FINAL1-occt/drv/Contap/Contap_TheSurfFunctionOfContour_0.cxx
+M Contap:pubinclude:Contap_TheArcFunctionOfContour.hxx /misc/dn61/LocalWOK/wok_entities/LOC/dev/CR671-FINAL1-CR671-FINAL1-occt/inc/Contap_TheArcFunctionOfContour.hxx
+M Contap:derivated:Contap_TheArcFunctionOfContour_0.cxx /misc/dn61/LocalWOK/wok_entities/LOC/dev/CR671-FINAL1-CR671-FINAL1-occt/drv/Contap/Contap_TheArcFunctionOfContour_0.cxx
+M Contap:pubinclude:Contap_ThePathPointOfTheSearchOfContour.hxx /misc/dn61/LocalWOK/wok_entities/LOC/dev/CR671-FINAL1-CR671-FINAL1-occt/inc/Contap_ThePathPointOfTheSearchOfContour.hxx
+M Contap:derivated:Contap_ThePathPointOfTheSearchOfContour_0.cxx /misc/dn61/LocalWOK/wok_entities/LOC/dev/CR671-FINAL1-CR671-FINAL1-occt/drv/Contap/Contap_ThePathPointOfTheSearchOfContour_0.cxx
+M Contap:pubinclude:Handle_Contap_SequenceNodeOfSequenceOfPathPointOfTheSearchOfContour.hxx /misc/dn61/LocalWOK/wok_entities/LOC/dev/CR671-FINAL1-CR671-FINAL1-occt/inc/Handle_Contap_SequenceNodeOfSequenceOfPathPointOfTheSearchOfContour.hxx
+M Contap:pubinclude:Contap_SequenceNodeOfSequenceOfPathPointOfTheSearchOfContour.hxx /misc/dn61/LocalWOK/wok_entities/LOC/dev/CR671-FINAL1-CR671-FINAL1-occt/inc/Contap_SequenceNodeOfSequenceOfPathPointOfTheSearchOfContour.hxx
+M Contap:derivated:Contap_SequenceNodeOfSequenceOfPathPointOfTheSearchOfContour_0.cxx /misc/dn61/LocalWOK/wok_entities/LOC/dev/CR671-FINAL1-CR671-FINAL1-occt/drv/Contap/Contap_SequenceNodeOfSequenceOfPathPointOfTheSearchOfContour_0.cxx
+M Contap:pubinclude:Contap_SequenceOfPathPointOfTheSearchOfContour.hxx /misc/dn61/LocalWOK/wok_entities/LOC/dev/CR671-FINAL1-CR671-FINAL1-occt/inc/Contap_SequenceOfPathPointOfTheSearchOfContour.hxx
+M Contap:derivated:Contap_SequenceOfPathPointOfTheSearchOfContour_0.cxx /misc/dn61/LocalWOK/wok_entities/LOC/dev/CR671-FINAL1-CR671-FINAL1-occt/drv/Contap/Contap_SequenceOfPathPointOfTheSearchOfContour_0.cxx
+M Contap:pubinclude:Contap_TheSegmentOfTheSearchOfContour.hxx /misc/dn61/LocalWOK/wok_entities/LOC/dev/CR671-FINAL1-CR671-FINAL1-occt/inc/Contap_TheSegmentOfTheSearchOfContour.hxx
+M Contap:derivated:Contap_TheSegmentOfTheSearchOfContour_0.cxx /misc/dn61/LocalWOK/wok_entities/LOC/dev/CR671-FINAL1-CR671-FINAL1-occt/drv/Contap/Contap_TheSegmentOfTheSearchOfContour_0.cxx
+M Contap:pubinclude:Handle_Contap_SequenceNodeOfSequenceOfSegmentOfTheSearchOfContour.hxx /misc/dn61/LocalWOK/wok_entities/LOC/dev/CR671-FINAL1-CR671-FINAL1-occt/inc/Handle_Contap_SequenceNodeOfSequenceOfSegmentOfTheSearchOfContour.hxx
+M Contap:pubinclude:Contap_SequenceNodeOfSequenceOfSegmentOfTheSearchOfContour.hxx /misc/dn61/LocalWOK/wok_entities/LOC/dev/CR671-FINAL1-CR671-FINAL1-occt/inc/Contap_SequenceNodeOfSequenceOfSegmentOfTheSearchOfContour.hxx
+M Contap:derivated:Contap_SequenceNodeOfSequenceOfSegmentOfTheSearchOfContour_0.cxx /misc/dn61/LocalWOK/wok_entities/LOC/dev/CR671-FINAL1-CR671-FINAL1-occt/drv/Contap/Contap_SequenceNodeOfSequenceOfSegmentOfTheSearchOfContour_0.cxx
+M Contap:pubinclude:Contap_SequenceOfSegmentOfTheSearchOfContour.hxx /misc/dn61/LocalWOK/wok_entities/LOC/dev/CR671-FINAL1-CR671-FINAL1-occt/inc/Contap_SequenceOfSegmentOfTheSearchOfContour.hxx
+M Contap:derivated:Contap_SequenceOfSegmentOfTheSearchOfContour_0.cxx /misc/dn61/LocalWOK/wok_entities/LOC/dev/CR671-FINAL1-CR671-FINAL1-occt/drv/Contap/Contap_SequenceOfSegmentOfTheSearchOfContour_0.cxx
+M Contap:pubinclude:Contap_TheSearchOfContour.hxx /misc/dn61/LocalWOK/wok_entities/LOC/dev/CR671-FINAL1-CR671-FINAL1-occt/inc/Contap_TheSearchOfContour.hxx
+M Contap:derivated:Contap_TheSearchOfContour_0.cxx /misc/dn61/LocalWOK/wok_entities/LOC/dev/CR671-FINAL1-CR671-FINAL1-occt/drv/Contap/Contap_TheSearchOfContour_0.cxx
+M Contap:pubinclude:Handle_Contap_TheIWLineOfTheIWalkingOfContour.hxx /misc/dn61/LocalWOK/wok_entities/LOC/dev/CR671-FINAL1-CR671-FINAL1-occt/inc/Handle_Contap_TheIWLineOfTheIWalkingOfContour.hxx
+M Contap:pubinclude:Contap_TheIWLineOfTheIWalkingOfContour.hxx /misc/dn61/LocalWOK/wok_entities/LOC/dev/CR671-FINAL1-CR671-FINAL1-occt/inc/Contap_TheIWLineOfTheIWalkingOfContour.hxx
+M Contap:derivated:Contap_TheIWLineOfTheIWalkingOfContour_0.cxx /misc/dn61/LocalWOK/wok_entities/LOC/dev/CR671-FINAL1-CR671-FINAL1-occt/drv/Contap/Contap_TheIWLineOfTheIWalkingOfContour_0.cxx
+M Contap:pubinclude:Handle_Contap_SequenceNodeOfSequenceOfIWLineOfTheIWalkingOfContour.hxx /misc/dn61/LocalWOK/wok_entities/LOC/dev/CR671-FINAL1-CR671-FINAL1-occt/inc/Handle_Contap_SequenceNodeOfSequenceOfIWLineOfTheIWalkingOfContour.hxx
+M Contap:pubinclude:Contap_SequenceNodeOfSequenceOfIWLineOfTheIWalkingOfContour.hxx /misc/dn61/LocalWOK/wok_entities/LOC/dev/CR671-FINAL1-CR671-FINAL1-occt/inc/Contap_SequenceNodeOfSequenceOfIWLineOfTheIWalkingOfContour.hxx
+M Contap:derivated:Contap_SequenceNodeOfSequenceOfIWLineOfTheIWalkingOfContour_0.cxx /misc/dn61/LocalWOK/wok_entities/LOC/dev/CR671-FINAL1-CR671-FINAL1-occt/drv/Contap/Contap_SequenceNodeOfSequenceOfIWLineOfTheIWalkingOfContour_0.cxx
+M Contap:pubinclude:Contap_SequenceOfIWLineOfTheIWalkingOfContour.hxx /misc/dn61/LocalWOK/wok_entities/LOC/dev/CR671-FINAL1-CR671-FINAL1-occt/inc/Contap_SequenceOfIWLineOfTheIWalkingOfContour.hxx
+M Contap:derivated:Contap_SequenceOfIWLineOfTheIWalkingOfContour_0.cxx /misc/dn61/LocalWOK/wok_entities/LOC/dev/CR671-FINAL1-CR671-FINAL1-occt/drv/Contap/Contap_SequenceOfIWLineOfTheIWalkingOfContour_0.cxx
+M Contap:pubinclude:Contap_TheIWalkingOfContour.hxx /misc/dn61/LocalWOK/wok_entities/LOC/dev/CR671-FINAL1-CR671-FINAL1-occt/inc/Contap_TheIWalkingOfContour.hxx
+M Contap:derivated:Contap_TheIWalkingOfContour_0.cxx /misc/dn61/LocalWOK/wok_entities/LOC/dev/CR671-FINAL1-CR671-FINAL1-occt/drv/Contap/Contap_TheIWalkingOfContour_0.cxx
+M Contap:pubinclude:Contap_TheSearchInsideOfContour.hxx /misc/dn61/LocalWOK/wok_entities/LOC/dev/CR671-FINAL1-CR671-FINAL1-occt/inc/Contap_TheSearchInsideOfContour.hxx
+M Contap:derivated:Contap_TheSearchInsideOfContour_0.cxx /misc/dn61/LocalWOK/wok_entities/LOC/dev/CR671-FINAL1-CR671-FINAL1-occt/drv/Contap/Contap_TheSearchInsideOfContour_0.cxx
+M Contap:pubinclude:Contap_TFunction.hxx /misc/dn61/LocalWOK/wok_entities/LOC/dev/CR671-FINAL1-CR671-FINAL1-occt/inc/Contap_TFunction.hxx
+M Contap:pubinclude:Contap_IType.hxx /misc/dn61/LocalWOK/wok_entities/LOC/dev/CR671-FINAL1-CR671-FINAL1-occt/inc/Contap_IType.hxx
+M Contap:dbadmfile:Contap_xcpp_header.In /misc/dn61/LocalWOK/wok_entities/LOC/dev/CR671-FINAL1-CR671-FINAL1-occt/drv/Contap/.adm/Contap_xcpp_header.In
+M Contap:dbadmfile:Contap_xcpp_header.Out /misc/dn61/LocalWOK/wok_entities/LOC/dev/CR671-FINAL1-CR671-FINAL1-occt/drv/Contap/.adm/Contap_xcpp_header.Out
+M Contap:dbadmfile:Contap_xcpp_header.Dep /misc/dn61/LocalWOK/wok_entities/LOC/dev/CR671-FINAL1-CR671-FINAL1-occt/drv/Contap/.adm/Contap_xcpp_header.Dep
