+M TopLoc:pubinclude:Handle_TopLoc_Datum3D.hxx /misc/dn61/LocalWOK/wok_entities/LOC/dev/CR671-FINAL1-CR671-FINAL1-occt/inc/Handle_TopLoc_Datum3D.hxx
+M TopLoc:pubinclude:TopLoc_Datum3D.hxx /misc/dn61/LocalWOK/wok_entities/LOC/dev/CR671-FINAL1-CR671-FINAL1-occt/inc/TopLoc_Datum3D.hxx
+M TopLoc:privinclude:TopLoc_Datum3D.jxx /misc/dn61/LocalWOK/wok_entities/LOC/dev/CR671-FINAL1-CR671-FINAL1-occt/drv/TopLoc/TopLoc_Datum3D.jxx
+M TopLoc:privinclude:TopLoc_Datum3D.ixx /misc/dn61/LocalWOK/wok_entities/LOC/dev/CR671-FINAL1-CR671-FINAL1-occt/drv/TopLoc/TopLoc_Datum3D.ixx
+M TopLoc:pubinclude:TopLoc_ItemLocation.hxx /misc/dn61/LocalWOK/wok_entities/LOC/dev/CR671-FINAL1-CR671-FINAL1-occt/inc/TopLoc_ItemLocation.hxx
+M TopLoc:privinclude:TopLoc_ItemLocation.jxx /misc/dn61/LocalWOK/wok_entities/LOC/dev/CR671-FINAL1-CR671-FINAL1-occt/drv/TopLoc/TopLoc_ItemLocation.jxx
+M TopLoc:privinclude:TopLoc_ItemLocation.ixx /misc/dn61/LocalWOK/wok_entities/LOC/dev/CR671-FINAL1-CR671-FINAL1-occt/drv/TopLoc/TopLoc_ItemLocation.ixx
+M TopLoc:pubinclude:TopLoc_SListOfItemLocation.hxx /misc/dn61/LocalWOK/wok_entities/LOC/dev/CR671-FINAL1-CR671-FINAL1-occt/inc/TopLoc_SListOfItemLocation.hxx
+M TopLoc:derivated:TopLoc_SListOfItemLocation_0.cxx /misc/dn61/LocalWOK/wok_entities/LOC/dev/CR671-FINAL1-CR671-FINAL1-occt/drv/TopLoc/TopLoc_SListOfItemLocation_0.cxx
+M TopLoc:pubinclude:TopLoc_Location.hxx /misc/dn61/LocalWOK/wok_entities/LOC/dev/CR671-FINAL1-CR671-FINAL1-occt/inc/TopLoc_Location.hxx
+M TopLoc:privinclude:TopLoc_Location.jxx /misc/dn61/LocalWOK/wok_entities/LOC/dev/CR671-FINAL1-CR671-FINAL1-occt/drv/TopLoc/TopLoc_Location.jxx
+M TopLoc:privinclude:TopLoc_Location.ixx /misc/dn61/LocalWOK/wok_entities/LOC/dev/CR671-FINAL1-CR671-FINAL1-occt/drv/TopLoc/TopLoc_Location.ixx
+M TopLoc:pubinclude:TopLoc_MapLocationHasher.hxx /misc/dn61/LocalWOK/wok_entities/LOC/dev/CR671-FINAL1-CR671-FINAL1-occt/inc/TopLoc_MapLocationHasher.hxx
+M TopLoc:derivated:TopLoc_MapLocationHasher_0.cxx /misc/dn61/LocalWOK/wok_entities/LOC/dev/CR671-FINAL1-CR671-FINAL1-occt/drv/TopLoc/TopLoc_MapLocationHasher_0.cxx
+M TopLoc:pubinclude:TopLoc_MapOfLocation.hxx /misc/dn61/LocalWOK/wok_entities/LOC/dev/CR671-FINAL1-CR671-FINAL1-occt/inc/TopLoc_MapOfLocation.hxx
+M TopLoc:derivated:TopLoc_MapOfLocation_0.cxx /misc/dn61/LocalWOK/wok_entities/LOC/dev/CR671-FINAL1-CR671-FINAL1-occt/drv/TopLoc/TopLoc_MapOfLocation_0.cxx
+M TopLoc:pubinclude:TopLoc_IndexedMapOfLocation.hxx /misc/dn61/LocalWOK/wok_entities/LOC/dev/CR671-FINAL1-CR671-FINAL1-occt/inc/TopLoc_IndexedMapOfLocation.hxx
+M TopLoc:derivated:TopLoc_IndexedMapOfLocation_0.cxx /misc/dn61/LocalWOK/wok_entities/LOC/dev/CR671-FINAL1-CR671-FINAL1-occt/drv/TopLoc/TopLoc_IndexedMapOfLocation_0.cxx
+M TopLoc:pubinclude:Handle_TopLoc_SListNodeOfSListOfItemLocation.hxx /misc/dn61/LocalWOK/wok_entities/LOC/dev/CR671-FINAL1-CR671-FINAL1-occt/inc/Handle_TopLoc_SListNodeOfSListOfItemLocation.hxx
+M TopLoc:pubinclude:TopLoc_SListNodeOfSListOfItemLocation.hxx /misc/dn61/LocalWOK/wok_entities/LOC/dev/CR671-FINAL1-CR671-FINAL1-occt/inc/TopLoc_SListNodeOfSListOfItemLocation.hxx
+M TopLoc:derivated:TopLoc_SListNodeOfSListOfItemLocation_0.cxx /misc/dn61/LocalWOK/wok_entities/LOC/dev/CR671-FINAL1-CR671-FINAL1-occt/drv/TopLoc/TopLoc_SListNodeOfSListOfItemLocation_0.cxx
+M TopLoc:pubinclude:Handle_TopLoc_StdMapNodeOfMapOfLocation.hxx /misc/dn61/LocalWOK/wok_entities/LOC/dev/CR671-FINAL1-CR671-FINAL1-occt/inc/Handle_TopLoc_StdMapNodeOfMapOfLocation.hxx
+M TopLoc:pubinclude:TopLoc_StdMapNodeOfMapOfLocation.hxx /misc/dn61/LocalWOK/wok_entities/LOC/dev/CR671-FINAL1-CR671-FINAL1-occt/inc/TopLoc_StdMapNodeOfMapOfLocation.hxx
+M TopLoc:derivated:TopLoc_StdMapNodeOfMapOfLocation_0.cxx /misc/dn61/LocalWOK/wok_entities/LOC/dev/CR671-FINAL1-CR671-FINAL1-occt/drv/TopLoc/TopLoc_StdMapNodeOfMapOfLocation_0.cxx
+M TopLoc:pubinclude:TopLoc_MapIteratorOfMapOfLocation.hxx /misc/dn61/LocalWOK/wok_entities/LOC/dev/CR671-FINAL1-CR671-FINAL1-occt/inc/TopLoc_MapIteratorOfMapOfLocation.hxx
+M TopLoc:derivated:TopLoc_MapIteratorOfMapOfLocation_0.cxx /misc/dn61/LocalWOK/wok_entities/LOC/dev/CR671-FINAL1-CR671-FINAL1-occt/drv/TopLoc/TopLoc_MapIteratorOfMapOfLocation_0.cxx
+M TopLoc:pubinclude:Handle_TopLoc_IndexedMapNodeOfIndexedMapOfLocation.hxx /misc/dn61/LocalWOK/wok_entities/LOC/dev/CR671-FINAL1-CR671-FINAL1-occt/inc/Handle_TopLoc_IndexedMapNodeOfIndexedMapOfLocation.hxx
+M TopLoc:pubinclude:TopLoc_IndexedMapNodeOfIndexedMapOfLocation.hxx /misc/dn61/LocalWOK/wok_entities/LOC/dev/CR671-FINAL1-CR671-FINAL1-occt/inc/TopLoc_IndexedMapNodeOfIndexedMapOfLocation.hxx
+M TopLoc:derivated:TopLoc_IndexedMapNodeOfIndexedMapOfLocation_0.cxx /misc/dn61/LocalWOK/wok_entities/LOC/dev/CR671-FINAL1-CR671-FINAL1-occt/drv/TopLoc/TopLoc_IndexedMapNodeOfIndexedMapOfLocation_0.cxx
+M TopLoc:pubinclude:TopLoc_TrsfPtr.hxx /misc/dn61/LocalWOK/wok_entities/LOC/dev/CR671-FINAL1-CR671-FINAL1-occt/inc/TopLoc_TrsfPtr.hxx
+M TopLoc:dbadmfile:TopLoc_xcpp_header.In /misc/dn61/LocalWOK/wok_entities/LOC/dev/CR671-FINAL1-CR671-FINAL1-occt/drv/TopLoc/.adm/TopLoc_xcpp_header.In
+M TopLoc:dbadmfile:TopLoc_xcpp_header.Out /misc/dn61/LocalWOK/wok_entities/LOC/dev/CR671-FINAL1-CR671-FINAL1-occt/drv/TopLoc/.adm/TopLoc_xcpp_header.Out
+M TopLoc:dbadmfile:TopLoc_xcpp_header.Dep /misc/dn61/LocalWOK/wok_entities/LOC/dev/CR671-FINAL1-CR671-FINAL1-occt/drv/TopLoc/.adm/TopLoc_xcpp_header.Dep
