+M Geom2dGcc:pubinclude:Geom2dGcc.hxx /misc/dn61/LocalWOK/wok_entities/LOC/dev/CR671-FINAL1-CR671-FINAL1-occt/inc/Geom2dGcc.hxx
+M Geom2dGcc:privinclude:Geom2dGcc.jxx /misc/dn61/LocalWOK/wok_entities/LOC/dev/CR671-FINAL1-CR671-FINAL1-occt/drv/Geom2dGcc/Geom2dGcc.jxx
+M Geom2dGcc:privinclude:Geom2dGcc.ixx /misc/dn61/LocalWOK/wok_entities/LOC/dev/CR671-FINAL1-CR671-FINAL1-occt/drv/Geom2dGcc/Geom2dGcc.ixx
+M Geom2dGcc:pubinclude:Geom2dGcc_CurveTool.hxx /misc/dn61/LocalWOK/wok_entities/LOC/dev/CR671-FINAL1-CR671-FINAL1-occt/inc/Geom2dGcc_CurveTool.hxx
+M Geom2dGcc:privinclude:Geom2dGcc_CurveTool.jxx /misc/dn61/LocalWOK/wok_entities/LOC/dev/CR671-FINAL1-CR671-FINAL1-occt/drv/Geom2dGcc/Geom2dGcc_CurveTool.jxx
+M Geom2dGcc:privinclude:Geom2dGcc_CurveTool.ixx /misc/dn61/LocalWOK/wok_entities/LOC/dev/CR671-FINAL1-CR671-FINAL1-occt/drv/Geom2dGcc/Geom2dGcc_CurveTool.ixx
+M Geom2dGcc:pubinclude:Geom2dGcc_QualifiedCurve.hxx /misc/dn61/LocalWOK/wok_entities/LOC/dev/CR671-FINAL1-CR671-FINAL1-occt/inc/Geom2dGcc_QualifiedCurve.hxx
+M Geom2dGcc:privinclude:Geom2dGcc_QualifiedCurve.jxx /misc/dn61/LocalWOK/wok_entities/LOC/dev/CR671-FINAL1-CR671-FINAL1-occt/drv/Geom2dGcc/Geom2dGcc_QualifiedCurve.jxx
+M Geom2dGcc:privinclude:Geom2dGcc_QualifiedCurve.ixx /misc/dn61/LocalWOK/wok_entities/LOC/dev/CR671-FINAL1-CR671-FINAL1-occt/drv/Geom2dGcc/Geom2dGcc_QualifiedCurve.ixx
+M Geom2dGcc:pubinclude:Geom2dGcc_Circ2d3Tan.hxx /misc/dn61/LocalWOK/wok_entities/LOC/dev/CR671-FINAL1-CR671-FINAL1-occt/inc/Geom2dGcc_Circ2d3Tan.hxx
+M Geom2dGcc:privinclude:Geom2dGcc_Circ2d3Tan.jxx /misc/dn61/LocalWOK/wok_entities/LOC/dev/CR671-FINAL1-CR671-FINAL1-occt/drv/Geom2dGcc/Geom2dGcc_Circ2d3Tan.jxx
+M Geom2dGcc:privinclude:Geom2dGcc_Circ2d3Tan.ixx /misc/dn61/LocalWOK/wok_entities/LOC/dev/CR671-FINAL1-CR671-FINAL1-occt/drv/Geom2dGcc/Geom2dGcc_Circ2d3Tan.ixx
+M Geom2dGcc:pubinclude:Geom2dGcc_Circ2d2TanRad.hxx /misc/dn61/LocalWOK/wok_entities/LOC/dev/CR671-FINAL1-CR671-FINAL1-occt/inc/Geom2dGcc_Circ2d2TanRad.hxx
+M Geom2dGcc:privinclude:Geom2dGcc_Circ2d2TanRad.jxx /misc/dn61/LocalWOK/wok_entities/LOC/dev/CR671-FINAL1-CR671-FINAL1-occt/drv/Geom2dGcc/Geom2dGcc_Circ2d2TanRad.jxx
+M Geom2dGcc:privinclude:Geom2dGcc_Circ2d2TanRad.ixx /misc/dn61/LocalWOK/wok_entities/LOC/dev/CR671-FINAL1-CR671-FINAL1-occt/drv/Geom2dGcc/Geom2dGcc_Circ2d2TanRad.ixx
+M Geom2dGcc:pubinclude:Geom2dGcc_Circ2d2TanOn.hxx /misc/dn61/LocalWOK/wok_entities/LOC/dev/CR671-FINAL1-CR671-FINAL1-occt/inc/Geom2dGcc_Circ2d2TanOn.hxx
+M Geom2dGcc:privinclude:Geom2dGcc_Circ2d2TanOn.jxx /misc/dn61/LocalWOK/wok_entities/LOC/dev/CR671-FINAL1-CR671-FINAL1-occt/drv/Geom2dGcc/Geom2dGcc_Circ2d2TanOn.jxx
+M Geom2dGcc:privinclude:Geom2dGcc_Circ2d2TanOn.ixx /misc/dn61/LocalWOK/wok_entities/LOC/dev/CR671-FINAL1-CR671-FINAL1-occt/drv/Geom2dGcc/Geom2dGcc_Circ2d2TanOn.ixx
+M Geom2dGcc:pubinclude:Geom2dGcc_Circ2dTanOnRad.hxx /misc/dn61/LocalWOK/wok_entities/LOC/dev/CR671-FINAL1-CR671-FINAL1-occt/inc/Geom2dGcc_Circ2dTanOnRad.hxx
+M Geom2dGcc:privinclude:Geom2dGcc_Circ2dTanOnRad.jxx /misc/dn61/LocalWOK/wok_entities/LOC/dev/CR671-FINAL1-CR671-FINAL1-occt/drv/Geom2dGcc/Geom2dGcc_Circ2dTanOnRad.jxx
+M Geom2dGcc:privinclude:Geom2dGcc_Circ2dTanOnRad.ixx /misc/dn61/LocalWOK/wok_entities/LOC/dev/CR671-FINAL1-CR671-FINAL1-occt/drv/Geom2dGcc/Geom2dGcc_Circ2dTanOnRad.ixx
+M Geom2dGcc:pubinclude:Geom2dGcc_Circ2dTanCen.hxx /misc/dn61/LocalWOK/wok_entities/LOC/dev/CR671-FINAL1-CR671-FINAL1-occt/inc/Geom2dGcc_Circ2dTanCen.hxx
+M Geom2dGcc:privinclude:Geom2dGcc_Circ2dTanCen.jxx /misc/dn61/LocalWOK/wok_entities/LOC/dev/CR671-FINAL1-CR671-FINAL1-occt/drv/Geom2dGcc/Geom2dGcc_Circ2dTanCen.jxx
+M Geom2dGcc:privinclude:Geom2dGcc_Circ2dTanCen.ixx /misc/dn61/LocalWOK/wok_entities/LOC/dev/CR671-FINAL1-CR671-FINAL1-occt/drv/Geom2dGcc/Geom2dGcc_Circ2dTanCen.ixx
+M Geom2dGcc:pubinclude:Geom2dGcc_Lin2d2Tan.hxx /misc/dn61/LocalWOK/wok_entities/LOC/dev/CR671-FINAL1-CR671-FINAL1-occt/inc/Geom2dGcc_Lin2d2Tan.hxx
+M Geom2dGcc:privinclude:Geom2dGcc_Lin2d2Tan.jxx /misc/dn61/LocalWOK/wok_entities/LOC/dev/CR671-FINAL1-CR671-FINAL1-occt/drv/Geom2dGcc/Geom2dGcc_Lin2d2Tan.jxx
+M Geom2dGcc:privinclude:Geom2dGcc_Lin2d2Tan.ixx /misc/dn61/LocalWOK/wok_entities/LOC/dev/CR671-FINAL1-CR671-FINAL1-occt/drv/Geom2dGcc/Geom2dGcc_Lin2d2Tan.ixx
+M Geom2dGcc:pubinclude:Geom2dGcc_Lin2dTanObl.hxx /misc/dn61/LocalWOK/wok_entities/LOC/dev/CR671-FINAL1-CR671-FINAL1-occt/inc/Geom2dGcc_Lin2dTanObl.hxx
+M Geom2dGcc:privinclude:Geom2dGcc_Lin2dTanObl.jxx /misc/dn61/LocalWOK/wok_entities/LOC/dev/CR671-FINAL1-CR671-FINAL1-occt/drv/Geom2dGcc/Geom2dGcc_Lin2dTanObl.jxx
+M Geom2dGcc:privinclude:Geom2dGcc_Lin2dTanObl.ixx /misc/dn61/LocalWOK/wok_entities/LOC/dev/CR671-FINAL1-CR671-FINAL1-occt/drv/Geom2dGcc/Geom2dGcc_Lin2dTanObl.ixx
+M Geom2dGcc:pubinclude:Geom2dGcc_MyQCurve.hxx /misc/dn61/LocalWOK/wok_entities/LOC/dev/CR671-FINAL1-CR671-FINAL1-occt/inc/Geom2dGcc_MyQCurve.hxx
+M Geom2dGcc:derivated:Geom2dGcc_MyQCurve_0.cxx /misc/dn61/LocalWOK/wok_entities/LOC/dev/CR671-FINAL1-CR671-FINAL1-occt/drv/Geom2dGcc/Geom2dGcc_MyQCurve_0.cxx
+M Geom2dGcc:pubinclude:Geom2dGcc_MyCurveTool.hxx /misc/dn61/LocalWOK/wok_entities/LOC/dev/CR671-FINAL1-CR671-FINAL1-occt/inc/Geom2dGcc_MyCurveTool.hxx
+M Geom2dGcc:derivated:Geom2dGcc_MyCurveTool_0.cxx /misc/dn61/LocalWOK/wok_entities/LOC/dev/CR671-FINAL1-CR671-FINAL1-occt/drv/Geom2dGcc/Geom2dGcc_MyCurveTool_0.cxx
+M Geom2dGcc:pubinclude:Geom2dGcc_MyCirc2d2TanOn.hxx /misc/dn61/LocalWOK/wok_entities/LOC/dev/CR671-FINAL1-CR671-FINAL1-occt/inc/Geom2dGcc_MyCirc2d2TanOn.hxx
+M Geom2dGcc:derivated:Geom2dGcc_MyCirc2d2TanOn_0.cxx /misc/dn61/LocalWOK/wok_entities/LOC/dev/CR671-FINAL1-CR671-FINAL1-occt/drv/Geom2dGcc/Geom2dGcc_MyCirc2d2TanOn_0.cxx
+M Geom2dGcc:pubinclude:Geom2dGcc_MyCirc2d2TanRad.hxx /misc/dn61/LocalWOK/wok_entities/LOC/dev/CR671-FINAL1-CR671-FINAL1-occt/inc/Geom2dGcc_MyCirc2d2TanRad.hxx
+M Geom2dGcc:derivated:Geom2dGcc_MyCirc2d2TanRad_0.cxx /misc/dn61/LocalWOK/wok_entities/LOC/dev/CR671-FINAL1-CR671-FINAL1-occt/drv/Geom2dGcc/Geom2dGcc_MyCirc2d2TanRad_0.cxx
+M Geom2dGcc:pubinclude:Geom2dGcc_MyCirc2dTanOnRad.hxx /misc/dn61/LocalWOK/wok_entities/LOC/dev/CR671-FINAL1-CR671-FINAL1-occt/inc/Geom2dGcc_MyCirc2dTanOnRad.hxx
+M Geom2dGcc:derivated:Geom2dGcc_MyCirc2dTanOnRad_0.cxx /misc/dn61/LocalWOK/wok_entities/LOC/dev/CR671-FINAL1-CR671-FINAL1-occt/drv/Geom2dGcc/Geom2dGcc_MyCirc2dTanOnRad_0.cxx
+M Geom2dGcc:pubinclude:Geom2dGcc_MyC2d3Tan.hxx /misc/dn61/LocalWOK/wok_entities/LOC/dev/CR671-FINAL1-CR671-FINAL1-occt/inc/Geom2dGcc_MyC2d3Tan.hxx
+M Geom2dGcc:derivated:Geom2dGcc_MyC2d3Tan_0.cxx /misc/dn61/LocalWOK/wok_entities/LOC/dev/CR671-FINAL1-CR671-FINAL1-occt/drv/Geom2dGcc/Geom2dGcc_MyC2d3Tan_0.cxx
+M Geom2dGcc:pubinclude:Geom2dGcc_MyCirc2dTanCen.hxx /misc/dn61/LocalWOK/wok_entities/LOC/dev/CR671-FINAL1-CR671-FINAL1-occt/inc/Geom2dGcc_MyCirc2dTanCen.hxx
+M Geom2dGcc:derivated:Geom2dGcc_MyCirc2dTanCen_0.cxx /misc/dn61/LocalWOK/wok_entities/LOC/dev/CR671-FINAL1-CR671-FINAL1-occt/drv/Geom2dGcc/Geom2dGcc_MyCirc2dTanCen_0.cxx
+M Geom2dGcc:pubinclude:Geom2dGcc_MyC2d2TanOn.hxx /misc/dn61/LocalWOK/wok_entities/LOC/dev/CR671-FINAL1-CR671-FINAL1-occt/inc/Geom2dGcc_MyC2d2TanOn.hxx
+M Geom2dGcc:derivated:Geom2dGcc_MyC2d2TanOn_0.cxx /misc/dn61/LocalWOK/wok_entities/LOC/dev/CR671-FINAL1-CR671-FINAL1-occt/drv/Geom2dGcc/Geom2dGcc_MyC2d2TanOn_0.cxx
+M Geom2dGcc:pubinclude:Geom2dGcc_MyL2dTanObl.hxx /misc/dn61/LocalWOK/wok_entities/LOC/dev/CR671-FINAL1-CR671-FINAL1-occt/inc/Geom2dGcc_MyL2dTanObl.hxx
+M Geom2dGcc:derivated:Geom2dGcc_MyL2dTanObl_0.cxx /misc/dn61/LocalWOK/wok_entities/LOC/dev/CR671-FINAL1-CR671-FINAL1-occt/drv/Geom2dGcc/Geom2dGcc_MyL2dTanObl_0.cxx
+M Geom2dGcc:pubinclude:Geom2dGcc_MyL2d2Tan.hxx /misc/dn61/LocalWOK/wok_entities/LOC/dev/CR671-FINAL1-CR671-FINAL1-occt/inc/Geom2dGcc_MyL2d2Tan.hxx
+M Geom2dGcc:derivated:Geom2dGcc_MyL2d2Tan_0.cxx /misc/dn61/LocalWOK/wok_entities/LOC/dev/CR671-FINAL1-CR671-FINAL1-occt/drv/Geom2dGcc/Geom2dGcc_MyL2d2Tan_0.cxx
+M Geom2dGcc:pubinclude:Geom2dGcc_FuncTCuCuCuOfMyC2d3Tan.hxx /misc/dn61/LocalWOK/wok_entities/LOC/dev/CR671-FINAL1-CR671-FINAL1-occt/inc/Geom2dGcc_FuncTCuCuCuOfMyC2d3Tan.hxx
+M Geom2dGcc:derivated:Geom2dGcc_FuncTCuCuCuOfMyC2d3Tan_0.cxx /misc/dn61/LocalWOK/wok_entities/LOC/dev/CR671-FINAL1-CR671-FINAL1-occt/drv/Geom2dGcc/Geom2dGcc_FuncTCuCuCuOfMyC2d3Tan_0.cxx
+M Geom2dGcc:pubinclude:Geom2dGcc_FuncTCuCuOnCuOfMyC2d2TanOn.hxx /misc/dn61/LocalWOK/wok_entities/LOC/dev/CR671-FINAL1-CR671-FINAL1-occt/inc/Geom2dGcc_FuncTCuCuOnCuOfMyC2d2TanOn.hxx
+M Geom2dGcc:derivated:Geom2dGcc_FuncTCuCuOnCuOfMyC2d2TanOn_0.cxx /misc/dn61/LocalWOK/wok_entities/LOC/dev/CR671-FINAL1-CR671-FINAL1-occt/drv/Geom2dGcc/Geom2dGcc_FuncTCuCuOnCuOfMyC2d2TanOn_0.cxx
+M Geom2dGcc:pubinclude:Geom2dGcc_FuncTOblOfMyL2dTanObl.hxx /misc/dn61/LocalWOK/wok_entities/LOC/dev/CR671-FINAL1-CR671-FINAL1-occt/inc/Geom2dGcc_FuncTOblOfMyL2dTanObl.hxx
+M Geom2dGcc:derivated:Geom2dGcc_FuncTOblOfMyL2dTanObl_0.cxx /misc/dn61/LocalWOK/wok_entities/LOC/dev/CR671-FINAL1-CR671-FINAL1-occt/drv/Geom2dGcc/Geom2dGcc_FuncTOblOfMyL2dTanObl_0.cxx
+M Geom2dGcc:pubinclude:Geom2dGcc_FuncTCuCuOfMyL2d2Tan.hxx /misc/dn61/LocalWOK/wok_entities/LOC/dev/CR671-FINAL1-CR671-FINAL1-occt/inc/Geom2dGcc_FuncTCuCuOfMyL2d2Tan.hxx
+M Geom2dGcc:derivated:Geom2dGcc_FuncTCuCuOfMyL2d2Tan_0.cxx /misc/dn61/LocalWOK/wok_entities/LOC/dev/CR671-FINAL1-CR671-FINAL1-occt/drv/Geom2dGcc/Geom2dGcc_FuncTCuCuOfMyL2d2Tan_0.cxx
+M Geom2dGcc:pubinclude:Geom2dGcc_FuncTCuPtOfMyL2d2Tan.hxx /misc/dn61/LocalWOK/wok_entities/LOC/dev/CR671-FINAL1-CR671-FINAL1-occt/inc/Geom2dGcc_FuncTCuPtOfMyL2d2Tan.hxx
+M Geom2dGcc:derivated:Geom2dGcc_FuncTCuPtOfMyL2d2Tan_0.cxx /misc/dn61/LocalWOK/wok_entities/LOC/dev/CR671-FINAL1-CR671-FINAL1-occt/drv/Geom2dGcc/Geom2dGcc_FuncTCuPtOfMyL2d2Tan_0.cxx
+M Geom2dGcc:pubinclude:Geom2dGcc_FuncTCirCuOfMyL2d2Tan.hxx /misc/dn61/LocalWOK/wok_entities/LOC/dev/CR671-FINAL1-CR671-FINAL1-occt/inc/Geom2dGcc_FuncTCirCuOfMyL2d2Tan.hxx
+M Geom2dGcc:derivated:Geom2dGcc_FuncTCirCuOfMyL2d2Tan_0.cxx /misc/dn61/LocalWOK/wok_entities/LOC/dev/CR671-FINAL1-CR671-FINAL1-occt/drv/Geom2dGcc/Geom2dGcc_FuncTCirCuOfMyL2d2Tan_0.cxx
+M Geom2dGcc:dbadmfile:Geom2dGcc_xcpp_header.In /misc/dn61/LocalWOK/wok_entities/LOC/dev/CR671-FINAL1-CR671-FINAL1-occt/drv/Geom2dGcc/.adm/Geom2dGcc_xcpp_header.In
+M Geom2dGcc:dbadmfile:Geom2dGcc_xcpp_header.Out /misc/dn61/LocalWOK/wok_entities/LOC/dev/CR671-FINAL1-CR671-FINAL1-occt/drv/Geom2dGcc/.adm/Geom2dGcc_xcpp_header.Out
+M Geom2dGcc:dbadmfile:Geom2dGcc_xcpp_header.Dep /misc/dn61/LocalWOK/wok_entities/LOC/dev/CR671-FINAL1-CR671-FINAL1-occt/drv/Geom2dGcc/.adm/Geom2dGcc_xcpp_header.Dep
