+M LDOM:pubinclude:LDOM_DeclareSequence.hxx /misc/dn61/LocalWOK/wok_entities/LOC/dev/CR671-FINAL1-CR671-FINAL1-occt/inc/LDOM_DeclareSequence.hxx
+M LDOM:pubinclude:LDOM_Attr.hxx /misc/dn61/LocalWOK/wok_entities/LOC/dev/CR671-FINAL1-CR671-FINAL1-occt/inc/LDOM_Attr.hxx
+M LDOM:pubinclude:LDOM_BasicAttribute.hxx /misc/dn61/LocalWOK/wok_entities/LOC/dev/CR671-FINAL1-CR671-FINAL1-occt/inc/LDOM_BasicAttribute.hxx
+M LDOM:pubinclude:LDOM_BasicElement.hxx /misc/dn61/LocalWOK/wok_entities/LOC/dev/CR671-FINAL1-CR671-FINAL1-occt/inc/LDOM_BasicElement.hxx
+M LDOM:pubinclude:LDOM_BasicNode.hxx /misc/dn61/LocalWOK/wok_entities/LOC/dev/CR671-FINAL1-CR671-FINAL1-occt/inc/LDOM_BasicNode.hxx
+M LDOM:pubinclude:LDOM_BasicText.hxx /misc/dn61/LocalWOK/wok_entities/LOC/dev/CR671-FINAL1-CR671-FINAL1-occt/inc/LDOM_BasicText.hxx
+M LDOM:pubinclude:LDOM_CDATASection.hxx /misc/dn61/LocalWOK/wok_entities/LOC/dev/CR671-FINAL1-CR671-FINAL1-occt/inc/LDOM_CDATASection.hxx
+M LDOM:pubinclude:LDOM_CharReference.hxx /misc/dn61/LocalWOK/wok_entities/LOC/dev/CR671-FINAL1-CR671-FINAL1-occt/inc/LDOM_CharReference.hxx
+M LDOM:pubinclude:LDOM_CharacterData.hxx /misc/dn61/LocalWOK/wok_entities/LOC/dev/CR671-FINAL1-CR671-FINAL1-occt/inc/LDOM_CharacterData.hxx
+M LDOM:pubinclude:LDOM_Comment.hxx /misc/dn61/LocalWOK/wok_entities/LOC/dev/CR671-FINAL1-CR671-FINAL1-occt/inc/LDOM_Comment.hxx
+M LDOM:pubinclude:LDOM_Document.hxx /misc/dn61/LocalWOK/wok_entities/LOC/dev/CR671-FINAL1-CR671-FINAL1-occt/inc/LDOM_Document.hxx
+M LDOM:pubinclude:LDOM_DocumentType.hxx /misc/dn61/LocalWOK/wok_entities/LOC/dev/CR671-FINAL1-CR671-FINAL1-occt/inc/LDOM_DocumentType.hxx
+M LDOM:pubinclude:LDOM_Element.hxx /misc/dn61/LocalWOK/wok_entities/LOC/dev/CR671-FINAL1-CR671-FINAL1-occt/inc/LDOM_Element.hxx
+M LDOM:pubinclude:LDOM_LDOMImplementation.hxx /misc/dn61/LocalWOK/wok_entities/LOC/dev/CR671-FINAL1-CR671-FINAL1-occt/inc/LDOM_LDOMImplementation.hxx
+M LDOM:pubinclude:LDOM_MemManager.hxx /misc/dn61/LocalWOK/wok_entities/LOC/dev/CR671-FINAL1-CR671-FINAL1-occt/inc/LDOM_MemManager.hxx
+M LDOM:pubinclude:LDOM_Node.hxx /misc/dn61/LocalWOK/wok_entities/LOC/dev/CR671-FINAL1-CR671-FINAL1-occt/inc/LDOM_Node.hxx
+M LDOM:pubinclude:LDOM_NodeList.hxx /misc/dn61/LocalWOK/wok_entities/LOC/dev/CR671-FINAL1-CR671-FINAL1-occt/inc/LDOM_NodeList.hxx
+M LDOM:pubinclude:LDOM_Text.hxx /misc/dn61/LocalWOK/wok_entities/LOC/dev/CR671-FINAL1-CR671-FINAL1-occt/inc/LDOM_Text.hxx
+M LDOM:pubinclude:LDOM_XmlReader.hxx /misc/dn61/LocalWOK/wok_entities/LOC/dev/CR671-FINAL1-CR671-FINAL1-occt/inc/LDOM_XmlReader.hxx
+M LDOM:pubinclude:LDOM_XmlWriter.hxx /misc/dn61/LocalWOK/wok_entities/LOC/dev/CR671-FINAL1-CR671-FINAL1-occt/inc/LDOM_XmlWriter.hxx
+M LDOM:pubinclude:LDOMBasicString.hxx /misc/dn61/LocalWOK/wok_entities/LOC/dev/CR671-FINAL1-CR671-FINAL1-occt/inc/LDOMBasicString.hxx
+M LDOM:pubinclude:LDOMParser.hxx /misc/dn61/LocalWOK/wok_entities/LOC/dev/CR671-FINAL1-CR671-FINAL1-occt/inc/LDOMParser.hxx
+M LDOM:pubinclude:LDOMString.hxx /misc/dn61/LocalWOK/wok_entities/LOC/dev/CR671-FINAL1-CR671-FINAL1-occt/inc/LDOMString.hxx
+M LDOM:pubinclude:LDOM_OSStream.hxx /misc/dn61/LocalWOK/wok_entities/LOC/dev/CR671-FINAL1-CR671-FINAL1-occt/inc/LDOM_OSStream.hxx
+M LDOM:pubinclude:Handle_LDOM_MemManager.hxx /misc/dn61/LocalWOK/wok_entities/LOC/dev/CR671-FINAL1-CR671-FINAL1-occt/inc/Handle_LDOM_MemManager.hxx
+M LDOM:dbadmfile:LDOM_obj_inc.In /misc/dn61/LocalWOK/wok_entities/LOC/dev/CR671-FINAL1-CR671-FINAL1-occt/drv/LDOM/.adm/LDOM_obj_inc.In
+M LDOM:dbadmfile:LDOM_obj_inc.Out /misc/dn61/LocalWOK/wok_entities/LOC/dev/CR671-FINAL1-CR671-FINAL1-occt/drv/LDOM/.adm/LDOM_obj_inc.Out
+M LDOM:dbadmfile:LDOM_obj_inc.Dep /misc/dn61/LocalWOK/wok_entities/LOC/dev/CR671-FINAL1-CR671-FINAL1-occt/drv/LDOM/.adm/LDOM_obj_inc.Dep
