+M Materials:pubinclude:Materials.hxx /misc/dn61/LocalWOK/wok_entities/LOC/dev/CR671-FINAL1-CR671-FINAL1-occt/inc/Materials.hxx
+M Materials:privinclude:Materials.jxx /misc/dn61/LocalWOK/wok_entities/LOC/dev/CR671-FINAL1-CR671-FINAL1-occt/drv/Materials/Materials.jxx
+M Materials:privinclude:Materials.ixx /misc/dn61/LocalWOK/wok_entities/LOC/dev/CR671-FINAL1-CR671-FINAL1-occt/drv/Materials/Materials.ixx
+M Materials:pubinclude:Handle_Materials_Color.hxx /misc/dn61/LocalWOK/wok_entities/LOC/dev/CR671-FINAL1-CR671-FINAL1-occt/inc/Handle_Materials_Color.hxx
+M Materials:pubinclude:Materials_Color.hxx /misc/dn61/LocalWOK/wok_entities/LOC/dev/CR671-FINAL1-CR671-FINAL1-occt/inc/Materials_Color.hxx
+M Materials:privinclude:Materials_Color.jxx /misc/dn61/LocalWOK/wok_entities/LOC/dev/CR671-FINAL1-CR671-FINAL1-occt/drv/Materials/Materials_Color.jxx
+M Materials:privinclude:Materials_Color.ixx /misc/dn61/LocalWOK/wok_entities/LOC/dev/CR671-FINAL1-CR671-FINAL1-occt/drv/Materials/Materials_Color.ixx
+M Materials:pubinclude:Handle_Materials_MaterialDefinition.hxx /misc/dn61/LocalWOK/wok_entities/LOC/dev/CR671-FINAL1-CR671-FINAL1-occt/inc/Handle_Materials_MaterialDefinition.hxx
+M Materials:pubinclude:Materials_MaterialDefinition.hxx /misc/dn61/LocalWOK/wok_entities/LOC/dev/CR671-FINAL1-CR671-FINAL1-occt/inc/Materials_MaterialDefinition.hxx
+M Materials:privinclude:Materials_MaterialDefinition.jxx /misc/dn61/LocalWOK/wok_entities/LOC/dev/CR671-FINAL1-CR671-FINAL1-occt/drv/Materials/Materials_MaterialDefinition.jxx
+M Materials:privinclude:Materials_MaterialDefinition.ixx /misc/dn61/LocalWOK/wok_entities/LOC/dev/CR671-FINAL1-CR671-FINAL1-occt/drv/Materials/Materials_MaterialDefinition.ixx
+M Materials:pubinclude:Handle_Materials_MaterialsDictionary.hxx /misc/dn61/LocalWOK/wok_entities/LOC/dev/CR671-FINAL1-CR671-FINAL1-occt/inc/Handle_Materials_MaterialsDictionary.hxx
+M Materials:pubinclude:Materials_MaterialsDictionary.hxx /misc/dn61/LocalWOK/wok_entities/LOC/dev/CR671-FINAL1-CR671-FINAL1-occt/inc/Materials_MaterialsDictionary.hxx
+M Materials:privinclude:Materials_MaterialsDictionary.jxx /misc/dn61/LocalWOK/wok_entities/LOC/dev/CR671-FINAL1-CR671-FINAL1-occt/drv/Materials/Materials_MaterialsDictionary.jxx
+M Materials:privinclude:Materials_MaterialsDictionary.ixx /misc/dn61/LocalWOK/wok_entities/LOC/dev/CR671-FINAL1-CR671-FINAL1-occt/drv/Materials/Materials_MaterialsDictionary.ixx
+M Materials:pubinclude:Handle_Materials_FuzzyInstance.hxx /misc/dn61/LocalWOK/wok_entities/LOC/dev/CR671-FINAL1-CR671-FINAL1-occt/inc/Handle_Materials_FuzzyInstance.hxx
+M Materials:pubinclude:Materials_FuzzyInstance.hxx /misc/dn61/LocalWOK/wok_entities/LOC/dev/CR671-FINAL1-CR671-FINAL1-occt/inc/Materials_FuzzyInstance.hxx
+M Materials:derivated:Materials_FuzzyInstance_0.cxx /misc/dn61/LocalWOK/wok_entities/LOC/dev/CR671-FINAL1-CR671-FINAL1-occt/drv/Materials/Materials_FuzzyInstance_0.cxx
+M Materials:pubinclude:Handle_Materials_Material.hxx /misc/dn61/LocalWOK/wok_entities/LOC/dev/CR671-FINAL1-CR671-FINAL1-occt/inc/Handle_Materials_Material.hxx
+M Materials:pubinclude:Materials_Material.hxx /misc/dn61/LocalWOK/wok_entities/LOC/dev/CR671-FINAL1-CR671-FINAL1-occt/inc/Materials_Material.hxx
+M Materials:privinclude:Materials_Material.jxx /misc/dn61/LocalWOK/wok_entities/LOC/dev/CR671-FINAL1-CR671-FINAL1-occt/drv/Materials/Materials_Material.jxx
+M Materials:privinclude:Materials_Material.ixx /misc/dn61/LocalWOK/wok_entities/LOC/dev/CR671-FINAL1-CR671-FINAL1-occt/drv/Materials/Materials_Material.ixx
+M Materials:pubinclude:Materials_MtsSequence.hxx /misc/dn61/LocalWOK/wok_entities/LOC/dev/CR671-FINAL1-CR671-FINAL1-occt/inc/Materials_MtsSequence.hxx
+M Materials:derivated:Materials_MtsSequence_0.cxx /misc/dn61/LocalWOK/wok_entities/LOC/dev/CR671-FINAL1-CR671-FINAL1-occt/drv/Materials/Materials_MtsSequence_0.cxx
+M Materials:pubinclude:Handle_Materials_MaterialsSequence.hxx /misc/dn61/LocalWOK/wok_entities/LOC/dev/CR671-FINAL1-CR671-FINAL1-occt/inc/Handle_Materials_MaterialsSequence.hxx
+M Materials:pubinclude:Materials_MaterialsSequence.hxx /misc/dn61/LocalWOK/wok_entities/LOC/dev/CR671-FINAL1-CR671-FINAL1-occt/inc/Materials_MaterialsSequence.hxx
+M Materials:derivated:Materials_MaterialsSequence_0.cxx /misc/dn61/LocalWOK/wok_entities/LOC/dev/CR671-FINAL1-CR671-FINAL1-occt/drv/Materials/Materials_MaterialsSequence_0.cxx
+M Materials:pubinclude:Handle_Materials_SequenceNodeOfMtsSequence.hxx /misc/dn61/LocalWOK/wok_entities/LOC/dev/CR671-FINAL1-CR671-FINAL1-occt/inc/Handle_Materials_SequenceNodeOfMtsSequence.hxx
+M Materials:pubinclude:Materials_SequenceNodeOfMtsSequence.hxx /misc/dn61/LocalWOK/wok_entities/LOC/dev/CR671-FINAL1-CR671-FINAL1-occt/inc/Materials_SequenceNodeOfMtsSequence.hxx
+M Materials:derivated:Materials_SequenceNodeOfMtsSequence_0.cxx /misc/dn61/LocalWOK/wok_entities/LOC/dev/CR671-FINAL1-CR671-FINAL1-occt/drv/Materials/Materials_SequenceNodeOfMtsSequence_0.cxx
+M Materials:dbadmfile:Materials_xcpp_header.In /misc/dn61/LocalWOK/wok_entities/LOC/dev/CR671-FINAL1-CR671-FINAL1-occt/drv/Materials/.adm/Materials_xcpp_header.In
+M Materials:dbadmfile:Materials_xcpp_header.Out /misc/dn61/LocalWOK/wok_entities/LOC/dev/CR671-FINAL1-CR671-FINAL1-occt/drv/Materials/.adm/Materials_xcpp_header.Out
+M Materials:dbadmfile:Materials_xcpp_header.Dep /misc/dn61/LocalWOK/wok_entities/LOC/dev/CR671-FINAL1-CR671-FINAL1-occt/drv/Materials/.adm/Materials_xcpp_header.Dep
