+M NLPlate:pubinclude:NLPlate_NLPlate.hxx /misc/dn61/LocalWOK/wok_entities/LOC/dev/CR671-FINAL1-CR671-FINAL1-occt/inc/NLPlate_NLPlate.hxx
+M NLPlate:privinclude:NLPlate_NLPlate.jxx /misc/dn61/LocalWOK/wok_entities/LOC/dev/CR671-FINAL1-CR671-FINAL1-occt/drv/NLPlate/NLPlate_NLPlate.jxx
+M NLPlate:privinclude:NLPlate_NLPlate.ixx /misc/dn61/LocalWOK/wok_entities/LOC/dev/CR671-FINAL1-CR671-FINAL1-occt/drv/NLPlate/NLPlate_NLPlate.ixx
+M NLPlate:pubinclude:Handle_NLPlate_HGPPConstraint.hxx /misc/dn61/LocalWOK/wok_entities/LOC/dev/CR671-FINAL1-CR671-FINAL1-occt/inc/Handle_NLPlate_HGPPConstraint.hxx
+M NLPlate:pubinclude:NLPlate_HGPPConstraint.hxx /misc/dn61/LocalWOK/wok_entities/LOC/dev/CR671-FINAL1-CR671-FINAL1-occt/inc/NLPlate_HGPPConstraint.hxx
+M NLPlate:privinclude:NLPlate_HGPPConstraint.jxx /misc/dn61/LocalWOK/wok_entities/LOC/dev/CR671-FINAL1-CR671-FINAL1-occt/drv/NLPlate/NLPlate_HGPPConstraint.jxx
+M NLPlate:privinclude:NLPlate_HGPPConstraint.ixx /misc/dn61/LocalWOK/wok_entities/LOC/dev/CR671-FINAL1-CR671-FINAL1-occt/drv/NLPlate/NLPlate_HGPPConstraint.ixx
+M NLPlate:pubinclude:Handle_NLPlate_HPG0Constraint.hxx /misc/dn61/LocalWOK/wok_entities/LOC/dev/CR671-FINAL1-CR671-FINAL1-occt/inc/Handle_NLPlate_HPG0Constraint.hxx
+M NLPlate:pubinclude:NLPlate_HPG0Constraint.hxx /misc/dn61/LocalWOK/wok_entities/LOC/dev/CR671-FINAL1-CR671-FINAL1-occt/inc/NLPlate_HPG0Constraint.hxx
+M NLPlate:privinclude:NLPlate_HPG0Constraint.jxx /misc/dn61/LocalWOK/wok_entities/LOC/dev/CR671-FINAL1-CR671-FINAL1-occt/drv/NLPlate/NLPlate_HPG0Constraint.jxx
+M NLPlate:privinclude:NLPlate_HPG0Constraint.ixx /misc/dn61/LocalWOK/wok_entities/LOC/dev/CR671-FINAL1-CR671-FINAL1-occt/drv/NLPlate/NLPlate_HPG0Constraint.ixx
+M NLPlate:pubinclude:Handle_NLPlate_HPG0G1Constraint.hxx /misc/dn61/LocalWOK/wok_entities/LOC/dev/CR671-FINAL1-CR671-FINAL1-occt/inc/Handle_NLPlate_HPG0G1Constraint.hxx
+M NLPlate:pubinclude:NLPlate_HPG0G1Constraint.hxx /misc/dn61/LocalWOK/wok_entities/LOC/dev/CR671-FINAL1-CR671-FINAL1-occt/inc/NLPlate_HPG0G1Constraint.hxx
+M NLPlate:privinclude:NLPlate_HPG0G1Constraint.jxx /misc/dn61/LocalWOK/wok_entities/LOC/dev/CR671-FINAL1-CR671-FINAL1-occt/drv/NLPlate/NLPlate_HPG0G1Constraint.jxx
+M NLPlate:privinclude:NLPlate_HPG0G1Constraint.ixx /misc/dn61/LocalWOK/wok_entities/LOC/dev/CR671-FINAL1-CR671-FINAL1-occt/drv/NLPlate/NLPlate_HPG0G1Constraint.ixx
+M NLPlate:pubinclude:Handle_NLPlate_HPG0G2Constraint.hxx /misc/dn61/LocalWOK/wok_entities/LOC/dev/CR671-FINAL1-CR671-FINAL1-occt/inc/Handle_NLPlate_HPG0G2Constraint.hxx
+M NLPlate:pubinclude:NLPlate_HPG0G2Constraint.hxx /misc/dn61/LocalWOK/wok_entities/LOC/dev/CR671-FINAL1-CR671-FINAL1-occt/inc/NLPlate_HPG0G2Constraint.hxx
+M NLPlate:privinclude:NLPlate_HPG0G2Constraint.jxx /misc/dn61/LocalWOK/wok_entities/LOC/dev/CR671-FINAL1-CR671-FINAL1-occt/drv/NLPlate/NLPlate_HPG0G2Constraint.jxx
+M NLPlate:privinclude:NLPlate_HPG0G2Constraint.ixx /misc/dn61/LocalWOK/wok_entities/LOC/dev/CR671-FINAL1-CR671-FINAL1-occt/drv/NLPlate/NLPlate_HPG0G2Constraint.ixx
+M NLPlate:pubinclude:Handle_NLPlate_HPG0G3Constraint.hxx /misc/dn61/LocalWOK/wok_entities/LOC/dev/CR671-FINAL1-CR671-FINAL1-occt/inc/Handle_NLPlate_HPG0G3Constraint.hxx
+M NLPlate:pubinclude:NLPlate_HPG0G3Constraint.hxx /misc/dn61/LocalWOK/wok_entities/LOC/dev/CR671-FINAL1-CR671-FINAL1-occt/inc/NLPlate_HPG0G3Constraint.hxx
+M NLPlate:privinclude:NLPlate_HPG0G3Constraint.jxx /misc/dn61/LocalWOK/wok_entities/LOC/dev/CR671-FINAL1-CR671-FINAL1-occt/drv/NLPlate/NLPlate_HPG0G3Constraint.jxx
+M NLPlate:privinclude:NLPlate_HPG0G3Constraint.ixx /misc/dn61/LocalWOK/wok_entities/LOC/dev/CR671-FINAL1-CR671-FINAL1-occt/drv/NLPlate/NLPlate_HPG0G3Constraint.ixx
+M NLPlate:pubinclude:Handle_NLPlate_HPG1Constraint.hxx /misc/dn61/LocalWOK/wok_entities/LOC/dev/CR671-FINAL1-CR671-FINAL1-occt/inc/Handle_NLPlate_HPG1Constraint.hxx
+M NLPlate:pubinclude:NLPlate_HPG1Constraint.hxx /misc/dn61/LocalWOK/wok_entities/LOC/dev/CR671-FINAL1-CR671-FINAL1-occt/inc/NLPlate_HPG1Constraint.hxx
+M NLPlate:privinclude:NLPlate_HPG1Constraint.jxx /misc/dn61/LocalWOK/wok_entities/LOC/dev/CR671-FINAL1-CR671-FINAL1-occt/drv/NLPlate/NLPlate_HPG1Constraint.jxx
+M NLPlate:privinclude:NLPlate_HPG1Constraint.ixx /misc/dn61/LocalWOK/wok_entities/LOC/dev/CR671-FINAL1-CR671-FINAL1-occt/drv/NLPlate/NLPlate_HPG1Constraint.ixx
+M NLPlate:pubinclude:Handle_NLPlate_HPG2Constraint.hxx /misc/dn61/LocalWOK/wok_entities/LOC/dev/CR671-FINAL1-CR671-FINAL1-occt/inc/Handle_NLPlate_HPG2Constraint.hxx
+M NLPlate:pubinclude:NLPlate_HPG2Constraint.hxx /misc/dn61/LocalWOK/wok_entities/LOC/dev/CR671-FINAL1-CR671-FINAL1-occt/inc/NLPlate_HPG2Constraint.hxx
+M NLPlate:privinclude:NLPlate_HPG2Constraint.jxx /misc/dn61/LocalWOK/wok_entities/LOC/dev/CR671-FINAL1-CR671-FINAL1-occt/drv/NLPlate/NLPlate_HPG2Constraint.jxx
+M NLPlate:privinclude:NLPlate_HPG2Constraint.ixx /misc/dn61/LocalWOK/wok_entities/LOC/dev/CR671-FINAL1-CR671-FINAL1-occt/drv/NLPlate/NLPlate_HPG2Constraint.ixx
+M NLPlate:pubinclude:Handle_NLPlate_HPG3Constraint.hxx /misc/dn61/LocalWOK/wok_entities/LOC/dev/CR671-FINAL1-CR671-FINAL1-occt/inc/Handle_NLPlate_HPG3Constraint.hxx
+M NLPlate:pubinclude:NLPlate_HPG3Constraint.hxx /misc/dn61/LocalWOK/wok_entities/LOC/dev/CR671-FINAL1-CR671-FINAL1-occt/inc/NLPlate_HPG3Constraint.hxx
+M NLPlate:privinclude:NLPlate_HPG3Constraint.jxx /misc/dn61/LocalWOK/wok_entities/LOC/dev/CR671-FINAL1-CR671-FINAL1-occt/drv/NLPlate/NLPlate_HPG3Constraint.jxx
+M NLPlate:privinclude:NLPlate_HPG3Constraint.ixx /misc/dn61/LocalWOK/wok_entities/LOC/dev/CR671-FINAL1-CR671-FINAL1-occt/drv/NLPlate/NLPlate_HPG3Constraint.ixx
+M NLPlate:pubinclude:NLPlate_StackOfPlate.hxx /misc/dn61/LocalWOK/wok_entities/LOC/dev/CR671-FINAL1-CR671-FINAL1-occt/inc/NLPlate_StackOfPlate.hxx
+M NLPlate:derivated:NLPlate_StackOfPlate_0.cxx /misc/dn61/LocalWOK/wok_entities/LOC/dev/CR671-FINAL1-CR671-FINAL1-occt/drv/NLPlate/NLPlate_StackOfPlate_0.cxx
+M NLPlate:pubinclude:NLPlate_SequenceOfHGPPConstraint.hxx /misc/dn61/LocalWOK/wok_entities/LOC/dev/CR671-FINAL1-CR671-FINAL1-occt/inc/NLPlate_SequenceOfHGPPConstraint.hxx
+M NLPlate:derivated:NLPlate_SequenceOfHGPPConstraint_0.cxx /misc/dn61/LocalWOK/wok_entities/LOC/dev/CR671-FINAL1-CR671-FINAL1-occt/drv/NLPlate/NLPlate_SequenceOfHGPPConstraint_0.cxx
+M NLPlate:pubinclude:Handle_NLPlate_StackNodeOfStackOfPlate.hxx /misc/dn61/LocalWOK/wok_entities/LOC/dev/CR671-FINAL1-CR671-FINAL1-occt/inc/Handle_NLPlate_StackNodeOfStackOfPlate.hxx
+M NLPlate:pubinclude:NLPlate_StackNodeOfStackOfPlate.hxx /misc/dn61/LocalWOK/wok_entities/LOC/dev/CR671-FINAL1-CR671-FINAL1-occt/inc/NLPlate_StackNodeOfStackOfPlate.hxx
+M NLPlate:derivated:NLPlate_StackNodeOfStackOfPlate_0.cxx /misc/dn61/LocalWOK/wok_entities/LOC/dev/CR671-FINAL1-CR671-FINAL1-occt/drv/NLPlate/NLPlate_StackNodeOfStackOfPlate_0.cxx
+M NLPlate:pubinclude:NLPlate_StackIteratorOfStackOfPlate.hxx /misc/dn61/LocalWOK/wok_entities/LOC/dev/CR671-FINAL1-CR671-FINAL1-occt/inc/NLPlate_StackIteratorOfStackOfPlate.hxx
+M NLPlate:derivated:NLPlate_StackIteratorOfStackOfPlate_0.cxx /misc/dn61/LocalWOK/wok_entities/LOC/dev/CR671-FINAL1-CR671-FINAL1-occt/drv/NLPlate/NLPlate_StackIteratorOfStackOfPlate_0.cxx
+M NLPlate:pubinclude:Handle_NLPlate_SequenceNodeOfSequenceOfHGPPConstraint.hxx /misc/dn61/LocalWOK/wok_entities/LOC/dev/CR671-FINAL1-CR671-FINAL1-occt/inc/Handle_NLPlate_SequenceNodeOfSequenceOfHGPPConstraint.hxx
+M NLPlate:pubinclude:NLPlate_SequenceNodeOfSequenceOfHGPPConstraint.hxx /misc/dn61/LocalWOK/wok_entities/LOC/dev/CR671-FINAL1-CR671-FINAL1-occt/inc/NLPlate_SequenceNodeOfSequenceOfHGPPConstraint.hxx
+M NLPlate:derivated:NLPlate_SequenceNodeOfSequenceOfHGPPConstraint_0.cxx /misc/dn61/LocalWOK/wok_entities/LOC/dev/CR671-FINAL1-CR671-FINAL1-occt/drv/NLPlate/NLPlate_SequenceNodeOfSequenceOfHGPPConstraint_0.cxx
+M NLPlate:dbadmfile:NLPlate_xcpp_header.In /misc/dn61/LocalWOK/wok_entities/LOC/dev/CR671-FINAL1-CR671-FINAL1-occt/drv/NLPlate/.adm/NLPlate_xcpp_header.In
+M NLPlate:dbadmfile:NLPlate_xcpp_header.Out /misc/dn61/LocalWOK/wok_entities/LOC/dev/CR671-FINAL1-CR671-FINAL1-occt/drv/NLPlate/.adm/NLPlate_xcpp_header.Out
+M NLPlate:dbadmfile:NLPlate_xcpp_header.Dep /misc/dn61/LocalWOK/wok_entities/LOC/dev/CR671-FINAL1-CR671-FINAL1-occt/drv/NLPlate/.adm/NLPlate_xcpp_header.Dep
