+M XmlLDrivers:pubinclude:XmlLDrivers.hxx /misc/dn61/LocalWOK/wok_entities/LOC/dev/CR671-FINAL1-CR671-FINAL1-occt/inc/XmlLDrivers.hxx
+M XmlLDrivers:privinclude:XmlLDrivers.jxx /misc/dn61/LocalWOK/wok_entities/LOC/dev/CR671-FINAL1-CR671-FINAL1-occt/drv/XmlLDrivers/XmlLDrivers.jxx
+M XmlLDrivers:privinclude:XmlLDrivers.ixx /misc/dn61/LocalWOK/wok_entities/LOC/dev/CR671-FINAL1-CR671-FINAL1-occt/drv/XmlLDrivers/XmlLDrivers.ixx
+M XmlLDrivers:pubinclude:Handle_XmlLDrivers_DocumentStorageDriver.hxx /misc/dn61/LocalWOK/wok_entities/LOC/dev/CR671-FINAL1-CR671-FINAL1-occt/inc/Handle_XmlLDrivers_DocumentStorageDriver.hxx
+M XmlLDrivers:pubinclude:XmlLDrivers_DocumentStorageDriver.hxx /misc/dn61/LocalWOK/wok_entities/LOC/dev/CR671-FINAL1-CR671-FINAL1-occt/inc/XmlLDrivers_DocumentStorageDriver.hxx
+M XmlLDrivers:privinclude:XmlLDrivers_DocumentStorageDriver.jxx /misc/dn61/LocalWOK/wok_entities/LOC/dev/CR671-FINAL1-CR671-FINAL1-occt/drv/XmlLDrivers/XmlLDrivers_DocumentStorageDriver.jxx
+M XmlLDrivers:privinclude:XmlLDrivers_DocumentStorageDriver.ixx /misc/dn61/LocalWOK/wok_entities/LOC/dev/CR671-FINAL1-CR671-FINAL1-occt/drv/XmlLDrivers/XmlLDrivers_DocumentStorageDriver.ixx
+M XmlLDrivers:pubinclude:Handle_XmlLDrivers_DocumentRetrievalDriver.hxx /misc/dn61/LocalWOK/wok_entities/LOC/dev/CR671-FINAL1-CR671-FINAL1-occt/inc/Handle_XmlLDrivers_DocumentRetrievalDriver.hxx
+M XmlLDrivers:pubinclude:XmlLDrivers_DocumentRetrievalDriver.hxx /misc/dn61/LocalWOK/wok_entities/LOC/dev/CR671-FINAL1-CR671-FINAL1-occt/inc/XmlLDrivers_DocumentRetrievalDriver.hxx
+M XmlLDrivers:privinclude:XmlLDrivers_DocumentRetrievalDriver.jxx /misc/dn61/LocalWOK/wok_entities/LOC/dev/CR671-FINAL1-CR671-FINAL1-occt/drv/XmlLDrivers/XmlLDrivers_DocumentRetrievalDriver.jxx
+M XmlLDrivers:privinclude:XmlLDrivers_DocumentRetrievalDriver.ixx /misc/dn61/LocalWOK/wok_entities/LOC/dev/CR671-FINAL1-CR671-FINAL1-occt/drv/XmlLDrivers/XmlLDrivers_DocumentRetrievalDriver.ixx
+M XmlLDrivers:pubinclude:XmlLDrivers_NamespaceDef.hxx /misc/dn61/LocalWOK/wok_entities/LOC/dev/CR671-FINAL1-CR671-FINAL1-occt/inc/XmlLDrivers_NamespaceDef.hxx
+M XmlLDrivers:privinclude:XmlLDrivers_NamespaceDef.jxx /misc/dn61/LocalWOK/wok_entities/LOC/dev/CR671-FINAL1-CR671-FINAL1-occt/drv/XmlLDrivers/XmlLDrivers_NamespaceDef.jxx
+M XmlLDrivers:privinclude:XmlLDrivers_NamespaceDef.ixx /misc/dn61/LocalWOK/wok_entities/LOC/dev/CR671-FINAL1-CR671-FINAL1-occt/drv/XmlLDrivers/XmlLDrivers_NamespaceDef.ixx
+M XmlLDrivers:pubinclude:XmlLDrivers_SequenceOfNamespaceDef.hxx /misc/dn61/LocalWOK/wok_entities/LOC/dev/CR671-FINAL1-CR671-FINAL1-occt/inc/XmlLDrivers_SequenceOfNamespaceDef.hxx
+M XmlLDrivers:derivated:XmlLDrivers_SequenceOfNamespaceDef_0.cxx /misc/dn61/LocalWOK/wok_entities/LOC/dev/CR671-FINAL1-CR671-FINAL1-occt/drv/XmlLDrivers/XmlLDrivers_SequenceOfNamespaceDef_0.cxx
+M XmlLDrivers:pubinclude:Handle_XmlLDrivers_SequenceNodeOfSequenceOfNamespaceDef.hxx /misc/dn61/LocalWOK/wok_entities/LOC/dev/CR671-FINAL1-CR671-FINAL1-occt/inc/Handle_XmlLDrivers_SequenceNodeOfSequenceOfNamespaceDef.hxx
+M XmlLDrivers:pubinclude:XmlLDrivers_SequenceNodeOfSequenceOfNamespaceDef.hxx /misc/dn61/LocalWOK/wok_entities/LOC/dev/CR671-FINAL1-CR671-FINAL1-occt/inc/XmlLDrivers_SequenceNodeOfSequenceOfNamespaceDef.hxx
+M XmlLDrivers:derivated:XmlLDrivers_SequenceNodeOfSequenceOfNamespaceDef_0.cxx /misc/dn61/LocalWOK/wok_entities/LOC/dev/CR671-FINAL1-CR671-FINAL1-occt/drv/XmlLDrivers/XmlLDrivers_SequenceNodeOfSequenceOfNamespaceDef_0.cxx
+M XmlLDrivers:dbadmfile:XmlLDrivers_xcpp_header.In /misc/dn61/LocalWOK/wok_entities/LOC/dev/CR671-FINAL1-CR671-FINAL1-occt/drv/XmlLDrivers/.adm/XmlLDrivers_xcpp_header.In
+M XmlLDrivers:dbadmfile:XmlLDrivers_xcpp_header.Out /misc/dn61/LocalWOK/wok_entities/LOC/dev/CR671-FINAL1-CR671-FINAL1-occt/drv/XmlLDrivers/.adm/XmlLDrivers_xcpp_header.Out
+M XmlLDrivers:dbadmfile:XmlLDrivers_xcpp_header.Dep /misc/dn61/LocalWOK/wok_entities/LOC/dev/CR671-FINAL1-CR671-FINAL1-occt/drv/XmlLDrivers/.adm/XmlLDrivers_xcpp_header.Dep
