+M Select3D:pubinclude:Handle_Select3D_SensitiveEntity.hxx /misc/dn61/LocalWOK/wok_entities/LOC/dev/CR671-FINAL1-CR671-FINAL1-occt/inc/Handle_Select3D_SensitiveEntity.hxx
+M Select3D:pubinclude:Select3D_SensitiveEntity.hxx /misc/dn61/LocalWOK/wok_entities/LOC/dev/CR671-FINAL1-CR671-FINAL1-occt/inc/Select3D_SensitiveEntity.hxx
+M Select3D:privinclude:Select3D_SensitiveEntity.jxx /misc/dn61/LocalWOK/wok_entities/LOC/dev/CR671-FINAL1-CR671-FINAL1-occt/drv/Select3D/Select3D_SensitiveEntity.jxx
+M Select3D:privinclude:Select3D_SensitiveEntity.ixx /misc/dn61/LocalWOK/wok_entities/LOC/dev/CR671-FINAL1-CR671-FINAL1-occt/drv/Select3D/Select3D_SensitiveEntity.ixx
+M Select3D:pubinclude:Handle_Select3D_SensitivePoly.hxx /misc/dn61/LocalWOK/wok_entities/LOC/dev/CR671-FINAL1-CR671-FINAL1-occt/inc/Handle_Select3D_SensitivePoly.hxx
+M Select3D:pubinclude:Select3D_SensitivePoly.hxx /misc/dn61/LocalWOK/wok_entities/LOC/dev/CR671-FINAL1-CR671-FINAL1-occt/inc/Select3D_SensitivePoly.hxx
+M Select3D:privinclude:Select3D_SensitivePoly.jxx /misc/dn61/LocalWOK/wok_entities/LOC/dev/CR671-FINAL1-CR671-FINAL1-occt/drv/Select3D/Select3D_SensitivePoly.jxx
+M Select3D:privinclude:Select3D_SensitivePoly.ixx /misc/dn61/LocalWOK/wok_entities/LOC/dev/CR671-FINAL1-CR671-FINAL1-occt/drv/Select3D/Select3D_SensitivePoly.ixx
+M Select3D:pubinclude:Handle_Select3D_SensitivePoint.hxx /misc/dn61/LocalWOK/wok_entities/LOC/dev/CR671-FINAL1-CR671-FINAL1-occt/inc/Handle_Select3D_SensitivePoint.hxx
+M Select3D:pubinclude:Select3D_SensitivePoint.hxx /misc/dn61/LocalWOK/wok_entities/LOC/dev/CR671-FINAL1-CR671-FINAL1-occt/inc/Select3D_SensitivePoint.hxx
+M Select3D:privinclude:Select3D_SensitivePoint.jxx /misc/dn61/LocalWOK/wok_entities/LOC/dev/CR671-FINAL1-CR671-FINAL1-occt/drv/Select3D/Select3D_SensitivePoint.jxx
+M Select3D:privinclude:Select3D_SensitivePoint.ixx /misc/dn61/LocalWOK/wok_entities/LOC/dev/CR671-FINAL1-CR671-FINAL1-occt/drv/Select3D/Select3D_SensitivePoint.ixx
+M Select3D:pubinclude:Handle_Select3D_SensitiveSegment.hxx /misc/dn61/LocalWOK/wok_entities/LOC/dev/CR671-FINAL1-CR671-FINAL1-occt/inc/Handle_Select3D_SensitiveSegment.hxx
+M Select3D:pubinclude:Select3D_SensitiveSegment.hxx /misc/dn61/LocalWOK/wok_entities/LOC/dev/CR671-FINAL1-CR671-FINAL1-occt/inc/Select3D_SensitiveSegment.hxx
+M Select3D:privinclude:Select3D_SensitiveSegment.jxx /misc/dn61/LocalWOK/wok_entities/LOC/dev/CR671-FINAL1-CR671-FINAL1-occt/drv/Select3D/Select3D_SensitiveSegment.jxx
+M Select3D:privinclude:Select3D_SensitiveSegment.ixx /misc/dn61/LocalWOK/wok_entities/LOC/dev/CR671-FINAL1-CR671-FINAL1-occt/drv/Select3D/Select3D_SensitiveSegment.ixx
+M Select3D:pubinclude:Handle_Select3D_SensitiveCircle.hxx /misc/dn61/LocalWOK/wok_entities/LOC/dev/CR671-FINAL1-CR671-FINAL1-occt/inc/Handle_Select3D_SensitiveCircle.hxx
+M Select3D:pubinclude:Select3D_SensitiveCircle.hxx /misc/dn61/LocalWOK/wok_entities/LOC/dev/CR671-FINAL1-CR671-FINAL1-occt/inc/Select3D_SensitiveCircle.hxx
+M Select3D:privinclude:Select3D_SensitiveCircle.jxx /misc/dn61/LocalWOK/wok_entities/LOC/dev/CR671-FINAL1-CR671-FINAL1-occt/drv/Select3D/Select3D_SensitiveCircle.jxx
+M Select3D:privinclude:Select3D_SensitiveCircle.ixx /misc/dn61/LocalWOK/wok_entities/LOC/dev/CR671-FINAL1-CR671-FINAL1-occt/drv/Select3D/Select3D_SensitiveCircle.ixx
+M Select3D:pubinclude:Handle_Select3D_SensitiveCurve.hxx /misc/dn61/LocalWOK/wok_entities/LOC/dev/CR671-FINAL1-CR671-FINAL1-occt/inc/Handle_Select3D_SensitiveCurve.hxx
+M Select3D:pubinclude:Select3D_SensitiveCurve.hxx /misc/dn61/LocalWOK/wok_entities/LOC/dev/CR671-FINAL1-CR671-FINAL1-occt/inc/Select3D_SensitiveCurve.hxx
+M Select3D:privinclude:Select3D_SensitiveCurve.jxx /misc/dn61/LocalWOK/wok_entities/LOC/dev/CR671-FINAL1-CR671-FINAL1-occt/drv/Select3D/Select3D_SensitiveCurve.jxx
+M Select3D:privinclude:Select3D_SensitiveCurve.ixx /misc/dn61/LocalWOK/wok_entities/LOC/dev/CR671-FINAL1-CR671-FINAL1-occt/drv/Select3D/Select3D_SensitiveCurve.ixx
+M Select3D:pubinclude:Handle_Select3D_SensitiveTriangle.hxx /misc/dn61/LocalWOK/wok_entities/LOC/dev/CR671-FINAL1-CR671-FINAL1-occt/inc/Handle_Select3D_SensitiveTriangle.hxx
+M Select3D:pubinclude:Select3D_SensitiveTriangle.hxx /misc/dn61/LocalWOK/wok_entities/LOC/dev/CR671-FINAL1-CR671-FINAL1-occt/inc/Select3D_SensitiveTriangle.hxx
+M Select3D:privinclude:Select3D_SensitiveTriangle.jxx /misc/dn61/LocalWOK/wok_entities/LOC/dev/CR671-FINAL1-CR671-FINAL1-occt/drv/Select3D/Select3D_SensitiveTriangle.jxx
+M Select3D:privinclude:Select3D_SensitiveTriangle.ixx /misc/dn61/LocalWOK/wok_entities/LOC/dev/CR671-FINAL1-CR671-FINAL1-occt/drv/Select3D/Select3D_SensitiveTriangle.ixx
+M Select3D:pubinclude:Handle_Select3D_SensitiveTriangulation.hxx /misc/dn61/LocalWOK/wok_entities/LOC/dev/CR671-FINAL1-CR671-FINAL1-occt/inc/Handle_Select3D_SensitiveTriangulation.hxx
+M Select3D:pubinclude:Select3D_SensitiveTriangulation.hxx /misc/dn61/LocalWOK/wok_entities/LOC/dev/CR671-FINAL1-CR671-FINAL1-occt/inc/Select3D_SensitiveTriangulation.hxx
+M Select3D:privinclude:Select3D_SensitiveTriangulation.jxx /misc/dn61/LocalWOK/wok_entities/LOC/dev/CR671-FINAL1-CR671-FINAL1-occt/drv/Select3D/Select3D_SensitiveTriangulation.jxx
+M Select3D:privinclude:Select3D_SensitiveTriangulation.ixx /misc/dn61/LocalWOK/wok_entities/LOC/dev/CR671-FINAL1-CR671-FINAL1-occt/drv/Select3D/Select3D_SensitiveTriangulation.ixx
+M Select3D:pubinclude:Handle_Select3D_SensitiveFace.hxx /misc/dn61/LocalWOK/wok_entities/LOC/dev/CR671-FINAL1-CR671-FINAL1-occt/inc/Handle_Select3D_SensitiveFace.hxx
+M Select3D:pubinclude:Select3D_SensitiveFace.hxx /misc/dn61/LocalWOK/wok_entities/LOC/dev/CR671-FINAL1-CR671-FINAL1-occt/inc/Select3D_SensitiveFace.hxx
+M Select3D:privinclude:Select3D_SensitiveFace.jxx /misc/dn61/LocalWOK/wok_entities/LOC/dev/CR671-FINAL1-CR671-FINAL1-occt/drv/Select3D/Select3D_SensitiveFace.jxx
+M Select3D:privinclude:Select3D_SensitiveFace.ixx /misc/dn61/LocalWOK/wok_entities/LOC/dev/CR671-FINAL1-CR671-FINAL1-occt/drv/Select3D/Select3D_SensitiveFace.ixx
+M Select3D:pubinclude:Handle_Select3D_SensitiveBox.hxx /misc/dn61/LocalWOK/wok_entities/LOC/dev/CR671-FINAL1-CR671-FINAL1-occt/inc/Handle_Select3D_SensitiveBox.hxx
+M Select3D:pubinclude:Select3D_SensitiveBox.hxx /misc/dn61/LocalWOK/wok_entities/LOC/dev/CR671-FINAL1-CR671-FINAL1-occt/inc/Select3D_SensitiveBox.hxx
+M Select3D:privinclude:Select3D_SensitiveBox.jxx /misc/dn61/LocalWOK/wok_entities/LOC/dev/CR671-FINAL1-CR671-FINAL1-occt/drv/Select3D/Select3D_SensitiveBox.jxx
+M Select3D:privinclude:Select3D_SensitiveBox.ixx /misc/dn61/LocalWOK/wok_entities/LOC/dev/CR671-FINAL1-CR671-FINAL1-occt/drv/Select3D/Select3D_SensitiveBox.ixx
+M Select3D:pubinclude:Handle_Select3D_SensitiveWire.hxx /misc/dn61/LocalWOK/wok_entities/LOC/dev/CR671-FINAL1-CR671-FINAL1-occt/inc/Handle_Select3D_SensitiveWire.hxx
+M Select3D:pubinclude:Select3D_SensitiveWire.hxx /misc/dn61/LocalWOK/wok_entities/LOC/dev/CR671-FINAL1-CR671-FINAL1-occt/inc/Select3D_SensitiveWire.hxx
+M Select3D:privinclude:Select3D_SensitiveWire.jxx /misc/dn61/LocalWOK/wok_entities/LOC/dev/CR671-FINAL1-CR671-FINAL1-occt/drv/Select3D/Select3D_SensitiveWire.jxx
+M Select3D:privinclude:Select3D_SensitiveWire.ixx /misc/dn61/LocalWOK/wok_entities/LOC/dev/CR671-FINAL1-CR671-FINAL1-occt/drv/Select3D/Select3D_SensitiveWire.ixx
+M Select3D:pubinclude:Handle_Select3D_SensitiveGroup.hxx /misc/dn61/LocalWOK/wok_entities/LOC/dev/CR671-FINAL1-CR671-FINAL1-occt/inc/Handle_Select3D_SensitiveGroup.hxx
+M Select3D:pubinclude:Select3D_SensitiveGroup.hxx /misc/dn61/LocalWOK/wok_entities/LOC/dev/CR671-FINAL1-CR671-FINAL1-occt/inc/Select3D_SensitiveGroup.hxx
+M Select3D:privinclude:Select3D_SensitiveGroup.jxx /misc/dn61/LocalWOK/wok_entities/LOC/dev/CR671-FINAL1-CR671-FINAL1-occt/drv/Select3D/Select3D_SensitiveGroup.jxx
+M Select3D:privinclude:Select3D_SensitiveGroup.ixx /misc/dn61/LocalWOK/wok_entities/LOC/dev/CR671-FINAL1-CR671-FINAL1-occt/drv/Select3D/Select3D_SensitiveGroup.ixx
+M Select3D:pubinclude:Select3D_SensitiveEntitySequence.hxx /misc/dn61/LocalWOK/wok_entities/LOC/dev/CR671-FINAL1-CR671-FINAL1-occt/inc/Select3D_SensitiveEntitySequence.hxx
+M Select3D:derivated:Select3D_SensitiveEntitySequence_0.cxx /misc/dn61/LocalWOK/wok_entities/LOC/dev/CR671-FINAL1-CR671-FINAL1-occt/drv/Select3D/Select3D_SensitiveEntitySequence_0.cxx
+M Select3D:pubinclude:Handle_Select3D_Projector.hxx /misc/dn61/LocalWOK/wok_entities/LOC/dev/CR671-FINAL1-CR671-FINAL1-occt/inc/Handle_Select3D_Projector.hxx
+M Select3D:pubinclude:Select3D_Projector.hxx /misc/dn61/LocalWOK/wok_entities/LOC/dev/CR671-FINAL1-CR671-FINAL1-occt/inc/Select3D_Projector.hxx
+M Select3D:privinclude:Select3D_Projector.jxx /misc/dn61/LocalWOK/wok_entities/LOC/dev/CR671-FINAL1-CR671-FINAL1-occt/drv/Select3D/Select3D_Projector.jxx
+M Select3D:privinclude:Select3D_Projector.ixx /misc/dn61/LocalWOK/wok_entities/LOC/dev/CR671-FINAL1-CR671-FINAL1-occt/drv/Select3D/Select3D_Projector.ixx
+M Select3D:pubinclude:Select3D_ListOfSensitiveTriangle.hxx /misc/dn61/LocalWOK/wok_entities/LOC/dev/CR671-FINAL1-CR671-FINAL1-occt/inc/Select3D_ListOfSensitiveTriangle.hxx
+M Select3D:derivated:Select3D_ListOfSensitiveTriangle_0.cxx /misc/dn61/LocalWOK/wok_entities/LOC/dev/CR671-FINAL1-CR671-FINAL1-occt/drv/Select3D/Select3D_ListOfSensitiveTriangle_0.cxx
+M Select3D:pubinclude:Select3D_ListOfSensitive.hxx /misc/dn61/LocalWOK/wok_entities/LOC/dev/CR671-FINAL1-CR671-FINAL1-occt/inc/Select3D_ListOfSensitive.hxx
+M Select3D:derivated:Select3D_ListOfSensitive_0.cxx /misc/dn61/LocalWOK/wok_entities/LOC/dev/CR671-FINAL1-CR671-FINAL1-occt/drv/Select3D/Select3D_ListOfSensitive_0.cxx
+M Select3D:pubinclude:Handle_Select3D_SequenceNodeOfSensitiveEntitySequence.hxx /misc/dn61/LocalWOK/wok_entities/LOC/dev/CR671-FINAL1-CR671-FINAL1-occt/inc/Handle_Select3D_SequenceNodeOfSensitiveEntitySequence.hxx
+M Select3D:pubinclude:Select3D_SequenceNodeOfSensitiveEntitySequence.hxx /misc/dn61/LocalWOK/wok_entities/LOC/dev/CR671-FINAL1-CR671-FINAL1-occt/inc/Select3D_SequenceNodeOfSensitiveEntitySequence.hxx
+M Select3D:derivated:Select3D_SequenceNodeOfSensitiveEntitySequence_0.cxx /misc/dn61/LocalWOK/wok_entities/LOC/dev/CR671-FINAL1-CR671-FINAL1-occt/drv/Select3D/Select3D_SequenceNodeOfSensitiveEntitySequence_0.cxx
+M Select3D:pubinclude:Handle_Select3D_ListNodeOfListOfSensitiveTriangle.hxx /misc/dn61/LocalWOK/wok_entities/LOC/dev/CR671-FINAL1-CR671-FINAL1-occt/inc/Handle_Select3D_ListNodeOfListOfSensitiveTriangle.hxx
+M Select3D:pubinclude:Select3D_ListNodeOfListOfSensitiveTriangle.hxx /misc/dn61/LocalWOK/wok_entities/LOC/dev/CR671-FINAL1-CR671-FINAL1-occt/inc/Select3D_ListNodeOfListOfSensitiveTriangle.hxx
+M Select3D:derivated:Select3D_ListNodeOfListOfSensitiveTriangle_0.cxx /misc/dn61/LocalWOK/wok_entities/LOC/dev/CR671-FINAL1-CR671-FINAL1-occt/drv/Select3D/Select3D_ListNodeOfListOfSensitiveTriangle_0.cxx
+M Select3D:pubinclude:Select3D_ListIteratorOfListOfSensitiveTriangle.hxx /misc/dn61/LocalWOK/wok_entities/LOC/dev/CR671-FINAL1-CR671-FINAL1-occt/inc/Select3D_ListIteratorOfListOfSensitiveTriangle.hxx
+M Select3D:derivated:Select3D_ListIteratorOfListOfSensitiveTriangle_0.cxx /misc/dn61/LocalWOK/wok_entities/LOC/dev/CR671-FINAL1-CR671-FINAL1-occt/drv/Select3D/Select3D_ListIteratorOfListOfSensitiveTriangle_0.cxx
+M Select3D:pubinclude:Handle_Select3D_ListNodeOfListOfSensitive.hxx /misc/dn61/LocalWOK/wok_entities/LOC/dev/CR671-FINAL1-CR671-FINAL1-occt/inc/Handle_Select3D_ListNodeOfListOfSensitive.hxx
+M Select3D:pubinclude:Select3D_ListNodeOfListOfSensitive.hxx /misc/dn61/LocalWOK/wok_entities/LOC/dev/CR671-FINAL1-CR671-FINAL1-occt/inc/Select3D_ListNodeOfListOfSensitive.hxx
+M Select3D:derivated:Select3D_ListNodeOfListOfSensitive_0.cxx /misc/dn61/LocalWOK/wok_entities/LOC/dev/CR671-FINAL1-CR671-FINAL1-occt/drv/Select3D/Select3D_ListNodeOfListOfSensitive_0.cxx
+M Select3D:pubinclude:Select3D_ListIteratorOfListOfSensitive.hxx /misc/dn61/LocalWOK/wok_entities/LOC/dev/CR671-FINAL1-CR671-FINAL1-occt/inc/Select3D_ListIteratorOfListOfSensitive.hxx
+M Select3D:derivated:Select3D_ListIteratorOfListOfSensitive_0.cxx /misc/dn61/LocalWOK/wok_entities/LOC/dev/CR671-FINAL1-CR671-FINAL1-occt/drv/Select3D/Select3D_ListIteratorOfListOfSensitive_0.cxx
+M Select3D:pubinclude:Select3D_TypeOfSensitivity.hxx /misc/dn61/LocalWOK/wok_entities/LOC/dev/CR671-FINAL1-CR671-FINAL1-occt/inc/Select3D_TypeOfSensitivity.hxx
+M Select3D:dbadmfile:Select3D_xcpp_header.In /misc/dn61/LocalWOK/wok_entities/LOC/dev/CR671-FINAL1-CR671-FINAL1-occt/drv/Select3D/.adm/Select3D_xcpp_header.In
+M Select3D:dbadmfile:Select3D_xcpp_header.Out /misc/dn61/LocalWOK/wok_entities/LOC/dev/CR671-FINAL1-CR671-FINAL1-occt/drv/Select3D/.adm/Select3D_xcpp_header.Out
+M Select3D:dbadmfile:Select3D_xcpp_header.Dep /misc/dn61/LocalWOK/wok_entities/LOC/dev/CR671-FINAL1-CR671-FINAL1-occt/drv/Select3D/.adm/Select3D_xcpp_header.Dep
