+M Visual3d:pubinclude:Visual3d_ContextPick.hxx /misc/dn61/LocalWOK/wok_entities/LOC/dev/CR671-FINAL1-CR671-FINAL1-occt/inc/Visual3d_ContextPick.hxx
+M Visual3d:privinclude:Visual3d_ContextPick.jxx /misc/dn61/LocalWOK/wok_entities/LOC/dev/CR671-FINAL1-CR671-FINAL1-occt/drv/Visual3d/Visual3d_ContextPick.jxx
+M Visual3d:privinclude:Visual3d_ContextPick.ixx /misc/dn61/LocalWOK/wok_entities/LOC/dev/CR671-FINAL1-CR671-FINAL1-occt/drv/Visual3d/Visual3d_ContextPick.ixx
+M Visual3d:pubinclude:Visual3d_ContextView.hxx /misc/dn61/LocalWOK/wok_entities/LOC/dev/CR671-FINAL1-CR671-FINAL1-occt/inc/Visual3d_ContextView.hxx
+M Visual3d:privinclude:Visual3d_ContextView.jxx /misc/dn61/LocalWOK/wok_entities/LOC/dev/CR671-FINAL1-CR671-FINAL1-occt/drv/Visual3d/Visual3d_ContextView.jxx
+M Visual3d:privinclude:Visual3d_ContextView.ixx /misc/dn61/LocalWOK/wok_entities/LOC/dev/CR671-FINAL1-CR671-FINAL1-occt/drv/Visual3d/Visual3d_ContextView.ixx
+M Visual3d:pubinclude:Handle_Visual3d_Light.hxx /misc/dn61/LocalWOK/wok_entities/LOC/dev/CR671-FINAL1-CR671-FINAL1-occt/inc/Handle_Visual3d_Light.hxx
+M Visual3d:pubinclude:Visual3d_Light.hxx /misc/dn61/LocalWOK/wok_entities/LOC/dev/CR671-FINAL1-CR671-FINAL1-occt/inc/Visual3d_Light.hxx
+M Visual3d:privinclude:Visual3d_Light.jxx /misc/dn61/LocalWOK/wok_entities/LOC/dev/CR671-FINAL1-CR671-FINAL1-occt/drv/Visual3d/Visual3d_Light.jxx
+M Visual3d:privinclude:Visual3d_Light.ixx /misc/dn61/LocalWOK/wok_entities/LOC/dev/CR671-FINAL1-CR671-FINAL1-occt/drv/Visual3d/Visual3d_Light.ixx
+M Visual3d:pubinclude:Visual3d_PickDescriptor.hxx /misc/dn61/LocalWOK/wok_entities/LOC/dev/CR671-FINAL1-CR671-FINAL1-occt/inc/Visual3d_PickDescriptor.hxx
+M Visual3d:privinclude:Visual3d_PickDescriptor.jxx /misc/dn61/LocalWOK/wok_entities/LOC/dev/CR671-FINAL1-CR671-FINAL1-occt/drv/Visual3d/Visual3d_PickDescriptor.jxx
+M Visual3d:privinclude:Visual3d_PickDescriptor.ixx /misc/dn61/LocalWOK/wok_entities/LOC/dev/CR671-FINAL1-CR671-FINAL1-occt/drv/Visual3d/Visual3d_PickDescriptor.ixx
+M Visual3d:pubinclude:Visual3d_PickPath.hxx /misc/dn61/LocalWOK/wok_entities/LOC/dev/CR671-FINAL1-CR671-FINAL1-occt/inc/Visual3d_PickPath.hxx
+M Visual3d:privinclude:Visual3d_PickPath.jxx /misc/dn61/LocalWOK/wok_entities/LOC/dev/CR671-FINAL1-CR671-FINAL1-occt/drv/Visual3d/Visual3d_PickPath.jxx
+M Visual3d:privinclude:Visual3d_PickPath.ixx /misc/dn61/LocalWOK/wok_entities/LOC/dev/CR671-FINAL1-CR671-FINAL1-occt/drv/Visual3d/Visual3d_PickPath.ixx
+M Visual3d:pubinclude:Handle_Visual3d_View.hxx /misc/dn61/LocalWOK/wok_entities/LOC/dev/CR671-FINAL1-CR671-FINAL1-occt/inc/Handle_Visual3d_View.hxx
+M Visual3d:pubinclude:Visual3d_View.hxx /misc/dn61/LocalWOK/wok_entities/LOC/dev/CR671-FINAL1-CR671-FINAL1-occt/inc/Visual3d_View.hxx
+M Visual3d:privinclude:Visual3d_View.jxx /misc/dn61/LocalWOK/wok_entities/LOC/dev/CR671-FINAL1-CR671-FINAL1-occt/drv/Visual3d/Visual3d_View.jxx
+M Visual3d:privinclude:Visual3d_View.ixx /misc/dn61/LocalWOK/wok_entities/LOC/dev/CR671-FINAL1-CR671-FINAL1-occt/drv/Visual3d/Visual3d_View.ixx
+M Visual3d:pubinclude:Handle_Visual3d_ViewManager.hxx /misc/dn61/LocalWOK/wok_entities/LOC/dev/CR671-FINAL1-CR671-FINAL1-occt/inc/Handle_Visual3d_ViewManager.hxx
+M Visual3d:pubinclude:Visual3d_ViewManager.hxx /misc/dn61/LocalWOK/wok_entities/LOC/dev/CR671-FINAL1-CR671-FINAL1-occt/inc/Visual3d_ViewManager.hxx
+M Visual3d:privinclude:Visual3d_ViewManager.jxx /misc/dn61/LocalWOK/wok_entities/LOC/dev/CR671-FINAL1-CR671-FINAL1-occt/drv/Visual3d/Visual3d_ViewManager.jxx
+M Visual3d:privinclude:Visual3d_ViewManager.ixx /misc/dn61/LocalWOK/wok_entities/LOC/dev/CR671-FINAL1-CR671-FINAL1-occt/drv/Visual3d/Visual3d_ViewManager.ixx
+M Visual3d:pubinclude:Visual3d_ViewMapping.hxx /misc/dn61/LocalWOK/wok_entities/LOC/dev/CR671-FINAL1-CR671-FINAL1-occt/inc/Visual3d_ViewMapping.hxx
+M Visual3d:privinclude:Visual3d_ViewMapping.jxx /misc/dn61/LocalWOK/wok_entities/LOC/dev/CR671-FINAL1-CR671-FINAL1-occt/drv/Visual3d/Visual3d_ViewMapping.jxx
+M Visual3d:privinclude:Visual3d_ViewMapping.ixx /misc/dn61/LocalWOK/wok_entities/LOC/dev/CR671-FINAL1-CR671-FINAL1-occt/drv/Visual3d/Visual3d_ViewMapping.ixx
+M Visual3d:pubinclude:Visual3d_ViewOrientation.hxx /misc/dn61/LocalWOK/wok_entities/LOC/dev/CR671-FINAL1-CR671-FINAL1-occt/inc/Visual3d_ViewOrientation.hxx
+M Visual3d:privinclude:Visual3d_ViewOrientation.jxx /misc/dn61/LocalWOK/wok_entities/LOC/dev/CR671-FINAL1-CR671-FINAL1-occt/drv/Visual3d/Visual3d_ViewOrientation.jxx
+M Visual3d:privinclude:Visual3d_ViewOrientation.ixx /misc/dn61/LocalWOK/wok_entities/LOC/dev/CR671-FINAL1-CR671-FINAL1-occt/drv/Visual3d/Visual3d_ViewOrientation.ixx
+M Visual3d:pubinclude:Handle_Visual3d_TransientManager.hxx /misc/dn61/LocalWOK/wok_entities/LOC/dev/CR671-FINAL1-CR671-FINAL1-occt/inc/Handle_Visual3d_TransientManager.hxx
+M Visual3d:pubinclude:Visual3d_TransientManager.hxx /misc/dn61/LocalWOK/wok_entities/LOC/dev/CR671-FINAL1-CR671-FINAL1-occt/inc/Visual3d_TransientManager.hxx
+M Visual3d:privinclude:Visual3d_TransientManager.jxx /misc/dn61/LocalWOK/wok_entities/LOC/dev/CR671-FINAL1-CR671-FINAL1-occt/drv/Visual3d/Visual3d_TransientManager.jxx
+M Visual3d:privinclude:Visual3d_TransientManager.ixx /misc/dn61/LocalWOK/wok_entities/LOC/dev/CR671-FINAL1-CR671-FINAL1-occt/drv/Visual3d/Visual3d_TransientManager.ixx
+M Visual3d:pubinclude:Handle_Visual3d_Layer.hxx /misc/dn61/LocalWOK/wok_entities/LOC/dev/CR671-FINAL1-CR671-FINAL1-occt/inc/Handle_Visual3d_Layer.hxx
+M Visual3d:pubinclude:Visual3d_Layer.hxx /misc/dn61/LocalWOK/wok_entities/LOC/dev/CR671-FINAL1-CR671-FINAL1-occt/inc/Visual3d_Layer.hxx
+M Visual3d:privinclude:Visual3d_Layer.jxx /misc/dn61/LocalWOK/wok_entities/LOC/dev/CR671-FINAL1-CR671-FINAL1-occt/drv/Visual3d/Visual3d_Layer.jxx
+M Visual3d:privinclude:Visual3d_Layer.ixx /misc/dn61/LocalWOK/wok_entities/LOC/dev/CR671-FINAL1-CR671-FINAL1-occt/drv/Visual3d/Visual3d_Layer.ixx
+M Visual3d:pubinclude:Handle_Visual3d_LayerItem.hxx /misc/dn61/LocalWOK/wok_entities/LOC/dev/CR671-FINAL1-CR671-FINAL1-occt/inc/Handle_Visual3d_LayerItem.hxx
+M Visual3d:pubinclude:Visual3d_LayerItem.hxx /misc/dn61/LocalWOK/wok_entities/LOC/dev/CR671-FINAL1-CR671-FINAL1-occt/inc/Visual3d_LayerItem.hxx
+M Visual3d:privinclude:Visual3d_LayerItem.jxx /misc/dn61/LocalWOK/wok_entities/LOC/dev/CR671-FINAL1-CR671-FINAL1-occt/drv/Visual3d/Visual3d_LayerItem.jxx
+M Visual3d:privinclude:Visual3d_LayerItem.ixx /misc/dn61/LocalWOK/wok_entities/LOC/dev/CR671-FINAL1-CR671-FINAL1-occt/drv/Visual3d/Visual3d_LayerItem.ixx
+M Visual3d:pubinclude:Visual3d_SequenceOfPickPath.hxx /misc/dn61/LocalWOK/wok_entities/LOC/dev/CR671-FINAL1-CR671-FINAL1-occt/inc/Visual3d_SequenceOfPickPath.hxx
+M Visual3d:derivated:Visual3d_SequenceOfPickPath_0.cxx /misc/dn61/LocalWOK/wok_entities/LOC/dev/CR671-FINAL1-CR671-FINAL1-occt/drv/Visual3d/Visual3d_SequenceOfPickPath_0.cxx
+M Visual3d:pubinclude:Handle_Visual3d_HSequenceOfPickPath.hxx /misc/dn61/LocalWOK/wok_entities/LOC/dev/CR671-FINAL1-CR671-FINAL1-occt/inc/Handle_Visual3d_HSequenceOfPickPath.hxx
+M Visual3d:pubinclude:Visual3d_HSequenceOfPickPath.hxx /misc/dn61/LocalWOK/wok_entities/LOC/dev/CR671-FINAL1-CR671-FINAL1-occt/inc/Visual3d_HSequenceOfPickPath.hxx
+M Visual3d:derivated:Visual3d_HSequenceOfPickPath_0.cxx /misc/dn61/LocalWOK/wok_entities/LOC/dev/CR671-FINAL1-CR671-FINAL1-occt/drv/Visual3d/Visual3d_HSequenceOfPickPath_0.cxx
+M Visual3d:pubinclude:Visual3d_SetOfLight.hxx /misc/dn61/LocalWOK/wok_entities/LOC/dev/CR671-FINAL1-CR671-FINAL1-occt/inc/Visual3d_SetOfLight.hxx
+M Visual3d:derivated:Visual3d_SetOfLight_0.cxx /misc/dn61/LocalWOK/wok_entities/LOC/dev/CR671-FINAL1-CR671-FINAL1-occt/drv/Visual3d/Visual3d_SetOfLight_0.cxx
+M Visual3d:pubinclude:Handle_Visual3d_HSetOfLight.hxx /misc/dn61/LocalWOK/wok_entities/LOC/dev/CR671-FINAL1-CR671-FINAL1-occt/inc/Handle_Visual3d_HSetOfLight.hxx
+M Visual3d:pubinclude:Visual3d_HSetOfLight.hxx /misc/dn61/LocalWOK/wok_entities/LOC/dev/CR671-FINAL1-CR671-FINAL1-occt/inc/Visual3d_HSetOfLight.hxx
+M Visual3d:derivated:Visual3d_HSetOfLight_0.cxx /misc/dn61/LocalWOK/wok_entities/LOC/dev/CR671-FINAL1-CR671-FINAL1-occt/drv/Visual3d/Visual3d_HSetOfLight_0.cxx
+M Visual3d:pubinclude:Visual3d_SetOfView.hxx /misc/dn61/LocalWOK/wok_entities/LOC/dev/CR671-FINAL1-CR671-FINAL1-occt/inc/Visual3d_SetOfView.hxx
+M Visual3d:derivated:Visual3d_SetOfView_0.cxx /misc/dn61/LocalWOK/wok_entities/LOC/dev/CR671-FINAL1-CR671-FINAL1-occt/drv/Visual3d/Visual3d_SetOfView_0.cxx
+M Visual3d:pubinclude:Handle_Visual3d_HSetOfView.hxx /misc/dn61/LocalWOK/wok_entities/LOC/dev/CR671-FINAL1-CR671-FINAL1-occt/inc/Handle_Visual3d_HSetOfView.hxx
+M Visual3d:pubinclude:Visual3d_HSetOfView.hxx /misc/dn61/LocalWOK/wok_entities/LOC/dev/CR671-FINAL1-CR671-FINAL1-occt/inc/Visual3d_HSetOfView.hxx
+M Visual3d:derivated:Visual3d_HSetOfView_0.cxx /misc/dn61/LocalWOK/wok_entities/LOC/dev/CR671-FINAL1-CR671-FINAL1-occt/drv/Visual3d/Visual3d_HSetOfView_0.cxx
+M Visual3d:pubinclude:Handle_Visual3d_SequenceNodeOfSequenceOfPickPath.hxx /misc/dn61/LocalWOK/wok_entities/LOC/dev/CR671-FINAL1-CR671-FINAL1-occt/inc/Handle_Visual3d_SequenceNodeOfSequenceOfPickPath.hxx
+M Visual3d:pubinclude:Visual3d_SequenceNodeOfSequenceOfPickPath.hxx /misc/dn61/LocalWOK/wok_entities/LOC/dev/CR671-FINAL1-CR671-FINAL1-occt/inc/Visual3d_SequenceNodeOfSequenceOfPickPath.hxx
+M Visual3d:derivated:Visual3d_SequenceNodeOfSequenceOfPickPath_0.cxx /misc/dn61/LocalWOK/wok_entities/LOC/dev/CR671-FINAL1-CR671-FINAL1-occt/drv/Visual3d/Visual3d_SequenceNodeOfSequenceOfPickPath_0.cxx
+M Visual3d:pubinclude:Handle_Visual3d_ListNodeOfSetListOfSetOfLight.hxx /misc/dn61/LocalWOK/wok_entities/LOC/dev/CR671-FINAL1-CR671-FINAL1-occt/inc/Handle_Visual3d_ListNodeOfSetListOfSetOfLight.hxx
+M Visual3d:pubinclude:Visual3d_ListNodeOfSetListOfSetOfLight.hxx /misc/dn61/LocalWOK/wok_entities/LOC/dev/CR671-FINAL1-CR671-FINAL1-occt/inc/Visual3d_ListNodeOfSetListOfSetOfLight.hxx
+M Visual3d:derivated:Visual3d_ListNodeOfSetListOfSetOfLight_0.cxx /misc/dn61/LocalWOK/wok_entities/LOC/dev/CR671-FINAL1-CR671-FINAL1-occt/drv/Visual3d/Visual3d_ListNodeOfSetListOfSetOfLight_0.cxx
+M Visual3d:pubinclude:Visual3d_ListIteratorOfSetListOfSetOfLight.hxx /misc/dn61/LocalWOK/wok_entities/LOC/dev/CR671-FINAL1-CR671-FINAL1-occt/inc/Visual3d_ListIteratorOfSetListOfSetOfLight.hxx
+M Visual3d:derivated:Visual3d_ListIteratorOfSetListOfSetOfLight_0.cxx /misc/dn61/LocalWOK/wok_entities/LOC/dev/CR671-FINAL1-CR671-FINAL1-occt/drv/Visual3d/Visual3d_ListIteratorOfSetListOfSetOfLight_0.cxx
+M Visual3d:pubinclude:Visual3d_SetListOfSetOfLight.hxx /misc/dn61/LocalWOK/wok_entities/LOC/dev/CR671-FINAL1-CR671-FINAL1-occt/inc/Visual3d_SetListOfSetOfLight.hxx
+M Visual3d:derivated:Visual3d_SetListOfSetOfLight_0.cxx /misc/dn61/LocalWOK/wok_entities/LOC/dev/CR671-FINAL1-CR671-FINAL1-occt/drv/Visual3d/Visual3d_SetListOfSetOfLight_0.cxx
+M Visual3d:pubinclude:Visual3d_SetIteratorOfSetOfLight.hxx /misc/dn61/LocalWOK/wok_entities/LOC/dev/CR671-FINAL1-CR671-FINAL1-occt/inc/Visual3d_SetIteratorOfSetOfLight.hxx
+M Visual3d:derivated:Visual3d_SetIteratorOfSetOfLight_0.cxx /misc/dn61/LocalWOK/wok_entities/LOC/dev/CR671-FINAL1-CR671-FINAL1-occt/drv/Visual3d/Visual3d_SetIteratorOfSetOfLight_0.cxx
+M Visual3d:pubinclude:Handle_Visual3d_ListNodeOfSetListOfSetOfView.hxx /misc/dn61/LocalWOK/wok_entities/LOC/dev/CR671-FINAL1-CR671-FINAL1-occt/inc/Handle_Visual3d_ListNodeOfSetListOfSetOfView.hxx
+M Visual3d:pubinclude:Visual3d_ListNodeOfSetListOfSetOfView.hxx /misc/dn61/LocalWOK/wok_entities/LOC/dev/CR671-FINAL1-CR671-FINAL1-occt/inc/Visual3d_ListNodeOfSetListOfSetOfView.hxx
+M Visual3d:derivated:Visual3d_ListNodeOfSetListOfSetOfView_0.cxx /misc/dn61/LocalWOK/wok_entities/LOC/dev/CR671-FINAL1-CR671-FINAL1-occt/drv/Visual3d/Visual3d_ListNodeOfSetListOfSetOfView_0.cxx
+M Visual3d:pubinclude:Visual3d_ListIteratorOfSetListOfSetOfView.hxx /misc/dn61/LocalWOK/wok_entities/LOC/dev/CR671-FINAL1-CR671-FINAL1-occt/inc/Visual3d_ListIteratorOfSetListOfSetOfView.hxx
+M Visual3d:derivated:Visual3d_ListIteratorOfSetListOfSetOfView_0.cxx /misc/dn61/LocalWOK/wok_entities/LOC/dev/CR671-FINAL1-CR671-FINAL1-occt/drv/Visual3d/Visual3d_ListIteratorOfSetListOfSetOfView_0.cxx
+M Visual3d:pubinclude:Visual3d_SetListOfSetOfView.hxx /misc/dn61/LocalWOK/wok_entities/LOC/dev/CR671-FINAL1-CR671-FINAL1-occt/inc/Visual3d_SetListOfSetOfView.hxx
+M Visual3d:derivated:Visual3d_SetListOfSetOfView_0.cxx /misc/dn61/LocalWOK/wok_entities/LOC/dev/CR671-FINAL1-CR671-FINAL1-occt/drv/Visual3d/Visual3d_SetListOfSetOfView_0.cxx
+M Visual3d:pubinclude:Visual3d_SetIteratorOfSetOfView.hxx /misc/dn61/LocalWOK/wok_entities/LOC/dev/CR671-FINAL1-CR671-FINAL1-occt/inc/Visual3d_SetIteratorOfSetOfView.hxx
+M Visual3d:derivated:Visual3d_SetIteratorOfSetOfView_0.cxx /misc/dn61/LocalWOK/wok_entities/LOC/dev/CR671-FINAL1-CR671-FINAL1-occt/drv/Visual3d/Visual3d_SetIteratorOfSetOfView_0.cxx
+M Visual3d:pubinclude:Handle_Visual3d_ClipDefinitionError.hxx /misc/dn61/LocalWOK/wok_entities/LOC/dev/CR671-FINAL1-CR671-FINAL1-occt/inc/Handle_Visual3d_ClipDefinitionError.hxx
+M Visual3d:pubinclude:Visual3d_ClipDefinitionError.hxx /misc/dn61/LocalWOK/wok_entities/LOC/dev/CR671-FINAL1-CR671-FINAL1-occt/inc/Visual3d_ClipDefinitionError.hxx
+M Visual3d:derivated:Visual3d_ClipDefinitionError_0.cxx /misc/dn61/LocalWOK/wok_entities/LOC/dev/CR671-FINAL1-CR671-FINAL1-occt/drv/Visual3d/Visual3d_ClipDefinitionError_0.cxx
+M Visual3d:pubinclude:Handle_Visual3d_ContextPickDefinitionError.hxx /misc/dn61/LocalWOK/wok_entities/LOC/dev/CR671-FINAL1-CR671-FINAL1-occt/inc/Handle_Visual3d_ContextPickDefinitionError.hxx
+M Visual3d:pubinclude:Visual3d_ContextPickDefinitionError.hxx /misc/dn61/LocalWOK/wok_entities/LOC/dev/CR671-FINAL1-CR671-FINAL1-occt/inc/Visual3d_ContextPickDefinitionError.hxx
+M Visual3d:derivated:Visual3d_ContextPickDefinitionError_0.cxx /misc/dn61/LocalWOK/wok_entities/LOC/dev/CR671-FINAL1-CR671-FINAL1-occt/drv/Visual3d/Visual3d_ContextPickDefinitionError_0.cxx
+M Visual3d:pubinclude:Handle_Visual3d_DepthCueingDefinitionError.hxx /misc/dn61/LocalWOK/wok_entities/LOC/dev/CR671-FINAL1-CR671-FINAL1-occt/inc/Handle_Visual3d_DepthCueingDefinitionError.hxx
+M Visual3d:pubinclude:Visual3d_DepthCueingDefinitionError.hxx /misc/dn61/LocalWOK/wok_entities/LOC/dev/CR671-FINAL1-CR671-FINAL1-occt/inc/Visual3d_DepthCueingDefinitionError.hxx
+M Visual3d:derivated:Visual3d_DepthCueingDefinitionError_0.cxx /misc/dn61/LocalWOK/wok_entities/LOC/dev/CR671-FINAL1-CR671-FINAL1-occt/drv/Visual3d/Visual3d_DepthCueingDefinitionError_0.cxx
+M Visual3d:pubinclude:Handle_Visual3d_LightDefinitionError.hxx /misc/dn61/LocalWOK/wok_entities/LOC/dev/CR671-FINAL1-CR671-FINAL1-occt/inc/Handle_Visual3d_LightDefinitionError.hxx
+M Visual3d:pubinclude:Visual3d_LightDefinitionError.hxx /misc/dn61/LocalWOK/wok_entities/LOC/dev/CR671-FINAL1-CR671-FINAL1-occt/inc/Visual3d_LightDefinitionError.hxx
+M Visual3d:derivated:Visual3d_LightDefinitionError_0.cxx /misc/dn61/LocalWOK/wok_entities/LOC/dev/CR671-FINAL1-CR671-FINAL1-occt/drv/Visual3d/Visual3d_LightDefinitionError_0.cxx
+M Visual3d:pubinclude:Handle_Visual3d_PickError.hxx /misc/dn61/LocalWOK/wok_entities/LOC/dev/CR671-FINAL1-CR671-FINAL1-occt/inc/Handle_Visual3d_PickError.hxx
+M Visual3d:pubinclude:Visual3d_PickError.hxx /misc/dn61/LocalWOK/wok_entities/LOC/dev/CR671-FINAL1-CR671-FINAL1-occt/inc/Visual3d_PickError.hxx
+M Visual3d:derivated:Visual3d_PickError_0.cxx /misc/dn61/LocalWOK/wok_entities/LOC/dev/CR671-FINAL1-CR671-FINAL1-occt/drv/Visual3d/Visual3d_PickError_0.cxx
+M Visual3d:pubinclude:Handle_Visual3d_TransformError.hxx /misc/dn61/LocalWOK/wok_entities/LOC/dev/CR671-FINAL1-CR671-FINAL1-occt/inc/Handle_Visual3d_TransformError.hxx
+M Visual3d:pubinclude:Visual3d_TransformError.hxx /misc/dn61/LocalWOK/wok_entities/LOC/dev/CR671-FINAL1-CR671-FINAL1-occt/inc/Visual3d_TransformError.hxx
+M Visual3d:derivated:Visual3d_TransformError_0.cxx /misc/dn61/LocalWOK/wok_entities/LOC/dev/CR671-FINAL1-CR671-FINAL1-occt/drv/Visual3d/Visual3d_TransformError_0.cxx
+M Visual3d:pubinclude:Handle_Visual3d_ViewDefinitionError.hxx /misc/dn61/LocalWOK/wok_entities/LOC/dev/CR671-FINAL1-CR671-FINAL1-occt/inc/Handle_Visual3d_ViewDefinitionError.hxx
+M Visual3d:pubinclude:Visual3d_ViewDefinitionError.hxx /misc/dn61/LocalWOK/wok_entities/LOC/dev/CR671-FINAL1-CR671-FINAL1-occt/inc/Visual3d_ViewDefinitionError.hxx
+M Visual3d:derivated:Visual3d_ViewDefinitionError_0.cxx /misc/dn61/LocalWOK/wok_entities/LOC/dev/CR671-FINAL1-CR671-FINAL1-occt/drv/Visual3d/Visual3d_ViewDefinitionError_0.cxx
+M Visual3d:pubinclude:Handle_Visual3d_ViewManagerDefinitionError.hxx /misc/dn61/LocalWOK/wok_entities/LOC/dev/CR671-FINAL1-CR671-FINAL1-occt/inc/Handle_Visual3d_ViewManagerDefinitionError.hxx
+M Visual3d:pubinclude:Visual3d_ViewManagerDefinitionError.hxx /misc/dn61/LocalWOK/wok_entities/LOC/dev/CR671-FINAL1-CR671-FINAL1-occt/inc/Visual3d_ViewManagerDefinitionError.hxx
+M Visual3d:derivated:Visual3d_ViewManagerDefinitionError_0.cxx /misc/dn61/LocalWOK/wok_entities/LOC/dev/CR671-FINAL1-CR671-FINAL1-occt/drv/Visual3d/Visual3d_ViewManagerDefinitionError_0.cxx
+M Visual3d:pubinclude:Handle_Visual3d_ViewMappingDefinitionError.hxx /misc/dn61/LocalWOK/wok_entities/LOC/dev/CR671-FINAL1-CR671-FINAL1-occt/inc/Handle_Visual3d_ViewMappingDefinitionError.hxx
+M Visual3d:pubinclude:Visual3d_ViewMappingDefinitionError.hxx /misc/dn61/LocalWOK/wok_entities/LOC/dev/CR671-FINAL1-CR671-FINAL1-occt/inc/Visual3d_ViewMappingDefinitionError.hxx
+M Visual3d:derivated:Visual3d_ViewMappingDefinitionError_0.cxx /misc/dn61/LocalWOK/wok_entities/LOC/dev/CR671-FINAL1-CR671-FINAL1-occt/drv/Visual3d/Visual3d_ViewMappingDefinitionError_0.cxx
+M Visual3d:pubinclude:Handle_Visual3d_ViewOrientationDefinitionError.hxx /misc/dn61/LocalWOK/wok_entities/LOC/dev/CR671-FINAL1-CR671-FINAL1-occt/inc/Handle_Visual3d_ViewOrientationDefinitionError.hxx
+M Visual3d:pubinclude:Visual3d_ViewOrientationDefinitionError.hxx /misc/dn61/LocalWOK/wok_entities/LOC/dev/CR671-FINAL1-CR671-FINAL1-occt/inc/Visual3d_ViewOrientationDefinitionError.hxx
+M Visual3d:derivated:Visual3d_ViewOrientationDefinitionError_0.cxx /misc/dn61/LocalWOK/wok_entities/LOC/dev/CR671-FINAL1-CR671-FINAL1-occt/drv/Visual3d/Visual3d_ViewOrientationDefinitionError_0.cxx
+M Visual3d:pubinclude:Handle_Visual3d_ZClippingDefinitionError.hxx /misc/dn61/LocalWOK/wok_entities/LOC/dev/CR671-FINAL1-CR671-FINAL1-occt/inc/Handle_Visual3d_ZClippingDefinitionError.hxx
+M Visual3d:pubinclude:Visual3d_ZClippingDefinitionError.hxx /misc/dn61/LocalWOK/wok_entities/LOC/dev/CR671-FINAL1-CR671-FINAL1-occt/inc/Visual3d_ZClippingDefinitionError.hxx
+M Visual3d:derivated:Visual3d_ZClippingDefinitionError_0.cxx /misc/dn61/LocalWOK/wok_entities/LOC/dev/CR671-FINAL1-CR671-FINAL1-occt/drv/Visual3d/Visual3d_ZClippingDefinitionError_0.cxx
+M Visual3d:pubinclude:Handle_Visual3d_TransientDefinitionError.hxx /misc/dn61/LocalWOK/wok_entities/LOC/dev/CR671-FINAL1-CR671-FINAL1-occt/inc/Handle_Visual3d_TransientDefinitionError.hxx
+M Visual3d:pubinclude:Visual3d_TransientDefinitionError.hxx /misc/dn61/LocalWOK/wok_entities/LOC/dev/CR671-FINAL1-CR671-FINAL1-occt/inc/Visual3d_TransientDefinitionError.hxx
+M Visual3d:derivated:Visual3d_TransientDefinitionError_0.cxx /misc/dn61/LocalWOK/wok_entities/LOC/dev/CR671-FINAL1-CR671-FINAL1-occt/drv/Visual3d/Visual3d_TransientDefinitionError_0.cxx
+M Visual3d:pubinclude:Handle_Visual3d_LayerDefinitionError.hxx /misc/dn61/LocalWOK/wok_entities/LOC/dev/CR671-FINAL1-CR671-FINAL1-occt/inc/Handle_Visual3d_LayerDefinitionError.hxx
+M Visual3d:pubinclude:Visual3d_LayerDefinitionError.hxx /misc/dn61/LocalWOK/wok_entities/LOC/dev/CR671-FINAL1-CR671-FINAL1-occt/inc/Visual3d_LayerDefinitionError.hxx
+M Visual3d:derivated:Visual3d_LayerDefinitionError_0.cxx /misc/dn61/LocalWOK/wok_entities/LOC/dev/CR671-FINAL1-CR671-FINAL1-occt/drv/Visual3d/Visual3d_LayerDefinitionError_0.cxx
+M Visual3d:pubinclude:Visual3d_TypeOfAnswer.hxx /misc/dn61/LocalWOK/wok_entities/LOC/dev/CR671-FINAL1-CR671-FINAL1-occt/inc/Visual3d_TypeOfAnswer.hxx
+M Visual3d:pubinclude:Visual3d_TypeOfLightSource.hxx /misc/dn61/LocalWOK/wok_entities/LOC/dev/CR671-FINAL1-CR671-FINAL1-occt/inc/Visual3d_TypeOfLightSource.hxx
+M Visual3d:pubinclude:Visual3d_TypeOfModel.hxx /misc/dn61/LocalWOK/wok_entities/LOC/dev/CR671-FINAL1-CR671-FINAL1-occt/inc/Visual3d_TypeOfModel.hxx
+M Visual3d:pubinclude:Visual3d_TypeOfOrder.hxx /misc/dn61/LocalWOK/wok_entities/LOC/dev/CR671-FINAL1-CR671-FINAL1-occt/inc/Visual3d_TypeOfOrder.hxx
+M Visual3d:pubinclude:Visual3d_TypeOfProjection.hxx /misc/dn61/LocalWOK/wok_entities/LOC/dev/CR671-FINAL1-CR671-FINAL1-occt/inc/Visual3d_TypeOfProjection.hxx
+M Visual3d:pubinclude:Visual3d_TypeOfVisualization.hxx /misc/dn61/LocalWOK/wok_entities/LOC/dev/CR671-FINAL1-CR671-FINAL1-occt/inc/Visual3d_TypeOfVisualization.hxx
+M Visual3d:pubinclude:Visual3d_TypeOfSurfaceDetail.hxx /misc/dn61/LocalWOK/wok_entities/LOC/dev/CR671-FINAL1-CR671-FINAL1-occt/inc/Visual3d_TypeOfSurfaceDetail.hxx
+M Visual3d:pubinclude:Visual3d_TypeOfBackfacingModel.hxx /misc/dn61/LocalWOK/wok_entities/LOC/dev/CR671-FINAL1-CR671-FINAL1-occt/inc/Visual3d_TypeOfBackfacingModel.hxx
+M Visual3d:pubinclude:Visual3d_ViewPtr.hxx /misc/dn61/LocalWOK/wok_entities/LOC/dev/CR671-FINAL1-CR671-FINAL1-occt/inc/Visual3d_ViewPtr.hxx
+M Visual3d:pubinclude:Visual3d_ViewManagerPtr.hxx /misc/dn61/LocalWOK/wok_entities/LOC/dev/CR671-FINAL1-CR671-FINAL1-occt/inc/Visual3d_ViewManagerPtr.hxx
+M Visual3d:dbadmfile:Visual3d_xcpp_header.In /misc/dn61/LocalWOK/wok_entities/LOC/dev/CR671-FINAL1-CR671-FINAL1-occt/drv/Visual3d/.adm/Visual3d_xcpp_header.In
+M Visual3d:dbadmfile:Visual3d_xcpp_header.Out /misc/dn61/LocalWOK/wok_entities/LOC/dev/CR671-FINAL1-CR671-FINAL1-occt/drv/Visual3d/.adm/Visual3d_xcpp_header.Out
+M Visual3d:dbadmfile:Visual3d_xcpp_header.Dep /misc/dn61/LocalWOK/wok_entities/LOC/dev/CR671-FINAL1-CR671-FINAL1-occt/drv/Visual3d/.adm/Visual3d_xcpp_header.Dep
