+M Extrema:pubinclude:Extrema_HUBTreeOfSphere.hxx /misc/dn61/LocalWOK/wok_entities/LOC/dev/CR671-FINAL1-CR671-FINAL1-occt/inc/Extrema_HUBTreeOfSphere.hxx
+M Extrema:pubinclude:Extrema_CurveTool.lxx /misc/dn61/LocalWOK/wok_entities/LOC/dev/CR671-FINAL1-CR671-FINAL1-occt/inc/Extrema_CurveTool.lxx
+M Extrema:pubinclude:Extrema_Curve2dTool.lxx /misc/dn61/LocalWOK/wok_entities/LOC/dev/CR671-FINAL1-CR671-FINAL1-occt/inc/Extrema_Curve2dTool.lxx
+M Extrema:pubinclude:Extrema_Point.gxx /misc/dn61/LocalWOK/wok_entities/LOC/dev/CR671-FINAL1-CR671-FINAL1-occt/inc/Extrema_Point.gxx
+M Extrema:pubinclude:Extrema_Point.lxx /misc/dn61/LocalWOK/wok_entities/LOC/dev/CR671-FINAL1-CR671-FINAL1-occt/inc/Extrema_Point.lxx
+M Extrema:pubinclude:Extrema_POnSurf.lxx /misc/dn61/LocalWOK/wok_entities/LOC/dev/CR671-FINAL1-CR671-FINAL1-occt/inc/Extrema_POnSurf.lxx
+M Extrema:pubinclude:Extrema_POnSurfParams.lxx /misc/dn61/LocalWOK/wok_entities/LOC/dev/CR671-FINAL1-CR671-FINAL1-occt/inc/Extrema_POnSurfParams.lxx
+M Extrema:pubinclude:Extrema_ExtPSOfRev.gxx /misc/dn61/LocalWOK/wok_entities/LOC/dev/CR671-FINAL1-CR671-FINAL1-occt/inc/Extrema_ExtPSOfRev.gxx
+M Extrema:pubinclude:Extrema_FuncExtPC.gxx /misc/dn61/LocalWOK/wok_entities/LOC/dev/CR671-FINAL1-CR671-FINAL1-occt/inc/Extrema_FuncExtPC.gxx
+M Extrema:pubinclude:Extrema_GenExtPC.gxx /misc/dn61/LocalWOK/wok_entities/LOC/dev/CR671-FINAL1-CR671-FINAL1-occt/inc/Extrema_GenExtPC.gxx
+M Extrema:pubinclude:Extrema_GenLocateExtPC.gxx /misc/dn61/LocalWOK/wok_entities/LOC/dev/CR671-FINAL1-CR671-FINAL1-occt/inc/Extrema_GenLocateExtPC.gxx
+M Extrema:pubinclude:Extrema_FuncExtCC.gxx /misc/dn61/LocalWOK/wok_entities/LOC/dev/CR671-FINAL1-CR671-FINAL1-occt/inc/Extrema_FuncExtCC.gxx
+M Extrema:pubinclude:Extrema_FuncExtCC.lxx /misc/dn61/LocalWOK/wok_entities/LOC/dev/CR671-FINAL1-CR671-FINAL1-occt/inc/Extrema_FuncExtCC.lxx
+M Extrema:pubinclude:Extrema_GenExtCC.gxx /misc/dn61/LocalWOK/wok_entities/LOC/dev/CR671-FINAL1-CR671-FINAL1-occt/inc/Extrema_GenExtCC.gxx
+M Extrema:pubinclude:Extrema_GenLocateExtCC.gxx /misc/dn61/LocalWOK/wok_entities/LOC/dev/CR671-FINAL1-CR671-FINAL1-occt/inc/Extrema_GenLocateExtCC.gxx
+M Extrema:pubinclude:Extrema_CurveCache.gxx /misc/dn61/LocalWOK/wok_entities/LOC/dev/CR671-FINAL1-CR671-FINAL1-occt/inc/Extrema_CurveCache.gxx
+M Extrema:pubinclude:Extrema_CurveCache.lxx /misc/dn61/LocalWOK/wok_entities/LOC/dev/CR671-FINAL1-CR671-FINAL1-occt/inc/Extrema_CurveCache.lxx
+M Extrema:pubinclude:Extrema_GExtPC.gxx /misc/dn61/LocalWOK/wok_entities/LOC/dev/CR671-FINAL1-CR671-FINAL1-occt/inc/Extrema_GExtPC.gxx
+M Extrema:pubinclude:Extrema_GLocateExtPC.gxx /misc/dn61/LocalWOK/wok_entities/LOC/dev/CR671-FINAL1-CR671-FINAL1-occt/inc/Extrema_GLocateExtPC.gxx
+M Extrema:pubinclude:Extrema_GExtCC.gxx /misc/dn61/LocalWOK/wok_entities/LOC/dev/CR671-FINAL1-CR671-FINAL1-occt/inc/Extrema_GExtCC.gxx
+M Extrema:pubinclude:Extrema_GLocateExtCC.gxx /misc/dn61/LocalWOK/wok_entities/LOC/dev/CR671-FINAL1-CR671-FINAL1-occt/inc/Extrema_GLocateExtCC.gxx
+M Extrema:pubinclude:Extrema_GExtCC2d.gxx /misc/dn61/LocalWOK/wok_entities/LOC/dev/CR671-FINAL1-CR671-FINAL1-occt/inc/Extrema_GExtCC2d.gxx
+M Extrema:pubinclude:Extrema_GLocateExtCC2d.gxx /misc/dn61/LocalWOK/wok_entities/LOC/dev/CR671-FINAL1-CR671-FINAL1-occt/inc/Extrema_GLocateExtCC2d.gxx
+M Extrema:pubinclude:Extrema_CurveLocator.gxx /misc/dn61/LocalWOK/wok_entities/LOC/dev/CR671-FINAL1-CR671-FINAL1-occt/inc/Extrema_CurveLocator.gxx
+M Extrema:dbadmfile:Extrema_obj_inc.In /misc/dn61/LocalWOK/wok_entities/LOC/dev/CR671-FINAL1-CR671-FINAL1-occt/drv/Extrema/.adm/Extrema_obj_inc.In
+M Extrema:dbadmfile:Extrema_obj_inc.Out /misc/dn61/LocalWOK/wok_entities/LOC/dev/CR671-FINAL1-CR671-FINAL1-occt/drv/Extrema/.adm/Extrema_obj_inc.Out
+M Extrema:dbadmfile:Extrema_obj_inc.Dep /misc/dn61/LocalWOK/wok_entities/LOC/dev/CR671-FINAL1-CR671-FINAL1-occt/drv/Extrema/.adm/Extrema_obj_inc.Dep
