+M OpenGl:pubinclude:Handle_OpenGl_GraphicDriver.hxx /misc/dn61/LocalWOK/wok_entities/LOC/dev/CR671-FINAL1-CR671-FINAL1-occt/inc/Handle_OpenGl_GraphicDriver.hxx
+M OpenGl:pubinclude:OpenGl_GraphicDriver.hxx /misc/dn61/LocalWOK/wok_entities/LOC/dev/CR671-FINAL1-CR671-FINAL1-occt/inc/OpenGl_GraphicDriver.hxx
+M OpenGl:pubinclude:OpenGl_AspectLine.hxx /misc/dn61/LocalWOK/wok_entities/LOC/dev/CR671-FINAL1-CR671-FINAL1-occt/inc/OpenGl_AspectLine.hxx
+M OpenGl:pubinclude:OpenGl_AspectFace.hxx /misc/dn61/LocalWOK/wok_entities/LOC/dev/CR671-FINAL1-CR671-FINAL1-occt/inc/OpenGl_AspectFace.hxx
+M OpenGl:pubinclude:OpenGl_AspectMarker.hxx /misc/dn61/LocalWOK/wok_entities/LOC/dev/CR671-FINAL1-CR671-FINAL1-occt/inc/OpenGl_AspectMarker.hxx
+M OpenGl:pubinclude:OpenGl_AspectText.hxx /misc/dn61/LocalWOK/wok_entities/LOC/dev/CR671-FINAL1-CR671-FINAL1-occt/inc/OpenGl_AspectText.hxx
+M OpenGl:pubinclude:OpenGl_Group.hxx /misc/dn61/LocalWOK/wok_entities/LOC/dev/CR671-FINAL1-CR671-FINAL1-occt/inc/OpenGl_Group.hxx
+M OpenGl:pubinclude:OpenGl_Structure.hxx /misc/dn61/LocalWOK/wok_entities/LOC/dev/CR671-FINAL1-CR671-FINAL1-occt/inc/OpenGl_Structure.hxx
+M OpenGl:pubinclude:OpenGl_Element.hxx /misc/dn61/LocalWOK/wok_entities/LOC/dev/CR671-FINAL1-CR671-FINAL1-occt/inc/OpenGl_Element.hxx
+M OpenGl:pubinclude:OpenGl_Text.hxx /misc/dn61/LocalWOK/wok_entities/LOC/dev/CR671-FINAL1-CR671-FINAL1-occt/inc/OpenGl_Text.hxx
+M OpenGl:pubinclude:OpenGl_TextFormatter.hxx /misc/dn61/LocalWOK/wok_entities/LOC/dev/CR671-FINAL1-CR671-FINAL1-occt/inc/OpenGl_TextFormatter.hxx
+M OpenGl:pubinclude:OpenGl_PointSprite.hxx /misc/dn61/LocalWOK/wok_entities/LOC/dev/CR671-FINAL1-CR671-FINAL1-occt/inc/OpenGl_PointSprite.hxx
+M OpenGl:pubinclude:Handle_OpenGl_PointSprite.hxx /misc/dn61/LocalWOK/wok_entities/LOC/dev/CR671-FINAL1-CR671-FINAL1-occt/inc/Handle_OpenGl_PointSprite.hxx
+M OpenGl:pubinclude:OpenGl_PrimitiveArray.hxx /misc/dn61/LocalWOK/wok_entities/LOC/dev/CR671-FINAL1-CR671-FINAL1-occt/inc/OpenGl_PrimitiveArray.hxx
+M OpenGl:pubinclude:Handle_OpenGl_Workspace.hxx /misc/dn61/LocalWOK/wok_entities/LOC/dev/CR671-FINAL1-CR671-FINAL1-occt/inc/Handle_OpenGl_Workspace.hxx
+M OpenGl:pubinclude:OpenGl_Workspace.hxx /misc/dn61/LocalWOK/wok_entities/LOC/dev/CR671-FINAL1-CR671-FINAL1-occt/inc/OpenGl_Workspace.hxx
+M OpenGl:pubinclude:Handle_OpenGl_View.hxx /misc/dn61/LocalWOK/wok_entities/LOC/dev/CR671-FINAL1-CR671-FINAL1-occt/inc/Handle_OpenGl_View.hxx
+M OpenGl:pubinclude:OpenGl_View.hxx /misc/dn61/LocalWOK/wok_entities/LOC/dev/CR671-FINAL1-CR671-FINAL1-occt/inc/OpenGl_View.hxx
+M OpenGl:pubinclude:OpenGl_Light.hxx /misc/dn61/LocalWOK/wok_entities/LOC/dev/CR671-FINAL1-CR671-FINAL1-occt/inc/OpenGl_Light.hxx
+M OpenGl:pubinclude:OpenGl_Trihedron.hxx /misc/dn61/LocalWOK/wok_entities/LOC/dev/CR671-FINAL1-CR671-FINAL1-occt/inc/OpenGl_Trihedron.hxx
+M OpenGl:pubinclude:OpenGl_GraduatedTrihedron.hxx /misc/dn61/LocalWOK/wok_entities/LOC/dev/CR671-FINAL1-CR671-FINAL1-occt/inc/OpenGl_GraduatedTrihedron.hxx
+M OpenGl:pubinclude:OpenGl_Matrix.hxx /misc/dn61/LocalWOK/wok_entities/LOC/dev/CR671-FINAL1-CR671-FINAL1-occt/inc/OpenGl_Matrix.hxx
+M OpenGl:pubinclude:OpenGl_CView.hxx /misc/dn61/LocalWOK/wok_entities/LOC/dev/CR671-FINAL1-CR671-FINAL1-occt/inc/OpenGl_CView.hxx
+M OpenGl:pubinclude:OpenGl_NamedStatus.hxx /misc/dn61/LocalWOK/wok_entities/LOC/dev/CR671-FINAL1-CR671-FINAL1-occt/inc/OpenGl_NamedStatus.hxx
+M OpenGl:pubinclude:OpenGl_TextParam.hxx /misc/dn61/LocalWOK/wok_entities/LOC/dev/CR671-FINAL1-CR671-FINAL1-occt/inc/OpenGl_TextParam.hxx
+M OpenGl:pubinclude:OpenGl_PrinterContext.hxx /misc/dn61/LocalWOK/wok_entities/LOC/dev/CR671-FINAL1-CR671-FINAL1-occt/inc/OpenGl_PrinterContext.hxx
+M OpenGl:pubinclude:Handle_OpenGl_Display.hxx /misc/dn61/LocalWOK/wok_entities/LOC/dev/CR671-FINAL1-CR671-FINAL1-occt/inc/Handle_OpenGl_Display.hxx
+M OpenGl:pubinclude:OpenGl_Display.hxx /misc/dn61/LocalWOK/wok_entities/LOC/dev/CR671-FINAL1-CR671-FINAL1-occt/inc/OpenGl_Display.hxx
+M OpenGl:pubinclude:Handle_OpenGl_Window.hxx /misc/dn61/LocalWOK/wok_entities/LOC/dev/CR671-FINAL1-CR671-FINAL1-occt/inc/Handle_OpenGl_Window.hxx
+M OpenGl:pubinclude:OpenGl_Window.hxx /misc/dn61/LocalWOK/wok_entities/LOC/dev/CR671-FINAL1-CR671-FINAL1-occt/inc/OpenGl_Window.hxx
+M OpenGl:pubinclude:OpenGl_PriorityList.hxx /misc/dn61/LocalWOK/wok_entities/LOC/dev/CR671-FINAL1-CR671-FINAL1-occt/inc/OpenGl_PriorityList.hxx
+M OpenGl:pubinclude:OpenGl_AVIWriter.hxx /misc/dn61/LocalWOK/wok_entities/LOC/dev/CR671-FINAL1-CR671-FINAL1-occt/inc/OpenGl_AVIWriter.hxx
+M OpenGl:pubinclude:OpenGl_tsm.hxx /misc/dn61/LocalWOK/wok_entities/LOC/dev/CR671-FINAL1-CR671-FINAL1-occt/inc/OpenGl_tsm.hxx
+M OpenGl:pubinclude:OpenGl_telem_view.hxx /misc/dn61/LocalWOK/wok_entities/LOC/dev/CR671-FINAL1-CR671-FINAL1-occt/inc/OpenGl_telem_view.hxx
+M OpenGl:pubinclude:OpenGl_FrameBuffer.hxx /misc/dn61/LocalWOK/wok_entities/LOC/dev/CR671-FINAL1-CR671-FINAL1-occt/inc/OpenGl_FrameBuffer.hxx
+M OpenGl:pubinclude:OpenGl_Texture.hxx /misc/dn61/LocalWOK/wok_entities/LOC/dev/CR671-FINAL1-CR671-FINAL1-occt/inc/OpenGl_Texture.hxx
+M OpenGl:pubinclude:Handle_OpenGl_Texture.hxx /misc/dn61/LocalWOK/wok_entities/LOC/dev/CR671-FINAL1-CR671-FINAL1-occt/inc/Handle_OpenGl_Texture.hxx
+M OpenGl:pubinclude:OpenGl_Resource.hxx /misc/dn61/LocalWOK/wok_entities/LOC/dev/CR671-FINAL1-CR671-FINAL1-occt/inc/OpenGl_Resource.hxx
+M OpenGl:pubinclude:OpenGl_telem_util.hxx /misc/dn61/LocalWOK/wok_entities/LOC/dev/CR671-FINAL1-CR671-FINAL1-occt/inc/OpenGl_telem_util.hxx
+M OpenGl:pubinclude:OpenGl_transform_persistence.hxx /misc/dn61/LocalWOK/wok_entities/LOC/dev/CR671-FINAL1-CR671-FINAL1-occt/inc/OpenGl_transform_persistence.hxx
+M OpenGl:pubinclude:OpenGl_Font.hxx /misc/dn61/LocalWOK/wok_entities/LOC/dev/CR671-FINAL1-CR671-FINAL1-occt/inc/OpenGl_Font.hxx
+M OpenGl:pubinclude:OpenGl_tgl_funcs.hxx /misc/dn61/LocalWOK/wok_entities/LOC/dev/CR671-FINAL1-CR671-FINAL1-occt/inc/OpenGl_tgl_funcs.hxx
+M OpenGl:pubinclude:OpenGl_Caps.hxx /misc/dn61/LocalWOK/wok_entities/LOC/dev/CR671-FINAL1-CR671-FINAL1-occt/inc/OpenGl_Caps.hxx
+M OpenGl:pubinclude:Handle_OpenGl_Context.hxx /misc/dn61/LocalWOK/wok_entities/LOC/dev/CR671-FINAL1-CR671-FINAL1-occt/inc/Handle_OpenGl_Context.hxx
+M OpenGl:pubinclude:OpenGl_Context.hxx /misc/dn61/LocalWOK/wok_entities/LOC/dev/CR671-FINAL1-CR671-FINAL1-occt/inc/OpenGl_Context.hxx
+M OpenGl:pubinclude:OpenGl_ArbIns.hxx /misc/dn61/LocalWOK/wok_entities/LOC/dev/CR671-FINAL1-CR671-FINAL1-occt/inc/OpenGl_ArbIns.hxx
+M OpenGl:pubinclude:OpenGl_ArbTBO.hxx /misc/dn61/LocalWOK/wok_entities/LOC/dev/CR671-FINAL1-CR671-FINAL1-occt/inc/OpenGl_ArbTBO.hxx
+M OpenGl:pubinclude:OpenGl_ArbVBO.hxx /misc/dn61/LocalWOK/wok_entities/LOC/dev/CR671-FINAL1-CR671-FINAL1-occt/inc/OpenGl_ArbVBO.hxx
+M OpenGl:pubinclude:OpenGl_ArbDbg.hxx /misc/dn61/LocalWOK/wok_entities/LOC/dev/CR671-FINAL1-CR671-FINAL1-occt/inc/OpenGl_ArbDbg.hxx
+M OpenGl:pubinclude:OpenGl_ExtFBO.hxx /misc/dn61/LocalWOK/wok_entities/LOC/dev/CR671-FINAL1-CR671-FINAL1-occt/inc/OpenGl_ExtFBO.hxx
+M OpenGl:pubinclude:OpenGl_ExtGS.hxx /misc/dn61/LocalWOK/wok_entities/LOC/dev/CR671-FINAL1-CR671-FINAL1-occt/inc/OpenGl_ExtGS.hxx
+M OpenGl:pubinclude:glext.h /misc/dn61/LocalWOK/wok_entities/LOC/dev/CR671-FINAL1-CR671-FINAL1-occt/inc/glext.h
+M OpenGl:pubinclude:OpenGl_GlCore11.hxx /misc/dn61/LocalWOK/wok_entities/LOC/dev/CR671-FINAL1-CR671-FINAL1-occt/inc/OpenGl_GlCore11.hxx
+M OpenGl:pubinclude:OpenGl_GlCore12.hxx /misc/dn61/LocalWOK/wok_entities/LOC/dev/CR671-FINAL1-CR671-FINAL1-occt/inc/OpenGl_GlCore12.hxx
+M OpenGl:pubinclude:OpenGl_GlCore13.hxx /misc/dn61/LocalWOK/wok_entities/LOC/dev/CR671-FINAL1-CR671-FINAL1-occt/inc/OpenGl_GlCore13.hxx
+M OpenGl:pubinclude:OpenGl_GlCore14.hxx /misc/dn61/LocalWOK/wok_entities/LOC/dev/CR671-FINAL1-CR671-FINAL1-occt/inc/OpenGl_GlCore14.hxx
+M OpenGl:pubinclude:OpenGl_GlCore15.hxx /misc/dn61/LocalWOK/wok_entities/LOC/dev/CR671-FINAL1-CR671-FINAL1-occt/inc/OpenGl_GlCore15.hxx
+M OpenGl:pubinclude:OpenGl_GlCore20.hxx /misc/dn61/LocalWOK/wok_entities/LOC/dev/CR671-FINAL1-CR671-FINAL1-occt/inc/OpenGl_GlCore20.hxx
+M OpenGl:pubinclude:OpenGl_LayerList.hxx /misc/dn61/LocalWOK/wok_entities/LOC/dev/CR671-FINAL1-CR671-FINAL1-occt/inc/OpenGl_LayerList.hxx
+M OpenGl:pubinclude:OpenGl_IndexBuffer.hxx /misc/dn61/LocalWOK/wok_entities/LOC/dev/CR671-FINAL1-CR671-FINAL1-occt/inc/OpenGl_IndexBuffer.hxx
+M OpenGl:pubinclude:OpenGl_Layer.hxx /misc/dn61/LocalWOK/wok_entities/LOC/dev/CR671-FINAL1-CR671-FINAL1-occt/inc/OpenGl_Layer.hxx
+M OpenGl:pubinclude:OpenGl_TextureBufferArb.hxx /misc/dn61/LocalWOK/wok_entities/LOC/dev/CR671-FINAL1-CR671-FINAL1-occt/inc/OpenGl_TextureBufferArb.hxx
+M OpenGl:pubinclude:OpenGl_Vec.hxx /misc/dn61/LocalWOK/wok_entities/LOC/dev/CR671-FINAL1-CR671-FINAL1-occt/inc/OpenGl_Vec.hxx
+M OpenGl:pubinclude:OpenGl_VertexBuffer.hxx /misc/dn61/LocalWOK/wok_entities/LOC/dev/CR671-FINAL1-CR671-FINAL1-occt/inc/OpenGl_VertexBuffer.hxx
+M OpenGl:pubinclude:OpenGl_VertexBufferEditor.hxx /misc/dn61/LocalWOK/wok_entities/LOC/dev/CR671-FINAL1-CR671-FINAL1-occt/inc/OpenGl_VertexBufferEditor.hxx
+M OpenGl:pubinclude:OpenGl_RenderFilter.hxx /misc/dn61/LocalWOK/wok_entities/LOC/dev/CR671-FINAL1-CR671-FINAL1-occt/inc/OpenGl_RenderFilter.hxx
+M OpenGl:pubinclude:OpenGl_CappingAlgo.hxx /misc/dn61/LocalWOK/wok_entities/LOC/dev/CR671-FINAL1-CR671-FINAL1-occt/inc/OpenGl_CappingAlgo.hxx
+M OpenGl:pubinclude:OpenGl_CappingPlaneResource.hxx /misc/dn61/LocalWOK/wok_entities/LOC/dev/CR671-FINAL1-CR671-FINAL1-occt/inc/OpenGl_CappingPlaneResource.hxx
+M OpenGl:pubinclude:OpenGl_Clipping.hxx /misc/dn61/LocalWOK/wok_entities/LOC/dev/CR671-FINAL1-CR671-FINAL1-occt/inc/OpenGl_Clipping.hxx
+M OpenGl:pubinclude:OpenGl_StencilTest.hxx /misc/dn61/LocalWOK/wok_entities/LOC/dev/CR671-FINAL1-CR671-FINAL1-occt/inc/OpenGl_StencilTest.hxx
+M OpenGl:pubinclude:OpenGl_ShaderObject.hxx /misc/dn61/LocalWOK/wok_entities/LOC/dev/CR671-FINAL1-CR671-FINAL1-occt/inc/OpenGl_ShaderObject.hxx
+M OpenGl:pubinclude:OpenGl_ShaderProgram.hxx /misc/dn61/LocalWOK/wok_entities/LOC/dev/CR671-FINAL1-CR671-FINAL1-occt/inc/OpenGl_ShaderProgram.hxx
+M OpenGl:pubinclude:OpenGl_ShaderManager.hxx /misc/dn61/LocalWOK/wok_entities/LOC/dev/CR671-FINAL1-CR671-FINAL1-occt/inc/OpenGl_ShaderManager.hxx
+M OpenGl:pubinclude:OpenGl_ShaderStates.hxx /misc/dn61/LocalWOK/wok_entities/LOC/dev/CR671-FINAL1-CR671-FINAL1-occt/inc/OpenGl_ShaderStates.hxx
+M OpenGl:pubinclude:Handle_OpenGl_ShaderObject.hxx /misc/dn61/LocalWOK/wok_entities/LOC/dev/CR671-FINAL1-CR671-FINAL1-occt/inc/Handle_OpenGl_ShaderObject.hxx
+M OpenGl:pubinclude:Handle_OpenGl_ShaderProgram.hxx /misc/dn61/LocalWOK/wok_entities/LOC/dev/CR671-FINAL1-CR671-FINAL1-occt/inc/Handle_OpenGl_ShaderProgram.hxx
+M OpenGl:pubinclude:Handle_OpenGl_ShaderManager.hxx /misc/dn61/LocalWOK/wok_entities/LOC/dev/CR671-FINAL1-CR671-FINAL1-occt/inc/Handle_OpenGl_ShaderManager.hxx
+M OpenGl:pubinclude:OpenGl_Cl.hxx /misc/dn61/LocalWOK/wok_entities/LOC/dev/CR671-FINAL1-CR671-FINAL1-occt/inc/OpenGl_Cl.hxx
+M OpenGl:pubinclude:OpenGl_AABB.hxx /misc/dn61/LocalWOK/wok_entities/LOC/dev/CR671-FINAL1-CR671-FINAL1-occt/inc/OpenGl_AABB.hxx
+M OpenGl:pubinclude:OpenGl_SceneGeometry.hxx /misc/dn61/LocalWOK/wok_entities/LOC/dev/CR671-FINAL1-CR671-FINAL1-occt/inc/OpenGl_SceneGeometry.hxx
+M OpenGl:pubinclude:OpenGl_RaytraceTypes.hxx /misc/dn61/LocalWOK/wok_entities/LOC/dev/CR671-FINAL1-CR671-FINAL1-occt/inc/OpenGl_RaytraceTypes.hxx
+M OpenGl:pubinclude:OpenGl_Flipper.hxx /misc/dn61/LocalWOK/wok_entities/LOC/dev/CR671-FINAL1-CR671-FINAL1-occt/inc/OpenGl_Flipper.hxx
+M OpenGl:dbadmfile:OpenGl_obj_inc.In /misc/dn61/LocalWOK/wok_entities/LOC/dev/CR671-FINAL1-CR671-FINAL1-occt/drv/OpenGl/.adm/OpenGl_obj_inc.In
+M OpenGl:dbadmfile:OpenGl_obj_inc.Out /misc/dn61/LocalWOK/wok_entities/LOC/dev/CR671-FINAL1-CR671-FINAL1-occt/drv/OpenGl/.adm/OpenGl_obj_inc.Out
+M OpenGl:dbadmfile:OpenGl_obj_inc.Dep /misc/dn61/LocalWOK/wok_entities/LOC/dev/CR671-FINAL1-CR671-FINAL1-occt/drv/OpenGl/.adm/OpenGl_obj_inc.Dep
