+M Aspect:pubinclude:Aspect.hxx /misc/dn61/LocalWOK/wok_entities/LOC/dev/CR671-FINAL1-CR671-FINAL1-occt/inc/Aspect.hxx
+M Aspect:privinclude:Aspect.jxx /misc/dn61/LocalWOK/wok_entities/LOC/dev/CR671-FINAL1-CR671-FINAL1-occt/drv/Aspect/Aspect.jxx
+M Aspect:privinclude:Aspect.ixx /misc/dn61/LocalWOK/wok_entities/LOC/dev/CR671-FINAL1-CR671-FINAL1-occt/drv/Aspect/Aspect.ixx
+M Aspect:pubinclude:Handle_Aspect_ColorMap.hxx /misc/dn61/LocalWOK/wok_entities/LOC/dev/CR671-FINAL1-CR671-FINAL1-occt/inc/Handle_Aspect_ColorMap.hxx
+M Aspect:pubinclude:Aspect_ColorMap.hxx /misc/dn61/LocalWOK/wok_entities/LOC/dev/CR671-FINAL1-CR671-FINAL1-occt/inc/Aspect_ColorMap.hxx
+M Aspect:privinclude:Aspect_ColorMap.jxx /misc/dn61/LocalWOK/wok_entities/LOC/dev/CR671-FINAL1-CR671-FINAL1-occt/drv/Aspect/Aspect_ColorMap.jxx
+M Aspect:privinclude:Aspect_ColorMap.ixx /misc/dn61/LocalWOK/wok_entities/LOC/dev/CR671-FINAL1-CR671-FINAL1-occt/drv/Aspect/Aspect_ColorMap.ixx
+M Aspect:pubinclude:Handle_Aspect_ColorCubeColorMap.hxx /misc/dn61/LocalWOK/wok_entities/LOC/dev/CR671-FINAL1-CR671-FINAL1-occt/inc/Handle_Aspect_ColorCubeColorMap.hxx
+M Aspect:pubinclude:Aspect_ColorCubeColorMap.hxx /misc/dn61/LocalWOK/wok_entities/LOC/dev/CR671-FINAL1-CR671-FINAL1-occt/inc/Aspect_ColorCubeColorMap.hxx
+M Aspect:privinclude:Aspect_ColorCubeColorMap.jxx /misc/dn61/LocalWOK/wok_entities/LOC/dev/CR671-FINAL1-CR671-FINAL1-occt/drv/Aspect/Aspect_ColorCubeColorMap.jxx
+M Aspect:privinclude:Aspect_ColorCubeColorMap.ixx /misc/dn61/LocalWOK/wok_entities/LOC/dev/CR671-FINAL1-CR671-FINAL1-occt/drv/Aspect/Aspect_ColorCubeColorMap.ixx
+M Aspect:pubinclude:Handle_Aspect_ColorRampColorMap.hxx /misc/dn61/LocalWOK/wok_entities/LOC/dev/CR671-FINAL1-CR671-FINAL1-occt/inc/Handle_Aspect_ColorRampColorMap.hxx
+M Aspect:pubinclude:Aspect_ColorRampColorMap.hxx /misc/dn61/LocalWOK/wok_entities/LOC/dev/CR671-FINAL1-CR671-FINAL1-occt/inc/Aspect_ColorRampColorMap.hxx
+M Aspect:privinclude:Aspect_ColorRampColorMap.jxx /misc/dn61/LocalWOK/wok_entities/LOC/dev/CR671-FINAL1-CR671-FINAL1-occt/drv/Aspect/Aspect_ColorRampColorMap.jxx
+M Aspect:privinclude:Aspect_ColorRampColorMap.ixx /misc/dn61/LocalWOK/wok_entities/LOC/dev/CR671-FINAL1-CR671-FINAL1-occt/drv/Aspect/Aspect_ColorRampColorMap.ixx
+M Aspect:pubinclude:Handle_Aspect_GenericColorMap.hxx /misc/dn61/LocalWOK/wok_entities/LOC/dev/CR671-FINAL1-CR671-FINAL1-occt/inc/Handle_Aspect_GenericColorMap.hxx
+M Aspect:pubinclude:Aspect_GenericColorMap.hxx /misc/dn61/LocalWOK/wok_entities/LOC/dev/CR671-FINAL1-CR671-FINAL1-occt/inc/Aspect_GenericColorMap.hxx
+M Aspect:privinclude:Aspect_GenericColorMap.jxx /misc/dn61/LocalWOK/wok_entities/LOC/dev/CR671-FINAL1-CR671-FINAL1-occt/drv/Aspect/Aspect_GenericColorMap.jxx
+M Aspect:privinclude:Aspect_GenericColorMap.ixx /misc/dn61/LocalWOK/wok_entities/LOC/dev/CR671-FINAL1-CR671-FINAL1-occt/drv/Aspect/Aspect_GenericColorMap.ixx
+M Aspect:pubinclude:Aspect_ColorMapEntry.hxx /misc/dn61/LocalWOK/wok_entities/LOC/dev/CR671-FINAL1-CR671-FINAL1-occt/inc/Aspect_ColorMapEntry.hxx
+M Aspect:privinclude:Aspect_ColorMapEntry.jxx /misc/dn61/LocalWOK/wok_entities/LOC/dev/CR671-FINAL1-CR671-FINAL1-occt/drv/Aspect/Aspect_ColorMapEntry.jxx
+M Aspect:privinclude:Aspect_ColorMapEntry.ixx /misc/dn61/LocalWOK/wok_entities/LOC/dev/CR671-FINAL1-CR671-FINAL1-occt/drv/Aspect/Aspect_ColorMapEntry.ixx
+M Aspect:pubinclude:Aspect_Pixel.hxx /misc/dn61/LocalWOK/wok_entities/LOC/dev/CR671-FINAL1-CR671-FINAL1-occt/inc/Aspect_Pixel.hxx
+M Aspect:privinclude:Aspect_Pixel.jxx /misc/dn61/LocalWOK/wok_entities/LOC/dev/CR671-FINAL1-CR671-FINAL1-occt/drv/Aspect/Aspect_Pixel.jxx
+M Aspect:privinclude:Aspect_Pixel.ixx /misc/dn61/LocalWOK/wok_entities/LOC/dev/CR671-FINAL1-CR671-FINAL1-occt/drv/Aspect/Aspect_Pixel.ixx
+M Aspect:pubinclude:Aspect_IndexPixel.hxx /misc/dn61/LocalWOK/wok_entities/LOC/dev/CR671-FINAL1-CR671-FINAL1-occt/inc/Aspect_IndexPixel.hxx
+M Aspect:privinclude:Aspect_IndexPixel.jxx /misc/dn61/LocalWOK/wok_entities/LOC/dev/CR671-FINAL1-CR671-FINAL1-occt/drv/Aspect/Aspect_IndexPixel.jxx
+M Aspect:privinclude:Aspect_IndexPixel.ixx /misc/dn61/LocalWOK/wok_entities/LOC/dev/CR671-FINAL1-CR671-FINAL1-occt/drv/Aspect/Aspect_IndexPixel.ixx
+M Aspect:pubinclude:Aspect_ColorPixel.hxx /misc/dn61/LocalWOK/wok_entities/LOC/dev/CR671-FINAL1-CR671-FINAL1-occt/inc/Aspect_ColorPixel.hxx
+M Aspect:privinclude:Aspect_ColorPixel.jxx /misc/dn61/LocalWOK/wok_entities/LOC/dev/CR671-FINAL1-CR671-FINAL1-occt/drv/Aspect/Aspect_ColorPixel.jxx
+M Aspect:privinclude:Aspect_ColorPixel.ixx /misc/dn61/LocalWOK/wok_entities/LOC/dev/CR671-FINAL1-CR671-FINAL1-occt/drv/Aspect/Aspect_ColorPixel.ixx
+M Aspect:pubinclude:Handle_Aspect_AspectLine.hxx /misc/dn61/LocalWOK/wok_entities/LOC/dev/CR671-FINAL1-CR671-FINAL1-occt/inc/Handle_Aspect_AspectLine.hxx
+M Aspect:pubinclude:Aspect_AspectLine.hxx /misc/dn61/LocalWOK/wok_entities/LOC/dev/CR671-FINAL1-CR671-FINAL1-occt/inc/Aspect_AspectLine.hxx
+M Aspect:privinclude:Aspect_AspectLine.jxx /misc/dn61/LocalWOK/wok_entities/LOC/dev/CR671-FINAL1-CR671-FINAL1-occt/drv/Aspect/Aspect_AspectLine.jxx
+M Aspect:privinclude:Aspect_AspectLine.ixx /misc/dn61/LocalWOK/wok_entities/LOC/dev/CR671-FINAL1-CR671-FINAL1-occt/drv/Aspect/Aspect_AspectLine.ixx
+M Aspect:pubinclude:Handle_Aspect_AspectMarker.hxx /misc/dn61/LocalWOK/wok_entities/LOC/dev/CR671-FINAL1-CR671-FINAL1-occt/inc/Handle_Aspect_AspectMarker.hxx
+M Aspect:pubinclude:Aspect_AspectMarker.hxx /misc/dn61/LocalWOK/wok_entities/LOC/dev/CR671-FINAL1-CR671-FINAL1-occt/inc/Aspect_AspectMarker.hxx
+M Aspect:privinclude:Aspect_AspectMarker.jxx /misc/dn61/LocalWOK/wok_entities/LOC/dev/CR671-FINAL1-CR671-FINAL1-occt/drv/Aspect/Aspect_AspectMarker.jxx
+M Aspect:privinclude:Aspect_AspectMarker.ixx /misc/dn61/LocalWOK/wok_entities/LOC/dev/CR671-FINAL1-CR671-FINAL1-occt/drv/Aspect/Aspect_AspectMarker.ixx
+M Aspect:pubinclude:Handle_Aspect_AspectFillArea.hxx /misc/dn61/LocalWOK/wok_entities/LOC/dev/CR671-FINAL1-CR671-FINAL1-occt/inc/Handle_Aspect_AspectFillArea.hxx
+M Aspect:pubinclude:Aspect_AspectFillArea.hxx /misc/dn61/LocalWOK/wok_entities/LOC/dev/CR671-FINAL1-CR671-FINAL1-occt/inc/Aspect_AspectFillArea.hxx
+M Aspect:privinclude:Aspect_AspectFillArea.jxx /misc/dn61/LocalWOK/wok_entities/LOC/dev/CR671-FINAL1-CR671-FINAL1-occt/drv/Aspect/Aspect_AspectFillArea.jxx
+M Aspect:privinclude:Aspect_AspectFillArea.ixx /misc/dn61/LocalWOK/wok_entities/LOC/dev/CR671-FINAL1-CR671-FINAL1-occt/drv/Aspect/Aspect_AspectFillArea.ixx
+M Aspect:pubinclude:Aspect_Background.hxx /misc/dn61/LocalWOK/wok_entities/LOC/dev/CR671-FINAL1-CR671-FINAL1-occt/inc/Aspect_Background.hxx
+M Aspect:privinclude:Aspect_Background.jxx /misc/dn61/LocalWOK/wok_entities/LOC/dev/CR671-FINAL1-CR671-FINAL1-occt/drv/Aspect/Aspect_Background.jxx
+M Aspect:privinclude:Aspect_Background.ixx /misc/dn61/LocalWOK/wok_entities/LOC/dev/CR671-FINAL1-CR671-FINAL1-occt/drv/Aspect/Aspect_Background.ixx
+M Aspect:pubinclude:Aspect_GradientBackground.hxx /misc/dn61/LocalWOK/wok_entities/LOC/dev/CR671-FINAL1-CR671-FINAL1-occt/inc/Aspect_GradientBackground.hxx
+M Aspect:privinclude:Aspect_GradientBackground.jxx /misc/dn61/LocalWOK/wok_entities/LOC/dev/CR671-FINAL1-CR671-FINAL1-occt/drv/Aspect/Aspect_GradientBackground.jxx
+M Aspect:privinclude:Aspect_GradientBackground.ixx /misc/dn61/LocalWOK/wok_entities/LOC/dev/CR671-FINAL1-CR671-FINAL1-occt/drv/Aspect/Aspect_GradientBackground.ixx
+M Aspect:pubinclude:Aspect_Edge.hxx /misc/dn61/LocalWOK/wok_entities/LOC/dev/CR671-FINAL1-CR671-FINAL1-occt/inc/Aspect_Edge.hxx
+M Aspect:privinclude:Aspect_Edge.jxx /misc/dn61/LocalWOK/wok_entities/LOC/dev/CR671-FINAL1-CR671-FINAL1-occt/drv/Aspect/Aspect_Edge.jxx
+M Aspect:privinclude:Aspect_Edge.ixx /misc/dn61/LocalWOK/wok_entities/LOC/dev/CR671-FINAL1-CR671-FINAL1-occt/drv/Aspect/Aspect_Edge.ixx
+M Aspect:pubinclude:Aspect_GenId.hxx /misc/dn61/LocalWOK/wok_entities/LOC/dev/CR671-FINAL1-CR671-FINAL1-occt/inc/Aspect_GenId.hxx
+M Aspect:privinclude:Aspect_GenId.jxx /misc/dn61/LocalWOK/wok_entities/LOC/dev/CR671-FINAL1-CR671-FINAL1-occt/drv/Aspect/Aspect_GenId.jxx
+M Aspect:privinclude:Aspect_GenId.ixx /misc/dn61/LocalWOK/wok_entities/LOC/dev/CR671-FINAL1-CR671-FINAL1-occt/drv/Aspect/Aspect_GenId.ixx
+M Aspect:pubinclude:Aspect_FontStyle.hxx /misc/dn61/LocalWOK/wok_entities/LOC/dev/CR671-FINAL1-CR671-FINAL1-occt/inc/Aspect_FontStyle.hxx
+M Aspect:privinclude:Aspect_FontStyle.jxx /misc/dn61/LocalWOK/wok_entities/LOC/dev/CR671-FINAL1-CR671-FINAL1-occt/drv/Aspect/Aspect_FontStyle.jxx
+M Aspect:privinclude:Aspect_FontStyle.ixx /misc/dn61/LocalWOK/wok_entities/LOC/dev/CR671-FINAL1-CR671-FINAL1-occt/drv/Aspect/Aspect_FontStyle.ixx
+M Aspect:pubinclude:Aspect_FontMapEntry.hxx /misc/dn61/LocalWOK/wok_entities/LOC/dev/CR671-FINAL1-CR671-FINAL1-occt/inc/Aspect_FontMapEntry.hxx
+M Aspect:privinclude:Aspect_FontMapEntry.jxx /misc/dn61/LocalWOK/wok_entities/LOC/dev/CR671-FINAL1-CR671-FINAL1-occt/drv/Aspect/Aspect_FontMapEntry.jxx
+M Aspect:privinclude:Aspect_FontMapEntry.ixx /misc/dn61/LocalWOK/wok_entities/LOC/dev/CR671-FINAL1-CR671-FINAL1-occt/drv/Aspect/Aspect_FontMapEntry.ixx
+M Aspect:pubinclude:Handle_Aspect_FontMap.hxx /misc/dn61/LocalWOK/wok_entities/LOC/dev/CR671-FINAL1-CR671-FINAL1-occt/inc/Handle_Aspect_FontMap.hxx
+M Aspect:pubinclude:Aspect_FontMap.hxx /misc/dn61/LocalWOK/wok_entities/LOC/dev/CR671-FINAL1-CR671-FINAL1-occt/inc/Aspect_FontMap.hxx
+M Aspect:privinclude:Aspect_FontMap.jxx /misc/dn61/LocalWOK/wok_entities/LOC/dev/CR671-FINAL1-CR671-FINAL1-occt/drv/Aspect/Aspect_FontMap.jxx
+M Aspect:privinclude:Aspect_FontMap.ixx /misc/dn61/LocalWOK/wok_entities/LOC/dev/CR671-FINAL1-CR671-FINAL1-occt/drv/Aspect/Aspect_FontMap.ixx
+M Aspect:pubinclude:Aspect_WidthMapEntry.hxx /misc/dn61/LocalWOK/wok_entities/LOC/dev/CR671-FINAL1-CR671-FINAL1-occt/inc/Aspect_WidthMapEntry.hxx
+M Aspect:privinclude:Aspect_WidthMapEntry.jxx /misc/dn61/LocalWOK/wok_entities/LOC/dev/CR671-FINAL1-CR671-FINAL1-occt/drv/Aspect/Aspect_WidthMapEntry.jxx
+M Aspect:privinclude:Aspect_WidthMapEntry.ixx /misc/dn61/LocalWOK/wok_entities/LOC/dev/CR671-FINAL1-CR671-FINAL1-occt/drv/Aspect/Aspect_WidthMapEntry.ixx
+M Aspect:pubinclude:Handle_Aspect_WidthMap.hxx /misc/dn61/LocalWOK/wok_entities/LOC/dev/CR671-FINAL1-CR671-FINAL1-occt/inc/Handle_Aspect_WidthMap.hxx
+M Aspect:pubinclude:Aspect_WidthMap.hxx /misc/dn61/LocalWOK/wok_entities/LOC/dev/CR671-FINAL1-CR671-FINAL1-occt/inc/Aspect_WidthMap.hxx
+M Aspect:privinclude:Aspect_WidthMap.jxx /misc/dn61/LocalWOK/wok_entities/LOC/dev/CR671-FINAL1-CR671-FINAL1-occt/drv/Aspect/Aspect_WidthMap.jxx
+M Aspect:privinclude:Aspect_WidthMap.ixx /misc/dn61/LocalWOK/wok_entities/LOC/dev/CR671-FINAL1-CR671-FINAL1-occt/drv/Aspect/Aspect_WidthMap.ixx
+M Aspect:pubinclude:Aspect_LineStyle.hxx /misc/dn61/LocalWOK/wok_entities/LOC/dev/CR671-FINAL1-CR671-FINAL1-occt/inc/Aspect_LineStyle.hxx
+M Aspect:privinclude:Aspect_LineStyle.jxx /misc/dn61/LocalWOK/wok_entities/LOC/dev/CR671-FINAL1-CR671-FINAL1-occt/drv/Aspect/Aspect_LineStyle.jxx
+M Aspect:privinclude:Aspect_LineStyle.ixx /misc/dn61/LocalWOK/wok_entities/LOC/dev/CR671-FINAL1-CR671-FINAL1-occt/drv/Aspect/Aspect_LineStyle.ixx
+M Aspect:pubinclude:Handle_Aspect_TypeMap.hxx /misc/dn61/LocalWOK/wok_entities/LOC/dev/CR671-FINAL1-CR671-FINAL1-occt/inc/Handle_Aspect_TypeMap.hxx
+M Aspect:pubinclude:Aspect_TypeMap.hxx /misc/dn61/LocalWOK/wok_entities/LOC/dev/CR671-FINAL1-CR671-FINAL1-occt/inc/Aspect_TypeMap.hxx
+M Aspect:privinclude:Aspect_TypeMap.jxx /misc/dn61/LocalWOK/wok_entities/LOC/dev/CR671-FINAL1-CR671-FINAL1-occt/drv/Aspect/Aspect_TypeMap.jxx
+M Aspect:privinclude:Aspect_TypeMap.ixx /misc/dn61/LocalWOK/wok_entities/LOC/dev/CR671-FINAL1-CR671-FINAL1-occt/drv/Aspect/Aspect_TypeMap.ixx
+M Aspect:pubinclude:Aspect_TypeMapEntry.hxx /misc/dn61/LocalWOK/wok_entities/LOC/dev/CR671-FINAL1-CR671-FINAL1-occt/inc/Aspect_TypeMapEntry.hxx
+M Aspect:privinclude:Aspect_TypeMapEntry.jxx /misc/dn61/LocalWOK/wok_entities/LOC/dev/CR671-FINAL1-CR671-FINAL1-occt/drv/Aspect/Aspect_TypeMapEntry.jxx
+M Aspect:privinclude:Aspect_TypeMapEntry.ixx /misc/dn61/LocalWOK/wok_entities/LOC/dev/CR671-FINAL1-CR671-FINAL1-occt/drv/Aspect/Aspect_TypeMapEntry.ixx
+M Aspect:pubinclude:Aspect_MarkerStyle.hxx /misc/dn61/LocalWOK/wok_entities/LOC/dev/CR671-FINAL1-CR671-FINAL1-occt/inc/Aspect_MarkerStyle.hxx
+M Aspect:privinclude:Aspect_MarkerStyle.jxx /misc/dn61/LocalWOK/wok_entities/LOC/dev/CR671-FINAL1-CR671-FINAL1-occt/drv/Aspect/Aspect_MarkerStyle.jxx
+M Aspect:privinclude:Aspect_MarkerStyle.ixx /misc/dn61/LocalWOK/wok_entities/LOC/dev/CR671-FINAL1-CR671-FINAL1-occt/drv/Aspect/Aspect_MarkerStyle.ixx
+M Aspect:pubinclude:Handle_Aspect_MarkMap.hxx /misc/dn61/LocalWOK/wok_entities/LOC/dev/CR671-FINAL1-CR671-FINAL1-occt/inc/Handle_Aspect_MarkMap.hxx
+M Aspect:pubinclude:Aspect_MarkMap.hxx /misc/dn61/LocalWOK/wok_entities/LOC/dev/CR671-FINAL1-CR671-FINAL1-occt/inc/Aspect_MarkMap.hxx
+M Aspect:privinclude:Aspect_MarkMap.jxx /misc/dn61/LocalWOK/wok_entities/LOC/dev/CR671-FINAL1-CR671-FINAL1-occt/drv/Aspect/Aspect_MarkMap.jxx
+M Aspect:privinclude:Aspect_MarkMap.ixx /misc/dn61/LocalWOK/wok_entities/LOC/dev/CR671-FINAL1-CR671-FINAL1-occt/drv/Aspect/Aspect_MarkMap.ixx
+M Aspect:pubinclude:Aspect_MarkMapEntry.hxx /misc/dn61/LocalWOK/wok_entities/LOC/dev/CR671-FINAL1-CR671-FINAL1-occt/inc/Aspect_MarkMapEntry.hxx
+M Aspect:privinclude:Aspect_MarkMapEntry.jxx /misc/dn61/LocalWOK/wok_entities/LOC/dev/CR671-FINAL1-CR671-FINAL1-occt/drv/Aspect/Aspect_MarkMapEntry.jxx
+M Aspect:privinclude:Aspect_MarkMapEntry.ixx /misc/dn61/LocalWOK/wok_entities/LOC/dev/CR671-FINAL1-CR671-FINAL1-occt/drv/Aspect/Aspect_MarkMapEntry.ixx
+M Aspect:pubinclude:Handle_Aspect_Window.hxx /misc/dn61/LocalWOK/wok_entities/LOC/dev/CR671-FINAL1-CR671-FINAL1-occt/inc/Handle_Aspect_Window.hxx
+M Aspect:pubinclude:Aspect_Window.hxx /misc/dn61/LocalWOK/wok_entities/LOC/dev/CR671-FINAL1-CR671-FINAL1-occt/inc/Aspect_Window.hxx
+M Aspect:privinclude:Aspect_Window.jxx /misc/dn61/LocalWOK/wok_entities/LOC/dev/CR671-FINAL1-CR671-FINAL1-occt/drv/Aspect/Aspect_Window.jxx
+M Aspect:privinclude:Aspect_Window.ixx /misc/dn61/LocalWOK/wok_entities/LOC/dev/CR671-FINAL1-CR671-FINAL1-occt/drv/Aspect/Aspect_Window.ixx
+M Aspect:pubinclude:Handle_Aspect_Driver.hxx /misc/dn61/LocalWOK/wok_entities/LOC/dev/CR671-FINAL1-CR671-FINAL1-occt/inc/Handle_Aspect_Driver.hxx
+M Aspect:pubinclude:Aspect_Driver.hxx /misc/dn61/LocalWOK/wok_entities/LOC/dev/CR671-FINAL1-CR671-FINAL1-occt/inc/Aspect_Driver.hxx
+M Aspect:privinclude:Aspect_Driver.jxx /misc/dn61/LocalWOK/wok_entities/LOC/dev/CR671-FINAL1-CR671-FINAL1-occt/drv/Aspect/Aspect_Driver.jxx
+M Aspect:privinclude:Aspect_Driver.ixx /misc/dn61/LocalWOK/wok_entities/LOC/dev/CR671-FINAL1-CR671-FINAL1-occt/drv/Aspect/Aspect_Driver.ixx
+M Aspect:pubinclude:Handle_Aspect_WindowDriver.hxx /misc/dn61/LocalWOK/wok_entities/LOC/dev/CR671-FINAL1-CR671-FINAL1-occt/inc/Handle_Aspect_WindowDriver.hxx
+M Aspect:pubinclude:Aspect_WindowDriver.hxx /misc/dn61/LocalWOK/wok_entities/LOC/dev/CR671-FINAL1-CR671-FINAL1-occt/inc/Aspect_WindowDriver.hxx
+M Aspect:privinclude:Aspect_WindowDriver.jxx /misc/dn61/LocalWOK/wok_entities/LOC/dev/CR671-FINAL1-CR671-FINAL1-occt/drv/Aspect/Aspect_WindowDriver.jxx
+M Aspect:privinclude:Aspect_WindowDriver.ixx /misc/dn61/LocalWOK/wok_entities/LOC/dev/CR671-FINAL1-CR671-FINAL1-occt/drv/Aspect/Aspect_WindowDriver.ixx
+M Aspect:pubinclude:Handle_Aspect_Grid.hxx /misc/dn61/LocalWOK/wok_entities/LOC/dev/CR671-FINAL1-CR671-FINAL1-occt/inc/Handle_Aspect_Grid.hxx
+M Aspect:pubinclude:Aspect_Grid.hxx /misc/dn61/LocalWOK/wok_entities/LOC/dev/CR671-FINAL1-CR671-FINAL1-occt/inc/Aspect_Grid.hxx
+M Aspect:privinclude:Aspect_Grid.jxx /misc/dn61/LocalWOK/wok_entities/LOC/dev/CR671-FINAL1-CR671-FINAL1-occt/drv/Aspect/Aspect_Grid.jxx
+M Aspect:privinclude:Aspect_Grid.ixx /misc/dn61/LocalWOK/wok_entities/LOC/dev/CR671-FINAL1-CR671-FINAL1-occt/drv/Aspect/Aspect_Grid.ixx
+M Aspect:pubinclude:Handle_Aspect_RectangularGrid.hxx /misc/dn61/LocalWOK/wok_entities/LOC/dev/CR671-FINAL1-CR671-FINAL1-occt/inc/Handle_Aspect_RectangularGrid.hxx
+M Aspect:pubinclude:Aspect_RectangularGrid.hxx /misc/dn61/LocalWOK/wok_entities/LOC/dev/CR671-FINAL1-CR671-FINAL1-occt/inc/Aspect_RectangularGrid.hxx
+M Aspect:privinclude:Aspect_RectangularGrid.jxx /misc/dn61/LocalWOK/wok_entities/LOC/dev/CR671-FINAL1-CR671-FINAL1-occt/drv/Aspect/Aspect_RectangularGrid.jxx
+M Aspect:privinclude:Aspect_RectangularGrid.ixx /misc/dn61/LocalWOK/wok_entities/LOC/dev/CR671-FINAL1-CR671-FINAL1-occt/drv/Aspect/Aspect_RectangularGrid.ixx
+M Aspect:pubinclude:Handle_Aspect_CircularGrid.hxx /misc/dn61/LocalWOK/wok_entities/LOC/dev/CR671-FINAL1-CR671-FINAL1-occt/inc/Handle_Aspect_CircularGrid.hxx
+M Aspect:pubinclude:Aspect_CircularGrid.hxx /misc/dn61/LocalWOK/wok_entities/LOC/dev/CR671-FINAL1-CR671-FINAL1-occt/inc/Aspect_CircularGrid.hxx
+M Aspect:privinclude:Aspect_CircularGrid.jxx /misc/dn61/LocalWOK/wok_entities/LOC/dev/CR671-FINAL1-CR671-FINAL1-occt/drv/Aspect/Aspect_CircularGrid.jxx
+M Aspect:privinclude:Aspect_CircularGrid.ixx /misc/dn61/LocalWOK/wok_entities/LOC/dev/CR671-FINAL1-CR671-FINAL1-occt/drv/Aspect/Aspect_CircularGrid.ixx
+M Aspect:pubinclude:Handle_Aspect_ColorScale.hxx /misc/dn61/LocalWOK/wok_entities/LOC/dev/CR671-FINAL1-CR671-FINAL1-occt/inc/Handle_Aspect_ColorScale.hxx
+M Aspect:pubinclude:Aspect_ColorScale.hxx /misc/dn61/LocalWOK/wok_entities/LOC/dev/CR671-FINAL1-CR671-FINAL1-occt/inc/Aspect_ColorScale.hxx
+M Aspect:privinclude:Aspect_ColorScale.jxx /misc/dn61/LocalWOK/wok_entities/LOC/dev/CR671-FINAL1-CR671-FINAL1-occt/drv/Aspect/Aspect_ColorScale.jxx
+M Aspect:privinclude:Aspect_ColorScale.ixx /misc/dn61/LocalWOK/wok_entities/LOC/dev/CR671-FINAL1-CR671-FINAL1-occt/drv/Aspect/Aspect_ColorScale.ixx
+M Aspect:pubinclude:Aspect_Array1OfEdge.hxx /misc/dn61/LocalWOK/wok_entities/LOC/dev/CR671-FINAL1-CR671-FINAL1-occt/inc/Aspect_Array1OfEdge.hxx
+M Aspect:derivated:Aspect_Array1OfEdge_0.cxx /misc/dn61/LocalWOK/wok_entities/LOC/dev/CR671-FINAL1-CR671-FINAL1-occt/drv/Aspect/Aspect_Array1OfEdge_0.cxx
+M Aspect:pubinclude:Aspect_SequenceOfColorMapEntry.hxx /misc/dn61/LocalWOK/wok_entities/LOC/dev/CR671-FINAL1-CR671-FINAL1-occt/inc/Aspect_SequenceOfColorMapEntry.hxx
+M Aspect:derivated:Aspect_SequenceOfColorMapEntry_0.cxx /misc/dn61/LocalWOK/wok_entities/LOC/dev/CR671-FINAL1-CR671-FINAL1-occt/drv/Aspect/Aspect_SequenceOfColorMapEntry_0.cxx
+M Aspect:pubinclude:Aspect_SequenceOfTypeMapEntry.hxx /misc/dn61/LocalWOK/wok_entities/LOC/dev/CR671-FINAL1-CR671-FINAL1-occt/inc/Aspect_SequenceOfTypeMapEntry.hxx
+M Aspect:derivated:Aspect_SequenceOfTypeMapEntry_0.cxx /misc/dn61/LocalWOK/wok_entities/LOC/dev/CR671-FINAL1-CR671-FINAL1-occt/drv/Aspect/Aspect_SequenceOfTypeMapEntry_0.cxx
+M Aspect:pubinclude:Aspect_SequenceOfWidthMapEntry.hxx /misc/dn61/LocalWOK/wok_entities/LOC/dev/CR671-FINAL1-CR671-FINAL1-occt/inc/Aspect_SequenceOfWidthMapEntry.hxx
+M Aspect:derivated:Aspect_SequenceOfWidthMapEntry_0.cxx /misc/dn61/LocalWOK/wok_entities/LOC/dev/CR671-FINAL1-CR671-FINAL1-occt/drv/Aspect/Aspect_SequenceOfWidthMapEntry_0.cxx
+M Aspect:pubinclude:Aspect_SequenceOfFontMapEntry.hxx /misc/dn61/LocalWOK/wok_entities/LOC/dev/CR671-FINAL1-CR671-FINAL1-occt/inc/Aspect_SequenceOfFontMapEntry.hxx
+M Aspect:derivated:Aspect_SequenceOfFontMapEntry_0.cxx /misc/dn61/LocalWOK/wok_entities/LOC/dev/CR671-FINAL1-CR671-FINAL1-occt/drv/Aspect/Aspect_SequenceOfFontMapEntry_0.cxx
+M Aspect:pubinclude:Aspect_SequenceOfMarkMapEntry.hxx /misc/dn61/LocalWOK/wok_entities/LOC/dev/CR671-FINAL1-CR671-FINAL1-occt/inc/Aspect_SequenceOfMarkMapEntry.hxx
+M Aspect:derivated:Aspect_SequenceOfMarkMapEntry_0.cxx /misc/dn61/LocalWOK/wok_entities/LOC/dev/CR671-FINAL1-CR671-FINAL1-occt/drv/Aspect/Aspect_SequenceOfMarkMapEntry_0.cxx
+M Aspect:pubinclude:Aspect_SequenceOfColor.hxx /misc/dn61/LocalWOK/wok_entities/LOC/dev/CR671-FINAL1-CR671-FINAL1-occt/inc/Aspect_SequenceOfColor.hxx
+M Aspect:derivated:Aspect_SequenceOfColor_0.cxx /misc/dn61/LocalWOK/wok_entities/LOC/dev/CR671-FINAL1-CR671-FINAL1-occt/drv/Aspect/Aspect_SequenceOfColor_0.cxx
+M Aspect:pubinclude:Handle_Aspect_SequenceNodeOfSequenceOfColorMapEntry.hxx /misc/dn61/LocalWOK/wok_entities/LOC/dev/CR671-FINAL1-CR671-FINAL1-occt/inc/Handle_Aspect_SequenceNodeOfSequenceOfColorMapEntry.hxx
+M Aspect:pubinclude:Aspect_SequenceNodeOfSequenceOfColorMapEntry.hxx /misc/dn61/LocalWOK/wok_entities/LOC/dev/CR671-FINAL1-CR671-FINAL1-occt/inc/Aspect_SequenceNodeOfSequenceOfColorMapEntry.hxx
+M Aspect:derivated:Aspect_SequenceNodeOfSequenceOfColorMapEntry_0.cxx /misc/dn61/LocalWOK/wok_entities/LOC/dev/CR671-FINAL1-CR671-FINAL1-occt/drv/Aspect/Aspect_SequenceNodeOfSequenceOfColorMapEntry_0.cxx
+M Aspect:pubinclude:Handle_Aspect_SequenceNodeOfSequenceOfTypeMapEntry.hxx /misc/dn61/LocalWOK/wok_entities/LOC/dev/CR671-FINAL1-CR671-FINAL1-occt/inc/Handle_Aspect_SequenceNodeOfSequenceOfTypeMapEntry.hxx
+M Aspect:pubinclude:Aspect_SequenceNodeOfSequenceOfTypeMapEntry.hxx /misc/dn61/LocalWOK/wok_entities/LOC/dev/CR671-FINAL1-CR671-FINAL1-occt/inc/Aspect_SequenceNodeOfSequenceOfTypeMapEntry.hxx
+M Aspect:derivated:Aspect_SequenceNodeOfSequenceOfTypeMapEntry_0.cxx /misc/dn61/LocalWOK/wok_entities/LOC/dev/CR671-FINAL1-CR671-FINAL1-occt/drv/Aspect/Aspect_SequenceNodeOfSequenceOfTypeMapEntry_0.cxx
+M Aspect:pubinclude:Handle_Aspect_SequenceNodeOfSequenceOfWidthMapEntry.hxx /misc/dn61/LocalWOK/wok_entities/LOC/dev/CR671-FINAL1-CR671-FINAL1-occt/inc/Handle_Aspect_SequenceNodeOfSequenceOfWidthMapEntry.hxx
+M Aspect:pubinclude:Aspect_SequenceNodeOfSequenceOfWidthMapEntry.hxx /misc/dn61/LocalWOK/wok_entities/LOC/dev/CR671-FINAL1-CR671-FINAL1-occt/inc/Aspect_SequenceNodeOfSequenceOfWidthMapEntry.hxx
+M Aspect:derivated:Aspect_SequenceNodeOfSequenceOfWidthMapEntry_0.cxx /misc/dn61/LocalWOK/wok_entities/LOC/dev/CR671-FINAL1-CR671-FINAL1-occt/drv/Aspect/Aspect_SequenceNodeOfSequenceOfWidthMapEntry_0.cxx
+M Aspect:pubinclude:Handle_Aspect_SequenceNodeOfSequenceOfFontMapEntry.hxx /misc/dn61/LocalWOK/wok_entities/LOC/dev/CR671-FINAL1-CR671-FINAL1-occt/inc/Handle_Aspect_SequenceNodeOfSequenceOfFontMapEntry.hxx
+M Aspect:pubinclude:Aspect_SequenceNodeOfSequenceOfFontMapEntry.hxx /misc/dn61/LocalWOK/wok_entities/LOC/dev/CR671-FINAL1-CR671-FINAL1-occt/inc/Aspect_SequenceNodeOfSequenceOfFontMapEntry.hxx
+M Aspect:derivated:Aspect_SequenceNodeOfSequenceOfFontMapEntry_0.cxx /misc/dn61/LocalWOK/wok_entities/LOC/dev/CR671-FINAL1-CR671-FINAL1-occt/drv/Aspect/Aspect_SequenceNodeOfSequenceOfFontMapEntry_0.cxx
+M Aspect:pubinclude:Handle_Aspect_SequenceNodeOfSequenceOfMarkMapEntry.hxx /misc/dn61/LocalWOK/wok_entities/LOC/dev/CR671-FINAL1-CR671-FINAL1-occt/inc/Handle_Aspect_SequenceNodeOfSequenceOfMarkMapEntry.hxx
+M Aspect:pubinclude:Aspect_SequenceNodeOfSequenceOfMarkMapEntry.hxx /misc/dn61/LocalWOK/wok_entities/LOC/dev/CR671-FINAL1-CR671-FINAL1-occt/inc/Aspect_SequenceNodeOfSequenceOfMarkMapEntry.hxx
+M Aspect:derivated:Aspect_SequenceNodeOfSequenceOfMarkMapEntry_0.cxx /misc/dn61/LocalWOK/wok_entities/LOC/dev/CR671-FINAL1-CR671-FINAL1-occt/drv/Aspect/Aspect_SequenceNodeOfSequenceOfMarkMapEntry_0.cxx
+M Aspect:pubinclude:Handle_Aspect_SequenceNodeOfSequenceOfColor.hxx /misc/dn61/LocalWOK/wok_entities/LOC/dev/CR671-FINAL1-CR671-FINAL1-occt/inc/Handle_Aspect_SequenceNodeOfSequenceOfColor.hxx
+M Aspect:pubinclude:Aspect_SequenceNodeOfSequenceOfColor.hxx /misc/dn61/LocalWOK/wok_entities/LOC/dev/CR671-FINAL1-CR671-FINAL1-occt/inc/Aspect_SequenceNodeOfSequenceOfColor.hxx
+M Aspect:derivated:Aspect_SequenceNodeOfSequenceOfColor_0.cxx /misc/dn61/LocalWOK/wok_entities/LOC/dev/CR671-FINAL1-CR671-FINAL1-occt/drv/Aspect/Aspect_SequenceNodeOfSequenceOfColor_0.cxx
+M Aspect:pubinclude:Handle_Aspect_AspectLineDefinitionError.hxx /misc/dn61/LocalWOK/wok_entities/LOC/dev/CR671-FINAL1-CR671-FINAL1-occt/inc/Handle_Aspect_AspectLineDefinitionError.hxx
+M Aspect:pubinclude:Aspect_AspectLineDefinitionError.hxx /misc/dn61/LocalWOK/wok_entities/LOC/dev/CR671-FINAL1-CR671-FINAL1-occt/inc/Aspect_AspectLineDefinitionError.hxx
+M Aspect:derivated:Aspect_AspectLineDefinitionError_0.cxx /misc/dn61/LocalWOK/wok_entities/LOC/dev/CR671-FINAL1-CR671-FINAL1-occt/drv/Aspect/Aspect_AspectLineDefinitionError_0.cxx
+M Aspect:pubinclude:Handle_Aspect_AspectFillAreaDefinitionError.hxx /misc/dn61/LocalWOK/wok_entities/LOC/dev/CR671-FINAL1-CR671-FINAL1-occt/inc/Handle_Aspect_AspectFillAreaDefinitionError.hxx
+M Aspect:pubinclude:Aspect_AspectFillAreaDefinitionError.hxx /misc/dn61/LocalWOK/wok_entities/LOC/dev/CR671-FINAL1-CR671-FINAL1-occt/inc/Aspect_AspectFillAreaDefinitionError.hxx
+M Aspect:derivated:Aspect_AspectFillAreaDefinitionError_0.cxx /misc/dn61/LocalWOK/wok_entities/LOC/dev/CR671-FINAL1-CR671-FINAL1-occt/drv/Aspect/Aspect_AspectFillAreaDefinitionError_0.cxx
+M Aspect:pubinclude:Handle_Aspect_AspectMarkerDefinitionError.hxx /misc/dn61/LocalWOK/wok_entities/LOC/dev/CR671-FINAL1-CR671-FINAL1-occt/inc/Handle_Aspect_AspectMarkerDefinitionError.hxx
+M Aspect:pubinclude:Aspect_AspectMarkerDefinitionError.hxx /misc/dn61/LocalWOK/wok_entities/LOC/dev/CR671-FINAL1-CR671-FINAL1-occt/inc/Aspect_AspectMarkerDefinitionError.hxx
+M Aspect:derivated:Aspect_AspectMarkerDefinitionError_0.cxx /misc/dn61/LocalWOK/wok_entities/LOC/dev/CR671-FINAL1-CR671-FINAL1-occt/drv/Aspect/Aspect_AspectMarkerDefinitionError_0.cxx
+M Aspect:pubinclude:Handle_Aspect_BadAccess.hxx /misc/dn61/LocalWOK/wok_entities/LOC/dev/CR671-FINAL1-CR671-FINAL1-occt/inc/Handle_Aspect_BadAccess.hxx
+M Aspect:pubinclude:Aspect_BadAccess.hxx /misc/dn61/LocalWOK/wok_entities/LOC/dev/CR671-FINAL1-CR671-FINAL1-occt/inc/Aspect_BadAccess.hxx
+M Aspect:derivated:Aspect_BadAccess_0.cxx /misc/dn61/LocalWOK/wok_entities/LOC/dev/CR671-FINAL1-CR671-FINAL1-occt/drv/Aspect/Aspect_BadAccess_0.cxx
+M Aspect:pubinclude:Handle_Aspect_ColorMapDefinitionError.hxx /misc/dn61/LocalWOK/wok_entities/LOC/dev/CR671-FINAL1-CR671-FINAL1-occt/inc/Handle_Aspect_ColorMapDefinitionError.hxx
+M Aspect:pubinclude:Aspect_ColorMapDefinitionError.hxx /misc/dn61/LocalWOK/wok_entities/LOC/dev/CR671-FINAL1-CR671-FINAL1-occt/inc/Aspect_ColorMapDefinitionError.hxx
+M Aspect:derivated:Aspect_ColorMapDefinitionError_0.cxx /misc/dn61/LocalWOK/wok_entities/LOC/dev/CR671-FINAL1-CR671-FINAL1-occt/drv/Aspect/Aspect_ColorMapDefinitionError_0.cxx
+M Aspect:pubinclude:Handle_Aspect_EdgeDefinitionError.hxx /misc/dn61/LocalWOK/wok_entities/LOC/dev/CR671-FINAL1-CR671-FINAL1-occt/inc/Handle_Aspect_EdgeDefinitionError.hxx
+M Aspect:pubinclude:Aspect_EdgeDefinitionError.hxx /misc/dn61/LocalWOK/wok_entities/LOC/dev/CR671-FINAL1-CR671-FINAL1-occt/inc/Aspect_EdgeDefinitionError.hxx
+M Aspect:derivated:Aspect_EdgeDefinitionError_0.cxx /misc/dn61/LocalWOK/wok_entities/LOC/dev/CR671-FINAL1-CR671-FINAL1-occt/drv/Aspect/Aspect_EdgeDefinitionError_0.cxx
+M Aspect:pubinclude:Handle_Aspect_IdentDefinitionError.hxx /misc/dn61/LocalWOK/wok_entities/LOC/dev/CR671-FINAL1-CR671-FINAL1-occt/inc/Handle_Aspect_IdentDefinitionError.hxx
+M Aspect:pubinclude:Aspect_IdentDefinitionError.hxx /misc/dn61/LocalWOK/wok_entities/LOC/dev/CR671-FINAL1-CR671-FINAL1-occt/inc/Aspect_IdentDefinitionError.hxx
+M Aspect:derivated:Aspect_IdentDefinitionError_0.cxx /misc/dn61/LocalWOK/wok_entities/LOC/dev/CR671-FINAL1-CR671-FINAL1-occt/drv/Aspect/Aspect_IdentDefinitionError_0.cxx
+M Aspect:pubinclude:Handle_Aspect_TypeMapDefinitionError.hxx /misc/dn61/LocalWOK/wok_entities/LOC/dev/CR671-FINAL1-CR671-FINAL1-occt/inc/Handle_Aspect_TypeMapDefinitionError.hxx
+M Aspect:pubinclude:Aspect_TypeMapDefinitionError.hxx /misc/dn61/LocalWOK/wok_entities/LOC/dev/CR671-FINAL1-CR671-FINAL1-occt/inc/Aspect_TypeMapDefinitionError.hxx
+M Aspect:derivated:Aspect_TypeMapDefinitionError_0.cxx /misc/dn61/LocalWOK/wok_entities/LOC/dev/CR671-FINAL1-CR671-FINAL1-occt/drv/Aspect/Aspect_TypeMapDefinitionError_0.cxx
+M Aspect:pubinclude:Handle_Aspect_WidthMapDefinitionError.hxx /misc/dn61/LocalWOK/wok_entities/LOC/dev/CR671-FINAL1-CR671-FINAL1-occt/inc/Handle_Aspect_WidthMapDefinitionError.hxx
+M Aspect:pubinclude:Aspect_WidthMapDefinitionError.hxx /misc/dn61/LocalWOK/wok_entities/LOC/dev/CR671-FINAL1-CR671-FINAL1-occt/inc/Aspect_WidthMapDefinitionError.hxx
+M Aspect:derivated:Aspect_WidthMapDefinitionError_0.cxx /misc/dn61/LocalWOK/wok_entities/LOC/dev/CR671-FINAL1-CR671-FINAL1-occt/drv/Aspect/Aspect_WidthMapDefinitionError_0.cxx
+M Aspect:pubinclude:Handle_Aspect_FontMapDefinitionError.hxx /misc/dn61/LocalWOK/wok_entities/LOC/dev/CR671-FINAL1-CR671-FINAL1-occt/inc/Handle_Aspect_FontMapDefinitionError.hxx
+M Aspect:pubinclude:Aspect_FontMapDefinitionError.hxx /misc/dn61/LocalWOK/wok_entities/LOC/dev/CR671-FINAL1-CR671-FINAL1-occt/inc/Aspect_FontMapDefinitionError.hxx
+M Aspect:derivated:Aspect_FontMapDefinitionError_0.cxx /misc/dn61/LocalWOK/wok_entities/LOC/dev/CR671-FINAL1-CR671-FINAL1-occt/drv/Aspect/Aspect_FontMapDefinitionError_0.cxx
+M Aspect:pubinclude:Handle_Aspect_MarkMapDefinitionError.hxx /misc/dn61/LocalWOK/wok_entities/LOC/dev/CR671-FINAL1-CR671-FINAL1-occt/inc/Handle_Aspect_MarkMapDefinitionError.hxx
+M Aspect:pubinclude:Aspect_MarkMapDefinitionError.hxx /misc/dn61/LocalWOK/wok_entities/LOC/dev/CR671-FINAL1-CR671-FINAL1-occt/inc/Aspect_MarkMapDefinitionError.hxx
+M Aspect:derivated:Aspect_MarkMapDefinitionError_0.cxx /misc/dn61/LocalWOK/wok_entities/LOC/dev/CR671-FINAL1-CR671-FINAL1-occt/drv/Aspect/Aspect_MarkMapDefinitionError_0.cxx
+M Aspect:pubinclude:Handle_Aspect_WindowDefinitionError.hxx /misc/dn61/LocalWOK/wok_entities/LOC/dev/CR671-FINAL1-CR671-FINAL1-occt/inc/Handle_Aspect_WindowDefinitionError.hxx
+M Aspect:pubinclude:Aspect_WindowDefinitionError.hxx /misc/dn61/LocalWOK/wok_entities/LOC/dev/CR671-FINAL1-CR671-FINAL1-occt/inc/Aspect_WindowDefinitionError.hxx
+M Aspect:derivated:Aspect_WindowDefinitionError_0.cxx /misc/dn61/LocalWOK/wok_entities/LOC/dev/CR671-FINAL1-CR671-FINAL1-occt/drv/Aspect/Aspect_WindowDefinitionError_0.cxx
+M Aspect:pubinclude:Handle_Aspect_WindowError.hxx /misc/dn61/LocalWOK/wok_entities/LOC/dev/CR671-FINAL1-CR671-FINAL1-occt/inc/Handle_Aspect_WindowError.hxx
+M Aspect:pubinclude:Aspect_WindowError.hxx /misc/dn61/LocalWOK/wok_entities/LOC/dev/CR671-FINAL1-CR671-FINAL1-occt/inc/Aspect_WindowError.hxx
+M Aspect:derivated:Aspect_WindowError_0.cxx /misc/dn61/LocalWOK/wok_entities/LOC/dev/CR671-FINAL1-CR671-FINAL1-occt/drv/Aspect/Aspect_WindowError_0.cxx
+M Aspect:pubinclude:Handle_Aspect_PixmapDefinitionError.hxx /misc/dn61/LocalWOK/wok_entities/LOC/dev/CR671-FINAL1-CR671-FINAL1-occt/inc/Handle_Aspect_PixmapDefinitionError.hxx
+M Aspect:pubinclude:Aspect_PixmapDefinitionError.hxx /misc/dn61/LocalWOK/wok_entities/LOC/dev/CR671-FINAL1-CR671-FINAL1-occt/inc/Aspect_PixmapDefinitionError.hxx
+M Aspect:derivated:Aspect_PixmapDefinitionError_0.cxx /misc/dn61/LocalWOK/wok_entities/LOC/dev/CR671-FINAL1-CR671-FINAL1-occt/drv/Aspect/Aspect_PixmapDefinitionError_0.cxx
+M Aspect:pubinclude:Handle_Aspect_PixmapError.hxx /misc/dn61/LocalWOK/wok_entities/LOC/dev/CR671-FINAL1-CR671-FINAL1-occt/inc/Handle_Aspect_PixmapError.hxx
+M Aspect:pubinclude:Aspect_PixmapError.hxx /misc/dn61/LocalWOK/wok_entities/LOC/dev/CR671-FINAL1-CR671-FINAL1-occt/inc/Aspect_PixmapError.hxx
+M Aspect:derivated:Aspect_PixmapError_0.cxx /misc/dn61/LocalWOK/wok_entities/LOC/dev/CR671-FINAL1-CR671-FINAL1-occt/drv/Aspect/Aspect_PixmapError_0.cxx
+M Aspect:pubinclude:Handle_Aspect_DriverDefinitionError.hxx /misc/dn61/LocalWOK/wok_entities/LOC/dev/CR671-FINAL1-CR671-FINAL1-occt/inc/Handle_Aspect_DriverDefinitionError.hxx
+M Aspect:pubinclude:Aspect_DriverDefinitionError.hxx /misc/dn61/LocalWOK/wok_entities/LOC/dev/CR671-FINAL1-CR671-FINAL1-occt/inc/Aspect_DriverDefinitionError.hxx
+M Aspect:derivated:Aspect_DriverDefinitionError_0.cxx /misc/dn61/LocalWOK/wok_entities/LOC/dev/CR671-FINAL1-CR671-FINAL1-occt/drv/Aspect/Aspect_DriverDefinitionError_0.cxx
+M Aspect:pubinclude:Handle_Aspect_DriverError.hxx /misc/dn61/LocalWOK/wok_entities/LOC/dev/CR671-FINAL1-CR671-FINAL1-occt/inc/Handle_Aspect_DriverError.hxx
+M Aspect:pubinclude:Aspect_DriverError.hxx /misc/dn61/LocalWOK/wok_entities/LOC/dev/CR671-FINAL1-CR671-FINAL1-occt/inc/Aspect_DriverError.hxx
+M Aspect:derivated:Aspect_DriverError_0.cxx /misc/dn61/LocalWOK/wok_entities/LOC/dev/CR671-FINAL1-CR671-FINAL1-occt/drv/Aspect/Aspect_DriverError_0.cxx
+M Aspect:pubinclude:Handle_Aspect_GraphicDeviceDefinitionError.hxx /misc/dn61/LocalWOK/wok_entities/LOC/dev/CR671-FINAL1-CR671-FINAL1-occt/inc/Handle_Aspect_GraphicDeviceDefinitionError.hxx
+M Aspect:pubinclude:Aspect_GraphicDeviceDefinitionError.hxx /misc/dn61/LocalWOK/wok_entities/LOC/dev/CR671-FINAL1-CR671-FINAL1-occt/inc/Aspect_GraphicDeviceDefinitionError.hxx
+M Aspect:derivated:Aspect_GraphicDeviceDefinitionError_0.cxx /misc/dn61/LocalWOK/wok_entities/LOC/dev/CR671-FINAL1-CR671-FINAL1-occt/drv/Aspect/Aspect_GraphicDeviceDefinitionError_0.cxx
+M Aspect:pubinclude:Handle_Aspect_DisplayConnectionDefinitionError.hxx /misc/dn61/LocalWOK/wok_entities/LOC/dev/CR671-FINAL1-CR671-FINAL1-occt/inc/Handle_Aspect_DisplayConnectionDefinitionError.hxx
+M Aspect:pubinclude:Aspect_DisplayConnectionDefinitionError.hxx /misc/dn61/LocalWOK/wok_entities/LOC/dev/CR671-FINAL1-CR671-FINAL1-occt/inc/Aspect_DisplayConnectionDefinitionError.hxx
+M Aspect:derivated:Aspect_DisplayConnectionDefinitionError_0.cxx /misc/dn61/LocalWOK/wok_entities/LOC/dev/CR671-FINAL1-CR671-FINAL1-occt/drv/Aspect/Aspect_DisplayConnectionDefinitionError_0.cxx
+M Aspect:pubinclude:Handle_Aspect_LineStyleDefinitionError.hxx /misc/dn61/LocalWOK/wok_entities/LOC/dev/CR671-FINAL1-CR671-FINAL1-occt/inc/Handle_Aspect_LineStyleDefinitionError.hxx
+M Aspect:pubinclude:Aspect_LineStyleDefinitionError.hxx /misc/dn61/LocalWOK/wok_entities/LOC/dev/CR671-FINAL1-CR671-FINAL1-occt/inc/Aspect_LineStyleDefinitionError.hxx
+M Aspect:derivated:Aspect_LineStyleDefinitionError_0.cxx /misc/dn61/LocalWOK/wok_entities/LOC/dev/CR671-FINAL1-CR671-FINAL1-occt/drv/Aspect/Aspect_LineStyleDefinitionError_0.cxx
+M Aspect:pubinclude:Handle_Aspect_LineWidthDefinitionError.hxx /misc/dn61/LocalWOK/wok_entities/LOC/dev/CR671-FINAL1-CR671-FINAL1-occt/inc/Handle_Aspect_LineWidthDefinitionError.hxx
+M Aspect:pubinclude:Aspect_LineWidthDefinitionError.hxx /misc/dn61/LocalWOK/wok_entities/LOC/dev/CR671-FINAL1-CR671-FINAL1-occt/inc/Aspect_LineWidthDefinitionError.hxx
+M Aspect:derivated:Aspect_LineWidthDefinitionError_0.cxx /misc/dn61/LocalWOK/wok_entities/LOC/dev/CR671-FINAL1-CR671-FINAL1-occt/drv/Aspect/Aspect_LineWidthDefinitionError_0.cxx
+M Aspect:pubinclude:Handle_Aspect_PolyStyleDefinitionError.hxx /misc/dn61/LocalWOK/wok_entities/LOC/dev/CR671-FINAL1-CR671-FINAL1-occt/inc/Handle_Aspect_PolyStyleDefinitionError.hxx
+M Aspect:pubinclude:Aspect_PolyStyleDefinitionError.hxx /misc/dn61/LocalWOK/wok_entities/LOC/dev/CR671-FINAL1-CR671-FINAL1-occt/inc/Aspect_PolyStyleDefinitionError.hxx
+M Aspect:derivated:Aspect_PolyStyleDefinitionError_0.cxx /misc/dn61/LocalWOK/wok_entities/LOC/dev/CR671-FINAL1-CR671-FINAL1-occt/drv/Aspect/Aspect_PolyStyleDefinitionError_0.cxx
+M Aspect:pubinclude:Handle_Aspect_FontStyleDefinitionError.hxx /misc/dn61/LocalWOK/wok_entities/LOC/dev/CR671-FINAL1-CR671-FINAL1-occt/inc/Handle_Aspect_FontStyleDefinitionError.hxx
+M Aspect:pubinclude:Aspect_FontStyleDefinitionError.hxx /misc/dn61/LocalWOK/wok_entities/LOC/dev/CR671-FINAL1-CR671-FINAL1-occt/inc/Aspect_FontStyleDefinitionError.hxx
+M Aspect:derivated:Aspect_FontStyleDefinitionError_0.cxx /misc/dn61/LocalWOK/wok_entities/LOC/dev/CR671-FINAL1-CR671-FINAL1-occt/drv/Aspect/Aspect_FontStyleDefinitionError_0.cxx
+M Aspect:pubinclude:Handle_Aspect_MarkerStyleDefinitionError.hxx /misc/dn61/LocalWOK/wok_entities/LOC/dev/CR671-FINAL1-CR671-FINAL1-occt/inc/Handle_Aspect_MarkerStyleDefinitionError.hxx
+M Aspect:pubinclude:Aspect_MarkerStyleDefinitionError.hxx /misc/dn61/LocalWOK/wok_entities/LOC/dev/CR671-FINAL1-CR671-FINAL1-occt/inc/Aspect_MarkerStyleDefinitionError.hxx
+M Aspect:derivated:Aspect_MarkerStyleDefinitionError_0.cxx /misc/dn61/LocalWOK/wok_entities/LOC/dev/CR671-FINAL1-CR671-FINAL1-occt/drv/Aspect/Aspect_MarkerStyleDefinitionError_0.cxx
+M Aspect:pubinclude:Handle_Aspect_UndefinedMap.hxx /misc/dn61/LocalWOK/wok_entities/LOC/dev/CR671-FINAL1-CR671-FINAL1-occt/inc/Handle_Aspect_UndefinedMap.hxx
+M Aspect:pubinclude:Aspect_UndefinedMap.hxx /misc/dn61/LocalWOK/wok_entities/LOC/dev/CR671-FINAL1-CR671-FINAL1-occt/inc/Aspect_UndefinedMap.hxx
+M Aspect:derivated:Aspect_UndefinedMap_0.cxx /misc/dn61/LocalWOK/wok_entities/LOC/dev/CR671-FINAL1-CR671-FINAL1-occt/drv/Aspect/Aspect_UndefinedMap_0.cxx
+M Aspect:pubinclude:Aspect_HatchStyle.hxx /misc/dn61/LocalWOK/wok_entities/LOC/dev/CR671-FINAL1-CR671-FINAL1-occt/inc/Aspect_HatchStyle.hxx
+M Aspect:pubinclude:Aspect_InteriorStyle.hxx /misc/dn61/LocalWOK/wok_entities/LOC/dev/CR671-FINAL1-CR671-FINAL1-occt/inc/Aspect_InteriorStyle.hxx
+M Aspect:pubinclude:Aspect_TypeOfColorMap.hxx /misc/dn61/LocalWOK/wok_entities/LOC/dev/CR671-FINAL1-CR671-FINAL1-occt/inc/Aspect_TypeOfColorMap.hxx
+M Aspect:pubinclude:Aspect_TypeOfConstraint.hxx /misc/dn61/LocalWOK/wok_entities/LOC/dev/CR671-FINAL1-CR671-FINAL1-occt/inc/Aspect_TypeOfConstraint.hxx
+M Aspect:pubinclude:Aspect_TypeOfDrawMode.hxx /misc/dn61/LocalWOK/wok_entities/LOC/dev/CR671-FINAL1-CR671-FINAL1-occt/inc/Aspect_TypeOfDrawMode.hxx
+M Aspect:pubinclude:Aspect_TypeOfEdge.hxx /misc/dn61/LocalWOK/wok_entities/LOC/dev/CR671-FINAL1-CR671-FINAL1-occt/inc/Aspect_TypeOfEdge.hxx
+M Aspect:pubinclude:Aspect_TypeOfHighlightMethod.hxx /misc/dn61/LocalWOK/wok_entities/LOC/dev/CR671-FINAL1-CR671-FINAL1-occt/inc/Aspect_TypeOfHighlightMethod.hxx
+M Aspect:pubinclude:Aspect_TypeOfLine.hxx /misc/dn61/LocalWOK/wok_entities/LOC/dev/CR671-FINAL1-CR671-FINAL1-occt/inc/Aspect_TypeOfLine.hxx
+M Aspect:pubinclude:Aspect_WidthOfLine.hxx /misc/dn61/LocalWOK/wok_entities/LOC/dev/CR671-FINAL1-CR671-FINAL1-occt/inc/Aspect_WidthOfLine.hxx
+M Aspect:pubinclude:Aspect_TypeOfFont.hxx /misc/dn61/LocalWOK/wok_entities/LOC/dev/CR671-FINAL1-CR671-FINAL1-occt/inc/Aspect_TypeOfFont.hxx
+M Aspect:pubinclude:Aspect_TypeOfText.hxx /misc/dn61/LocalWOK/wok_entities/LOC/dev/CR671-FINAL1-CR671-FINAL1-occt/inc/Aspect_TypeOfText.hxx
+M Aspect:pubinclude:Aspect_TypeOfStyleText.hxx /misc/dn61/LocalWOK/wok_entities/LOC/dev/CR671-FINAL1-CR671-FINAL1-occt/inc/Aspect_TypeOfStyleText.hxx
+M Aspect:pubinclude:Aspect_TypeOfDisplayText.hxx /misc/dn61/LocalWOK/wok_entities/LOC/dev/CR671-FINAL1-CR671-FINAL1-occt/inc/Aspect_TypeOfDisplayText.hxx
+M Aspect:pubinclude:Aspect_TypeOfMarker.hxx /misc/dn61/LocalWOK/wok_entities/LOC/dev/CR671-FINAL1-CR671-FINAL1-occt/inc/Aspect_TypeOfMarker.hxx
+M Aspect:pubinclude:Aspect_TypeOfUpdate.hxx /misc/dn61/LocalWOK/wok_entities/LOC/dev/CR671-FINAL1-CR671-FINAL1-occt/inc/Aspect_TypeOfUpdate.hxx
+M Aspect:pubinclude:Aspect_TypeOfDeflection.hxx /misc/dn61/LocalWOK/wok_entities/LOC/dev/CR671-FINAL1-CR671-FINAL1-occt/inc/Aspect_TypeOfDeflection.hxx
+M Aspect:pubinclude:Aspect_TypeOfResize.hxx /misc/dn61/LocalWOK/wok_entities/LOC/dev/CR671-FINAL1-CR671-FINAL1-occt/inc/Aspect_TypeOfResize.hxx
+M Aspect:pubinclude:Aspect_CardinalPoints.hxx /misc/dn61/LocalWOK/wok_entities/LOC/dev/CR671-FINAL1-CR671-FINAL1-occt/inc/Aspect_CardinalPoints.hxx
+M Aspect:pubinclude:Aspect_TypeOfRenderingMode.hxx /misc/dn61/LocalWOK/wok_entities/LOC/dev/CR671-FINAL1-CR671-FINAL1-occt/inc/Aspect_TypeOfRenderingMode.hxx
+M Aspect:pubinclude:Aspect_TypeOfColorSpace.hxx /misc/dn61/LocalWOK/wok_entities/LOC/dev/CR671-FINAL1-CR671-FINAL1-occt/inc/Aspect_TypeOfColorSpace.hxx
+M Aspect:pubinclude:Aspect_FormatOfSheetPaper.hxx /misc/dn61/LocalWOK/wok_entities/LOC/dev/CR671-FINAL1-CR671-FINAL1-occt/inc/Aspect_FormatOfSheetPaper.hxx
+M Aspect:pubinclude:Aspect_TypeOfPrimitive.hxx /misc/dn61/LocalWOK/wok_entities/LOC/dev/CR671-FINAL1-CR671-FINAL1-occt/inc/Aspect_TypeOfPrimitive.hxx
+M Aspect:pubinclude:Aspect_GridDrawMode.hxx /misc/dn61/LocalWOK/wok_entities/LOC/dev/CR671-FINAL1-CR671-FINAL1-occt/inc/Aspect_GridDrawMode.hxx
+M Aspect:pubinclude:Aspect_GridType.hxx /misc/dn61/LocalWOK/wok_entities/LOC/dev/CR671-FINAL1-CR671-FINAL1-occt/inc/Aspect_GridType.hxx
+M Aspect:pubinclude:Aspect_PlotMode.hxx /misc/dn61/LocalWOK/wok_entities/LOC/dev/CR671-FINAL1-CR671-FINAL1-occt/inc/Aspect_PlotMode.hxx
+M Aspect:pubinclude:Aspect_ListingType.hxx /misc/dn61/LocalWOK/wok_entities/LOC/dev/CR671-FINAL1-CR671-FINAL1-occt/inc/Aspect_ListingType.hxx
+M Aspect:pubinclude:Aspect_PlotterOrigin.hxx /misc/dn61/LocalWOK/wok_entities/LOC/dev/CR671-FINAL1-CR671-FINAL1-occt/inc/Aspect_PlotterOrigin.hxx
+M Aspect:pubinclude:Aspect_TypeOfTriedronEcho.hxx /misc/dn61/LocalWOK/wok_entities/LOC/dev/CR671-FINAL1-CR671-FINAL1-occt/inc/Aspect_TypeOfTriedronEcho.hxx
+M Aspect:pubinclude:Aspect_TypeOfTriedronPosition.hxx /misc/dn61/LocalWOK/wok_entities/LOC/dev/CR671-FINAL1-CR671-FINAL1-occt/inc/Aspect_TypeOfTriedronPosition.hxx
+M Aspect:pubinclude:Aspect_TypeOfLayer.hxx /misc/dn61/LocalWOK/wok_entities/LOC/dev/CR671-FINAL1-CR671-FINAL1-occt/inc/Aspect_TypeOfLayer.hxx
+M Aspect:pubinclude:Aspect_TypeOfFacingModel.hxx /misc/dn61/LocalWOK/wok_entities/LOC/dev/CR671-FINAL1-CR671-FINAL1-occt/inc/Aspect_TypeOfFacingModel.hxx
+M Aspect:pubinclude:Aspect_FillMethod.hxx /misc/dn61/LocalWOK/wok_entities/LOC/dev/CR671-FINAL1-CR671-FINAL1-occt/inc/Aspect_FillMethod.hxx
+M Aspect:pubinclude:Aspect_GradientFillMethod.hxx /misc/dn61/LocalWOK/wok_entities/LOC/dev/CR671-FINAL1-CR671-FINAL1-occt/inc/Aspect_GradientFillMethod.hxx
+M Aspect:pubinclude:Aspect_TypeOfColorScaleData.hxx /misc/dn61/LocalWOK/wok_entities/LOC/dev/CR671-FINAL1-CR671-FINAL1-occt/inc/Aspect_TypeOfColorScaleData.hxx
+M Aspect:pubinclude:Aspect_TypeOfColorScalePosition.hxx /misc/dn61/LocalWOK/wok_entities/LOC/dev/CR671-FINAL1-CR671-FINAL1-occt/inc/Aspect_TypeOfColorScalePosition.hxx
+M Aspect:pubinclude:Aspect_TypeOfColorScaleOrientation.hxx /misc/dn61/LocalWOK/wok_entities/LOC/dev/CR671-FINAL1-CR671-FINAL1-occt/inc/Aspect_TypeOfColorScaleOrientation.hxx
+M Aspect:pubinclude:Aspect_PrintAlgo.hxx /misc/dn61/LocalWOK/wok_entities/LOC/dev/CR671-FINAL1-CR671-FINAL1-occt/inc/Aspect_PrintAlgo.hxx
+M Aspect:pubinclude:Aspect_XAtom.hxx /misc/dn61/LocalWOK/wok_entities/LOC/dev/CR671-FINAL1-CR671-FINAL1-occt/inc/Aspect_XAtom.hxx
+M Aspect:pubinclude:Aspect_DriverPtr.hxx /misc/dn61/LocalWOK/wok_entities/LOC/dev/CR671-FINAL1-CR671-FINAL1-occt/inc/Aspect_DriverPtr.hxx
+M Aspect:pubinclude:Aspect_WindowDriverPtr.hxx /misc/dn61/LocalWOK/wok_entities/LOC/dev/CR671-FINAL1-CR671-FINAL1-occt/inc/Aspect_WindowDriverPtr.hxx
+M Aspect:dbadmfile:Aspect_xcpp_header.In /misc/dn61/LocalWOK/wok_entities/LOC/dev/CR671-FINAL1-CR671-FINAL1-occt/drv/Aspect/.adm/Aspect_xcpp_header.In
+M Aspect:dbadmfile:Aspect_xcpp_header.Out /misc/dn61/LocalWOK/wok_entities/LOC/dev/CR671-FINAL1-CR671-FINAL1-occt/drv/Aspect/.adm/Aspect_xcpp_header.Out
+M Aspect:dbadmfile:Aspect_xcpp_header.Dep /misc/dn61/LocalWOK/wok_entities/LOC/dev/CR671-FINAL1-CR671-FINAL1-occt/drv/Aspect/.adm/Aspect_xcpp_header.Dep
